[2.068s] Invoking command in '/home/shreevanth-m/acare_demo_ws/src/acaresim_final/acaresim/build/acare_voice': AMENT_PREFIX_PATH=/home/shreevanth-m/acare_demo_ws/src/acaresim_final/acaresim/install/acare_msgs:${AMENT_PREFIX_PATH} CMAKE_PREFIX_PATH=/home/shreevanth-m/acare_demo_ws/src/acaresim_final/acaresim/install/acare_msgs:${CMAKE_PREFIX_PATH} DEBUGINFOD_URLS=https://debuginfod.ubuntu.com LD_LIBRARY_PATH=/home/shreevanth-m/acare_demo_ws/src/acaresim_final/acaresim/install/acare_msgs/lib:${LD_LIBRARY_PATH} PYTHONPATH=/home/shreevanth-m/acare_demo_ws/src/acaresim_final/acaresim/build/acare_voice/prefix_override:/usr/lib/python3/dist-packages/colcon_core/task/python/colcon_distutils_commands:/home/shreevanth-m/acare_demo_ws/src/acaresim_final/acaresim/install/acare_voice/lib/python3.12/site-packages:/home/shreevanth-m/acare_demo_ws/src/acaresim_final/acaresim/install/acare_msgs/lib/python3.12/site-packages:${PYTHONPATH} /usr/bin/python3 -W ignore:setup.py install is deprecated -W ignore:easy_install command is deprecated setup.py develop --editable --build-directory /home/shreevanth-m/acare_demo_ws/src/acaresim_final/acaresim/build/acare_voice/build --no-deps symlink_data
[2.452s] running develop
[2.717s] /usr/lib/python3/dist-packages/setuptools/command/easy_install.py:363: UserWarning: Unbuilt egg for pytest-repeat [unknown version] (/usr/lib/python3/dist-packages)
[2.717s]   self.local_index = Environment(self.shadow_path + sys.path)
[2.764s] running egg_info
[2.765s] creating acare_voice.egg-info
[2.799s] writing acare_voice.egg-info/PKG-INFO
[2.799s] writing dependency_links to acare_voice.egg-info/dependency_links.txt
[2.800s] writing entry points to acare_voice.egg-info/entry_points.txt
[2.800s] writing requirements to acare_voice.egg-info/requires.txt
[2.800s] writing top-level names to acare_voice.egg-info/top_level.txt
[2.800s] writing manifest file 'acare_voice.egg-info/SOURCES.txt'
[2.845s] reading manifest file 'acare_voice.egg-info/SOURCES.txt'
[2.846s] writing manifest file 'acare_voice.egg-info/SOURCES.txt'
[2.871s] running build_ext
[2.871s] Creating /home/shreevanth-m/acare_demo_ws/src/acaresim_final/acaresim/install/acare_voice/lib/python3.12/site-packages/acare-voice.egg-link (link to .)
[2.871s] Installing voice_ros_node script to /home/shreevanth-m/acare_demo_ws/src/acaresim_final/acaresim/install/acare_voice/bin
[2.871s] 
[2.872s] Installed /home/shreevanth-m/acare_demo_ws/src/acaresim_final/acaresim/build/acare_voice
[2.872s] running symlink_data
[2.872s] creating /home/shreevanth-m/acare_demo_ws/src/acaresim_final/acaresim/install/acare_voice/share/ament_index
[2.872s] creating /home/shreevanth-m/acare_demo_ws/src/acaresim_final/acaresim/install/acare_voice/share/ament_index/resource_index
[2.872s] creating /home/shreevanth-m/acare_demo_ws/src/acaresim_final/acaresim/install/acare_voice/share/ament_index/resource_index/packages
[2.872s] symbolically linking /home/shreevanth-m/acare_demo_ws/src/acaresim_final/acaresim/build/acare_voice/resource/acare_voice -> /home/shreevanth-m/acare_demo_ws/src/acaresim_final/acaresim/install/acare_voice/share/ament_index/resource_index/packages
[2.872s] symbolically linking /home/shreevanth-m/acare_demo_ws/src/acaresim_final/acaresim/build/acare_voice/package.xml -> /home/shreevanth-m/acare_demo_ws/src/acaresim_final/acaresim/install/acare_voice/share/acare_voice
[2.920s] Invoked command in '/home/shreevanth-m/acare_demo_ws/src/acaresim_final/acaresim/build/acare_voice' returned '0': AMENT_PREFIX_PATH=/home/shreevanth-m/acare_demo_ws/src/acaresim_final/acaresim/install/acare_msgs:${AMENT_PREFIX_PATH} CMAKE_PREFIX_PATH=/home/shreevanth-m/acare_demo_ws/src/acaresim_final/acaresim/install/acare_msgs:${CMAKE_PREFIX_PATH} DEBUGINFOD_URLS=https://debuginfod.ubuntu.com LD_LIBRARY_PATH=/home/shreevanth-m/acare_demo_ws/src/acaresim_final/acaresim/install/acare_msgs/lib:${LD_LIBRARY_PATH} PYTHONPATH=/home/shreevanth-m/acare_demo_ws/src/acaresim_final/acaresim/build/acare_voice/prefix_override:/usr/lib/python3/dist-packages/colcon_core/task/python/colcon_distutils_commands:/home/shreevanth-m/acare_demo_ws/src/acaresim_final/acaresim/install/acare_voice/lib/python3.12/site-packages:/home/shreevanth-m/acare_demo_ws/src/acaresim_final/acaresim/install/acare_msgs/lib/python3.12/site-packages:${PYTHONPATH} /usr/bin/python3 -W ignore:setup.py install is deprecated -W ignore:easy_install command is deprecated setup.py develop --editable --build-directory /home/shreevanth-m/acare_demo_ws/src/acaresim_final/acaresim/build/acare_voice/build --no-deps symlink_data
