/usr/lib/python3/dist-packages/setuptools/dist.py:744: SetuptoolsDeprecationWarning: Invalid dash-separated options
!!

        ********************************************************************************
        Usage of dash-separated 'script-dir' will not be supported in future
        versions. Please use the underscore name 'script_dir' instead.

        This deprecation is overdue, please update your project and remove deprecated
        calls to avoid build errors in the future.

        See https://setuptools.pypa.io/en/latest/userguide/declarative_config.html for details.
        ********************************************************************************

!!
  opt = self.warn_dash_deprecation(opt, section)
running develop
/usr/lib/python3/dist-packages/setuptools/command/easy_install.py:363: UserWarning: Unbuilt egg for pytest-repeat [unknown version] (/usr/lib/python3/dist-packages)
  self.local_index = Environment(self.shadow_path + sys.path)
running egg_info
writing urdf_assembly_6dof_description.egg-info/PKG-INFO
writing dependency_links to urdf_assembly_6dof_description.egg-info/dependency_links.txt
writing requirements to urdf_assembly_6dof_description.egg-info/requires.txt
writing top-level names to urdf_assembly_6dof_description.egg-info/top_level.txt
reading manifest file 'urdf_assembly_6dof_description.egg-info/SOURCES.txt'
writing manifest file 'urdf_assembly_6dof_description.egg-info/SOURCES.txt'
running build_ext
Creating /home/shreevanth-m/acare_demo_ws/src/acaresim_final/acaresim/install/urdf_assembly_6dof_description/lib/python3.12/site-packages/urdf-assembly-6dof-description.egg-link (link to .)

Installed /home/shreevanth-m/acare_demo_ws/src/acaresim_final/acaresim/build/urdf_assembly_6dof_description
running symlink_data
