[1.829s] Invoking command in '/home/shreevanth-m/acare_demo_ws/src/acaresim_final/acaresim/build/urdf_assembly_6dof_description': DEBUGINFOD_URLS=https://debuginfod.ubuntu.com PYTHONPATH=/home/shreevanth-m/acare_demo_ws/src/acaresim_final/acaresim/build/urdf_assembly_6dof_description/prefix_override:/usr/lib/python3/dist-packages/colcon_core/task/python/colcon_distutils_commands:/home/shreevanth-m/acare_demo_ws/src/acaresim_final/acaresim/install/urdf_assembly_6dof_description/lib/python3.12/site-packages:${PYTHONPATH} /usr/bin/python3 -W ignore:setup.py install is deprecated -W ignore:easy_install command is deprecated setup.py develop --editable --build-directory /home/shreevanth-m/acare_demo_ws/src/acaresim_final/acaresim/build/urdf_assembly_6dof_description/build --no-deps symlink_data
[1.974s] /usr/lib/python3/dist-packages/setuptools/dist.py:744: SetuptoolsDeprecationWarning: Invalid dash-separated options
[1.974s] !!
[1.975s] 
[1.975s]         ********************************************************************************
[1.975s]         Usage of dash-separated 'script-dir' will not be supported in future
[1.975s]         versions. Please use the underscore name 'script_dir' instead.
[1.975s] 
[1.975s]         This deprecation is overdue, please update your project and remove deprecated
[1.975s]         calls to avoid build errors in the future.
[1.975s] 
[1.975s]         See https://setuptools.pypa.io/en/latest/userguide/declarative_config.html for details.
[1.975s]         ********************************************************************************
[1.975s] 
[1.975s] !!
[1.975s]   opt = self.warn_dash_deprecation(opt, section)
[2.186s] running develop
[2.367s] /usr/lib/python3/dist-packages/setuptools/command/easy_install.py:363: UserWarning: Unbuilt egg for pytest-repeat [unknown version] (/usr/lib/python3/dist-packages)
[2.367s]   self.local_index = Environment(self.shadow_path + sys.path)
[2.425s] running egg_info
[2.449s] writing urdf_assembly_6dof_description.egg-info/PKG-INFO
[2.449s] writing dependency_links to urdf_assembly_6dof_description.egg-info/dependency_links.txt
[2.450s] writing requirements to urdf_assembly_6dof_description.egg-info/requires.txt
[2.450s] writing top-level names to urdf_assembly_6dof_description.egg-info/top_level.txt
[2.540s] reading manifest file 'urdf_assembly_6dof_description.egg-info/SOURCES.txt'
[2.544s] writing manifest file 'urdf_assembly_6dof_description.egg-info/SOURCES.txt'
[2.579s] running build_ext
[2.579s] Creating /home/shreevanth-m/acare_demo_ws/src/acaresim_final/acaresim/install/urdf_assembly_6dof_description/lib/python3.12/site-packages/urdf-assembly-6dof-description.egg-link (link to .)
[2.580s] 
[2.580s] Installed /home/shreevanth-m/acare_demo_ws/src/acaresim_final/acaresim/build/urdf_assembly_6dof_description
[2.580s] running symlink_data
[2.625s] Invoked command in '/home/shreevanth-m/acare_demo_ws/src/acaresim_final/acaresim/build/urdf_assembly_6dof_description' returned '0': DEBUGINFOD_URLS=https://debuginfod.ubuntu.com PYTHONPATH=/home/shreevanth-m/acare_demo_ws/src/acaresim_final/acaresim/build/urdf_assembly_6dof_description/prefix_override:/usr/lib/python3/dist-packages/colcon_core/task/python/colcon_distutils_commands:/home/shreevanth-m/acare_demo_ws/src/acaresim_final/acaresim/install/urdf_assembly_6dof_description/lib/python3.12/site-packages:${PYTHONPATH} /usr/bin/python3 -W ignore:setup.py install is deprecated -W ignore:easy_install command is deprecated setup.py develop --editable --build-directory /home/shreevanth-m/acare_demo_ws/src/acaresim_final/acaresim/build/urdf_assembly_6dof_description/build --no-deps symlink_data
