running develop
/usr/lib/python3/dist-packages/setuptools/command/easy_install.py:363: UserWarning: Unbuilt egg for pytest-repeat [unknown version] (/usr/lib/python3/dist-packages)
  self.local_index = Environment(self.shadow_path + sys.path)
running egg_info
creating acare_admin.egg-info
writing acare_admin.egg-info/PKG-INFO
writing dependency_links to acare_admin.egg-info/dependency_links.txt
writing entry points to acare_admin.egg-info/entry_points.txt
writing requirements to acare_admin.egg-info/requires.txt
writing top-level names to acare_admin.egg-info/top_level.txt
writing manifest file 'acare_admin.egg-info/SOURCES.txt'
reading manifest file 'acare_admin.egg-info/SOURCES.txt'
writing manifest file 'acare_admin.egg-info/SOURCES.txt'
running build_ext
Creating /home/shreevanth-m/acare_demo_ws/src/acaresim_final/acaresim/install/acare_admin/lib/python3.12/site-packages/acare-admin.egg-link (link to .)
Installing admin_cli script to /home/shreevanth-m/acare_demo_ws/src/acaresim_final/acaresim/install/acare_admin/bin

Installed /home/shreevanth-m/acare_demo_ws/src/acaresim_final/acaresim/build/acare_admin
running symlink_data
creating /home/shreevanth-m/acare_demo_ws/src/acaresim_final/acaresim/install/acare_admin/share/ament_index
creating /home/shreevanth-m/acare_demo_ws/src/acaresim_final/acaresim/install/acare_admin/share/ament_index/resource_index
creating /home/shreevanth-m/acare_demo_ws/src/acaresim_final/acaresim/install/acare_admin/share/ament_index/resource_index/packages
symbolically linking /home/shreevanth-m/acare_demo_ws/src/acaresim_final/acaresim/build/acare_admin/resource/acare_admin -> /home/shreevanth-m/acare_demo_ws/src/acaresim_final/acaresim/install/acare_admin/share/ament_index/resource_index/packages
symbolically linking /home/shreevanth-m/acare_demo_ws/src/acaresim_final/acaresim/build/acare_admin/package.xml -> /home/shreevanth-m/acare_demo_ws/src/acaresim_final/acaresim/install/acare_admin/share/acare_admin
