[1.911s] Invoking command in '/home/shreevanth-m/acare_demo_ws/src/acaresim_final/acaresim/build/acare_admin': AMENT_PREFIX_PATH=/home/shreevanth-m/acare_demo_ws/src/acaresim_final/acaresim/install/acare_msgs:${AMENT_PREFIX_PATH} CMAKE_PREFIX_PATH=/home/shreevanth-m/acare_demo_ws/src/acaresim_final/acaresim/install/acare_msgs:${CMAKE_PREFIX_PATH} DEBUGINFOD_URLS=https://debuginfod.ubuntu.com LD_LIBRARY_PATH=/home/shreevanth-m/acare_demo_ws/src/acaresim_final/acaresim/install/acare_msgs/lib:${LD_LIBRARY_PATH} PYTHONPATH=/home/shreevanth-m/acare_demo_ws/src/acaresim_final/acaresim/build/acare_admin/prefix_override:/usr/lib/python3/dist-packages/colcon_core/task/python/colcon_distutils_commands:/home/shreevanth-m/acare_demo_ws/src/acaresim_final/acaresim/install/acare_admin/lib/python3.12/site-packages:/home/shreevanth-m/acare_demo_ws/src/acaresim_final/acaresim/install/acare_msgs/lib/python3.12/site-packages:${PYTHONPATH} /usr/bin/python3 -W ignore:setup.py install is deprecated -W ignore:easy_install command is deprecated setup.py develop --editable --build-directory /home/shreevanth-m/acare_demo_ws/src/acaresim_final/acaresim/build/acare_admin/build --no-deps symlink_data
[2.253s] running develop
[2.434s] /usr/lib/python3/dist-packages/setuptools/command/easy_install.py:363: UserWarning: Unbuilt egg for pytest-repeat [unknown version] (/usr/lib/python3/dist-packages)
[2.434s]   self.local_index = Environment(self.shadow_path + sys.path)
[2.474s] running egg_info
[2.474s] creating acare_admin.egg-info
[2.495s] writing acare_admin.egg-info/PKG-INFO
[2.496s] writing dependency_links to acare_admin.egg-info/dependency_links.txt
[2.496s] writing entry points to acare_admin.egg-info/entry_points.txt
[2.496s] writing requirements to acare_admin.egg-info/requires.txt
[2.496s] writing top-level names to acare_admin.egg-info/top_level.txt
[2.496s] writing manifest file 'acare_admin.egg-info/SOURCES.txt'
[2.517s] reading manifest file 'acare_admin.egg-info/SOURCES.txt'
[2.518s] writing manifest file 'acare_admin.egg-info/SOURCES.txt'
[2.541s] running build_ext
[2.564s] Creating /home/shreevanth-m/acare_demo_ws/src/acaresim_final/acaresim/install/acare_admin/lib/python3.12/site-packages/acare-admin.egg-link (link to .)
[2.565s] Installing admin_cli script to /home/shreevanth-m/acare_demo_ws/src/acaresim_final/acaresim/install/acare_admin/bin
[2.565s] 
[2.565s] Installed /home/shreevanth-m/acare_demo_ws/src/acaresim_final/acaresim/build/acare_admin
[2.565s] running symlink_data
[2.565s] creating /home/shreevanth-m/acare_demo_ws/src/acaresim_final/acaresim/install/acare_admin/share/ament_index
[2.566s] creating /home/shreevanth-m/acare_demo_ws/src/acaresim_final/acaresim/install/acare_admin/share/ament_index/resource_index
[2.566s] creating /home/shreevanth-m/acare_demo_ws/src/acaresim_final/acaresim/install/acare_admin/share/ament_index/resource_index/packages
[2.566s] symbolically linking /home/shreevanth-m/acare_demo_ws/src/acaresim_final/acaresim/build/acare_admin/resource/acare_admin -> /home/shreevanth-m/acare_demo_ws/src/acaresim_final/acaresim/install/acare_admin/share/ament_index/resource_index/packages
[2.566s] symbolically linking /home/shreevanth-m/acare_demo_ws/src/acaresim_final/acaresim/build/acare_admin/package.xml -> /home/shreevanth-m/acare_demo_ws/src/acaresim_final/acaresim/install/acare_admin/share/acare_admin
[2.598s] Invoked command in '/home/shreevanth-m/acare_demo_ws/src/acaresim_final/acaresim/build/acare_admin' returned '0': AMENT_PREFIX_PATH=/home/shreevanth-m/acare_demo_ws/src/acaresim_final/acaresim/install/acare_msgs:${AMENT_PREFIX_PATH} CMAKE_PREFIX_PATH=/home/shreevanth-m/acare_demo_ws/src/acaresim_final/acaresim/install/acare_msgs:${CMAKE_PREFIX_PATH} DEBUGINFOD_URLS=https://debuginfod.ubuntu.com LD_LIBRARY_PATH=/home/shreevanth-m/acare_demo_ws/src/acaresim_final/acaresim/install/acare_msgs/lib:${LD_LIBRARY_PATH} PYTHONPATH=/home/shreevanth-m/acare_demo_ws/src/acaresim_final/acaresim/build/acare_admin/prefix_override:/usr/lib/python3/dist-packages/colcon_core/task/python/colcon_distutils_commands:/home/shreevanth-m/acare_demo_ws/src/acaresim_final/acaresim/install/acare_admin/lib/python3.12/site-packages:/home/shreevanth-m/acare_demo_ws/src/acaresim_final/acaresim/install/acare_msgs/lib/python3.12/site-packages:${PYTHONPATH} /usr/bin/python3 -W ignore:setup.py install is deprecated -W ignore:easy_install command is deprecated setup.py develop --editable --build-directory /home/shreevanth-m/acare_demo_ws/src/acaresim_final/acaresim/build/acare_admin/build --no-deps symlink_data
