[0.104s] colcon DEBUG Command line arguments: ['/usr/bin/colcon', 'build', '--symlink-install', '--packages-select', 'acare_voice']
[0.104s] colcon DEBUG Parsed command line arguments: Namespace(log_base=None, log_level=None, verb_name='build', build_base='build', install_base='install', merge_install=False, symlink_install=True, test_result_base=None, continue_on_error=False, executor='parallel', parallel_workers=16, event_handlers=None, ignore_user_meta=False, metas=['./colcon.meta'], base_paths=['.'], packages_ignore=None, packages_ignore_regex=None, paths=None, packages_up_to=None, packages_up_to_regex=None, packages_above=None, packages_above_and_dependencies=None, packages_above_depth=None, packages_select_by_dep=None, packages_skip_by_dep=None, packages_skip_up_to=None, packages_select_build_failed=False, packages_skip_build_finished=False, packages_select_test_failures=False, packages_skip_test_passed=False, packages_select=['acare_voice'], packages_skip=None, packages_select_regex=None, packages_skip_regex=None, packages_start=None, packages_end=None, allow_overriding=[], cmake_args=None, cmake_target=None, cmake_target_skip_unavailable=False, cmake_clean_cache=False, cmake_clean_first=False, cmake_force_configure=False, ament_cmake_args=None, catkin_cmake_args=None, catkin_skip_building_tests=False, mixin_files=None, mixin=None, verb_parser=<colcon_mixin.mixin.mixin_argument.MixinArgumentDecorator object at 0x7e4a96a9db50>, verb_extension=<colcon_core.verb.build.BuildVerb object at 0x7e4a96a9d490>, main=<bound method BuildVerb.main of <colcon_core.verb.build.BuildVerb object at 0x7e4a96a9d490>>, mixin_verb=('build',))
[0.134s] colcon.colcon_core.package_discovery Level 1 discover_packages(colcon_meta) check parameters
[0.134s] colcon.colcon_core.package_discovery Level 1 discover_packages(recursive) check parameters
[0.134s] colcon.colcon_core.package_discovery Level 1 discover_packages(ignore) check parameters
[0.134s] colcon.colcon_core.package_discovery Level 1 discover_packages(path) check parameters
[0.134s] colcon.colcon_core.package_discovery Level 1 discover_packages(colcon_meta) discover
[0.135s] colcon.colcon_core.package_discovery Level 1 discover_packages(recursive) discover
[0.135s] colcon.colcon_core.package_discovery INFO Crawling recursively for packages in '/home/shreevanth-m/acare_demo_ws/src/acaresim_final/acaresim'
[0.135s] colcon.colcon_core.package_identification Level 1 _identify(.) by extensions ['ignore', 'ignore_ament_install']
[0.135s] colcon.colcon_core.package_identification Level 1 _identify(.) by extension 'ignore'
[0.135s] colcon.colcon_core.package_identification Level 1 _identify(.) by extension 'ignore_ament_install'
[0.135s] colcon.colcon_core.package_identification Level 1 _identify(.) by extensions ['colcon_pkg']
[0.135s] colcon.colcon_core.package_identification Level 1 _identify(.) by extension 'colcon_pkg'
[0.135s] colcon.colcon_core.package_identification Level 1 _identify(.) by extensions ['colcon_meta']
[0.135s] colcon.colcon_core.package_identification Level 1 _identify(.) by extension 'colcon_meta'
[0.135s] colcon.colcon_core.package_identification Level 1 _identify(.) by extensions ['ros']
[0.135s] colcon.colcon_core.package_identification Level 1 _identify(.) by extension 'ros'
[0.156s] colcon.colcon_core.package_identification Level 1 _identify(.) by extensions ['cmake', 'python']
[0.156s] colcon.colcon_core.package_identification Level 1 _identify(.) by extension 'cmake'
[0.156s] colcon.colcon_core.package_identification Level 1 _identify(.) by extension 'python'
[0.156s] colcon.colcon_core.package_identification Level 1 _identify(.) by extensions ['python_setup_py']
[0.156s] colcon.colcon_core.package_identification Level 1 _identify(.) by extension 'python_setup_py'
[0.156s] colcon.colcon_core.package_identification Level 1 _identify(build) by extensions ['ignore', 'ignore_ament_install']
[0.156s] colcon.colcon_core.package_identification Level 1 _identify(build) by extension 'ignore'
[0.156s] colcon.colcon_core.package_identification Level 1 _identify(build) ignored
[0.156s] colcon.colcon_core.package_identification Level 1 _identify(config) by extensions ['ignore', 'ignore_ament_install']
[0.156s] colcon.colcon_core.package_identification Level 1 _identify(config) by extension 'ignore'
[0.156s] colcon.colcon_core.package_identification Level 1 _identify(config) by extension 'ignore_ament_install'
[0.156s] colcon.colcon_core.package_identification Level 1 _identify(config) by extensions ['colcon_pkg']
[0.156s] colcon.colcon_core.package_identification Level 1 _identify(config) by extension 'colcon_pkg'
[0.157s] colcon.colcon_core.package_identification Level 1 _identify(config) by extensions ['colcon_meta']
[0.157s] colcon.colcon_core.package_identification Level 1 _identify(config) by extension 'colcon_meta'
[0.157s] colcon.colcon_core.package_identification Level 1 _identify(config) by extensions ['ros']
[0.157s] colcon.colcon_core.package_identification Level 1 _identify(config) by extension 'ros'
[0.157s] colcon.colcon_core.package_identification Level 1 _identify(config) by extensions ['cmake', 'python']
[0.157s] colcon.colcon_core.package_identification Level 1 _identify(config) by extension 'cmake'
[0.157s] colcon.colcon_core.package_identification Level 1 _identify(config) by extension 'python'
[0.157s] colcon.colcon_core.package_identification Level 1 _identify(config) by extensions ['python_setup_py']
[0.157s] colcon.colcon_core.package_identification Level 1 _identify(config) by extension 'python_setup_py'
[0.157s] colcon.colcon_core.package_identification Level 1 _identify(install) by extensions ['ignore', 'ignore_ament_install']
[0.157s] colcon.colcon_core.package_identification Level 1 _identify(install) by extension 'ignore'
[0.157s] colcon.colcon_core.package_identification Level 1 _identify(install) ignored
[0.157s] colcon.colcon_core.package_identification Level 1 _identify(log) by extensions ['ignore', 'ignore_ament_install']
[0.157s] colcon.colcon_core.package_identification Level 1 _identify(log) by extension 'ignore'
[0.157s] colcon.colcon_core.package_identification Level 1 _identify(log) ignored
[0.157s] colcon.colcon_core.package_identification Level 1 _identify(src) by extensions ['ignore', 'ignore_ament_install']
[0.157s] colcon.colcon_core.package_identification Level 1 _identify(src) by extension 'ignore'
[0.157s] colcon.colcon_core.package_identification Level 1 _identify(src) by extension 'ignore_ament_install'
[0.157s] colcon.colcon_core.package_identification Level 1 _identify(src) by extensions ['colcon_pkg']
[0.157s] colcon.colcon_core.package_identification Level 1 _identify(src) by extension 'colcon_pkg'
[0.157s] colcon.colcon_core.package_identification Level 1 _identify(src) by extensions ['colcon_meta']
[0.157s] colcon.colcon_core.package_identification Level 1 _identify(src) by extension 'colcon_meta'
[0.157s] colcon.colcon_core.package_identification Level 1 _identify(src) by extensions ['ros']
[0.157s] colcon.colcon_core.package_identification Level 1 _identify(src) by extension 'ros'
[0.157s] colcon.colcon_core.package_identification Level 1 _identify(src) by extensions ['cmake', 'python']
[0.157s] colcon.colcon_core.package_identification Level 1 _identify(src) by extension 'cmake'
[0.157s] colcon.colcon_core.package_identification Level 1 _identify(src) by extension 'python'
[0.157s] colcon.colcon_core.package_identification Level 1 _identify(src) by extensions ['python_setup_py']
[0.158s] colcon.colcon_core.package_identification Level 1 _identify(src) by extension 'python_setup_py'
[0.158s] colcon.colcon_core.package_identification Level 1 _identify(src/acare_admin) by extensions ['ignore', 'ignore_ament_install']
[0.158s] colcon.colcon_core.package_identification Level 1 _identify(src/acare_admin) by extension 'ignore'
[0.158s] colcon.colcon_core.package_identification Level 1 _identify(src/acare_admin) by extension 'ignore_ament_install'
[0.158s] colcon.colcon_core.package_identification Level 1 _identify(src/acare_admin) by extensions ['colcon_pkg']
[0.158s] colcon.colcon_core.package_identification Level 1 _identify(src/acare_admin) by extension 'colcon_pkg'
[0.158s] colcon.colcon_core.package_identification Level 1 _identify(src/acare_admin) by extensions ['colcon_meta']
[0.158s] colcon.colcon_core.package_identification Level 1 _identify(src/acare_admin) by extension 'colcon_meta'
[0.158s] colcon.colcon_core.package_identification Level 1 _identify(src/acare_admin) by extensions ['ros']
[0.158s] colcon.colcon_core.package_identification Level 1 _identify(src/acare_admin) by extension 'ros'
[0.160s] colcon.colcon_core.package_identification DEBUG Package 'src/acare_admin' with type 'ros.ament_python' and name 'acare_admin'
[0.160s] colcon.colcon_core.package_identification Level 1 _identify(src/acare_bringup) by extensions ['ignore', 'ignore_ament_install']
[0.160s] colcon.colcon_core.package_identification Level 1 _identify(src/acare_bringup) by extension 'ignore'
[0.160s] colcon.colcon_core.package_identification Level 1 _identify(src/acare_bringup) by extension 'ignore_ament_install'
[0.160s] colcon.colcon_core.package_identification Level 1 _identify(src/acare_bringup) by extensions ['colcon_pkg']
[0.160s] colcon.colcon_core.package_identification Level 1 _identify(src/acare_bringup) by extension 'colcon_pkg'
[0.160s] colcon.colcon_core.package_identification Level 1 _identify(src/acare_bringup) by extensions ['colcon_meta']
[0.160s] colcon.colcon_core.package_identification Level 1 _identify(src/acare_bringup) by extension 'colcon_meta'
[0.160s] colcon.colcon_core.package_identification Level 1 _identify(src/acare_bringup) by extensions ['ros']
[0.160s] colcon.colcon_core.package_identification Level 1 _identify(src/acare_bringup) by extension 'ros'
[0.160s] colcon.colcon_core.package_identification DEBUG Package 'src/acare_bringup' with type 'ros.ament_python' and name 'acare_bringup'
[0.160s] colcon.colcon_core.package_identification Level 1 _identify(src/acare_logging) by extensions ['ignore', 'ignore_ament_install']
[0.161s] colcon.colcon_core.package_identification Level 1 _identify(src/acare_logging) by extension 'ignore'
[0.161s] colcon.colcon_core.package_identification Level 1 _identify(src/acare_logging) by extension 'ignore_ament_install'
[0.161s] colcon.colcon_core.package_identification Level 1 _identify(src/acare_logging) by extensions ['colcon_pkg']
[0.161s] colcon.colcon_core.package_identification Level 1 _identify(src/acare_logging) by extension 'colcon_pkg'
[0.161s] colcon.colcon_core.package_identification Level 1 _identify(src/acare_logging) by extensions ['colcon_meta']
[0.161s] colcon.colcon_core.package_identification Level 1 _identify(src/acare_logging) by extension 'colcon_meta'
[0.161s] colcon.colcon_core.package_identification Level 1 _identify(src/acare_logging) by extensions ['ros']
[0.161s] colcon.colcon_core.package_identification Level 1 _identify(src/acare_logging) by extension 'ros'
[0.161s] colcon.colcon_core.package_identification DEBUG Package 'src/acare_logging' with type 'ros.ament_python' and name 'acare_logging'
[0.161s] colcon.colcon_core.package_identification Level 1 _identify(src/acare_msgs) by extensions ['ignore', 'ignore_ament_install']
[0.161s] colcon.colcon_core.package_identification Level 1 _identify(src/acare_msgs) by extension 'ignore'
[0.161s] colcon.colcon_core.package_identification Level 1 _identify(src/acare_msgs) by extension 'ignore_ament_install'
[0.161s] colcon.colcon_core.package_identification Level 1 _identify(src/acare_msgs) by extensions ['colcon_pkg']
[0.161s] colcon.colcon_core.package_identification Level 1 _identify(src/acare_msgs) by extension 'colcon_pkg'
[0.161s] colcon.colcon_core.package_identification Level 1 _identify(src/acare_msgs) by extensions ['colcon_meta']
[0.161s] colcon.colcon_core.package_identification Level 1 _identify(src/acare_msgs) by extension 'colcon_meta'
[0.161s] colcon.colcon_core.package_identification Level 1 _identify(src/acare_msgs) by extensions ['ros']
[0.161s] colcon.colcon_core.package_identification Level 1 _identify(src/acare_msgs) by extension 'ros'
[0.161s] colcon.colcon_core.package_identification DEBUG Package 'src/acare_msgs' with type 'ros.ament_cmake' and name 'acare_msgs'
[0.161s] colcon.colcon_core.package_identification Level 1 _identify(src/acare_planner) by extensions ['ignore', 'ignore_ament_install']
[0.162s] colcon.colcon_core.package_identification Level 1 _identify(src/acare_planner) by extension 'ignore'
[0.162s] colcon.colcon_core.package_identification Level 1 _identify(src/acare_planner) by extension 'ignore_ament_install'
[0.162s] colcon.colcon_core.package_identification Level 1 _identify(src/acare_planner) by extensions ['colcon_pkg']
[0.162s] colcon.colcon_core.package_identification Level 1 _identify(src/acare_planner) by extension 'colcon_pkg'
[0.162s] colcon.colcon_core.package_identification Level 1 _identify(src/acare_planner) by extensions ['colcon_meta']
[0.162s] colcon.colcon_core.package_identification Level 1 _identify(src/acare_planner) by extension 'colcon_meta'
[0.162s] colcon.colcon_core.package_identification Level 1 _identify(src/acare_planner) by extensions ['ros']
[0.162s] colcon.colcon_core.package_identification Level 1 _identify(src/acare_planner) by extension 'ros'
[0.162s] colcon.colcon_core.package_identification DEBUG Package 'src/acare_planner' with type 'ros.ament_python' and name 'acare_planner'
[0.162s] colcon.colcon_core.package_identification Level 1 _identify(src/acare_safety) by extensions ['ignore', 'ignore_ament_install']
[0.162s] colcon.colcon_core.package_identification Level 1 _identify(src/acare_safety) by extension 'ignore'
[0.162s] colcon.colcon_core.package_identification Level 1 _identify(src/acare_safety) by extension 'ignore_ament_install'
[0.162s] colcon.colcon_core.package_identification Level 1 _identify(src/acare_safety) by extensions ['colcon_pkg']
[0.162s] colcon.colcon_core.package_identification Level 1 _identify(src/acare_safety) by extension 'colcon_pkg'
[0.162s] colcon.colcon_core.package_identification Level 1 _identify(src/acare_safety) by extensions ['colcon_meta']
[0.162s] colcon.colcon_core.package_identification Level 1 _identify(src/acare_safety) by extension 'colcon_meta'
[0.162s] colcon.colcon_core.package_identification Level 1 _identify(src/acare_safety) by extensions ['ros']
[0.162s] colcon.colcon_core.package_identification Level 1 _identify(src/acare_safety) by extension 'ros'
[0.163s] colcon.colcon_core.package_identification DEBUG Package 'src/acare_safety' with type 'ros.ament_python' and name 'acare_safety'
[0.163s] colcon.colcon_core.package_identification Level 1 _identify(src/acare_vision) by extensions ['ignore', 'ignore_ament_install']
[0.163s] colcon.colcon_core.package_identification Level 1 _identify(src/acare_vision) by extension 'ignore'
[0.163s] colcon.colcon_core.package_identification Level 1 _identify(src/acare_vision) by extension 'ignore_ament_install'
[0.163s] colcon.colcon_core.package_identification Level 1 _identify(src/acare_vision) by extensions ['colcon_pkg']
[0.163s] colcon.colcon_core.package_identification Level 1 _identify(src/acare_vision) by extension 'colcon_pkg'
[0.163s] colcon.colcon_core.package_identification Level 1 _identify(src/acare_vision) by extensions ['colcon_meta']
[0.163s] colcon.colcon_core.package_identification Level 1 _identify(src/acare_vision) by extension 'colcon_meta'
[0.163s] colcon.colcon_core.package_identification Level 1 _identify(src/acare_vision) by extensions ['ros']
[0.163s] colcon.colcon_core.package_identification Level 1 _identify(src/acare_vision) by extension 'ros'
[0.163s] colcon.colcon_core.package_identification DEBUG Package 'src/acare_vision' with type 'ros.ament_python' and name 'acare_vision'
[0.163s] colcon.colcon_core.package_identification Level 1 _identify(src/acare_voice) by extensions ['ignore', 'ignore_ament_install']
[0.163s] colcon.colcon_core.package_identification Level 1 _identify(src/acare_voice) by extension 'ignore'
[0.163s] colcon.colcon_core.package_identification Level 1 _identify(src/acare_voice) by extension 'ignore_ament_install'
[0.163s] colcon.colcon_core.package_identification Level 1 _identify(src/acare_voice) by extensions ['colcon_pkg']
[0.163s] colcon.colcon_core.package_identification Level 1 _identify(src/acare_voice) by extension 'colcon_pkg'
[0.163s] colcon.colcon_core.package_identification Level 1 _identify(src/acare_voice) by extensions ['colcon_meta']
[0.163s] colcon.colcon_core.package_identification Level 1 _identify(src/acare_voice) by extension 'colcon_meta'
[0.163s] colcon.colcon_core.package_identification Level 1 _identify(src/acare_voice) by extensions ['ros']
[0.164s] colcon.colcon_core.package_identification Level 1 _identify(src/acare_voice) by extension 'ros'
[0.164s] colcon.colcon_core.package_identification DEBUG Package 'src/acare_voice' with type 'ros.ament_python' and name 'acare_voice'
[0.164s] colcon.colcon_core.package_identification Level 1 _identify(src/urdf_assembly_6dof_description) by extensions ['ignore', 'ignore_ament_install']
[0.164s] colcon.colcon_core.package_identification Level 1 _identify(src/urdf_assembly_6dof_description) by extension 'ignore'
[0.164s] colcon.colcon_core.package_identification Level 1 _identify(src/urdf_assembly_6dof_description) by extension 'ignore_ament_install'
[0.164s] colcon.colcon_core.package_identification Level 1 _identify(src/urdf_assembly_6dof_description) by extensions ['colcon_pkg']
[0.164s] colcon.colcon_core.package_identification Level 1 _identify(src/urdf_assembly_6dof_description) by extension 'colcon_pkg'
[0.164s] colcon.colcon_core.package_identification Level 1 _identify(src/urdf_assembly_6dof_description) by extensions ['colcon_meta']
[0.164s] colcon.colcon_core.package_identification Level 1 _identify(src/urdf_assembly_6dof_description) by extension 'colcon_meta'
[0.164s] colcon.colcon_core.package_identification Level 1 _identify(src/urdf_assembly_6dof_description) by extensions ['ros']
[0.164s] colcon.colcon_core.package_identification Level 1 _identify(src/urdf_assembly_6dof_description) by extension 'ros'
[0.164s] colcon.colcon_core.package_identification DEBUG Package 'src/urdf_assembly_6dof_description' with type 'ros.ament_python' and name 'urdf_assembly_6dof_description'
[0.165s] colcon.colcon_core.package_identification Level 1 _identify(urdf_assembly_6dof_moveit_config_disabled) by extensions ['ignore', 'ignore_ament_install']
[0.165s] colcon.colcon_core.package_identification Level 1 _identify(urdf_assembly_6dof_moveit_config_disabled) by extension 'ignore'
[0.165s] colcon.colcon_core.package_identification Level 1 _identify(urdf_assembly_6dof_moveit_config_disabled) ignored
[0.165s] colcon.colcon_core.package_discovery Level 1 discover_packages(recursive) using defaults
[0.165s] colcon.colcon_core.package_discovery Level 1 discover_packages(ignore) discover
[0.165s] colcon.colcon_core.package_discovery Level 1 discover_packages(ignore) using defaults
[0.165s] colcon.colcon_core.package_discovery Level 1 discover_packages(path) discover
[0.165s] colcon.colcon_core.package_discovery Level 1 discover_packages(path) using defaults
[0.179s] colcon.colcon_core.package_selection INFO Skipping not selected package 'acare_msgs' in 'src/acare_msgs'
[0.179s] colcon.colcon_core.package_selection INFO Skipping not selected package 'urdf_assembly_6dof_description' in 'src/urdf_assembly_6dof_description'
[0.179s] colcon.colcon_core.package_selection INFO Skipping not selected package 'acare_admin' in 'src/acare_admin'
[0.179s] colcon.colcon_core.package_selection INFO Skipping not selected package 'acare_bringup' in 'src/acare_bringup'
[0.179s] colcon.colcon_core.package_selection INFO Skipping not selected package 'acare_logging' in 'src/acare_logging'
[0.179s] colcon.colcon_core.package_selection INFO Skipping not selected package 'acare_planner' in 'src/acare_planner'
[0.179s] colcon.colcon_core.package_selection INFO Skipping not selected package 'acare_safety' in 'src/acare_safety'
[0.179s] colcon.colcon_core.package_selection INFO Skipping not selected package 'acare_vision' in 'src/acare_vision'
[0.179s] colcon.colcon_core.package_discovery Level 1 discover_packages(prefix_path) check parameters
[0.179s] colcon.colcon_core.package_discovery Level 1 discover_packages(prefix_path) discover
[0.181s] colcon.colcon_installed_package_information.package_discovery DEBUG Found 10 installed packages in /home/shreevanth-m/acare_demo_ws/src/acaresim_final/acaresim/install
[0.181s] colcon.colcon_installed_package_information.package_discovery DEBUG Found 3 installed packages in /home/shreevanth-m/acare_demo_ws/install
[0.181s] colcon.colcon_installed_package_information.package_discovery DEBUG Found 8 installed packages in /home/shreevanth-m/ros2_ws/install
[0.182s] colcon.colcon_installed_package_information.package_discovery DEBUG Found 2 installed packages in /home/shreevanth-m/camera_ws/install
[0.183s] colcon.colcon_installed_package_information.package_discovery DEBUG Found 439 installed packages in /opt/ros/jazzy
[0.184s] colcon.colcon_core.package_discovery Level 1 discover_packages(prefix_path) using defaults
[0.225s] colcon.colcon_core.verb Level 5 set package 'acare_voice' build argument 'cmake_args' from command line to 'None'
[0.225s] colcon.colcon_core.verb Level 5 set package 'acare_voice' build argument 'cmake_target' from command line to 'None'
[0.225s] colcon.colcon_core.verb Level 5 set package 'acare_voice' build argument 'cmake_target_skip_unavailable' from command line to 'False'
[0.225s] colcon.colcon_core.verb Level 5 set package 'acare_voice' build argument 'cmake_clean_cache' from command line to 'False'
[0.225s] colcon.colcon_core.verb Level 5 set package 'acare_voice' build argument 'cmake_clean_first' from command line to 'False'
[0.225s] colcon.colcon_core.verb Level 5 set package 'acare_voice' build argument 'cmake_force_configure' from command line to 'False'
[0.225s] colcon.colcon_core.verb Level 5 set package 'acare_voice' build argument 'ament_cmake_args' from command line to 'None'
[0.225s] colcon.colcon_core.verb Level 5 set package 'acare_voice' build argument 'catkin_cmake_args' from command line to 'None'
[0.225s] colcon.colcon_core.verb Level 5 set package 'acare_voice' build argument 'catkin_skip_building_tests' from command line to 'False'
[0.225s] colcon.colcon_core.verb DEBUG Building package 'acare_voice' with the following arguments: {'ament_cmake_args': None, 'build_base': '/home/shreevanth-m/acare_demo_ws/src/acaresim_final/acaresim/build/acare_voice', 'catkin_cmake_args': None, 'catkin_skip_building_tests': False, 'cmake_args': None, 'cmake_clean_cache': False, 'cmake_clean_first': False, 'cmake_force_configure': False, 'cmake_target': None, 'cmake_target_skip_unavailable': False, 'install_base': '/home/shreevanth-m/acare_demo_ws/src/acaresim_final/acaresim/install/acare_voice', 'merge_install': False, 'path': '/home/shreevanth-m/acare_demo_ws/src/acaresim_final/acaresim/src/acare_voice', 'symlink_install': True, 'test_result_base': None}
[0.225s] colcon.colcon_core.executor INFO Executing jobs using 'parallel' executor
[0.226s] colcon.colcon_parallel_executor.executor.parallel DEBUG run_until_complete
[0.226s] colcon.colcon_ros.task.ament_python.build INFO Building ROS package in '/home/shreevanth-m/acare_demo_ws/src/acaresim_final/acaresim/src/acare_voice' with build type 'ament_python'
[0.226s] colcon.colcon_core.shell Level 1 create_environment_hook('acare_voice', 'ament_prefix_path')
[0.228s] colcon.colcon_core.plugin_system INFO Skipping extension 'colcon_core.shell.bat': Not used on non-Windows systems
[0.228s] colcon.colcon_core.shell INFO Creating environment hook '/home/shreevanth-m/acare_demo_ws/src/acaresim_final/acaresim/install/acare_voice/share/acare_voice/hook/ament_prefix_path.ps1'
[0.229s] colcon.colcon_core.shell INFO Creating environment descriptor '/home/shreevanth-m/acare_demo_ws/src/acaresim_final/acaresim/install/acare_voice/share/acare_voice/hook/ament_prefix_path.dsv'
[0.229s] colcon.colcon_core.shell INFO Creating environment hook '/home/shreevanth-m/acare_demo_ws/src/acaresim_final/acaresim/install/acare_voice/share/acare_voice/hook/ament_prefix_path.sh'
[0.229s] colcon.colcon_core.shell INFO Skip shell extension 'powershell' for command environment: Not usable outside of PowerShell
[0.229s] colcon.colcon_core.shell DEBUG Skip shell extension 'dsv' for command environment
[0.467s] colcon.colcon_core.task.python.build INFO Building Python package in '/home/shreevanth-m/acare_demo_ws/src/acaresim_final/acaresim/src/acare_voice'
[0.467s] colcon.colcon_core.shell INFO Skip shell extension 'powershell' for command environment: Not usable outside of PowerShell
[0.467s] colcon.colcon_core.shell DEBUG Skip shell extension 'dsv' for command environment
[1.099s] colcon.colcon_core.event_handler.log_command DEBUG Invoking command in '/home/shreevanth-m/acare_demo_ws/src/acaresim_final/acaresim/build/acare_voice': CMAKE_PREFIX_PATH=/home/shreevanth-m/acare_demo_ws/src/acaresim_final/acaresim/install/acare_msgs:/home/shreevanth-m/acare_demo_ws/src/acaresim_final/acaresim/install/moveit_config:/home/shreevanth-m/acare_demo_ws/install/moveit_config:/home/shreevanth-m/acare_demo_ws/install/acare_msgs:/home/shreevanth-m/ros2_ws/install/urdf_assembly_6dof_moveit_config:/home/shreevanth-m/ros2_ws/install/irb120_ros2_moveit2:/home/shreevanth-m/ros2_ws/install/irb120_ros2_gazebo:/home/shreevanth-m/ros2_ws/install/acare_msgs:/home/shreevanth-m/ros2_ws/install/acare_moveit_config:/home/shreevanth-m/camera_ws/install/articubot_one:/opt/ros/jazzy/opt/gz_sim_vendor:/opt/ros/jazzy/opt/gz_sensors_vendor:/opt/ros/jazzy/opt/gz_physics_vendor:/opt/ros/jazzy/opt/sdformat_vendor:/opt/ros/jazzy/opt/gz_gui_vendor:/opt/ros/jazzy/opt/gz_transport_vendor:/opt/ros/jazzy/opt/gz_rendering_vendor:/opt/ros/jazzy/opt/gz_plugin_vendor:/opt/ros/jazzy/opt/gz_fuel_tools_vendor:/opt/ros/jazzy/opt/gz_msgs_vendor:/opt/ros/jazzy/opt/gz_common_vendor:/opt/ros/jazzy/opt/gz_math_vendor:/opt/ros/jazzy/opt/gz_utils_vendor:/opt/ros/jazzy/opt/gz_tools_vendor:/opt/ros/jazzy/opt/gz_ogre_next_vendor:/opt/ros/jazzy/opt/gz_dartsim_vendor:/opt/ros/jazzy/opt/gz_cmake_vendor DEBUGINFOD_URLS=https://debuginfod.ubuntu.com PYTHONPATH=/home/shreevanth-m/acare_demo_ws/src/acaresim_final/acaresim/build/acare_voice/prefix_override:/usr/lib/python3/dist-packages/colcon_core/task/python/colcon_distutils_commands:/home/shreevanth-m/acare_demo_ws/src/acaresim_final/acaresim/install/acare_voice/lib/python3.12/site-packages:/home/shreevanth-m/acare_demo_ws/src/acaresim_final/acaresim/install/acare_msgs/lib/python3.12/site-packages:/home/shreevanth-m/acare_demo_ws/src/acaresim_final/acaresim/build/urdf_assembly_6dof_description:/home/shreevanth-m/acare_demo_ws/src/acaresim_final/acaresim/install/urdf_assembly_6dof_description/lib/python3.12/site-packages:/home/shreevanth-m/acare_demo_ws/src/acaresim_final/acaresim/build/acare_voice:/home/shreevanth-m/acare_demo_ws/src/acaresim_final/acaresim/install/acare_voice/lib/python3.12/site-packages:/home/shreevanth-m/acare_demo_ws/src/acaresim_final/acaresim/build/acare_vision:/home/shreevanth-m/acare_demo_ws/src/acaresim_final/acaresim/install/acare_vision/lib/python3.12/site-packages:/home/shreevanth-m/acare_demo_ws/src/acaresim_final/acaresim/build/acare_safety:/home/shreevanth-m/acare_demo_ws/src/acaresim_final/acaresim/install/acare_safety/lib/python3.12/site-packages:/home/shreevanth-m/acare_demo_ws/src/acaresim_final/acaresim/build/acare_planner:/home/shreevanth-m/acare_demo_ws/src/acaresim_final/acaresim/install/acare_planner/lib/python3.12/site-packages:/home/shreevanth-m/acare_demo_ws/src/acaresim_final/acaresim/build/acare_logging:/home/shreevanth-m/acare_demo_ws/src/acaresim_final/acaresim/install/acare_logging/lib/python3.12/site-packages:/home/shreevanth-m/acare_demo_ws/src/acaresim_final/acaresim/build/acare_bringup:/home/shreevanth-m/acare_demo_ws/src/acaresim_final/acaresim/install/acare_bringup/lib/python3.12/site-packages:/home/shreevanth-m/acare_demo_ws/src/acaresim_final/acaresim/build/acare_admin:/home/shreevanth-m/acare_demo_ws/src/acaresim_final/acaresim/install/acare_admin/lib/python3.12/site-packages:/home/shreevanth-m/acare_demo_ws/build/urdf_assembly_6dof_description:/home/shreevanth-m/acare_demo_ws/install/urdf_assembly_6dof_description/lib/python3.12/site-packages:/home/shreevanth-m/acare_demo_ws/install/acare_msgs/lib/python3.12/site-packages:/home/shreevanth-m/ros2_ws/install/urdf_assembly_6dof_description/lib/python3.12/site-packages:/home/shreevanth-m/ros2_ws/install/holo_description/lib/python3.12/site-packages:/home/shreevanth-m/ros2_ws/install/acare_pick_place/lib/python3.12/site-packages:/home/shreevanth-m/ros2_ws/install/acare_msgs/lib/python3.12/site-packages:/home/shreevanth-m/camera_ws/install/camera_robot_description/lib/python3.12/site-packages:/opt/ros/jazzy/lib/python3.12/site-packages /usr/bin/python3 -W ignore:setup.py install is deprecated -W ignore:easy_install command is deprecated setup.py develop --editable --build-directory /home/shreevanth-m/acare_demo_ws/src/acaresim_final/acaresim/build/acare_voice/build --no-deps symlink_data
[1.833s] colcon.colcon_core.shell Level 1 create_environment_hook('acare_voice', 'pythonpath_develop')
[1.834s] colcon.colcon_core.shell INFO Creating environment hook '/home/shreevanth-m/acare_demo_ws/src/acaresim_final/acaresim/build/acare_voice/share/acare_voice/hook/pythonpath_develop.ps1'
[1.834s] colcon.colcon_core.event_handler.log_command DEBUG Invoked command in '/home/shreevanth-m/acare_demo_ws/src/acaresim_final/acaresim/build/acare_voice' returned '0': CMAKE_PREFIX_PATH=/home/shreevanth-m/acare_demo_ws/src/acaresim_final/acaresim/install/acare_msgs:/home/shreevanth-m/acare_demo_ws/src/acaresim_final/acaresim/install/moveit_config:/home/shreevanth-m/acare_demo_ws/install/moveit_config:/home/shreevanth-m/acare_demo_ws/install/acare_msgs:/home/shreevanth-m/ros2_ws/install/urdf_assembly_6dof_moveit_config:/home/shreevanth-m/ros2_ws/install/irb120_ros2_moveit2:/home/shreevanth-m/ros2_ws/install/irb120_ros2_gazebo:/home/shreevanth-m/ros2_ws/install/acare_msgs:/home/shreevanth-m/ros2_ws/install/acare_moveit_config:/home/shreevanth-m/camera_ws/install/articubot_one:/opt/ros/jazzy/opt/gz_sim_vendor:/opt/ros/jazzy/opt/gz_sensors_vendor:/opt/ros/jazzy/opt/gz_physics_vendor:/opt/ros/jazzy/opt/sdformat_vendor:/opt/ros/jazzy/opt/gz_gui_vendor:/opt/ros/jazzy/opt/gz_transport_vendor:/opt/ros/jazzy/opt/gz_rendering_vendor:/opt/ros/jazzy/opt/gz_plugin_vendor:/opt/ros/jazzy/opt/gz_fuel_tools_vendor:/opt/ros/jazzy/opt/gz_msgs_vendor:/opt/ros/jazzy/opt/gz_common_vendor:/opt/ros/jazzy/opt/gz_math_vendor:/opt/ros/jazzy/opt/gz_utils_vendor:/opt/ros/jazzy/opt/gz_tools_vendor:/opt/ros/jazzy/opt/gz_ogre_next_vendor:/opt/ros/jazzy/opt/gz_dartsim_vendor:/opt/ros/jazzy/opt/gz_cmake_vendor DEBUGINFOD_URLS=https://debuginfod.ubuntu.com PYTHONPATH=/home/shreevanth-m/acare_demo_ws/src/acaresim_final/acaresim/build/acare_voice/prefix_override:/usr/lib/python3/dist-packages/colcon_core/task/python/colcon_distutils_commands:/home/shreevanth-m/acare_demo_ws/src/acaresim_final/acaresim/install/acare_voice/lib/python3.12/site-packages:/home/shreevanth-m/acare_demo_ws/src/acaresim_final/acaresim/install/acare_msgs/lib/python3.12/site-packages:/home/shreevanth-m/acare_demo_ws/src/acaresim_final/acaresim/build/urdf_assembly_6dof_description:/home/shreevanth-m/acare_demo_ws/src/acaresim_final/acaresim/install/urdf_assembly_6dof_description/lib/python3.12/site-packages:/home/shreevanth-m/acare_demo_ws/src/acaresim_final/acaresim/build/acare_voice:/home/shreevanth-m/acare_demo_ws/src/acaresim_final/acaresim/install/acare_voice/lib/python3.12/site-packages:/home/shreevanth-m/acare_demo_ws/src/acaresim_final/acaresim/build/acare_vision:/home/shreevanth-m/acare_demo_ws/src/acaresim_final/acaresim/install/acare_vision/lib/python3.12/site-packages:/home/shreevanth-m/acare_demo_ws/src/acaresim_final/acaresim/build/acare_safety:/home/shreevanth-m/acare_demo_ws/src/acaresim_final/acaresim/install/acare_safety/lib/python3.12/site-packages:/home/shreevanth-m/acare_demo_ws/src/acaresim_final/acaresim/build/acare_planner:/home/shreevanth-m/acare_demo_ws/src/acaresim_final/acaresim/install/acare_planner/lib/python3.12/site-packages:/home/shreevanth-m/acare_demo_ws/src/acaresim_final/acaresim/build/acare_logging:/home/shreevanth-m/acare_demo_ws/src/acaresim_final/acaresim/install/acare_logging/lib/python3.12/site-packages:/home/shreevanth-m/acare_demo_ws/src/acaresim_final/acaresim/build/acare_bringup:/home/shreevanth-m/acare_demo_ws/src/acaresim_final/acaresim/install/acare_bringup/lib/python3.12/site-packages:/home/shreevanth-m/acare_demo_ws/src/acaresim_final/acaresim/build/acare_admin:/home/shreevanth-m/acare_demo_ws/src/acaresim_final/acaresim/install/acare_admin/lib/python3.12/site-packages:/home/shreevanth-m/acare_demo_ws/build/urdf_assembly_6dof_description:/home/shreevanth-m/acare_demo_ws/install/urdf_assembly_6dof_description/lib/python3.12/site-packages:/home/shreevanth-m/acare_demo_ws/install/acare_msgs/lib/python3.12/site-packages:/home/shreevanth-m/ros2_ws/install/urdf_assembly_6dof_description/lib/python3.12/site-packages:/home/shreevanth-m/ros2_ws/install/holo_description/lib/python3.12/site-packages:/home/shreevanth-m/ros2_ws/install/acare_pick_place/lib/python3.12/site-packages:/home/shreevanth-m/ros2_ws/install/acare_msgs/lib/python3.12/site-packages:/home/shreevanth-m/camera_ws/install/camera_robot_description/lib/python3.12/site-packages:/opt/ros/jazzy/lib/python3.12/site-packages /usr/bin/python3 -W ignore:setup.py install is deprecated -W ignore:easy_install command is deprecated setup.py develop --editable --build-directory /home/shreevanth-m/acare_demo_ws/src/acaresim_final/acaresim/build/acare_voice/build --no-deps symlink_data
[1.835s] colcon.colcon_core.shell INFO Creating environment descriptor '/home/shreevanth-m/acare_demo_ws/src/acaresim_final/acaresim/build/acare_voice/share/acare_voice/hook/pythonpath_develop.dsv'
[1.835s] colcon.colcon_core.shell INFO Creating environment hook '/home/shreevanth-m/acare_demo_ws/src/acaresim_final/acaresim/build/acare_voice/share/acare_voice/hook/pythonpath_develop.sh'
[1.837s] colcon.colcon_core.environment Level 1 checking '/home/shreevanth-m/acare_demo_ws/src/acaresim_final/acaresim/install/acare_voice' for CMake module files
[1.838s] colcon.colcon_core.environment Level 1 checking '/home/shreevanth-m/acare_demo_ws/src/acaresim_final/acaresim/install/acare_voice' for CMake config files
[1.838s] colcon.colcon_core.environment Level 1 checking '/home/shreevanth-m/acare_demo_ws/src/acaresim_final/acaresim/install/acare_voice/lib'
[1.838s] colcon.colcon_core.environment Level 1 checking '/home/shreevanth-m/acare_demo_ws/src/acaresim_final/acaresim/install/acare_voice/bin'
[1.838s] colcon.colcon_core.shell Level 1 create_environment_hook('acare_voice', 'path')
[1.838s] colcon.colcon_core.shell INFO Creating environment hook '/home/shreevanth-m/acare_demo_ws/src/acaresim_final/acaresim/install/acare_voice/share/acare_voice/hook/path.ps1'
[1.839s] colcon.colcon_core.shell INFO Creating environment descriptor '/home/shreevanth-m/acare_demo_ws/src/acaresim_final/acaresim/install/acare_voice/share/acare_voice/hook/path.dsv'
[1.839s] colcon.colcon_core.shell INFO Creating environment hook '/home/shreevanth-m/acare_demo_ws/src/acaresim_final/acaresim/install/acare_voice/share/acare_voice/hook/path.sh'
[1.839s] colcon.colcon_core.environment Level 1 checking '/home/shreevanth-m/acare_demo_ws/src/acaresim_final/acaresim/install/acare_voice/lib/pkgconfig/acare_voice.pc'
[1.839s] colcon.colcon_core.environment Level 1 checking '/home/shreevanth-m/acare_demo_ws/src/acaresim_final/acaresim/install/acare_voice/lib/python3.12/site-packages'
[1.839s] colcon.colcon_core.shell Level 1 create_environment_hook('acare_voice', 'pythonpath')
[1.840s] colcon.colcon_core.shell INFO Creating environment hook '/home/shreevanth-m/acare_demo_ws/src/acaresim_final/acaresim/install/acare_voice/share/acare_voice/hook/pythonpath.ps1'
[1.840s] colcon.colcon_core.shell INFO Creating environment descriptor '/home/shreevanth-m/acare_demo_ws/src/acaresim_final/acaresim/install/acare_voice/share/acare_voice/hook/pythonpath.dsv'
[1.840s] colcon.colcon_core.shell INFO Creating environment hook '/home/shreevanth-m/acare_demo_ws/src/acaresim_final/acaresim/install/acare_voice/share/acare_voice/hook/pythonpath.sh'
[1.841s] colcon.colcon_core.environment Level 1 checking '/home/shreevanth-m/acare_demo_ws/src/acaresim_final/acaresim/install/acare_voice/bin'
[1.841s] colcon.colcon_core.shell Level 1 create_environment_hook('acare_voice', 'pythonscriptspath')
[1.841s] colcon.colcon_core.shell INFO Creating environment hook '/home/shreevanth-m/acare_demo_ws/src/acaresim_final/acaresim/install/acare_voice/share/acare_voice/hook/pythonscriptspath.ps1'
[1.842s] colcon.colcon_core.shell INFO Creating environment descriptor '/home/shreevanth-m/acare_demo_ws/src/acaresim_final/acaresim/install/acare_voice/share/acare_voice/hook/pythonscriptspath.dsv'
[1.842s] colcon.colcon_core.shell INFO Creating environment hook '/home/shreevanth-m/acare_demo_ws/src/acaresim_final/acaresim/install/acare_voice/share/acare_voice/hook/pythonscriptspath.sh'
[1.842s] colcon.colcon_core.environment Level 1 create_environment_scripts_only(acare_voice)
[1.842s] colcon.colcon_core.shell INFO Creating package script '/home/shreevanth-m/acare_demo_ws/src/acaresim_final/acaresim/install/acare_voice/share/acare_voice/package.ps1'
[1.843s] colcon.colcon_core.shell INFO Creating package descriptor '/home/shreevanth-m/acare_demo_ws/src/acaresim_final/acaresim/install/acare_voice/share/acare_voice/package.dsv'
[1.843s] colcon.colcon_core.shell INFO Creating package script '/home/shreevanth-m/acare_demo_ws/src/acaresim_final/acaresim/install/acare_voice/share/acare_voice/package.sh'
[1.844s] colcon.colcon_core.shell INFO Creating package script '/home/shreevanth-m/acare_demo_ws/src/acaresim_final/acaresim/install/acare_voice/share/acare_voice/package.bash'
[1.844s] colcon.colcon_core.shell INFO Creating package script '/home/shreevanth-m/acare_demo_ws/src/acaresim_final/acaresim/install/acare_voice/share/acare_voice/package.zsh'
[1.845s] colcon.colcon_core.environment Level 1 create_file_with_runtime_dependencies(/home/shreevanth-m/acare_demo_ws/src/acaresim_final/acaresim/install/acare_voice/share/colcon-core/packages/acare_voice)
[1.845s] colcon.colcon_parallel_executor.executor.parallel DEBUG closing loop
[1.845s] colcon.colcon_parallel_executor.executor.parallel DEBUG loop closed
[1.845s] colcon.colcon_parallel_executor.executor.parallel DEBUG run_until_complete finished with '0'
[1.845s] colcon.colcon_core.event_reactor DEBUG joining thread
[1.850s] colcon.colcon_core.plugin_system INFO Skipping extension 'colcon_notification.desktop_notification.terminal_notifier': Not used on non-Darwin systems
[1.850s] colcon.colcon_core.plugin_system INFO Skipping extension 'colcon_notification.desktop_notification.win32': Not used on non-Windows systems
[1.850s] colcon.colcon_notification.desktop_notification INFO Sending desktop notification using 'notify2'
[1.860s] colcon.colcon_core.event_reactor DEBUG joined thread
[1.860s] colcon.colcon_core.shell INFO Creating prefix script '/home/shreevanth-m/acare_demo_ws/src/acaresim_final/acaresim/install/local_setup.ps1'
[1.861s] colcon.colcon_core.shell INFO Creating prefix util module '/home/shreevanth-m/acare_demo_ws/src/acaresim_final/acaresim/install/_local_setup_util_ps1.py'
[1.862s] colcon.colcon_core.shell INFO Creating prefix chain script '/home/shreevanth-m/acare_demo_ws/src/acaresim_final/acaresim/install/setup.ps1'
[1.863s] colcon.colcon_core.shell INFO Creating prefix script '/home/shreevanth-m/acare_demo_ws/src/acaresim_final/acaresim/install/local_setup.sh'
[1.863s] colcon.colcon_core.shell INFO Creating prefix util module '/home/shreevanth-m/acare_demo_ws/src/acaresim_final/acaresim/install/_local_setup_util_sh.py'
[1.864s] colcon.colcon_core.shell INFO Creating prefix chain script '/home/shreevanth-m/acare_demo_ws/src/acaresim_final/acaresim/install/setup.sh'
[1.865s] colcon.colcon_core.shell INFO Creating prefix script '/home/shreevanth-m/acare_demo_ws/src/acaresim_final/acaresim/install/local_setup.bash'
[1.865s] colcon.colcon_core.shell INFO Creating prefix chain script '/home/shreevanth-m/acare_demo_ws/src/acaresim_final/acaresim/install/setup.bash'
[1.866s] colcon.colcon_core.shell INFO Creating prefix script '/home/shreevanth-m/acare_demo_ws/src/acaresim_final/acaresim/install/local_setup.zsh'
[1.867s] colcon.colcon_core.shell INFO Creating prefix chain script '/home/shreevanth-m/acare_demo_ws/src/acaresim_final/acaresim/install/setup.zsh'
