[0.146s] [34mcolcon[0m [1;30mDEBUG[0m [32mCommand line arguments: ['/usr/bin/colcon', 'build', '--symlink-install', '--packages-select', 'moveit_config', '--paths', 'src/urdf_assembly_6dof_description/moveit_config'][0m
[0.146s] [34mcolcon[0m [1;30mDEBUG[0m [32mParsed command line arguments: Namespace(log_base=None, log_level=None, verb_name='build', build_base='build', install_base='install', merge_install=False, symlink_install=True, test_result_base=None, continue_on_error=False, executor='parallel', parallel_workers=16, event_handlers=None, ignore_user_meta=False, metas=['./colcon.meta'], base_paths=['.'], packages_ignore=None, packages_ignore_regex=None, paths=['/home/shreevanth-m/acare_demo_ws/src/acaresim_final/acaresim/src/urdf_assembly_6dof_description/moveit_config'], packages_up_to=None, packages_up_to_regex=None, packages_above=None, packages_above_and_dependencies=None, packages_above_depth=None, packages_select_by_dep=None, packages_skip_by_dep=None, packages_skip_up_to=None, packages_select_build_failed=False, packages_skip_build_finished=False, packages_select_test_failures=False, packages_skip_test_passed=False, packages_select=['moveit_config'], packages_skip=None, packages_select_regex=None, packages_skip_regex=None, packages_start=None, packages_end=None, allow_overriding=[], cmake_args=None, cmake_target=None, cmake_target_skip_unavailable=False, cmake_clean_cache=False, cmake_clean_first=False, cmake_force_configure=False, ament_cmake_args=None, catkin_cmake_args=None, catkin_skip_building_tests=False, mixin_files=None, mixin=None, verb_parser=<colcon_mixin.mixin.mixin_argument.MixinArgumentDecorator object at 0x72d987774050>, verb_extension=<colcon_core.verb.build.BuildVerb object at 0x72d987743a10>, main=<bound method BuildVerb.main of <colcon_core.verb.build.BuildVerb object at 0x72d987743a10>>, mixin_verb=('build',))[0m
[0.190s] [34mcolcon.colcon_core.package_discovery[0m [1;30mLevel 1[0m discover_packages(colcon_meta) check parameters
[0.190s] [34mcolcon.colcon_core.package_discovery[0m [1;30mLevel 1[0m discover_packages(recursive) check parameters
[0.190s] [34mcolcon.colcon_core.package_discovery[0m [1;30mLevel 1[0m discover_packages(ignore) check parameters
[0.190s] [34mcolcon.colcon_core.package_discovery[0m [1;30mLevel 1[0m discover_packages(path) check parameters
[0.190s] [34mcolcon.colcon_core.package_discovery[0m [1;30mLevel 1[0m discover_packages(path) discover
[0.190s] [34mcolcon.colcon_core.package_discovery[0m [1;30mLevel 1[0m PathPackageDiscovery.discover(['/home/shreevanth-m/acare_demo_ws/src/acaresim_final/acaresim/src/urdf_assembly_6dof_description/moveit_config'])
[0.190s] [34mcolcon.colcon_core.package_identification[0m [1;30mLevel 1[0m _identify(/home/shreevanth-m/acare_demo_ws/src/acaresim_final/acaresim/src/urdf_assembly_6dof_description/moveit_config) by extensions ['ignore', 'ignore_ament_install']
[0.190s] [34mcolcon.colcon_core.package_identification[0m [1;30mLevel 1[0m _identify(/home/shreevanth-m/acare_demo_ws/src/acaresim_final/acaresim/src/urdf_assembly_6dof_description/moveit_config) by extension 'ignore'
[0.191s] [34mcolcon.colcon_core.package_identification[0m [1;30mLevel 1[0m _identify(/home/shreevanth-m/acare_demo_ws/src/acaresim_final/acaresim/src/urdf_assembly_6dof_description/moveit_config) by extension 'ignore_ament_install'
[0.191s] [34mcolcon.colcon_core.package_identification[0m [1;30mLevel 1[0m _identify(/home/shreevanth-m/acare_demo_ws/src/acaresim_final/acaresim/src/urdf_assembly_6dof_description/moveit_config) by extensions ['colcon_pkg']
[0.191s] [34mcolcon.colcon_core.package_identification[0m [1;30mLevel 1[0m _identify(/home/shreevanth-m/acare_demo_ws/src/acaresim_final/acaresim/src/urdf_assembly_6dof_description/moveit_config) by extension 'colcon_pkg'
[0.191s] [34mcolcon.colcon_core.package_identification[0m [1;30mLevel 1[0m _identify(/home/shreevanth-m/acare_demo_ws/src/acaresim_final/acaresim/src/urdf_assembly_6dof_description/moveit_config) by extensions ['colcon_meta']
[0.191s] [34mcolcon.colcon_core.package_identification[0m [1;30mLevel 1[0m _identify(/home/shreevanth-m/acare_demo_ws/src/acaresim_final/acaresim/src/urdf_assembly_6dof_description/moveit_config) by extension 'colcon_meta'
[0.191s] [34mcolcon.colcon_core.package_identification[0m [1;30mLevel 1[0m _identify(/home/shreevanth-m/acare_demo_ws/src/acaresim_final/acaresim/src/urdf_assembly_6dof_description/moveit_config) by extensions ['ros']
[0.191s] [34mcolcon.colcon_core.package_identification[0m [1;30mLevel 1[0m _identify(/home/shreevanth-m/acare_demo_ws/src/acaresim_final/acaresim/src/urdf_assembly_6dof_description/moveit_config) by extension 'ros'
[0.223s] [34mcolcon.colcon_core.package_identification[0m [1;30mDEBUG[0m [32mPackage '/home/shreevanth-m/acare_demo_ws/src/acaresim_final/acaresim/src/urdf_assembly_6dof_description/moveit_config' with type 'ros.ament_cmake' and name 'moveit_config'[0m
[0.223s] [34mcolcon.colcon_core.package_discovery[0m [1;30mLevel 1[0m discover_packages(path) using defaults
[0.242s] [34mcolcon.colcon_core.package_discovery[0m [1;30mLevel 1[0m discover_packages(prefix_path) check parameters
[0.242s] [34mcolcon.colcon_core.package_discovery[0m [1;30mLevel 1[0m discover_packages(prefix_path) discover
[0.243s] [34mcolcon.colcon_ros.prefix_path.ament[0m [1;30mWARNING[0m [33mThe path '/home/shreevanth-m/ros2_ws/install/ros2_grasping' in the environment variable AMENT_PREFIX_PATH doesn't exist[0m
[0.243s] [34mcolcon.colcon_ros.prefix_path.catkin[0m [1;30mWARNING[0m [33mThe path '/home/shreevanth-m/acare_demo_ws/install/urdf_assembly_6dof_moveit_config' in the environment variable CMAKE_PREFIX_PATH doesn't exist[0m
[0.243s] [34mcolcon.colcon_ros.prefix_path.catkin[0m [1;30mWARNING[0m [33mThe path '/home/shreevanth-m/ros2_ws/install/ros2_grasping' in the environment variable CMAKE_PREFIX_PATH doesn't exist[0m
[0.244s] [34mcolcon.colcon_installed_package_information.package_discovery[0m [1;30mDEBUG[0m [32mFound 3 installed packages in /home/shreevanth-m/acare_demo_ws/install[0m
[0.245s] [34mcolcon.colcon_installed_package_information.package_discovery[0m [1;30mDEBUG[0m [32mFound 8 installed packages in /home/shreevanth-m/ros2_ws/install[0m
[0.245s] [34mcolcon.colcon_installed_package_information.package_discovery[0m [1;30mDEBUG[0m [32mFound 2 installed packages in /home/shreevanth-m/camera_ws/install[0m
[0.248s] [34mcolcon.colcon_installed_package_information.package_discovery[0m [1;30mDEBUG[0m [32mFound 439 installed packages in /opt/ros/jazzy[0m
[0.249s] [34mcolcon.colcon_core.package_discovery[0m [1;30mLevel 1[0m discover_packages(prefix_path) using defaults
[0.320s] [34mcolcon.colcon_core.verb[0m [1;30mLevel 5[0m set package 'moveit_config' build argument 'cmake_args' from command line to 'None'
[0.320s] [34mcolcon.colcon_core.verb[0m [1;30mLevel 5[0m set package 'moveit_config' build argument 'cmake_target' from command line to 'None'
[0.320s] [34mcolcon.colcon_core.verb[0m [1;30mLevel 5[0m set package 'moveit_config' build argument 'cmake_target_skip_unavailable' from command line to 'False'
[0.320s] [34mcolcon.colcon_core.verb[0m [1;30mLevel 5[0m set package 'moveit_config' build argument 'cmake_clean_cache' from command line to 'False'
[0.320s] [34mcolcon.colcon_core.verb[0m [1;30mLevel 5[0m set package 'moveit_config' build argument 'cmake_clean_first' from command line to 'False'
[0.320s] [34mcolcon.colcon_core.verb[0m [1;30mLevel 5[0m set package 'moveit_config' build argument 'cmake_force_configure' from command line to 'False'
[0.320s] [34mcolcon.colcon_core.verb[0m [1;30mLevel 5[0m set package 'moveit_config' build argument 'ament_cmake_args' from command line to 'None'
[0.320s] [34mcolcon.colcon_core.verb[0m [1;30mLevel 5[0m set package 'moveit_config' build argument 'catkin_cmake_args' from command line to 'None'
[0.320s] [34mcolcon.colcon_core.verb[0m [1;30mLevel 5[0m set package 'moveit_config' build argument 'catkin_skip_building_tests' from command line to 'False'
[0.320s] [34mcolcon.colcon_core.verb[0m [1;30mDEBUG[0m [32mBuilding package 'moveit_config' with the following arguments: {'ament_cmake_args': None, 'build_base': '/home/shreevanth-m/acare_demo_ws/src/acaresim_final/acaresim/build/moveit_config', 'catkin_cmake_args': None, 'catkin_skip_building_tests': False, 'cmake_args': None, 'cmake_clean_cache': False, 'cmake_clean_first': False, 'cmake_force_configure': False, 'cmake_target': None, 'cmake_target_skip_unavailable': False, 'install_base': '/home/shreevanth-m/acare_demo_ws/src/acaresim_final/acaresim/install/moveit_config', 'merge_install': False, 'path': '/home/shreevanth-m/acare_demo_ws/src/acaresim_final/acaresim/src/urdf_assembly_6dof_description/moveit_config', 'symlink_install': True, 'test_result_base': None}[0m
[0.320s] [34mcolcon.colcon_core.executor[0m [1;30mINFO[0m Executing jobs using 'parallel' executor
[0.321s] [34mcolcon.colcon_parallel_executor.executor.parallel[0m [1;30mDEBUG[0m [32mrun_until_complete[0m
[0.322s] [34mcolcon.colcon_ros.task.ament_cmake.build[0m [1;30mINFO[0m Building ROS package in '/home/shreevanth-m/acare_demo_ws/src/acaresim_final/acaresim/src/urdf_assembly_6dof_description/moveit_config' with build type 'ament_cmake'
[0.322s] [34mcolcon.colcon_cmake.task.cmake.build[0m [1;30mINFO[0m Building CMake package in '/home/shreevanth-m/acare_demo_ws/src/acaresim_final/acaresim/src/urdf_assembly_6dof_description/moveit_config'
[0.325s] [34mcolcon.colcon_core.plugin_system[0m [1;30mINFO[0m Skipping extension 'colcon_core.shell.bat': Not used on non-Windows systems
[0.325s] [34mcolcon.colcon_core.shell[0m [1;30mINFO[0m Skip shell extension 'powershell' for command environment: Not usable outside of PowerShell
[0.325s] [34mcolcon.colcon_core.shell[0m [1;30mDEBUG[0m [32mSkip shell extension 'dsv' for command environment[0m
[0.340s] [34mcolcon.colcon_core.event_handler.log_command[0m [1;30mDEBUG[0m [32mInvoking command in '/home/shreevanth-m/acare_demo_ws/src/acaresim_final/acaresim/build/moveit_config': CMAKE_PREFIX_PATH=/home/shreevanth-m/acare_demo_ws/install/urdf_assembly_6dof_moveit_config:/home/shreevanth-m/acare_demo_ws/install/acare_msgs:/home/shreevanth-m/camera_ws/install/articubot_one:/home/shreevanth-m/acare_demo_ws/install/urdf_assembly_6dof_description:/home/shreevanth-m/camera_ws/install/camera_robot_description:/home/shreevanth-m/ros2_ws/install/urdf_assembly_6dof_description:/home/shreevanth-m/ros2_ws/install/holo_description:/home/shreevanth-m/ros2_ws/install/acare_pick_place:/opt/ros/jazzy:/home/shreevanth-m/ros2_ws/install/urdf_assembly_6dof_moveit_config:/home/shreevanth-m/ros2_ws/install/ros2_grasping:/home/shreevanth-m/ros2_ws/install/irb120_ros2_moveit2:/home/shreevanth-m/ros2_ws/install/irb120_ros2_gazebo:/home/shreevanth-m/ros2_ws/install/acare_msgs:/home/shreevanth-m/ros2_ws/install/acare_moveit_config:/opt/ros/jazzy/opt/gz_sim_vendor:/opt/ros/jazzy/opt/gz_sensors_vendor:/opt/ros/jazzy/opt/gz_physics_vendor:/opt/ros/jazzy/opt/sdformat_vendor:/opt/ros/jazzy/opt/gz_gui_vendor:/opt/ros/jazzy/opt/gz_transport_vendor:/opt/ros/jazzy/opt/gz_rendering_vendor:/opt/ros/jazzy/opt/gz_plugin_vendor:/opt/ros/jazzy/opt/gz_fuel_tools_vendor:/opt/ros/jazzy/opt/gz_msgs_vendor:/opt/ros/jazzy/opt/gz_common_vendor:/opt/ros/jazzy/opt/gz_math_vendor:/opt/ros/jazzy/opt/gz_utils_vendor:/opt/ros/jazzy/opt/gz_tools_vendor:/opt/ros/jazzy/opt/gz_ogre_next_vendor:/opt/ros/jazzy/opt/gz_dartsim_vendor:/opt/ros/jazzy/opt/gz_cmake_vendor DEBUGINFOD_URLS=https://debuginfod.ubuntu.com /usr/bin/cmake /home/shreevanth-m/acare_demo_ws/src/acaresim_final/acaresim/src/urdf_assembly_6dof_description/moveit_config -DAMENT_CMAKE_SYMLINK_INSTALL=1 -DCMAKE_INSTALL_PREFIX=/home/shreevanth-m/acare_demo_ws/src/acaresim_final/acaresim/install/moveit_config[0m
[1.468s] [34mcolcon.colcon_core.event_handler.log_command[0m [1;30mDEBUG[0m [32mInvoked command in '/home/shreevanth-m/acare_demo_ws/src/acaresim_final/acaresim/build/moveit_config' returned '0': CMAKE_PREFIX_PATH=/home/shreevanth-m/acare_demo_ws/install/urdf_assembly_6dof_moveit_config:/home/shreevanth-m/acare_demo_ws/install/acare_msgs:/home/shreevanth-m/camera_ws/install/articubot_one:/home/shreevanth-m/acare_demo_ws/install/urdf_assembly_6dof_description:/home/shreevanth-m/camera_ws/install/camera_robot_description:/home/shreevanth-m/ros2_ws/install/urdf_assembly_6dof_description:/home/shreevanth-m/ros2_ws/install/holo_description:/home/shreevanth-m/ros2_ws/install/acare_pick_place:/opt/ros/jazzy:/home/shreevanth-m/ros2_ws/install/urdf_assembly_6dof_moveit_config:/home/shreevanth-m/ros2_ws/install/ros2_grasping:/home/shreevanth-m/ros2_ws/install/irb120_ros2_moveit2:/home/shreevanth-m/ros2_ws/install/irb120_ros2_gazebo:/home/shreevanth-m/ros2_ws/install/acare_msgs:/home/shreevanth-m/ros2_ws/install/acare_moveit_config:/opt/ros/jazzy/opt/gz_sim_vendor:/opt/ros/jazzy/opt/gz_sensors_vendor:/opt/ros/jazzy/opt/gz_physics_vendor:/opt/ros/jazzy/opt/sdformat_vendor:/opt/ros/jazzy/opt/gz_gui_vendor:/opt/ros/jazzy/opt/gz_transport_vendor:/opt/ros/jazzy/opt/gz_rendering_vendor:/opt/ros/jazzy/opt/gz_plugin_vendor:/opt/ros/jazzy/opt/gz_fuel_tools_vendor:/opt/ros/jazzy/opt/gz_msgs_vendor:/opt/ros/jazzy/opt/gz_common_vendor:/opt/ros/jazzy/opt/gz_math_vendor:/opt/ros/jazzy/opt/gz_utils_vendor:/opt/ros/jazzy/opt/gz_tools_vendor:/opt/ros/jazzy/opt/gz_ogre_next_vendor:/opt/ros/jazzy/opt/gz_dartsim_vendor:/opt/ros/jazzy/opt/gz_cmake_vendor DEBUGINFOD_URLS=https://debuginfod.ubuntu.com /usr/bin/cmake /home/shreevanth-m/acare_demo_ws/src/acaresim_final/acaresim/src/urdf_assembly_6dof_description/moveit_config -DAMENT_CMAKE_SYMLINK_INSTALL=1 -DCMAKE_INSTALL_PREFIX=/home/shreevanth-m/acare_demo_ws/src/acaresim_final/acaresim/install/moveit_config[0m
[1.470s] [34mcolcon.colcon_core.event_handler.log_command[0m [1;30mDEBUG[0m [32mInvoking command in '/home/shreevanth-m/acare_demo_ws/src/acaresim_final/acaresim/build/moveit_config': CMAKE_PREFIX_PATH=/home/shreevanth-m/acare_demo_ws/install/urdf_assembly_6dof_moveit_config:/home/shreevanth-m/acare_demo_ws/install/acare_msgs:/home/shreevanth-m/camera_ws/install/articubot_one:/home/shreevanth-m/acare_demo_ws/install/urdf_assembly_6dof_description:/home/shreevanth-m/camera_ws/install/camera_robot_description:/home/shreevanth-m/ros2_ws/install/urdf_assembly_6dof_description:/home/shreevanth-m/ros2_ws/install/holo_description:/home/shreevanth-m/ros2_ws/install/acare_pick_place:/opt/ros/jazzy:/home/shreevanth-m/ros2_ws/install/urdf_assembly_6dof_moveit_config:/home/shreevanth-m/ros2_ws/install/ros2_grasping:/home/shreevanth-m/ros2_ws/install/irb120_ros2_moveit2:/home/shreevanth-m/ros2_ws/install/irb120_ros2_gazebo:/home/shreevanth-m/ros2_ws/install/acare_msgs:/home/shreevanth-m/ros2_ws/install/acare_moveit_config:/opt/ros/jazzy/opt/gz_sim_vendor:/opt/ros/jazzy/opt/gz_sensors_vendor:/opt/ros/jazzy/opt/gz_physics_vendor:/opt/ros/jazzy/opt/sdformat_vendor:/opt/ros/jazzy/opt/gz_gui_vendor:/opt/ros/jazzy/opt/gz_transport_vendor:/opt/ros/jazzy/opt/gz_rendering_vendor:/opt/ros/jazzy/opt/gz_plugin_vendor:/opt/ros/jazzy/opt/gz_fuel_tools_vendor:/opt/ros/jazzy/opt/gz_msgs_vendor:/opt/ros/jazzy/opt/gz_common_vendor:/opt/ros/jazzy/opt/gz_math_vendor:/opt/ros/jazzy/opt/gz_utils_vendor:/opt/ros/jazzy/opt/gz_tools_vendor:/opt/ros/jazzy/opt/gz_ogre_next_vendor:/opt/ros/jazzy/opt/gz_dartsim_vendor:/opt/ros/jazzy/opt/gz_cmake_vendor DEBUGINFOD_URLS=https://debuginfod.ubuntu.com /usr/bin/cmake --build /home/shreevanth-m/acare_demo_ws/src/acaresim_final/acaresim/build/moveit_config -- -j16 -l16[0m
[1.549s] [34mcolcon.colcon_core.event_handler.log_command[0m [1;30mDEBUG[0m [32mInvoked command in '/home/shreevanth-m/acare_demo_ws/src/acaresim_final/acaresim/build/moveit_config' returned '0': CMAKE_PREFIX_PATH=/home/shreevanth-m/acare_demo_ws/install/urdf_assembly_6dof_moveit_config:/home/shreevanth-m/acare_demo_ws/install/acare_msgs:/home/shreevanth-m/camera_ws/install/articubot_one:/home/shreevanth-m/acare_demo_ws/install/urdf_assembly_6dof_description:/home/shreevanth-m/camera_ws/install/camera_robot_description:/home/shreevanth-m/ros2_ws/install/urdf_assembly_6dof_description:/home/shreevanth-m/ros2_ws/install/holo_description:/home/shreevanth-m/ros2_ws/install/acare_pick_place:/opt/ros/jazzy:/home/shreevanth-m/ros2_ws/install/urdf_assembly_6dof_moveit_config:/home/shreevanth-m/ros2_ws/install/ros2_grasping:/home/shreevanth-m/ros2_ws/install/irb120_ros2_moveit2:/home/shreevanth-m/ros2_ws/install/irb120_ros2_gazebo:/home/shreevanth-m/ros2_ws/install/acare_msgs:/home/shreevanth-m/ros2_ws/install/acare_moveit_config:/opt/ros/jazzy/opt/gz_sim_vendor:/opt/ros/jazzy/opt/gz_sensors_vendor:/opt/ros/jazzy/opt/gz_physics_vendor:/opt/ros/jazzy/opt/sdformat_vendor:/opt/ros/jazzy/opt/gz_gui_vendor:/opt/ros/jazzy/opt/gz_transport_vendor:/opt/ros/jazzy/opt/gz_rendering_vendor:/opt/ros/jazzy/opt/gz_plugin_vendor:/opt/ros/jazzy/opt/gz_fuel_tools_vendor:/opt/ros/jazzy/opt/gz_msgs_vendor:/opt/ros/jazzy/opt/gz_common_vendor:/opt/ros/jazzy/opt/gz_math_vendor:/opt/ros/jazzy/opt/gz_utils_vendor:/opt/ros/jazzy/opt/gz_tools_vendor:/opt/ros/jazzy/opt/gz_ogre_next_vendor:/opt/ros/jazzy/opt/gz_dartsim_vendor:/opt/ros/jazzy/opt/gz_cmake_vendor DEBUGINFOD_URLS=https://debuginfod.ubuntu.com /usr/bin/cmake --build /home/shreevanth-m/acare_demo_ws/src/acaresim_final/acaresim/build/moveit_config -- -j16 -l16[0m
[1.568s] [34mcolcon.colcon_core.event_handler.log_command[0m [1;30mDEBUG[0m [32mInvoking command in '/home/shreevanth-m/acare_demo_ws/src/acaresim_final/acaresim/build/moveit_config': CMAKE_PREFIX_PATH=/home/shreevanth-m/acare_demo_ws/install/urdf_assembly_6dof_moveit_config:/home/shreevanth-m/acare_demo_ws/install/acare_msgs:/home/shreevanth-m/camera_ws/install/articubot_one:/home/shreevanth-m/acare_demo_ws/install/urdf_assembly_6dof_description:/home/shreevanth-m/camera_ws/install/camera_robot_description:/home/shreevanth-m/ros2_ws/install/urdf_assembly_6dof_description:/home/shreevanth-m/ros2_ws/install/holo_description:/home/shreevanth-m/ros2_ws/install/acare_pick_place:/opt/ros/jazzy:/home/shreevanth-m/ros2_ws/install/urdf_assembly_6dof_moveit_config:/home/shreevanth-m/ros2_ws/install/ros2_grasping:/home/shreevanth-m/ros2_ws/install/irb120_ros2_moveit2:/home/shreevanth-m/ros2_ws/install/irb120_ros2_gazebo:/home/shreevanth-m/ros2_ws/install/acare_msgs:/home/shreevanth-m/ros2_ws/install/acare_moveit_config:/opt/ros/jazzy/opt/gz_sim_vendor:/opt/ros/jazzy/opt/gz_sensors_vendor:/opt/ros/jazzy/opt/gz_physics_vendor:/opt/ros/jazzy/opt/sdformat_vendor:/opt/ros/jazzy/opt/gz_gui_vendor:/opt/ros/jazzy/opt/gz_transport_vendor:/opt/ros/jazzy/opt/gz_rendering_vendor:/opt/ros/jazzy/opt/gz_plugin_vendor:/opt/ros/jazzy/opt/gz_fuel_tools_vendor:/opt/ros/jazzy/opt/gz_msgs_vendor:/opt/ros/jazzy/opt/gz_common_vendor:/opt/ros/jazzy/opt/gz_math_vendor:/opt/ros/jazzy/opt/gz_utils_vendor:/opt/ros/jazzy/opt/gz_tools_vendor:/opt/ros/jazzy/opt/gz_ogre_next_vendor:/opt/ros/jazzy/opt/gz_dartsim_vendor:/opt/ros/jazzy/opt/gz_cmake_vendor DEBUGINFOD_URLS=https://debuginfod.ubuntu.com /usr/bin/cmake --install /home/shreevanth-m/acare_demo_ws/src/acaresim_final/acaresim/build/moveit_config[0m
[2.030s] [34mcolcon.colcon_core.environment[0m [1;30mLevel 1[0m create_environment_scripts_only(moveit_config)
[2.030s] [34mcolcon.colcon_core.event_handler.log_command[0m [1;30mDEBUG[0m [32mInvoked command in '/home/shreevanth-m/acare_demo_ws/src/acaresim_final/acaresim/build/moveit_config' returned '0': CMAKE_PREFIX_PATH=/home/shreevanth-m/acare_demo_ws/install/urdf_assembly_6dof_moveit_config:/home/shreevanth-m/acare_demo_ws/install/acare_msgs:/home/shreevanth-m/camera_ws/install/articubot_one:/home/shreevanth-m/acare_demo_ws/install/urdf_assembly_6dof_description:/home/shreevanth-m/camera_ws/install/camera_robot_description:/home/shreevanth-m/ros2_ws/install/urdf_assembly_6dof_description:/home/shreevanth-m/ros2_ws/install/holo_description:/home/shreevanth-m/ros2_ws/install/acare_pick_place:/opt/ros/jazzy:/home/shreevanth-m/ros2_ws/install/urdf_assembly_6dof_moveit_config:/home/shreevanth-m/ros2_ws/install/ros2_grasping:/home/shreevanth-m/ros2_ws/install/irb120_ros2_moveit2:/home/shreevanth-m/ros2_ws/install/irb120_ros2_gazebo:/home/shreevanth-m/ros2_ws/install/acare_msgs:/home/shreevanth-m/ros2_ws/install/acare_moveit_config:/opt/ros/jazzy/opt/gz_sim_vendor:/opt/ros/jazzy/opt/gz_sensors_vendor:/opt/ros/jazzy/opt/gz_physics_vendor:/opt/ros/jazzy/opt/sdformat_vendor:/opt/ros/jazzy/opt/gz_gui_vendor:/opt/ros/jazzy/opt/gz_transport_vendor:/opt/ros/jazzy/opt/gz_rendering_vendor:/opt/ros/jazzy/opt/gz_plugin_vendor:/opt/ros/jazzy/opt/gz_fuel_tools_vendor:/opt/ros/jazzy/opt/gz_msgs_vendor:/opt/ros/jazzy/opt/gz_common_vendor:/opt/ros/jazzy/opt/gz_math_vendor:/opt/ros/jazzy/opt/gz_utils_vendor:/opt/ros/jazzy/opt/gz_tools_vendor:/opt/ros/jazzy/opt/gz_ogre_next_vendor:/opt/ros/jazzy/opt/gz_dartsim_vendor:/opt/ros/jazzy/opt/gz_cmake_vendor DEBUGINFOD_URLS=https://debuginfod.ubuntu.com /usr/bin/cmake --install /home/shreevanth-m/acare_demo_ws/src/acaresim_final/acaresim/build/moveit_config[0m
[2.034s] [34mcolcon.colcon_core.environment[0m [1;30mLevel 1[0m checking '/home/shreevanth-m/acare_demo_ws/src/acaresim_final/acaresim/install/moveit_config' for CMake module files
[2.035s] [34mcolcon.colcon_core.environment[0m [1;30mLevel 1[0m checking '/home/shreevanth-m/acare_demo_ws/src/acaresim_final/acaresim/install/moveit_config' for CMake config files
[2.035s] [34mcolcon.colcon_core.shell[0m [1;30mLevel 1[0m create_environment_hook('moveit_config', 'cmake_prefix_path')
[2.036s] [34mcolcon.colcon_core.shell[0m [1;30mINFO[0m Creating environment hook '/home/shreevanth-m/acare_demo_ws/src/acaresim_final/acaresim/install/moveit_config/share/moveit_config/hook/cmake_prefix_path.ps1'
[2.036s] [34mcolcon.colcon_core.shell[0m [1;30mINFO[0m Creating environment descriptor '/home/shreevanth-m/acare_demo_ws/src/acaresim_final/acaresim/install/moveit_config/share/moveit_config/hook/cmake_prefix_path.dsv'
[2.037s] [34mcolcon.colcon_core.shell[0m [1;30mINFO[0m Creating environment hook '/home/shreevanth-m/acare_demo_ws/src/acaresim_final/acaresim/install/moveit_config/share/moveit_config/hook/cmake_prefix_path.sh'
[2.038s] [34mcolcon.colcon_core.environment[0m [1;30mLevel 1[0m checking '/home/shreevanth-m/acare_demo_ws/src/acaresim_final/acaresim/install/moveit_config/bin'
[2.038s] [34mcolcon.colcon_core.environment[0m [1;30mLevel 1[0m checking '/home/shreevanth-m/acare_demo_ws/src/acaresim_final/acaresim/install/moveit_config/lib/pkgconfig/moveit_config.pc'
[2.038s] [34mcolcon.colcon_core.environment[0m [1;30mLevel 1[0m checking '/home/shreevanth-m/acare_demo_ws/src/acaresim_final/acaresim/install/moveit_config/lib/python3.12/site-packages'
[2.039s] [34mcolcon.colcon_core.environment[0m [1;30mLevel 1[0m checking '/home/shreevanth-m/acare_demo_ws/src/acaresim_final/acaresim/install/moveit_config/bin'
[2.039s] [34mcolcon.colcon_core.shell[0m [1;30mINFO[0m Creating package script '/home/shreevanth-m/acare_demo_ws/src/acaresim_final/acaresim/install/moveit_config/share/moveit_config/package.ps1'
[2.040s] [34mcolcon.colcon_core.shell[0m [1;30mINFO[0m Creating package descriptor '/home/shreevanth-m/acare_demo_ws/src/acaresim_final/acaresim/install/moveit_config/share/moveit_config/package.dsv'
[2.041s] [34mcolcon.colcon_core.shell[0m [1;30mINFO[0m Creating package script '/home/shreevanth-m/acare_demo_ws/src/acaresim_final/acaresim/install/moveit_config/share/moveit_config/package.sh'
[2.042s] [34mcolcon.colcon_core.shell[0m [1;30mINFO[0m Creating package script '/home/shreevanth-m/acare_demo_ws/src/acaresim_final/acaresim/install/moveit_config/share/moveit_config/package.bash'
[2.043s] [34mcolcon.colcon_core.shell[0m [1;30mINFO[0m Creating package script '/home/shreevanth-m/acare_demo_ws/src/acaresim_final/acaresim/install/moveit_config/share/moveit_config/package.zsh'
[2.043s] [34mcolcon.colcon_core.environment[0m [1;30mLevel 1[0m create_file_with_runtime_dependencies(/home/shreevanth-m/acare_demo_ws/src/acaresim_final/acaresim/install/moveit_config/share/colcon-core/packages/moveit_config)
[2.044s] [34mcolcon.colcon_core.environment[0m [1;30mLevel 1[0m create_environment_scripts_only(moveit_config)
[2.044s] [34mcolcon.colcon_core.environment[0m [1;30mLevel 1[0m checking '/home/shreevanth-m/acare_demo_ws/src/acaresim_final/acaresim/install/moveit_config' for CMake module files
[2.045s] [34mcolcon.colcon_core.environment[0m [1;30mLevel 1[0m checking '/home/shreevanth-m/acare_demo_ws/src/acaresim_final/acaresim/install/moveit_config' for CMake config files
[2.045s] [34mcolcon.colcon_core.shell[0m [1;30mLevel 1[0m create_environment_hook('moveit_config', 'cmake_prefix_path')
[2.045s] [34mcolcon.colcon_core.shell[0m [1;30mINFO[0m Creating environment hook '/home/shreevanth-m/acare_demo_ws/src/acaresim_final/acaresim/install/moveit_config/share/moveit_config/hook/cmake_prefix_path.ps1'
[2.046s] [34mcolcon.colcon_core.shell[0m [1;30mINFO[0m Creating environment descriptor '/home/shreevanth-m/acare_demo_ws/src/acaresim_final/acaresim/install/moveit_config/share/moveit_config/hook/cmake_prefix_path.dsv'
[2.046s] [34mcolcon.colcon_core.shell[0m [1;30mINFO[0m Creating environment hook '/home/shreevanth-m/acare_demo_ws/src/acaresim_final/acaresim/install/moveit_config/share/moveit_config/hook/cmake_prefix_path.sh'
[2.047s] [34mcolcon.colcon_core.environment[0m [1;30mLevel 1[0m checking '/home/shreevanth-m/acare_demo_ws/src/acaresim_final/acaresim/install/moveit_config/bin'
[2.047s] [34mcolcon.colcon_core.environment[0m [1;30mLevel 1[0m checking '/home/shreevanth-m/acare_demo_ws/src/acaresim_final/acaresim/install/moveit_config/lib/pkgconfig/moveit_config.pc'
[2.047s] [34mcolcon.colcon_core.environment[0m [1;30mLevel 1[0m checking '/home/shreevanth-m/acare_demo_ws/src/acaresim_final/acaresim/install/moveit_config/lib/python3.12/site-packages'
[2.048s] [34mcolcon.colcon_core.environment[0m [1;30mLevel 1[0m checking '/home/shreevanth-m/acare_demo_ws/src/acaresim_final/acaresim/install/moveit_config/bin'
[2.048s] [34mcolcon.colcon_core.shell[0m [1;30mINFO[0m Creating package script '/home/shreevanth-m/acare_demo_ws/src/acaresim_final/acaresim/install/moveit_config/share/moveit_config/package.ps1'
[2.049s] [34mcolcon.colcon_core.shell[0m [1;30mINFO[0m Creating package descriptor '/home/shreevanth-m/acare_demo_ws/src/acaresim_final/acaresim/install/moveit_config/share/moveit_config/package.dsv'
[2.049s] [34mcolcon.colcon_core.shell[0m [1;30mINFO[0m Creating package script '/home/shreevanth-m/acare_demo_ws/src/acaresim_final/acaresim/install/moveit_config/share/moveit_config/package.sh'
[2.050s] [34mcolcon.colcon_core.shell[0m [1;30mINFO[0m Creating package script '/home/shreevanth-m/acare_demo_ws/src/acaresim_final/acaresim/install/moveit_config/share/moveit_config/package.bash'
[2.051s] [34mcolcon.colcon_core.shell[0m [1;30mINFO[0m Creating package script '/home/shreevanth-m/acare_demo_ws/src/acaresim_final/acaresim/install/moveit_config/share/moveit_config/package.zsh'
[2.051s] [34mcolcon.colcon_core.environment[0m [1;30mLevel 1[0m create_file_with_runtime_dependencies(/home/shreevanth-m/acare_demo_ws/src/acaresim_final/acaresim/install/moveit_config/share/colcon-core/packages/moveit_config)
[2.051s] [34mcolcon.colcon_parallel_executor.executor.parallel[0m [1;30mDEBUG[0m [32mclosing loop[0m
[2.052s] [34mcolcon.colcon_parallel_executor.executor.parallel[0m [1;30mDEBUG[0m [32mloop closed[0m
[2.052s] [34mcolcon.colcon_parallel_executor.executor.parallel[0m [1;30mDEBUG[0m [32mrun_until_complete finished with '0'[0m
[2.052s] [34mcolcon.colcon_core.event_reactor[0m [1;30mDEBUG[0m [32mjoining thread[0m
[2.075s] [34mcolcon.colcon_core.plugin_system[0m [1;30mINFO[0m Skipping extension 'colcon_notification.desktop_notification.terminal_notifier': Not used on non-Darwin systems
[2.075s] [34mcolcon.colcon_core.plugin_system[0m [1;30mINFO[0m Skipping extension 'colcon_notification.desktop_notification.win32': Not used on non-Windows systems
[2.075s] [34mcolcon.colcon_notification.desktop_notification[0m [1;30mINFO[0m Sending desktop notification using 'notify2'
[2.092s] [34mcolcon.colcon_core.event_reactor[0m [1;30mDEBUG[0m [32mjoined thread[0m
[2.093s] [34mcolcon.colcon_core.shell[0m [1;30mINFO[0m Creating prefix script '/home/shreevanth-m/acare_demo_ws/src/acaresim_final/acaresim/install/local_setup.ps1'
[2.094s] [34mcolcon.colcon_core.shell[0m [1;30mINFO[0m Creating prefix util module '/home/shreevanth-m/acare_demo_ws/src/acaresim_final/acaresim/install/_local_setup_util_ps1.py'
[2.096s] [34mcolcon.colcon_core.shell[0m [1;30mINFO[0m Creating prefix chain script '/home/shreevanth-m/acare_demo_ws/src/acaresim_final/acaresim/install/setup.ps1'
[2.098s] [34mcolcon.colcon_core.shell[0m [1;30mINFO[0m Creating prefix script '/home/shreevanth-m/acare_demo_ws/src/acaresim_final/acaresim/install/local_setup.sh'
[2.098s] [34mcolcon.colcon_core.shell[0m [1;30mINFO[0m Creating prefix util module '/home/shreevanth-m/acare_demo_ws/src/acaresim_final/acaresim/install/_local_setup_util_sh.py'
[2.099s] [34mcolcon.colcon_core.shell[0m [1;30mINFO[0m Creating prefix chain script '/home/shreevanth-m/acare_demo_ws/src/acaresim_final/acaresim/install/setup.sh'
[2.101s] [34mcolcon.colcon_core.shell[0m [1;30mINFO[0m Creating prefix script '/home/shreevanth-m/acare_demo_ws/src/acaresim_final/acaresim/install/local_setup.bash'
[2.102s] [34mcolcon.colcon_core.shell[0m [1;30mINFO[0m Creating prefix chain script '/home/shreevanth-m/acare_demo_ws/src/acaresim_final/acaresim/install/setup.bash'
[2.104s] [34mcolcon.colcon_core.shell[0m [1;30mINFO[0m Creating prefix script '/home/shreevanth-m/acare_demo_ws/src/acaresim_final/acaresim/install/local_setup.zsh'
[2.104s] [34mcolcon.colcon_core.shell[0m [1;30mINFO[0m Creating prefix chain script '/home/shreevanth-m/acare_demo_ws/src/acaresim_final/acaresim/install/setup.zsh'
