[0.145s] [34mcolcon[0m [1;30mDEBUG[0m [32mCommand line arguments: ['/usr/bin/colcon', 'build', '--symlink-install', '--packages-select', 'acare_msgs', 'urdf_assembly_6dof_description'][0m
[0.146s] [34mcolcon[0m [1;30mDEBUG[0m [32mParsed command line arguments: Namespace(log_base=None, log_level=None, verb_name='build', build_base='build', install_base='install', merge_install=False, symlink_install=True, test_result_base=None, continue_on_error=False, executor='parallel', parallel_workers=16, event_handlers=None, ignore_user_meta=False, metas=['./colcon.meta'], base_paths=['.'], packages_ignore=None, packages_ignore_regex=None, paths=None, packages_up_to=None, packages_up_to_regex=None, packages_above=None, packages_above_and_dependencies=None, packages_above_depth=None, packages_select_by_dep=None, packages_skip_by_dep=None, packages_skip_up_to=None, packages_select_build_failed=False, packages_skip_build_finished=False, packages_select_test_failures=False, packages_skip_test_passed=False, packages_select=['acare_msgs', 'urdf_assembly_6dof_description'], packages_skip=None, packages_select_regex=None, packages_skip_regex=None, packages_start=None, packages_end=None, allow_overriding=[], cmake_args=None, cmake_target=None, cmake_target_skip_unavailable=False, cmake_clean_cache=False, cmake_clean_first=False, cmake_force_configure=False, ament_cmake_args=None, catkin_cmake_args=None, catkin_skip_building_tests=False, mixin_files=None, mixin=None, verb_parser=<colcon_mixin.mixin.mixin_argument.MixinArgumentDecorator object at 0x782065eb0170>, verb_extension=<colcon_core.verb.build.BuildVerb object at 0x782065e7d280>, main=<bound method BuildVerb.main of <colcon_core.verb.build.BuildVerb object at 0x782065e7d280>>, mixin_verb=('build',))[0m
[0.189s] [34mcolcon.colcon_core.package_discovery[0m [1;30mLevel 1[0m discover_packages(colcon_meta) check parameters
[0.189s] [34mcolcon.colcon_core.package_discovery[0m [1;30mLevel 1[0m discover_packages(recursive) check parameters
[0.189s] [34mcolcon.colcon_core.package_discovery[0m [1;30mLevel 1[0m discover_packages(ignore) check parameters
[0.189s] [34mcolcon.colcon_core.package_discovery[0m [1;30mLevel 1[0m discover_packages(path) check parameters
[0.189s] [34mcolcon.colcon_core.package_discovery[0m [1;30mLevel 1[0m discover_packages(colcon_meta) discover
[0.189s] [34mcolcon.colcon_core.package_discovery[0m [1;30mLevel 1[0m discover_packages(recursive) discover
[0.189s] [34mcolcon.colcon_core.package_discovery[0m [1;30mINFO[0m Crawling recursively for packages in '/home/shreevanth-m/acare_demo_ws/src/acaresim_final/acaresim'
[0.189s] [34mcolcon.colcon_core.package_identification[0m [1;30mLevel 1[0m _identify(.) by extensions ['ignore', 'ignore_ament_install']
[0.190s] [34mcolcon.colcon_core.package_identification[0m [1;30mLevel 1[0m _identify(.) by extension 'ignore'
[0.190s] [34mcolcon.colcon_core.package_identification[0m [1;30mLevel 1[0m _identify(.) by extension 'ignore_ament_install'
[0.190s] [34mcolcon.colcon_core.package_identification[0m [1;30mLevel 1[0m _identify(.) by extensions ['colcon_pkg']
[0.190s] [34mcolcon.colcon_core.package_identification[0m [1;30mLevel 1[0m _identify(.) by extension 'colcon_pkg'
[0.190s] [34mcolcon.colcon_core.package_identification[0m [1;30mLevel 1[0m _identify(.) by extensions ['colcon_meta']
[0.190s] [34mcolcon.colcon_core.package_identification[0m [1;30mLevel 1[0m _identify(.) by extension 'colcon_meta'
[0.190s] [34mcolcon.colcon_core.package_identification[0m [1;30mLevel 1[0m _identify(.) by extensions ['ros']
[0.190s] [34mcolcon.colcon_core.package_identification[0m [1;30mLevel 1[0m _identify(.) by extension 'ros'
[0.218s] [34mcolcon.colcon_core.package_identification[0m [1;30mLevel 1[0m _identify(.) by extensions ['cmake', 'python']
[0.218s] [34mcolcon.colcon_core.package_identification[0m [1;30mLevel 1[0m _identify(.) by extension 'cmake'
[0.218s] [34mcolcon.colcon_core.package_identification[0m [1;30mLevel 1[0m _identify(.) by extension 'python'
[0.218s] [34mcolcon.colcon_core.package_identification[0m [1;30mLevel 1[0m _identify(.) by extensions ['python_setup_py']
[0.218s] [34mcolcon.colcon_core.package_identification[0m [1;30mLevel 1[0m _identify(.) by extension 'python_setup_py'
[0.219s] [34mcolcon.colcon_core.package_identification[0m [1;30mLevel 1[0m _identify(build) by extensions ['ignore', 'ignore_ament_install']
[0.219s] [34mcolcon.colcon_core.package_identification[0m [1;30mLevel 1[0m _identify(build) by extension 'ignore'
[0.219s] [34mcolcon.colcon_core.package_identification[0m [1;30mLevel 1[0m _identify(build) ignored
[0.219s] [34mcolcon.colcon_core.package_identification[0m [1;30mLevel 1[0m _identify(config) by extensions ['ignore', 'ignore_ament_install']
[0.219s] [34mcolcon.colcon_core.package_identification[0m [1;30mLevel 1[0m _identify(config) by extension 'ignore'
[0.219s] [34mcolcon.colcon_core.package_identification[0m [1;30mLevel 1[0m _identify(config) by extension 'ignore_ament_install'
[0.219s] [34mcolcon.colcon_core.package_identification[0m [1;30mLevel 1[0m _identify(config) by extensions ['colcon_pkg']
[0.219s] [34mcolcon.colcon_core.package_identification[0m [1;30mLevel 1[0m _identify(config) by extension 'colcon_pkg'
[0.219s] [34mcolcon.colcon_core.package_identification[0m [1;30mLevel 1[0m _identify(config) by extensions ['colcon_meta']
[0.219s] [34mcolcon.colcon_core.package_identification[0m [1;30mLevel 1[0m _identify(config) by extension 'colcon_meta'
[0.219s] [34mcolcon.colcon_core.package_identification[0m [1;30mLevel 1[0m _identify(config) by extensions ['ros']
[0.219s] [34mcolcon.colcon_core.package_identification[0m [1;30mLevel 1[0m _identify(config) by extension 'ros'
[0.219s] [34mcolcon.colcon_core.package_identification[0m [1;30mLevel 1[0m _identify(config) by extensions ['cmake', 'python']
[0.219s] [34mcolcon.colcon_core.package_identification[0m [1;30mLevel 1[0m _identify(config) by extension 'cmake'
[0.219s] [34mcolcon.colcon_core.package_identification[0m [1;30mLevel 1[0m _identify(config) by extension 'python'
[0.219s] [34mcolcon.colcon_core.package_identification[0m [1;30mLevel 1[0m _identify(config) by extensions ['python_setup_py']
[0.219s] [34mcolcon.colcon_core.package_identification[0m [1;30mLevel 1[0m _identify(config) by extension 'python_setup_py'
[0.219s] [34mcolcon.colcon_core.package_identification[0m [1;30mLevel 1[0m _identify(install) by extensions ['ignore', 'ignore_ament_install']
[0.220s] [34mcolcon.colcon_core.package_identification[0m [1;30mLevel 1[0m _identify(install) by extension 'ignore'
[0.220s] [34mcolcon.colcon_core.package_identification[0m [1;30mLevel 1[0m _identify(install) ignored
[0.220s] [34mcolcon.colcon_core.package_identification[0m [1;30mLevel 1[0m _identify(log) by extensions ['ignore', 'ignore_ament_install']
[0.220s] [34mcolcon.colcon_core.package_identification[0m [1;30mLevel 1[0m _identify(log) by extension 'ignore'
[0.220s] [34mcolcon.colcon_core.package_identification[0m [1;30mLevel 1[0m _identify(log) ignored
[0.220s] [34mcolcon.colcon_core.package_identification[0m [1;30mLevel 1[0m _identify(src) by extensions ['ignore', 'ignore_ament_install']
[0.220s] [34mcolcon.colcon_core.package_identification[0m [1;30mLevel 1[0m _identify(src) by extension 'ignore'
[0.220s] [34mcolcon.colcon_core.package_identification[0m [1;30mLevel 1[0m _identify(src) by extension 'ignore_ament_install'
[0.220s] [34mcolcon.colcon_core.package_identification[0m [1;30mLevel 1[0m _identify(src) by extensions ['colcon_pkg']
[0.220s] [34mcolcon.colcon_core.package_identification[0m [1;30mLevel 1[0m _identify(src) by extension 'colcon_pkg'
[0.220s] [34mcolcon.colcon_core.package_identification[0m [1;30mLevel 1[0m _identify(src) by extensions ['colcon_meta']
[0.220s] [34mcolcon.colcon_core.package_identification[0m [1;30mLevel 1[0m _identify(src) by extension 'colcon_meta'
[0.220s] [34mcolcon.colcon_core.package_identification[0m [1;30mLevel 1[0m _identify(src) by extensions ['ros']
[0.220s] [34mcolcon.colcon_core.package_identification[0m [1;30mLevel 1[0m _identify(src) by extension 'ros'
[0.220s] [34mcolcon.colcon_core.package_identification[0m [1;30mLevel 1[0m _identify(src) by extensions ['cmake', 'python']
[0.220s] [34mcolcon.colcon_core.package_identification[0m [1;30mLevel 1[0m _identify(src) by extension 'cmake'
[0.220s] [34mcolcon.colcon_core.package_identification[0m [1;30mLevel 1[0m _identify(src) by extension 'python'
[0.220s] [34mcolcon.colcon_core.package_identification[0m [1;30mLevel 1[0m _identify(src) by extensions ['python_setup_py']
[0.220s] [34mcolcon.colcon_core.package_identification[0m [1;30mLevel 1[0m _identify(src) by extension 'python_setup_py'
[0.220s] [34mcolcon.colcon_core.package_identification[0m [1;30mLevel 1[0m _identify(src/acare_admin) by extensions ['ignore', 'ignore_ament_install']
[0.221s] [34mcolcon.colcon_core.package_identification[0m [1;30mLevel 1[0m _identify(src/acare_admin) by extension 'ignore'
[0.221s] [34mcolcon.colcon_core.package_identification[0m [1;30mLevel 1[0m _identify(src/acare_admin) by extension 'ignore_ament_install'
[0.221s] [34mcolcon.colcon_core.package_identification[0m [1;30mLevel 1[0m _identify(src/acare_admin) by extensions ['colcon_pkg']
[0.221s] [34mcolcon.colcon_core.package_identification[0m [1;30mLevel 1[0m _identify(src/acare_admin) by extension 'colcon_pkg'
[0.221s] [34mcolcon.colcon_core.package_identification[0m [1;30mLevel 1[0m _identify(src/acare_admin) by extensions ['colcon_meta']
[0.221s] [34mcolcon.colcon_core.package_identification[0m [1;30mLevel 1[0m _identify(src/acare_admin) by extension 'colcon_meta'
[0.221s] [34mcolcon.colcon_core.package_identification[0m [1;30mLevel 1[0m _identify(src/acare_admin) by extensions ['ros']
[0.221s] [34mcolcon.colcon_core.package_identification[0m [1;30mLevel 1[0m _identify(src/acare_admin) by extension 'ros'
[0.221s] [34mcolcon.colcon_core.package_identification[0m [1;30mLevel 1[0m _identify(src/acare_admin) by extensions ['cmake', 'python']
[0.221s] [34mcolcon.colcon_core.package_identification[0m [1;30mLevel 1[0m _identify(src/acare_admin) by extension 'cmake'
[0.221s] [34mcolcon.colcon_core.package_identification[0m [1;30mLevel 1[0m _identify(src/acare_admin) by extension 'python'
[0.221s] [34mcolcon.colcon_core.package_identification[0m [1;30mLevel 1[0m _identify(src/acare_admin) by extensions ['python_setup_py']
[0.221s] [34mcolcon.colcon_core.package_identification[0m [1;30mLevel 1[0m _identify(src/acare_admin) by extension 'python_setup_py'
[0.221s] [34mcolcon.colcon_core.package_identification[0m [1;30mLevel 1[0m _identify(src/acare_bringup) by extensions ['ignore', 'ignore_ament_install']
[0.221s] [34mcolcon.colcon_core.package_identification[0m [1;30mLevel 1[0m _identify(src/acare_bringup) by extension 'ignore'
[0.221s] [34mcolcon.colcon_core.package_identification[0m [1;30mLevel 1[0m _identify(src/acare_bringup) by extension 'ignore_ament_install'
[0.221s] [34mcolcon.colcon_core.package_identification[0m [1;30mLevel 1[0m _identify(src/acare_bringup) by extensions ['colcon_pkg']
[0.221s] [34mcolcon.colcon_core.package_identification[0m [1;30mLevel 1[0m _identify(src/acare_bringup) by extension 'colcon_pkg'
[0.221s] [34mcolcon.colcon_core.package_identification[0m [1;30mLevel 1[0m _identify(src/acare_bringup) by extensions ['colcon_meta']
[0.221s] [34mcolcon.colcon_core.package_identification[0m [1;30mLevel 1[0m _identify(src/acare_bringup) by extension 'colcon_meta'
[0.221s] [34mcolcon.colcon_core.package_identification[0m [1;30mLevel 1[0m _identify(src/acare_bringup) by extensions ['ros']
[0.221s] [34mcolcon.colcon_core.package_identification[0m [1;30mLevel 1[0m _identify(src/acare_bringup) by extension 'ros'
[0.222s] [34mcolcon.colcon_core.package_identification[0m [1;30mLevel 1[0m _identify(src/acare_bringup) by extensions ['cmake', 'python']
[0.222s] [34mcolcon.colcon_core.package_identification[0m [1;30mLevel 1[0m _identify(src/acare_bringup) by extension 'cmake'
[0.222s] [34mcolcon.colcon_core.package_identification[0m [1;30mLevel 1[0m _identify(src/acare_bringup) by extension 'python'
[0.222s] [34mcolcon.colcon_core.package_identification[0m [1;30mLevel 1[0m _identify(src/acare_bringup) by extensions ['python_setup_py']
[0.222s] [34mcolcon.colcon_core.package_identification[0m [1;30mLevel 1[0m _identify(src/acare_bringup) by extension 'python_setup_py'
[0.222s] [34mcolcon.colcon_core.package_identification[0m [1;30mLevel 1[0m _identify(src/acare_logging) by extensions ['ignore', 'ignore_ament_install']
[0.222s] [34mcolcon.colcon_core.package_identification[0m [1;30mLevel 1[0m _identify(src/acare_logging) by extension 'ignore'
[0.222s] [34mcolcon.colcon_core.package_identification[0m [1;30mLevel 1[0m _identify(src/acare_logging) by extension 'ignore_ament_install'
[0.222s] [34mcolcon.colcon_core.package_identification[0m [1;30mLevel 1[0m _identify(src/acare_logging) by extensions ['colcon_pkg']
[0.222s] [34mcolcon.colcon_core.package_identification[0m [1;30mLevel 1[0m _identify(src/acare_logging) by extension 'colcon_pkg'
[0.222s] [34mcolcon.colcon_core.package_identification[0m [1;30mLevel 1[0m _identify(src/acare_logging) by extensions ['colcon_meta']
[0.222s] [34mcolcon.colcon_core.package_identification[0m [1;30mLevel 1[0m _identify(src/acare_logging) by extension 'colcon_meta'
[0.222s] [34mcolcon.colcon_core.package_identification[0m [1;30mLevel 1[0m _identify(src/acare_logging) by extensions ['ros']
[0.222s] [34mcolcon.colcon_core.package_identification[0m [1;30mLevel 1[0m _identify(src/acare_logging) by extension 'ros'
[0.222s] [34mcolcon.colcon_core.package_identification[0m [1;30mLevel 1[0m _identify(src/acare_logging) by extensions ['cmake', 'python']
[0.222s] [34mcolcon.colcon_core.package_identification[0m [1;30mLevel 1[0m _identify(src/acare_logging) by extension 'cmake'
[0.222s] [34mcolcon.colcon_core.package_identification[0m [1;30mLevel 1[0m _identify(src/acare_logging) by extension 'python'
[0.222s] [34mcolcon.colcon_core.package_identification[0m [1;30mLevel 1[0m _identify(src/acare_logging) by extensions ['python_setup_py']
[0.222s] [34mcolcon.colcon_core.package_identification[0m [1;30mLevel 1[0m _identify(src/acare_logging) by extension 'python_setup_py'
[0.222s] [34mcolcon.colcon_core.package_identification[0m [1;30mLevel 1[0m _identify(src/acare_msgs) by extensions ['ignore', 'ignore_ament_install']
[0.222s] [34mcolcon.colcon_core.package_identification[0m [1;30mLevel 1[0m _identify(src/acare_msgs) by extension 'ignore'
[0.223s] [34mcolcon.colcon_core.package_identification[0m [1;30mLevel 1[0m _identify(src/acare_msgs) by extension 'ignore_ament_install'
[0.223s] [34mcolcon.colcon_core.package_identification[0m [1;30mLevel 1[0m _identify(src/acare_msgs) by extensions ['colcon_pkg']
[0.223s] [34mcolcon.colcon_core.package_identification[0m [1;30mLevel 1[0m _identify(src/acare_msgs) by extension 'colcon_pkg'
[0.223s] [34mcolcon.colcon_core.package_identification[0m [1;30mLevel 1[0m _identify(src/acare_msgs) by extensions ['colcon_meta']
[0.223s] [34mcolcon.colcon_core.package_identification[0m [1;30mLevel 1[0m _identify(src/acare_msgs) by extension 'colcon_meta'
[0.223s] [34mcolcon.colcon_core.package_identification[0m [1;30mLevel 1[0m _identify(src/acare_msgs) by extensions ['ros']
[0.223s] [34mcolcon.colcon_core.package_identification[0m [1;30mLevel 1[0m _identify(src/acare_msgs) by extension 'ros'
[0.225s] [34mcolcon.colcon_core.package_identification[0m [1;30mDEBUG[0m [32mPackage 'src/acare_msgs' with type 'ros.ament_cmake' and name 'acare_msgs'[0m
[0.226s] [34mcolcon.colcon_core.package_identification[0m [1;30mLevel 1[0m _identify(src/acare_planner) by extensions ['ignore', 'ignore_ament_install']
[0.226s] [34mcolcon.colcon_core.package_identification[0m [1;30mLevel 1[0m _identify(src/acare_planner) by extension 'ignore'
[0.226s] [34mcolcon.colcon_core.package_identification[0m [1;30mLevel 1[0m _identify(src/acare_planner) by extension 'ignore_ament_install'
[0.226s] [34mcolcon.colcon_core.package_identification[0m [1;30mLevel 1[0m _identify(src/acare_planner) by extensions ['colcon_pkg']
[0.226s] [34mcolcon.colcon_core.package_identification[0m [1;30mLevel 1[0m _identify(src/acare_planner) by extension 'colcon_pkg'
[0.226s] [34mcolcon.colcon_core.package_identification[0m [1;30mLevel 1[0m _identify(src/acare_planner) by extensions ['colcon_meta']
[0.226s] [34mcolcon.colcon_core.package_identification[0m [1;30mLevel 1[0m _identify(src/acare_planner) by extension 'colcon_meta'
[0.226s] [34mcolcon.colcon_core.package_identification[0m [1;30mLevel 1[0m _identify(src/acare_planner) by extensions ['ros']
[0.226s] [34mcolcon.colcon_core.package_identification[0m [1;30mLevel 1[0m _identify(src/acare_planner) by extension 'ros'
[0.226s] [34mcolcon.colcon_core.package_identification[0m [1;30mLevel 1[0m _identify(src/acare_planner) by extensions ['cmake', 'python']
[0.226s] [34mcolcon.colcon_core.package_identification[0m [1;30mLevel 1[0m _identify(src/acare_planner) by extension 'cmake'
[0.226s] [34mcolcon.colcon_core.package_identification[0m [1;30mLevel 1[0m _identify(src/acare_planner) by extension 'python'
[0.226s] [34mcolcon.colcon_core.package_identification[0m [1;30mLevel 1[0m _identify(src/acare_planner) by extensions ['python_setup_py']
[0.226s] [34mcolcon.colcon_core.package_identification[0m [1;30mLevel 1[0m _identify(src/acare_planner) by extension 'python_setup_py'
[0.226s] [34mcolcon.colcon_core.package_identification[0m [1;30mLevel 1[0m _identify(src/acare_safety) by extensions ['ignore', 'ignore_ament_install']
[0.226s] [34mcolcon.colcon_core.package_identification[0m [1;30mLevel 1[0m _identify(src/acare_safety) by extension 'ignore'
[0.226s] [34mcolcon.colcon_core.package_identification[0m [1;30mLevel 1[0m _identify(src/acare_safety) by extension 'ignore_ament_install'
[0.227s] [34mcolcon.colcon_core.package_identification[0m [1;30mLevel 1[0m _identify(src/acare_safety) by extensions ['colcon_pkg']
[0.227s] [34mcolcon.colcon_core.package_identification[0m [1;30mLevel 1[0m _identify(src/acare_safety) by extension 'colcon_pkg'
[0.227s] [34mcolcon.colcon_core.package_identification[0m [1;30mLevel 1[0m _identify(src/acare_safety) by extensions ['colcon_meta']
[0.227s] [34mcolcon.colcon_core.package_identification[0m [1;30mLevel 1[0m _identify(src/acare_safety) by extension 'colcon_meta'
[0.227s] [34mcolcon.colcon_core.package_identification[0m [1;30mLevel 1[0m _identify(src/acare_safety) by extensions ['ros']
[0.227s] [34mcolcon.colcon_core.package_identification[0m [1;30mLevel 1[0m _identify(src/acare_safety) by extension 'ros'
[0.227s] [34mcolcon.colcon_core.package_identification[0m [1;30mLevel 1[0m _identify(src/acare_safety) by extensions ['cmake', 'python']
[0.227s] [34mcolcon.colcon_core.package_identification[0m [1;30mLevel 1[0m _identify(src/acare_safety) by extension 'cmake'
[0.227s] [34mcolcon.colcon_core.package_identification[0m [1;30mLevel 1[0m _identify(src/acare_safety) by extension 'python'
[0.227s] [34mcolcon.colcon_core.package_identification[0m [1;30mLevel 1[0m _identify(src/acare_safety) by extensions ['python_setup_py']
[0.227s] [34mcolcon.colcon_core.package_identification[0m [1;30mLevel 1[0m _identify(src/acare_safety) by extension 'python_setup_py'
[0.227s] [34mcolcon.colcon_core.package_identification[0m [1;30mLevel 1[0m _identify(src/acare_vision) by extensions ['ignore', 'ignore_ament_install']
[0.227s] [34mcolcon.colcon_core.package_identification[0m [1;30mLevel 1[0m _identify(src/acare_vision) by extension 'ignore'
[0.227s] [34mcolcon.colcon_core.package_identification[0m [1;30mLevel 1[0m _identify(src/acare_vision) by extension 'ignore_ament_install'
[0.227s] [34mcolcon.colcon_core.package_identification[0m [1;30mLevel 1[0m _identify(src/acare_vision) by extensions ['colcon_pkg']
[0.227s] [34mcolcon.colcon_core.package_identification[0m [1;30mLevel 1[0m _identify(src/acare_vision) by extension 'colcon_pkg'
[0.227s] [34mcolcon.colcon_core.package_identification[0m [1;30mLevel 1[0m _identify(src/acare_vision) by extensions ['colcon_meta']
[0.227s] [34mcolcon.colcon_core.package_identification[0m [1;30mLevel 1[0m _identify(src/acare_vision) by extension 'colcon_meta'
[0.227s] [34mcolcon.colcon_core.package_identification[0m [1;30mLevel 1[0m _identify(src/acare_vision) by extensions ['ros']
[0.227s] [34mcolcon.colcon_core.package_identification[0m [1;30mLevel 1[0m _identify(src/acare_vision) by extension 'ros'
[0.227s] [34mcolcon.colcon_core.package_identification[0m [1;30mLevel 1[0m _identify(src/acare_vision) by extensions ['cmake', 'python']
[0.227s] [34mcolcon.colcon_core.package_identification[0m [1;30mLevel 1[0m _identify(src/acare_vision) by extension 'cmake'
[0.227s] [34mcolcon.colcon_core.package_identification[0m [1;30mLevel 1[0m _identify(src/acare_vision) by extension 'python'
[0.227s] [34mcolcon.colcon_core.package_identification[0m [1;30mLevel 1[0m _identify(src/acare_vision) by extensions ['python_setup_py']
[0.227s] [34mcolcon.colcon_core.package_identification[0m [1;30mLevel 1[0m _identify(src/acare_vision) by extension 'python_setup_py'
[0.228s] [34mcolcon.colcon_core.package_identification[0m [1;30mLevel 1[0m _identify(src/acare_voice) by extensions ['ignore', 'ignore_ament_install']
[0.228s] [34mcolcon.colcon_core.package_identification[0m [1;30mLevel 1[0m _identify(src/acare_voice) by extension 'ignore'
[0.228s] [34mcolcon.colcon_core.package_identification[0m [1;30mLevel 1[0m _identify(src/acare_voice) by extension 'ignore_ament_install'
[0.228s] [34mcolcon.colcon_core.package_identification[0m [1;30mLevel 1[0m _identify(src/acare_voice) by extensions ['colcon_pkg']
[0.228s] [34mcolcon.colcon_core.package_identification[0m [1;30mLevel 1[0m _identify(src/acare_voice) by extension 'colcon_pkg'
[0.228s] [34mcolcon.colcon_core.package_identification[0m [1;30mLevel 1[0m _identify(src/acare_voice) by extensions ['colcon_meta']
[0.228s] [34mcolcon.colcon_core.package_identification[0m [1;30mLevel 1[0m _identify(src/acare_voice) by extension 'colcon_meta'
[0.228s] [34mcolcon.colcon_core.package_identification[0m [1;30mLevel 1[0m _identify(src/acare_voice) by extensions ['ros']
[0.228s] [34mcolcon.colcon_core.package_identification[0m [1;30mLevel 1[0m _identify(src/acare_voice) by extension 'ros'
[0.228s] [34mcolcon.colcon_core.package_identification[0m [1;30mLevel 1[0m _identify(src/acare_voice) by extensions ['cmake', 'python']
[0.228s] [34mcolcon.colcon_core.package_identification[0m [1;30mLevel 1[0m _identify(src/acare_voice) by extension 'cmake'
[0.228s] [34mcolcon.colcon_core.package_identification[0m [1;30mLevel 1[0m _identify(src/acare_voice) by extension 'python'
[0.228s] [34mcolcon.colcon_core.package_identification[0m [1;30mLevel 1[0m _identify(src/acare_voice) by extensions ['python_setup_py']
[0.228s] [34mcolcon.colcon_core.package_identification[0m [1;30mLevel 1[0m _identify(src/acare_voice) by extension 'python_setup_py'
[0.228s] [34mcolcon.colcon_core.package_identification[0m [1;30mLevel 1[0m _identify(src/acare_voice/voice) by extensions ['ignore', 'ignore_ament_install']
[0.228s] [34mcolcon.colcon_core.package_identification[0m [1;30mLevel 1[0m _identify(src/acare_voice/voice) by extension 'ignore'
[0.228s] [34mcolcon.colcon_core.package_identification[0m [1;30mLevel 1[0m _identify(src/acare_voice/voice) by extension 'ignore_ament_install'
[0.228s] [34mcolcon.colcon_core.package_identification[0m [1;30mLevel 1[0m _identify(src/acare_voice/voice) by extensions ['colcon_pkg']
[0.228s] [34mcolcon.colcon_core.package_identification[0m [1;30mLevel 1[0m _identify(src/acare_voice/voice) by extension 'colcon_pkg'
[0.228s] [34mcolcon.colcon_core.package_identification[0m [1;30mLevel 1[0m _identify(src/acare_voice/voice) by extensions ['colcon_meta']
[0.228s] [34mcolcon.colcon_core.package_identification[0m [1;30mLevel 1[0m _identify(src/acare_voice/voice) by extension 'colcon_meta'
[0.229s] [34mcolcon.colcon_core.package_identification[0m [1;30mLevel 1[0m _identify(src/acare_voice/voice) by extensions ['ros']
[0.229s] [34mcolcon.colcon_core.package_identification[0m [1;30mLevel 1[0m _identify(src/acare_voice/voice) by extension 'ros'
[0.229s] [34mcolcon.colcon_core.package_identification[0m [1;30mLevel 1[0m _identify(src/acare_voice/voice) by extensions ['cmake', 'python']
[0.229s] [34mcolcon.colcon_core.package_identification[0m [1;30mLevel 1[0m _identify(src/acare_voice/voice) by extension 'cmake'
[0.229s] [34mcolcon.colcon_core.package_identification[0m [1;30mLevel 1[0m _identify(src/acare_voice/voice) by extension 'python'
[0.229s] [34mcolcon.colcon_core.package_identification[0m [1;30mLevel 1[0m _identify(src/acare_voice/voice) by extensions ['python_setup_py']
[0.229s] [34mcolcon.colcon_core.package_identification[0m [1;30mLevel 1[0m _identify(src/acare_voice/voice) by extension 'python_setup_py'
[0.229s] [34mcolcon.colcon_core.package_identification[0m [1;30mLevel 1[0m _identify(src/acare_voice/voice/__pycache__) by extensions ['ignore', 'ignore_ament_install']
[0.229s] [34mcolcon.colcon_core.package_identification[0m [1;30mLevel 1[0m _identify(src/acare_voice/voice/__pycache__) by extension 'ignore'
[0.229s] [34mcolcon.colcon_core.package_identification[0m [1;30mLevel 1[0m _identify(src/acare_voice/voice/__pycache__) by extension 'ignore_ament_install'
[0.229s] [34mcolcon.colcon_core.package_identification[0m [1;30mLevel 1[0m _identify(src/acare_voice/voice/__pycache__) by extensions ['colcon_pkg']
[0.229s] [34mcolcon.colcon_core.package_identification[0m [1;30mLevel 1[0m _identify(src/acare_voice/voice/__pycache__) by extension 'colcon_pkg'
[0.229s] [34mcolcon.colcon_core.package_identification[0m [1;30mLevel 1[0m _identify(src/acare_voice/voice/__pycache__) by extensions ['colcon_meta']
[0.229s] [34mcolcon.colcon_core.package_identification[0m [1;30mLevel 1[0m _identify(src/acare_voice/voice/__pycache__) by extension 'colcon_meta'
[0.229s] [34mcolcon.colcon_core.package_identification[0m [1;30mLevel 1[0m _identify(src/acare_voice/voice/__pycache__) by extensions ['ros']
[0.229s] [34mcolcon.colcon_core.package_identification[0m [1;30mLevel 1[0m _identify(src/acare_voice/voice/__pycache__) by extension 'ros'
[0.229s] [34mcolcon.colcon_core.package_identification[0m [1;30mLevel 1[0m _identify(src/acare_voice/voice/__pycache__) by extensions ['cmake', 'python']
[0.229s] [34mcolcon.colcon_core.package_identification[0m [1;30mLevel 1[0m _identify(src/acare_voice/voice/__pycache__) by extension 'cmake'
[0.229s] [34mcolcon.colcon_core.package_identification[0m [1;30mLevel 1[0m _identify(src/acare_voice/voice/__pycache__) by extension 'python'
[0.229s] [34mcolcon.colcon_core.package_identification[0m [1;30mLevel 1[0m _identify(src/acare_voice/voice/__pycache__) by extensions ['python_setup_py']
[0.229s] [34mcolcon.colcon_core.package_identification[0m [1;30mLevel 1[0m _identify(src/acare_voice/voice/__pycache__) by extension 'python_setup_py'
[0.229s] [34mcolcon.colcon_core.package_identification[0m [1;30mLevel 1[0m _identify(src/urdf_assembly_6dof_description) by extensions ['ignore', 'ignore_ament_install']
[0.230s] [34mcolcon.colcon_core.package_identification[0m [1;30mLevel 1[0m _identify(src/urdf_assembly_6dof_description) by extension 'ignore'
[0.230s] [34mcolcon.colcon_core.package_identification[0m [1;30mLevel 1[0m _identify(src/urdf_assembly_6dof_description) by extension 'ignore_ament_install'
[0.230s] [34mcolcon.colcon_core.package_identification[0m [1;30mLevel 1[0m _identify(src/urdf_assembly_6dof_description) by extensions ['colcon_pkg']
[0.230s] [34mcolcon.colcon_core.package_identification[0m [1;30mLevel 1[0m _identify(src/urdf_assembly_6dof_description) by extension 'colcon_pkg'
[0.230s] [34mcolcon.colcon_core.package_identification[0m [1;30mLevel 1[0m _identify(src/urdf_assembly_6dof_description) by extensions ['colcon_meta']
[0.230s] [34mcolcon.colcon_core.package_identification[0m [1;30mLevel 1[0m _identify(src/urdf_assembly_6dof_description) by extension 'colcon_meta'
[0.230s] [34mcolcon.colcon_core.package_identification[0m [1;30mLevel 1[0m _identify(src/urdf_assembly_6dof_description) by extensions ['ros']
[0.230s] [34mcolcon.colcon_core.package_identification[0m [1;30mLevel 1[0m _identify(src/urdf_assembly_6dof_description) by extension 'ros'
[0.231s] [34mcolcon.colcon_core.package_identification[0m [1;30mDEBUG[0m [32mPackage 'src/urdf_assembly_6dof_description' with type 'ros.ament_python' and name 'urdf_assembly_6dof_description'[0m
[0.231s] [34mcolcon.colcon_core.package_identification[0m [1;30mLevel 1[0m _identify(urdf_assembly_6dof_moveit_config_disabled) by extensions ['ignore', 'ignore_ament_install']
[0.231s] [34mcolcon.colcon_core.package_identification[0m [1;30mLevel 1[0m _identify(urdf_assembly_6dof_moveit_config_disabled) by extension 'ignore'
[0.231s] [34mcolcon.colcon_core.package_identification[0m [1;30mLevel 1[0m _identify(urdf_assembly_6dof_moveit_config_disabled) ignored
[0.231s] [34mcolcon.colcon_core.package_discovery[0m [1;30mLevel 1[0m discover_packages(recursive) using defaults
[0.231s] [34mcolcon.colcon_core.package_discovery[0m [1;30mLevel 1[0m discover_packages(ignore) discover
[0.231s] [34mcolcon.colcon_core.package_discovery[0m [1;30mLevel 1[0m discover_packages(ignore) using defaults
[0.231s] [34mcolcon.colcon_core.package_discovery[0m [1;30mLevel 1[0m discover_packages(path) discover
[0.231s] [34mcolcon.colcon_core.package_discovery[0m [1;30mLevel 1[0m discover_packages(path) using defaults
[0.250s] [34mcolcon.colcon_core.package_discovery[0m [1;30mLevel 1[0m discover_packages(prefix_path) check parameters
[0.250s] [34mcolcon.colcon_core.package_discovery[0m [1;30mLevel 1[0m discover_packages(prefix_path) discover
[0.251s] [34mcolcon.colcon_ros.prefix_path.ament[0m [1;30mWARNING[0m [33mThe path '/home/shreevanth-m/ros2_ws/install/ros2_grasping' in the environment variable AMENT_PREFIX_PATH doesn't exist[0m
[0.251s] [34mcolcon.colcon_ros.prefix_path.catkin[0m [1;30mWARNING[0m [33mThe path '/home/shreevanth-m/acare_demo_ws/install/urdf_assembly_6dof_moveit_config' in the environment variable CMAKE_PREFIX_PATH doesn't exist[0m
[0.251s] [34mcolcon.colcon_ros.prefix_path.catkin[0m [1;30mWARNING[0m [33mThe path '/home/shreevanth-m/ros2_ws/install/ros2_grasping' in the environment variable CMAKE_PREFIX_PATH doesn't exist[0m
[0.252s] [34mcolcon.colcon_installed_package_information.package_discovery[0m [1;30mDEBUG[0m [32mFound 3 installed packages in /home/shreevanth-m/acare_demo_ws/install[0m
[0.253s] [34mcolcon.colcon_installed_package_information.package_discovery[0m [1;30mDEBUG[0m [32mFound 8 installed packages in /home/shreevanth-m/ros2_ws/install[0m
[0.254s] [34mcolcon.colcon_installed_package_information.package_discovery[0m [1;30mDEBUG[0m [32mFound 2 installed packages in /home/shreevanth-m/camera_ws/install[0m
[0.256s] [34mcolcon.colcon_installed_package_information.package_discovery[0m [1;30mDEBUG[0m [32mFound 439 installed packages in /opt/ros/jazzy[0m
[0.257s] [34mcolcon.colcon_core.package_discovery[0m [1;30mLevel 1[0m discover_packages(prefix_path) using defaults
[0.313s] [34mcolcon.colcon_core.package_selection[0m [1;30mWARNING[0m [33mSome selected packages are already built in one or more underlay workspaces:
	'urdf_assembly_6dof_description' is in: /home/shreevanth-m/ros2_ws/install/urdf_assembly_6dof_description, /home/shreevanth-m/acare_demo_ws/install/urdf_assembly_6dof_description
If a package in a merged underlay workspace is overridden and it installs headers, then all packages in the overlay must sort their include directories by workspace order. Failure to do so may result in build failures or undefined behavior at run time.
If the overridden package is used by another package in any underlay, then the overriding package in the overlay must be API and ABI compatible or undefined behavior at run time may occur.

If you understand the risks and want to override a package anyways, add the following to the command line:
	--allow-overriding urdf_assembly_6dof_description

This may be promoted to an error in a future release of colcon-override-check.[0m
[0.314s] [34mcolcon.colcon_core.verb[0m [1;30mLevel 5[0m set package 'acare_msgs' build argument 'cmake_args' from command line to 'None'
[0.314s] [34mcolcon.colcon_core.verb[0m [1;30mLevel 5[0m set package 'acare_msgs' build argument 'cmake_target' from command line to 'None'
[0.314s] [34mcolcon.colcon_core.verb[0m [1;30mLevel 5[0m set package 'acare_msgs' build argument 'cmake_target_skip_unavailable' from command line to 'False'
[0.314s] [34mcolcon.colcon_core.verb[0m [1;30mLevel 5[0m set package 'acare_msgs' build argument 'cmake_clean_cache' from command line to 'False'
[0.314s] [34mcolcon.colcon_core.verb[0m [1;30mLevel 5[0m set package 'acare_msgs' build argument 'cmake_clean_first' from command line to 'False'
[0.314s] [34mcolcon.colcon_core.verb[0m [1;30mLevel 5[0m set package 'acare_msgs' build argument 'cmake_force_configure' from command line to 'False'
[0.314s] [34mcolcon.colcon_core.verb[0m [1;30mLevel 5[0m set package 'acare_msgs' build argument 'ament_cmake_args' from command line to 'None'
[0.314s] [34mcolcon.colcon_core.verb[0m [1;30mLevel 5[0m set package 'acare_msgs' build argument 'catkin_cmake_args' from command line to 'None'
[0.314s] [34mcolcon.colcon_core.verb[0m [1;30mLevel 5[0m set package 'acare_msgs' build argument 'catkin_skip_building_tests' from command line to 'False'
[0.314s] [34mcolcon.colcon_core.verb[0m [1;30mDEBUG[0m [32mBuilding package 'acare_msgs' with the following arguments: {'ament_cmake_args': None, 'build_base': '/home/shreevanth-m/acare_demo_ws/src/acaresim_final/acaresim/build/acare_msgs', 'catkin_cmake_args': None, 'catkin_skip_building_tests': False, 'cmake_args': None, 'cmake_clean_cache': False, 'cmake_clean_first': False, 'cmake_force_configure': False, 'cmake_target': None, 'cmake_target_skip_unavailable': False, 'install_base': '/home/shreevanth-m/acare_demo_ws/src/acaresim_final/acaresim/install/acare_msgs', 'merge_install': False, 'path': '/home/shreevanth-m/acare_demo_ws/src/acaresim_final/acaresim/src/acare_msgs', 'symlink_install': True, 'test_result_base': None}[0m
[0.315s] [34mcolcon.colcon_core.verb[0m [1;30mLevel 5[0m set package 'urdf_assembly_6dof_description' build argument 'cmake_args' from command line to 'None'
[0.315s] [34mcolcon.colcon_core.verb[0m [1;30mLevel 5[0m set package 'urdf_assembly_6dof_description' build argument 'cmake_target' from command line to 'None'
[0.315s] [34mcolcon.colcon_core.verb[0m [1;30mLevel 5[0m set package 'urdf_assembly_6dof_description' build argument 'cmake_target_skip_unavailable' from command line to 'False'
[0.315s] [34mcolcon.colcon_core.verb[0m [1;30mLevel 5[0m set package 'urdf_assembly_6dof_description' build argument 'cmake_clean_cache' from command line to 'False'
[0.315s] [34mcolcon.colcon_core.verb[0m [1;30mLevel 5[0m set package 'urdf_assembly_6dof_description' build argument 'cmake_clean_first' from command line to 'False'
[0.315s] [34mcolcon.colcon_core.verb[0m [1;30mLevel 5[0m set package 'urdf_assembly_6dof_description' build argument 'cmake_force_configure' from command line to 'False'
[0.315s] [34mcolcon.colcon_core.verb[0m [1;30mLevel 5[0m set package 'urdf_assembly_6dof_description' build argument 'ament_cmake_args' from command line to 'None'
[0.315s] [34mcolcon.colcon_core.verb[0m [1;30mLevel 5[0m set package 'urdf_assembly_6dof_description' build argument 'catkin_cmake_args' from command line to 'None'
[0.315s] [34mcolcon.colcon_core.verb[0m [1;30mLevel 5[0m set package 'urdf_assembly_6dof_description' build argument 'catkin_skip_building_tests' from command line to 'False'
[0.315s] [34mcolcon.colcon_core.verb[0m [1;30mDEBUG[0m [32mBuilding package 'urdf_assembly_6dof_description' with the following arguments: {'ament_cmake_args': None, 'build_base': '/home/shreevanth-m/acare_demo_ws/src/acaresim_final/acaresim/build/urdf_assembly_6dof_description', 'catkin_cmake_args': None, 'catkin_skip_building_tests': False, 'cmake_args': None, 'cmake_clean_cache': False, 'cmake_clean_first': False, 'cmake_force_configure': False, 'cmake_target': None, 'cmake_target_skip_unavailable': False, 'install_base': '/home/shreevanth-m/acare_demo_ws/src/acaresim_final/acaresim/install/urdf_assembly_6dof_description', 'merge_install': False, 'path': '/home/shreevanth-m/acare_demo_ws/src/acaresim_final/acaresim/src/urdf_assembly_6dof_description', 'symlink_install': True, 'test_result_base': None}[0m
[0.315s] [34mcolcon.colcon_core.executor[0m [1;30mINFO[0m Executing jobs using 'parallel' executor
[0.316s] [34mcolcon.colcon_parallel_executor.executor.parallel[0m [1;30mDEBUG[0m [32mrun_until_complete[0m
[0.317s] [34mcolcon.colcon_ros.task.ament_cmake.build[0m [1;30mINFO[0m Building ROS package in '/home/shreevanth-m/acare_demo_ws/src/acaresim_final/acaresim/src/acare_msgs' with build type 'ament_cmake'
[0.317s] [34mcolcon.colcon_cmake.task.cmake.build[0m [1;30mINFO[0m Building CMake package in '/home/shreevanth-m/acare_demo_ws/src/acaresim_final/acaresim/src/acare_msgs'
[0.320s] [34mcolcon.colcon_core.plugin_system[0m [1;30mINFO[0m Skipping extension 'colcon_core.shell.bat': Not used on non-Windows systems
[0.320s] [34mcolcon.colcon_core.shell[0m [1;30mINFO[0m Skip shell extension 'powershell' for command environment: Not usable outside of PowerShell
[0.320s] [34mcolcon.colcon_core.shell[0m [1;30mDEBUG[0m [32mSkip shell extension 'dsv' for command environment[0m
[0.326s] [34mcolcon.colcon_ros.task.ament_python.build[0m [1;30mINFO[0m Building ROS package in '/home/shreevanth-m/acare_demo_ws/src/acaresim_final/acaresim/src/urdf_assembly_6dof_description' with build type 'ament_python'
[0.326s] [34mcolcon.colcon_core.shell[0m [1;30mLevel 1[0m create_environment_hook('urdf_assembly_6dof_description', 'ament_prefix_path')
[0.326s] [34mcolcon.colcon_core.shell[0m [1;30mINFO[0m Creating environment hook '/home/shreevanth-m/acare_demo_ws/src/acaresim_final/acaresim/install/urdf_assembly_6dof_description/share/urdf_assembly_6dof_description/hook/ament_prefix_path.ps1'
[0.328s] [34mcolcon.colcon_core.shell[0m [1;30mINFO[0m Creating environment descriptor '/home/shreevanth-m/acare_demo_ws/src/acaresim_final/acaresim/install/urdf_assembly_6dof_description/share/urdf_assembly_6dof_description/hook/ament_prefix_path.dsv'
[0.328s] [34mcolcon.colcon_core.shell[0m [1;30mINFO[0m Creating environment hook '/home/shreevanth-m/acare_demo_ws/src/acaresim_final/acaresim/install/urdf_assembly_6dof_description/share/urdf_assembly_6dof_description/hook/ament_prefix_path.sh'
[0.329s] [34mcolcon.colcon_core.shell[0m [1;30mINFO[0m Skip shell extension 'powershell' for command environment: Not usable outside of PowerShell
[0.329s] [34mcolcon.colcon_core.shell[0m [1;30mDEBUG[0m [32mSkip shell extension 'dsv' for command environment[0m
[0.338s] [34mcolcon.colcon_core.event_handler.log_command[0m [1;30mDEBUG[0m [32mInvoking command in '/home/shreevanth-m/acare_demo_ws/src/acaresim_final/acaresim/build/acare_msgs': CMAKE_PREFIX_PATH=/home/shreevanth-m/acare_demo_ws/install/urdf_assembly_6dof_moveit_config:/home/shreevanth-m/acare_demo_ws/install/acare_msgs:/home/shreevanth-m/camera_ws/install/articubot_one:/home/shreevanth-m/acare_demo_ws/install/urdf_assembly_6dof_description:/home/shreevanth-m/camera_ws/install/camera_robot_description:/home/shreevanth-m/ros2_ws/install/urdf_assembly_6dof_description:/home/shreevanth-m/ros2_ws/install/holo_description:/home/shreevanth-m/ros2_ws/install/acare_pick_place:/opt/ros/jazzy:/home/shreevanth-m/ros2_ws/install/urdf_assembly_6dof_moveit_config:/home/shreevanth-m/ros2_ws/install/ros2_grasping:/home/shreevanth-m/ros2_ws/install/irb120_ros2_moveit2:/home/shreevanth-m/ros2_ws/install/irb120_ros2_gazebo:/home/shreevanth-m/ros2_ws/install/acare_msgs:/home/shreevanth-m/ros2_ws/install/acare_moveit_config:/opt/ros/jazzy/opt/gz_sim_vendor:/opt/ros/jazzy/opt/gz_sensors_vendor:/opt/ros/jazzy/opt/gz_physics_vendor:/opt/ros/jazzy/opt/sdformat_vendor:/opt/ros/jazzy/opt/gz_gui_vendor:/opt/ros/jazzy/opt/gz_transport_vendor:/opt/ros/jazzy/opt/gz_rendering_vendor:/opt/ros/jazzy/opt/gz_plugin_vendor:/opt/ros/jazzy/opt/gz_fuel_tools_vendor:/opt/ros/jazzy/opt/gz_msgs_vendor:/opt/ros/jazzy/opt/gz_common_vendor:/opt/ros/jazzy/opt/gz_math_vendor:/opt/ros/jazzy/opt/gz_utils_vendor:/opt/ros/jazzy/opt/gz_tools_vendor:/opt/ros/jazzy/opt/gz_ogre_next_vendor:/opt/ros/jazzy/opt/gz_dartsim_vendor:/opt/ros/jazzy/opt/gz_cmake_vendor DEBUGINFOD_URLS=https://debuginfod.ubuntu.com /usr/bin/cmake /home/shreevanth-m/acare_demo_ws/src/acaresim_final/acaresim/src/acare_msgs -DAMENT_CMAKE_SYMLINK_INSTALL=1 -DCMAKE_INSTALL_PREFIX=/home/shreevanth-m/acare_demo_ws/src/acaresim_final/acaresim/install/acare_msgs[0m
[0.679s] [34mcolcon.colcon_core.task.python.build[0m [1;30mINFO[0m Building Python package in '/home/shreevanth-m/acare_demo_ws/src/acaresim_final/acaresim/src/urdf_assembly_6dof_description'
[0.679s] [34mcolcon.colcon_core.shell[0m [1;30mINFO[0m Skip shell extension 'powershell' for command environment: Not usable outside of PowerShell
[0.679s] [34mcolcon.colcon_core.shell[0m [1;30mDEBUG[0m [32mSkip shell extension 'dsv' for command environment[0m
[1.570s] [34mcolcon.colcon_core.event_handler.log_command[0m [1;30mDEBUG[0m [32mInvoking command in '/home/shreevanth-m/acare_demo_ws/src/acaresim_final/acaresim/build/urdf_assembly_6dof_description': DEBUGINFOD_URLS=https://debuginfod.ubuntu.com PYTHONPATH=/home/shreevanth-m/acare_demo_ws/src/acaresim_final/acaresim/build/urdf_assembly_6dof_description/prefix_override:/usr/lib/python3/dist-packages/colcon_core/task/python/colcon_distutils_commands:/home/shreevanth-m/acare_demo_ws/src/acaresim_final/acaresim/install/urdf_assembly_6dof_description/lib/python3.12/site-packages:${PYTHONPATH} /usr/bin/python3 -W ignore:setup.py install is deprecated -W ignore:easy_install command is deprecated setup.py develop --editable --build-directory /home/shreevanth-m/acare_demo_ws/src/acaresim_final/acaresim/build/urdf_assembly_6dof_description/build --no-deps symlink_data[0m
[2.589s] [34mcolcon.colcon_core.shell[0m [1;30mLevel 1[0m create_environment_hook('urdf_assembly_6dof_description', 'pythonpath_develop')
[2.589s] [34mcolcon.colcon_core.shell[0m [1;30mINFO[0m Creating environment hook '/home/shreevanth-m/acare_demo_ws/src/acaresim_final/acaresim/build/urdf_assembly_6dof_description/share/urdf_assembly_6dof_description/hook/pythonpath_develop.ps1'
[2.590s] [34mcolcon.colcon_core.event_handler.log_command[0m [1;30mDEBUG[0m [32mInvoked command in '/home/shreevanth-m/acare_demo_ws/src/acaresim_final/acaresim/build/urdf_assembly_6dof_description' returned '0': DEBUGINFOD_URLS=https://debuginfod.ubuntu.com PYTHONPATH=/home/shreevanth-m/acare_demo_ws/src/acaresim_final/acaresim/build/urdf_assembly_6dof_description/prefix_override:/usr/lib/python3/dist-packages/colcon_core/task/python/colcon_distutils_commands:/home/shreevanth-m/acare_demo_ws/src/acaresim_final/acaresim/install/urdf_assembly_6dof_description/lib/python3.12/site-packages:${PYTHONPATH} /usr/bin/python3 -W ignore:setup.py install is deprecated -W ignore:easy_install command is deprecated setup.py develop --editable --build-directory /home/shreevanth-m/acare_demo_ws/src/acaresim_final/acaresim/build/urdf_assembly_6dof_description/build --no-deps symlink_data[0m
[2.590s] [34mcolcon.colcon_core.shell[0m [1;30mINFO[0m Creating environment descriptor '/home/shreevanth-m/acare_demo_ws/src/acaresim_final/acaresim/build/urdf_assembly_6dof_description/share/urdf_assembly_6dof_description/hook/pythonpath_develop.dsv'
[2.591s] [34mcolcon.colcon_core.shell[0m [1;30mINFO[0m Creating environment hook '/home/shreevanth-m/acare_demo_ws/src/acaresim_final/acaresim/build/urdf_assembly_6dof_description/share/urdf_assembly_6dof_description/hook/pythonpath_develop.sh'
[2.593s] [34mcolcon.colcon_core.environment[0m [1;30mLevel 1[0m checking '/home/shreevanth-m/acare_demo_ws/src/acaresim_final/acaresim/install/urdf_assembly_6dof_description' for CMake module files
[2.594s] [34mcolcon.colcon_core.environment[0m [1;30mLevel 1[0m checking '/home/shreevanth-m/acare_demo_ws/src/acaresim_final/acaresim/install/urdf_assembly_6dof_description' for CMake config files
[2.595s] [34mcolcon.colcon_core.environment[0m [1;30mLevel 1[0m checking '/home/shreevanth-m/acare_demo_ws/src/acaresim_final/acaresim/install/urdf_assembly_6dof_description/lib'
[2.596s] [34mcolcon.colcon_core.environment[0m [1;30mLevel 1[0m checking '/home/shreevanth-m/acare_demo_ws/src/acaresim_final/acaresim/install/urdf_assembly_6dof_description/bin'
[2.596s] [34mcolcon.colcon_core.environment[0m [1;30mLevel 1[0m checking '/home/shreevanth-m/acare_demo_ws/src/acaresim_final/acaresim/install/urdf_assembly_6dof_description/lib/pkgconfig/urdf_assembly_6dof_description.pc'
[2.596s] [34mcolcon.colcon_core.environment[0m [1;30mLevel 1[0m checking '/home/shreevanth-m/acare_demo_ws/src/acaresim_final/acaresim/install/urdf_assembly_6dof_description/lib/python3.12/site-packages'
[2.596s] [34mcolcon.colcon_core.shell[0m [1;30mLevel 1[0m create_environment_hook('urdf_assembly_6dof_description', 'pythonpath')
[2.596s] [34mcolcon.colcon_core.shell[0m [1;30mINFO[0m Creating environment hook '/home/shreevanth-m/acare_demo_ws/src/acaresim_final/acaresim/install/urdf_assembly_6dof_description/share/urdf_assembly_6dof_description/hook/pythonpath.ps1'
[2.597s] [34mcolcon.colcon_core.shell[0m [1;30mINFO[0m Creating environment descriptor '/home/shreevanth-m/acare_demo_ws/src/acaresim_final/acaresim/install/urdf_assembly_6dof_description/share/urdf_assembly_6dof_description/hook/pythonpath.dsv'
[2.597s] [34mcolcon.colcon_core.shell[0m [1;30mINFO[0m Creating environment hook '/home/shreevanth-m/acare_demo_ws/src/acaresim_final/acaresim/install/urdf_assembly_6dof_description/share/urdf_assembly_6dof_description/hook/pythonpath.sh'
[2.598s] [34mcolcon.colcon_core.environment[0m [1;30mLevel 1[0m checking '/home/shreevanth-m/acare_demo_ws/src/acaresim_final/acaresim/install/urdf_assembly_6dof_description/bin'
[2.598s] [34mcolcon.colcon_core.environment[0m [1;30mLevel 1[0m create_environment_scripts_only(urdf_assembly_6dof_description)
[2.598s] [34mcolcon.colcon_core.shell[0m [1;30mINFO[0m Creating package script '/home/shreevanth-m/acare_demo_ws/src/acaresim_final/acaresim/install/urdf_assembly_6dof_description/share/urdf_assembly_6dof_description/package.ps1'
[2.599s] [34mcolcon.colcon_core.shell[0m [1;30mINFO[0m Creating package descriptor '/home/shreevanth-m/acare_demo_ws/src/acaresim_final/acaresim/install/urdf_assembly_6dof_description/share/urdf_assembly_6dof_description/package.dsv'
[2.600s] [34mcolcon.colcon_core.shell[0m [1;30mINFO[0m Creating package script '/home/shreevanth-m/acare_demo_ws/src/acaresim_final/acaresim/install/urdf_assembly_6dof_description/share/urdf_assembly_6dof_description/package.sh'
[2.600s] [34mcolcon.colcon_core.shell[0m [1;30mINFO[0m Creating package script '/home/shreevanth-m/acare_demo_ws/src/acaresim_final/acaresim/install/urdf_assembly_6dof_description/share/urdf_assembly_6dof_description/package.bash'
[2.601s] [34mcolcon.colcon_core.shell[0m [1;30mINFO[0m Creating package script '/home/shreevanth-m/acare_demo_ws/src/acaresim_final/acaresim/install/urdf_assembly_6dof_description/share/urdf_assembly_6dof_description/package.zsh'
[2.601s] [34mcolcon.colcon_core.environment[0m [1;30mLevel 1[0m create_file_with_runtime_dependencies(/home/shreevanth-m/acare_demo_ws/src/acaresim_final/acaresim/install/urdf_assembly_6dof_description/share/colcon-core/packages/urdf_assembly_6dof_description)
[4.796s] [34mcolcon.colcon_core.event_handler.log_command[0m [1;30mDEBUG[0m [32mInvoked command in '/home/shreevanth-m/acare_demo_ws/src/acaresim_final/acaresim/build/acare_msgs' returned '0': CMAKE_PREFIX_PATH=/home/shreevanth-m/acare_demo_ws/install/urdf_assembly_6dof_moveit_config:/home/shreevanth-m/acare_demo_ws/install/acare_msgs:/home/shreevanth-m/camera_ws/install/articubot_one:/home/shreevanth-m/acare_demo_ws/install/urdf_assembly_6dof_description:/home/shreevanth-m/camera_ws/install/camera_robot_description:/home/shreevanth-m/ros2_ws/install/urdf_assembly_6dof_description:/home/shreevanth-m/ros2_ws/install/holo_description:/home/shreevanth-m/ros2_ws/install/acare_pick_place:/opt/ros/jazzy:/home/shreevanth-m/ros2_ws/install/urdf_assembly_6dof_moveit_config:/home/shreevanth-m/ros2_ws/install/ros2_grasping:/home/shreevanth-m/ros2_ws/install/irb120_ros2_moveit2:/home/shreevanth-m/ros2_ws/install/irb120_ros2_gazebo:/home/shreevanth-m/ros2_ws/install/acare_msgs:/home/shreevanth-m/ros2_ws/install/acare_moveit_config:/opt/ros/jazzy/opt/gz_sim_vendor:/opt/ros/jazzy/opt/gz_sensors_vendor:/opt/ros/jazzy/opt/gz_physics_vendor:/opt/ros/jazzy/opt/sdformat_vendor:/opt/ros/jazzy/opt/gz_gui_vendor:/opt/ros/jazzy/opt/gz_transport_vendor:/opt/ros/jazzy/opt/gz_rendering_vendor:/opt/ros/jazzy/opt/gz_plugin_vendor:/opt/ros/jazzy/opt/gz_fuel_tools_vendor:/opt/ros/jazzy/opt/gz_msgs_vendor:/opt/ros/jazzy/opt/gz_common_vendor:/opt/ros/jazzy/opt/gz_math_vendor:/opt/ros/jazzy/opt/gz_utils_vendor:/opt/ros/jazzy/opt/gz_tools_vendor:/opt/ros/jazzy/opt/gz_ogre_next_vendor:/opt/ros/jazzy/opt/gz_dartsim_vendor:/opt/ros/jazzy/opt/gz_cmake_vendor DEBUGINFOD_URLS=https://debuginfod.ubuntu.com /usr/bin/cmake /home/shreevanth-m/acare_demo_ws/src/acaresim_final/acaresim/src/acare_msgs -DAMENT_CMAKE_SYMLINK_INSTALL=1 -DCMAKE_INSTALL_PREFIX=/home/shreevanth-m/acare_demo_ws/src/acaresim_final/acaresim/install/acare_msgs[0m
[4.798s] [34mcolcon.colcon_core.event_handler.log_command[0m [1;30mDEBUG[0m [32mInvoking command in '/home/shreevanth-m/acare_demo_ws/src/acaresim_final/acaresim/build/acare_msgs': CMAKE_PREFIX_PATH=/home/shreevanth-m/acare_demo_ws/install/urdf_assembly_6dof_moveit_config:/home/shreevanth-m/acare_demo_ws/install/acare_msgs:/home/shreevanth-m/camera_ws/install/articubot_one:/home/shreevanth-m/acare_demo_ws/install/urdf_assembly_6dof_description:/home/shreevanth-m/camera_ws/install/camera_robot_description:/home/shreevanth-m/ros2_ws/install/urdf_assembly_6dof_description:/home/shreevanth-m/ros2_ws/install/holo_description:/home/shreevanth-m/ros2_ws/install/acare_pick_place:/opt/ros/jazzy:/home/shreevanth-m/ros2_ws/install/urdf_assembly_6dof_moveit_config:/home/shreevanth-m/ros2_ws/install/ros2_grasping:/home/shreevanth-m/ros2_ws/install/irb120_ros2_moveit2:/home/shreevanth-m/ros2_ws/install/irb120_ros2_gazebo:/home/shreevanth-m/ros2_ws/install/acare_msgs:/home/shreevanth-m/ros2_ws/install/acare_moveit_config:/opt/ros/jazzy/opt/gz_sim_vendor:/opt/ros/jazzy/opt/gz_sensors_vendor:/opt/ros/jazzy/opt/gz_physics_vendor:/opt/ros/jazzy/opt/sdformat_vendor:/opt/ros/jazzy/opt/gz_gui_vendor:/opt/ros/jazzy/opt/gz_transport_vendor:/opt/ros/jazzy/opt/gz_rendering_vendor:/opt/ros/jazzy/opt/gz_plugin_vendor:/opt/ros/jazzy/opt/gz_fuel_tools_vendor:/opt/ros/jazzy/opt/gz_msgs_vendor:/opt/ros/jazzy/opt/gz_common_vendor:/opt/ros/jazzy/opt/gz_math_vendor:/opt/ros/jazzy/opt/gz_utils_vendor:/opt/ros/jazzy/opt/gz_tools_vendor:/opt/ros/jazzy/opt/gz_ogre_next_vendor:/opt/ros/jazzy/opt/gz_dartsim_vendor:/opt/ros/jazzy/opt/gz_cmake_vendor DEBUGINFOD_URLS=https://debuginfod.ubuntu.com /usr/bin/cmake --build /home/shreevanth-m/acare_demo_ws/src/acaresim_final/acaresim/build/acare_msgs -- -j16 -l16[0m
[13.496s] [34mcolcon.colcon_core.event_handler.log_command[0m [1;30mDEBUG[0m [32mInvoked command in '/home/shreevanth-m/acare_demo_ws/src/acaresim_final/acaresim/build/acare_msgs' returned '0': CMAKE_PREFIX_PATH=/home/shreevanth-m/acare_demo_ws/install/urdf_assembly_6dof_moveit_config:/home/shreevanth-m/acare_demo_ws/install/acare_msgs:/home/shreevanth-m/camera_ws/install/articubot_one:/home/shreevanth-m/acare_demo_ws/install/urdf_assembly_6dof_description:/home/shreevanth-m/camera_ws/install/camera_robot_description:/home/shreevanth-m/ros2_ws/install/urdf_assembly_6dof_description:/home/shreevanth-m/ros2_ws/install/holo_description:/home/shreevanth-m/ros2_ws/install/acare_pick_place:/opt/ros/jazzy:/home/shreevanth-m/ros2_ws/install/urdf_assembly_6dof_moveit_config:/home/shreevanth-m/ros2_ws/install/ros2_grasping:/home/shreevanth-m/ros2_ws/install/irb120_ros2_moveit2:/home/shreevanth-m/ros2_ws/install/irb120_ros2_gazebo:/home/shreevanth-m/ros2_ws/install/acare_msgs:/home/shreevanth-m/ros2_ws/install/acare_moveit_config:/opt/ros/jazzy/opt/gz_sim_vendor:/opt/ros/jazzy/opt/gz_sensors_vendor:/opt/ros/jazzy/opt/gz_physics_vendor:/opt/ros/jazzy/opt/sdformat_vendor:/opt/ros/jazzy/opt/gz_gui_vendor:/opt/ros/jazzy/opt/gz_transport_vendor:/opt/ros/jazzy/opt/gz_rendering_vendor:/opt/ros/jazzy/opt/gz_plugin_vendor:/opt/ros/jazzy/opt/gz_fuel_tools_vendor:/opt/ros/jazzy/opt/gz_msgs_vendor:/opt/ros/jazzy/opt/gz_common_vendor:/opt/ros/jazzy/opt/gz_math_vendor:/opt/ros/jazzy/opt/gz_utils_vendor:/opt/ros/jazzy/opt/gz_tools_vendor:/opt/ros/jazzy/opt/gz_ogre_next_vendor:/opt/ros/jazzy/opt/gz_dartsim_vendor:/opt/ros/jazzy/opt/gz_cmake_vendor DEBUGINFOD_URLS=https://debuginfod.ubuntu.com /usr/bin/cmake --build /home/shreevanth-m/acare_demo_ws/src/acaresim_final/acaresim/build/acare_msgs -- -j16 -l16[0m
[13.516s] [34mcolcon.colcon_core.event_handler.log_command[0m [1;30mDEBUG[0m [32mInvoking command in '/home/shreevanth-m/acare_demo_ws/src/acaresim_final/acaresim/build/acare_msgs': CMAKE_PREFIX_PATH=/home/shreevanth-m/acare_demo_ws/install/urdf_assembly_6dof_moveit_config:/home/shreevanth-m/acare_demo_ws/install/acare_msgs:/home/shreevanth-m/camera_ws/install/articubot_one:/home/shreevanth-m/acare_demo_ws/install/urdf_assembly_6dof_description:/home/shreevanth-m/camera_ws/install/camera_robot_description:/home/shreevanth-m/ros2_ws/install/urdf_assembly_6dof_description:/home/shreevanth-m/ros2_ws/install/holo_description:/home/shreevanth-m/ros2_ws/install/acare_pick_place:/opt/ros/jazzy:/home/shreevanth-m/ros2_ws/install/urdf_assembly_6dof_moveit_config:/home/shreevanth-m/ros2_ws/install/ros2_grasping:/home/shreevanth-m/ros2_ws/install/irb120_ros2_moveit2:/home/shreevanth-m/ros2_ws/install/irb120_ros2_gazebo:/home/shreevanth-m/ros2_ws/install/acare_msgs:/home/shreevanth-m/ros2_ws/install/acare_moveit_config:/opt/ros/jazzy/opt/gz_sim_vendor:/opt/ros/jazzy/opt/gz_sensors_vendor:/opt/ros/jazzy/opt/gz_physics_vendor:/opt/ros/jazzy/opt/sdformat_vendor:/opt/ros/jazzy/opt/gz_gui_vendor:/opt/ros/jazzy/opt/gz_transport_vendor:/opt/ros/jazzy/opt/gz_rendering_vendor:/opt/ros/jazzy/opt/gz_plugin_vendor:/opt/ros/jazzy/opt/gz_fuel_tools_vendor:/opt/ros/jazzy/opt/gz_msgs_vendor:/opt/ros/jazzy/opt/gz_common_vendor:/opt/ros/jazzy/opt/gz_math_vendor:/opt/ros/jazzy/opt/gz_utils_vendor:/opt/ros/jazzy/opt/gz_tools_vendor:/opt/ros/jazzy/opt/gz_ogre_next_vendor:/opt/ros/jazzy/opt/gz_dartsim_vendor:/opt/ros/jazzy/opt/gz_cmake_vendor DEBUGINFOD_URLS=https://debuginfod.ubuntu.com /usr/bin/cmake --install /home/shreevanth-m/acare_demo_ws/src/acaresim_final/acaresim/build/acare_msgs[0m
[18.098s] [34mcolcon.colcon_core.environment[0m [1;30mLevel 1[0m create_environment_scripts_only(acare_msgs)
[18.099s] [34mcolcon.colcon_core.environment[0m [1;30mLevel 1[0m checking '/home/shreevanth-m/acare_demo_ws/src/acaresim_final/acaresim/install/acare_msgs' for CMake module files
[18.099s] [34mcolcon.colcon_core.event_handler.log_command[0m [1;30mDEBUG[0m [32mInvoked command in '/home/shreevanth-m/acare_demo_ws/src/acaresim_final/acaresim/build/acare_msgs' returned '0': CMAKE_PREFIX_PATH=/home/shreevanth-m/acare_demo_ws/install/urdf_assembly_6dof_moveit_config:/home/shreevanth-m/acare_demo_ws/install/acare_msgs:/home/shreevanth-m/camera_ws/install/articubot_one:/home/shreevanth-m/acare_demo_ws/install/urdf_assembly_6dof_description:/home/shreevanth-m/camera_ws/install/camera_robot_description:/home/shreevanth-m/ros2_ws/install/urdf_assembly_6dof_description:/home/shreevanth-m/ros2_ws/install/holo_description:/home/shreevanth-m/ros2_ws/install/acare_pick_place:/opt/ros/jazzy:/home/shreevanth-m/ros2_ws/install/urdf_assembly_6dof_moveit_config:/home/shreevanth-m/ros2_ws/install/ros2_grasping:/home/shreevanth-m/ros2_ws/install/irb120_ros2_moveit2:/home/shreevanth-m/ros2_ws/install/irb120_ros2_gazebo:/home/shreevanth-m/ros2_ws/install/acare_msgs:/home/shreevanth-m/ros2_ws/install/acare_moveit_config:/opt/ros/jazzy/opt/gz_sim_vendor:/opt/ros/jazzy/opt/gz_sensors_vendor:/opt/ros/jazzy/opt/gz_physics_vendor:/opt/ros/jazzy/opt/sdformat_vendor:/opt/ros/jazzy/opt/gz_gui_vendor:/opt/ros/jazzy/opt/gz_transport_vendor:/opt/ros/jazzy/opt/gz_rendering_vendor:/opt/ros/jazzy/opt/gz_plugin_vendor:/opt/ros/jazzy/opt/gz_fuel_tools_vendor:/opt/ros/jazzy/opt/gz_msgs_vendor:/opt/ros/jazzy/opt/gz_common_vendor:/opt/ros/jazzy/opt/gz_math_vendor:/opt/ros/jazzy/opt/gz_utils_vendor:/opt/ros/jazzy/opt/gz_tools_vendor:/opt/ros/jazzy/opt/gz_ogre_next_vendor:/opt/ros/jazzy/opt/gz_dartsim_vendor:/opt/ros/jazzy/opt/gz_cmake_vendor DEBUGINFOD_URLS=https://debuginfod.ubuntu.com /usr/bin/cmake --install /home/shreevanth-m/acare_demo_ws/src/acaresim_final/acaresim/build/acare_msgs[0m
[18.100s] [34mcolcon.colcon_core.environment[0m [1;30mLevel 1[0m checking '/home/shreevanth-m/acare_demo_ws/src/acaresim_final/acaresim/install/acare_msgs' for CMake config files
[18.100s] [34mcolcon.colcon_core.shell[0m [1;30mLevel 1[0m create_environment_hook('acare_msgs', 'cmake_prefix_path')
[18.101s] [34mcolcon.colcon_core.shell[0m [1;30mINFO[0m Creating environment hook '/home/shreevanth-m/acare_demo_ws/src/acaresim_final/acaresim/install/acare_msgs/share/acare_msgs/hook/cmake_prefix_path.ps1'
[18.101s] [34mcolcon.colcon_core.shell[0m [1;30mINFO[0m Creating environment descriptor '/home/shreevanth-m/acare_demo_ws/src/acaresim_final/acaresim/install/acare_msgs/share/acare_msgs/hook/cmake_prefix_path.dsv'
[18.101s] [34mcolcon.colcon_core.shell[0m [1;30mINFO[0m Creating environment hook '/home/shreevanth-m/acare_demo_ws/src/acaresim_final/acaresim/install/acare_msgs/share/acare_msgs/hook/cmake_prefix_path.sh'
[18.102s] [34mcolcon.colcon_core.environment[0m [1;30mLevel 1[0m checking '/home/shreevanth-m/acare_demo_ws/src/acaresim_final/acaresim/install/acare_msgs/lib'
[18.102s] [34mcolcon.colcon_core.shell[0m [1;30mLevel 1[0m create_environment_hook('acare_msgs', 'ld_library_path_lib')
[18.102s] [34mcolcon.colcon_core.shell[0m [1;30mINFO[0m Creating environment hook '/home/shreevanth-m/acare_demo_ws/src/acaresim_final/acaresim/install/acare_msgs/share/acare_msgs/hook/ld_library_path_lib.ps1'
[18.103s] [34mcolcon.colcon_core.shell[0m [1;30mINFO[0m Creating environment descriptor '/home/shreevanth-m/acare_demo_ws/src/acaresim_final/acaresim/install/acare_msgs/share/acare_msgs/hook/ld_library_path_lib.dsv'
[18.103s] [34mcolcon.colcon_core.shell[0m [1;30mINFO[0m Creating environment hook '/home/shreevanth-m/acare_demo_ws/src/acaresim_final/acaresim/install/acare_msgs/share/acare_msgs/hook/ld_library_path_lib.sh'
[18.103s] [34mcolcon.colcon_core.environment[0m [1;30mLevel 1[0m checking '/home/shreevanth-m/acare_demo_ws/src/acaresim_final/acaresim/install/acare_msgs/bin'
[18.103s] [34mcolcon.colcon_core.environment[0m [1;30mLevel 1[0m checking '/home/shreevanth-m/acare_demo_ws/src/acaresim_final/acaresim/install/acare_msgs/lib/pkgconfig/acare_msgs.pc'
[18.103s] [34mcolcon.colcon_core.environment[0m [1;30mLevel 1[0m checking '/home/shreevanth-m/acare_demo_ws/src/acaresim_final/acaresim/install/acare_msgs/lib/python3.12/site-packages'
[18.104s] [34mcolcon.colcon_core.shell[0m [1;30mLevel 1[0m create_environment_hook('acare_msgs', 'pythonpath')
[18.104s] [34mcolcon.colcon_core.shell[0m [1;30mINFO[0m Creating environment hook '/home/shreevanth-m/acare_demo_ws/src/acaresim_final/acaresim/install/acare_msgs/share/acare_msgs/hook/pythonpath.ps1'
[18.104s] [34mcolcon.colcon_core.shell[0m [1;30mINFO[0m Creating environment descriptor '/home/shreevanth-m/acare_demo_ws/src/acaresim_final/acaresim/install/acare_msgs/share/acare_msgs/hook/pythonpath.dsv'
[18.104s] [34mcolcon.colcon_core.shell[0m [1;30mINFO[0m Creating environment hook '/home/shreevanth-m/acare_demo_ws/src/acaresim_final/acaresim/install/acare_msgs/share/acare_msgs/hook/pythonpath.sh'
[18.105s] [34mcolcon.colcon_core.environment[0m [1;30mLevel 1[0m checking '/home/shreevanth-m/acare_demo_ws/src/acaresim_final/acaresim/install/acare_msgs/bin'
[18.105s] [34mcolcon.colcon_core.shell[0m [1;30mINFO[0m Creating package script '/home/shreevanth-m/acare_demo_ws/src/acaresim_final/acaresim/install/acare_msgs/share/acare_msgs/package.ps1'
[18.106s] [34mcolcon.colcon_core.shell[0m [1;30mINFO[0m Creating package descriptor '/home/shreevanth-m/acare_demo_ws/src/acaresim_final/acaresim/install/acare_msgs/share/acare_msgs/package.dsv'
[18.107s] [34mcolcon.colcon_core.shell[0m [1;30mINFO[0m Creating package script '/home/shreevanth-m/acare_demo_ws/src/acaresim_final/acaresim/install/acare_msgs/share/acare_msgs/package.sh'
[18.107s] [34mcolcon.colcon_core.shell[0m [1;30mINFO[0m Creating package script '/home/shreevanth-m/acare_demo_ws/src/acaresim_final/acaresim/install/acare_msgs/share/acare_msgs/package.bash'
[18.107s] [34mcolcon.colcon_core.shell[0m [1;30mINFO[0m Creating package script '/home/shreevanth-m/acare_demo_ws/src/acaresim_final/acaresim/install/acare_msgs/share/acare_msgs/package.zsh'
[18.108s] [34mcolcon.colcon_core.environment[0m [1;30mLevel 1[0m create_file_with_runtime_dependencies(/home/shreevanth-m/acare_demo_ws/src/acaresim_final/acaresim/install/acare_msgs/share/colcon-core/packages/acare_msgs)
[18.108s] [34mcolcon.colcon_core.environment[0m [1;30mLevel 1[0m create_environment_scripts_only(acare_msgs)
[18.108s] [34mcolcon.colcon_core.environment[0m [1;30mLevel 1[0m checking '/home/shreevanth-m/acare_demo_ws/src/acaresim_final/acaresim/install/acare_msgs' for CMake module files
[18.109s] [34mcolcon.colcon_core.environment[0m [1;30mLevel 1[0m checking '/home/shreevanth-m/acare_demo_ws/src/acaresim_final/acaresim/install/acare_msgs' for CMake config files
[18.110s] [34mcolcon.colcon_core.shell[0m [1;30mLevel 1[0m create_environment_hook('acare_msgs', 'cmake_prefix_path')
[18.110s] [34mcolcon.colcon_core.shell[0m [1;30mINFO[0m Creating environment hook '/home/shreevanth-m/acare_demo_ws/src/acaresim_final/acaresim/install/acare_msgs/share/acare_msgs/hook/cmake_prefix_path.ps1'
[18.110s] [34mcolcon.colcon_core.shell[0m [1;30mINFO[0m Creating environment descriptor '/home/shreevanth-m/acare_demo_ws/src/acaresim_final/acaresim/install/acare_msgs/share/acare_msgs/hook/cmake_prefix_path.dsv'
[18.111s] [34mcolcon.colcon_core.shell[0m [1;30mINFO[0m Creating environment hook '/home/shreevanth-m/acare_demo_ws/src/acaresim_final/acaresim/install/acare_msgs/share/acare_msgs/hook/cmake_prefix_path.sh'
[18.111s] [34mcolcon.colcon_core.environment[0m [1;30mLevel 1[0m checking '/home/shreevanth-m/acare_demo_ws/src/acaresim_final/acaresim/install/acare_msgs/lib'
[18.111s] [34mcolcon.colcon_core.shell[0m [1;30mLevel 1[0m create_environment_hook('acare_msgs', 'ld_library_path_lib')
[18.111s] [34mcolcon.colcon_core.shell[0m [1;30mINFO[0m Creating environment hook '/home/shreevanth-m/acare_demo_ws/src/acaresim_final/acaresim/install/acare_msgs/share/acare_msgs/hook/ld_library_path_lib.ps1'
[18.112s] [34mcolcon.colcon_core.shell[0m [1;30mINFO[0m Creating environment descriptor '/home/shreevanth-m/acare_demo_ws/src/acaresim_final/acaresim/install/acare_msgs/share/acare_msgs/hook/ld_library_path_lib.dsv'
[18.112s] [34mcolcon.colcon_core.shell[0m [1;30mINFO[0m Creating environment hook '/home/shreevanth-m/acare_demo_ws/src/acaresim_final/acaresim/install/acare_msgs/share/acare_msgs/hook/ld_library_path_lib.sh'
[18.112s] [34mcolcon.colcon_core.environment[0m [1;30mLevel 1[0m checking '/home/shreevanth-m/acare_demo_ws/src/acaresim_final/acaresim/install/acare_msgs/bin'
[18.113s] [34mcolcon.colcon_core.environment[0m [1;30mLevel 1[0m checking '/home/shreevanth-m/acare_demo_ws/src/acaresim_final/acaresim/install/acare_msgs/lib/pkgconfig/acare_msgs.pc'
[18.113s] [34mcolcon.colcon_core.environment[0m [1;30mLevel 1[0m checking '/home/shreevanth-m/acare_demo_ws/src/acaresim_final/acaresim/install/acare_msgs/lib/python3.12/site-packages'
[18.113s] [34mcolcon.colcon_core.shell[0m [1;30mLevel 1[0m create_environment_hook('acare_msgs', 'pythonpath')
[18.113s] [34mcolcon.colcon_core.shell[0m [1;30mINFO[0m Creating environment hook '/home/shreevanth-m/acare_demo_ws/src/acaresim_final/acaresim/install/acare_msgs/share/acare_msgs/hook/pythonpath.ps1'
[18.114s] [34mcolcon.colcon_core.shell[0m [1;30mINFO[0m Creating environment descriptor '/home/shreevanth-m/acare_demo_ws/src/acaresim_final/acaresim/install/acare_msgs/share/acare_msgs/hook/pythonpath.dsv'
[18.114s] [34mcolcon.colcon_core.shell[0m [1;30mINFO[0m Creating environment hook '/home/shreevanth-m/acare_demo_ws/src/acaresim_final/acaresim/install/acare_msgs/share/acare_msgs/hook/pythonpath.sh'
[18.115s] [34mcolcon.colcon_core.environment[0m [1;30mLevel 1[0m checking '/home/shreevanth-m/acare_demo_ws/src/acaresim_final/acaresim/install/acare_msgs/bin'
[18.115s] [34mcolcon.colcon_core.shell[0m [1;30mINFO[0m Creating package script '/home/shreevanth-m/acare_demo_ws/src/acaresim_final/acaresim/install/acare_msgs/share/acare_msgs/package.ps1'
[18.116s] [34mcolcon.colcon_core.shell[0m [1;30mINFO[0m Creating package descriptor '/home/shreevanth-m/acare_demo_ws/src/acaresim_final/acaresim/install/acare_msgs/share/acare_msgs/package.dsv'
[18.117s] [34mcolcon.colcon_core.shell[0m [1;30mINFO[0m Creating package script '/home/shreevanth-m/acare_demo_ws/src/acaresim_final/acaresim/install/acare_msgs/share/acare_msgs/package.sh'
[18.117s] [34mcolcon.colcon_core.shell[0m [1;30mINFO[0m Creating package script '/home/shreevanth-m/acare_demo_ws/src/acaresim_final/acaresim/install/acare_msgs/share/acare_msgs/package.bash'
[18.118s] [34mcolcon.colcon_core.shell[0m [1;30mINFO[0m Creating package script '/home/shreevanth-m/acare_demo_ws/src/acaresim_final/acaresim/install/acare_msgs/share/acare_msgs/package.zsh'
[18.118s] [34mcolcon.colcon_core.environment[0m [1;30mLevel 1[0m create_file_with_runtime_dependencies(/home/shreevanth-m/acare_demo_ws/src/acaresim_final/acaresim/install/acare_msgs/share/colcon-core/packages/acare_msgs)
[18.118s] [34mcolcon.colcon_parallel_executor.executor.parallel[0m [1;30mDEBUG[0m [32mclosing loop[0m
[18.119s] [34mcolcon.colcon_parallel_executor.executor.parallel[0m [1;30mDEBUG[0m [32mloop closed[0m
[18.119s] [34mcolcon.colcon_parallel_executor.executor.parallel[0m [1;30mDEBUG[0m [32mrun_until_complete finished with '0'[0m
[18.119s] [34mcolcon.colcon_core.event_reactor[0m [1;30mDEBUG[0m [32mjoining thread[0m
[18.127s] [34mcolcon.colcon_core.plugin_system[0m [1;30mINFO[0m Skipping extension 'colcon_notification.desktop_notification.terminal_notifier': Not used on non-Darwin systems
[18.128s] [34mcolcon.colcon_core.plugin_system[0m [1;30mINFO[0m Skipping extension 'colcon_notification.desktop_notification.win32': Not used on non-Windows systems
[18.128s] [34mcolcon.colcon_notification.desktop_notification[0m [1;30mINFO[0m Sending desktop notification using 'notify2'
[18.149s] [34mcolcon.colcon_core.event_reactor[0m [1;30mDEBUG[0m [32mjoined thread[0m
[18.149s] [34mcolcon.colcon_core.shell[0m [1;30mINFO[0m Creating prefix script '/home/shreevanth-m/acare_demo_ws/src/acaresim_final/acaresim/install/local_setup.ps1'
[18.150s] [34mcolcon.colcon_core.shell[0m [1;30mINFO[0m Creating prefix util module '/home/shreevanth-m/acare_demo_ws/src/acaresim_final/acaresim/install/_local_setup_util_ps1.py'
[18.152s] [34mcolcon.colcon_core.shell[0m [1;30mINFO[0m Creating prefix chain script '/home/shreevanth-m/acare_demo_ws/src/acaresim_final/acaresim/install/setup.ps1'
[18.153s] [34mcolcon.colcon_core.shell[0m [1;30mINFO[0m Creating prefix script '/home/shreevanth-m/acare_demo_ws/src/acaresim_final/acaresim/install/local_setup.sh'
[18.154s] [34mcolcon.colcon_core.shell[0m [1;30mINFO[0m Creating prefix util module '/home/shreevanth-m/acare_demo_ws/src/acaresim_final/acaresim/install/_local_setup_util_sh.py'
[18.155s] [34mcolcon.colcon_core.shell[0m [1;30mINFO[0m Creating prefix chain script '/home/shreevanth-m/acare_demo_ws/src/acaresim_final/acaresim/install/setup.sh'
[18.156s] [34mcolcon.colcon_core.shell[0m [1;30mINFO[0m Creating prefix script '/home/shreevanth-m/acare_demo_ws/src/acaresim_final/acaresim/install/local_setup.bash'
[18.157s] [34mcolcon.colcon_core.shell[0m [1;30mINFO[0m Creating prefix chain script '/home/shreevanth-m/acare_demo_ws/src/acaresim_final/acaresim/install/setup.bash'
[18.159s] [34mcolcon.colcon_core.shell[0m [1;30mINFO[0m Creating prefix script '/home/shreevanth-m/acare_demo_ws/src/acaresim_final/acaresim/install/local_setup.zsh'
[18.159s] [34mcolcon.colcon_core.shell[0m [1;30mINFO[0m Creating prefix chain script '/home/shreevanth-m/acare_demo_ws/src/acaresim_final/acaresim/install/setup.zsh'
