running develop
/usr/lib/python3/dist-packages/setuptools/command/easy_install.py:363: UserWarning: Unbuilt egg for pytest-repeat [unknown version] (/usr/lib/python3/dist-packages)
  self.local_index = Environment(self.shadow_path + sys.path)
running egg_info
creating acare_bringup.egg-info
writing acare_bringup.egg-info/PKG-INFO
writing dependency_links to acare_bringup.egg-info/dependency_links.txt
writing entry points to acare_bringup.egg-info/entry_points.txt
writing requirements to acare_bringup.egg-info/requires.txt
writing top-level names to acare_bringup.egg-info/top_level.txt
writing manifest file 'acare_bringup.egg-info/SOURCES.txt'
reading manifest file 'acare_bringup.egg-info/SOURCES.txt'
writing manifest file 'acare_bringup.egg-info/SOURCES.txt'
running build_ext
Creating /home/shreevanth-m/acare_demo_ws/src/acaresim_final/acaresim/install/acare_bringup/lib/python3.12/site-packages/acare-bringup.egg-link (link to .)
Installing supervisor script to /home/shreevanth-m/acare_demo_ws/src/acaresim_final/acaresim/install/acare_bringup/bin

Installed /home/shreevanth-m/acare_demo_ws/src/acaresim_final/acaresim/build/acare_bringup
running symlink_data
creating /home/shreevanth-m/acare_demo_ws/src/acaresim_final/acaresim/install/acare_bringup/share/ament_index
creating /home/shreevanth-m/acare_demo_ws/src/acaresim_final/acaresim/install/acare_bringup/share/ament_index/resource_index
creating /home/shreevanth-m/acare_demo_ws/src/acaresim_final/acaresim/install/acare_bringup/share/ament_index/resource_index/packages
symbolically linking /home/shreevanth-m/acare_demo_ws/src/acaresim_final/acaresim/build/acare_bringup/resource/acare_bringup -> /home/shreevanth-m/acare_demo_ws/src/acaresim_final/acaresim/install/acare_bringup/share/ament_index/resource_index/packages
symbolically linking /home/shreevanth-m/acare_demo_ws/src/acaresim_final/acaresim/build/acare_bringup/package.xml -> /home/shreevanth-m/acare_demo_ws/src/acaresim_final/acaresim/install/acare_bringup/share/acare_bringup
