[2.405s] Invoking command in '/home/shreevanth-m/acare_demo_ws/src/acaresim_final/acaresim/build/acare_bringup': AMENT_PREFIX_PATH=/home/shreevanth-m/acare_demo_ws/src/acaresim_final/acaresim/install/acare_msgs:${AMENT_PREFIX_PATH} CMAKE_PREFIX_PATH=/home/shreevanth-m/acare_demo_ws/src/acaresim_final/acaresim/install/acare_msgs:${CMAKE_PREFIX_PATH} DEBUGINFOD_URLS=https://debuginfod.ubuntu.com LD_LIBRARY_PATH=/home/shreevanth-m/acare_demo_ws/src/acaresim_final/acaresim/install/acare_msgs/lib:${LD_LIBRARY_PATH} PYTHONPATH=/home/shreevanth-m/acare_demo_ws/src/acaresim_final/acaresim/build/acare_bringup/prefix_override:/usr/lib/python3/dist-packages/colcon_core/task/python/colcon_distutils_commands:/home/shreevanth-m/acare_demo_ws/src/acaresim_final/acaresim/install/acare_bringup/lib/python3.12/site-packages:/home/shreevanth-m/acare_demo_ws/src/acaresim_final/acaresim/install/acare_msgs/lib/python3.12/site-packages:${PYTHONPATH} /usr/bin/python3 -W ignore:setup.py install is deprecated -W ignore:easy_install command is deprecated setup.py develop --editable --build-directory /home/shreevanth-m/acare_demo_ws/src/acaresim_final/acaresim/build/acare_bringup/build --no-deps symlink_data
[2.737s] running develop
[2.922s] /usr/lib/python3/dist-packages/setuptools/command/easy_install.py:363: UserWarning: Unbuilt egg for pytest-repeat [unknown version] (/usr/lib/python3/dist-packages)
[2.922s]   self.local_index = Environment(self.shadow_path + sys.path)
[2.960s] running egg_info
[2.960s] creating acare_bringup.egg-info
[2.983s] writing acare_bringup.egg-info/PKG-INFO
[2.984s] writing dependency_links to acare_bringup.egg-info/dependency_links.txt
[2.984s] writing entry points to acare_bringup.egg-info/entry_points.txt
[2.984s] writing requirements to acare_bringup.egg-info/requires.txt
[2.984s] writing top-level names to acare_bringup.egg-info/top_level.txt
[2.984s] writing manifest file 'acare_bringup.egg-info/SOURCES.txt'
[3.006s] reading manifest file 'acare_bringup.egg-info/SOURCES.txt'
[3.007s] writing manifest file 'acare_bringup.egg-info/SOURCES.txt'
[3.031s] running build_ext
[3.053s] Creating /home/shreevanth-m/acare_demo_ws/src/acaresim_final/acaresim/install/acare_bringup/lib/python3.12/site-packages/acare-bringup.egg-link (link to .)
[3.054s] Installing supervisor script to /home/shreevanth-m/acare_demo_ws/src/acaresim_final/acaresim/install/acare_bringup/bin
[3.054s] 
[3.054s] Installed /home/shreevanth-m/acare_demo_ws/src/acaresim_final/acaresim/build/acare_bringup
[3.054s] running symlink_data
[3.055s] creating /home/shreevanth-m/acare_demo_ws/src/acaresim_final/acaresim/install/acare_bringup/share/ament_index
[3.055s] creating /home/shreevanth-m/acare_demo_ws/src/acaresim_final/acaresim/install/acare_bringup/share/ament_index/resource_index
[3.055s] creating /home/shreevanth-m/acare_demo_ws/src/acaresim_final/acaresim/install/acare_bringup/share/ament_index/resource_index/packages
[3.055s] symbolically linking /home/shreevanth-m/acare_demo_ws/src/acaresim_final/acaresim/build/acare_bringup/resource/acare_bringup -> /home/shreevanth-m/acare_demo_ws/src/acaresim_final/acaresim/install/acare_bringup/share/ament_index/resource_index/packages
[3.055s] symbolically linking /home/shreevanth-m/acare_demo_ws/src/acaresim_final/acaresim/build/acare_bringup/package.xml -> /home/shreevanth-m/acare_demo_ws/src/acaresim_final/acaresim/install/acare_bringup/share/acare_bringup
[3.089s] Invoked command in '/home/shreevanth-m/acare_demo_ws/src/acaresim_final/acaresim/build/acare_bringup' returned '0': AMENT_PREFIX_PATH=/home/shreevanth-m/acare_demo_ws/src/acaresim_final/acaresim/install/acare_msgs:${AMENT_PREFIX_PATH} CMAKE_PREFIX_PATH=/home/shreevanth-m/acare_demo_ws/src/acaresim_final/acaresim/install/acare_msgs:${CMAKE_PREFIX_PATH} DEBUGINFOD_URLS=https://debuginfod.ubuntu.com LD_LIBRARY_PATH=/home/shreevanth-m/acare_demo_ws/src/acaresim_final/acaresim/install/acare_msgs/lib:${LD_LIBRARY_PATH} PYTHONPATH=/home/shreevanth-m/acare_demo_ws/src/acaresim_final/acaresim/build/acare_bringup/prefix_override:/usr/lib/python3/dist-packages/colcon_core/task/python/colcon_distutils_commands:/home/shreevanth-m/acare_demo_ws/src/acaresim_final/acaresim/install/acare_bringup/lib/python3.12/site-packages:/home/shreevanth-m/acare_demo_ws/src/acaresim_final/acaresim/install/acare_msgs/lib/python3.12/site-packages:${PYTHONPATH} /usr/bin/python3 -W ignore:setup.py install is deprecated -W ignore:easy_install command is deprecated setup.py develop --editable --build-directory /home/shreevanth-m/acare_demo_ws/src/acaresim_final/acaresim/build/acare_bringup/build --no-deps symlink_data
