-- The C compiler identification is GNU 13.3.0
-- The CXX compiler identification is GNU 13.3.0
-- Detecting C compiler ABI info
-- Detecting C compiler ABI info - done
-- Check for working C compiler: /usr/bin/cc - skipped
-- Detecting C compile features
-- Detecting C compile features - done
-- Detecting CXX compiler ABI info
-- Detecting CXX compiler ABI info - done
-- Check for working CXX compiler: /usr/bin/c++ - skipped
-- Detecting CXX compile features
-- Detecting CXX compile features - done
-- Found ament_cmake: 2.5.6 (/opt/ros/jazzy/share/ament_cmake/cmake)
-- Found Python3: /usr/bin/python3 (found version "3.12.3") found components: Interpreter 
-- Override CMake install command with custom implementation using symlinks instead of copying resources
-- Found rosidl_default_generators: 1.6.0 (/opt/ros/jazzy/share/rosidl_default_generators/cmake)
-- Using all available rosidl_typesupport_c: rosidl_typesupport_fastrtps_c;rosidl_typesupport_introspection_c
-- Using all available rosidl_typesupport_cpp: rosidl_typesupport_fastrtps_cpp;rosidl_typesupport_introspection_cpp
-- Found rosidl_adapter: 4.6.7 (/opt/ros/jazzy/share/rosidl_adapter/cmake)
-- Found ament_cmake_ros: 0.12.0 (/opt/ros/jazzy/share/ament_cmake_ros/cmake)
-- Using all available rosidl_typesupport_c: rosidl_typesupport_fastrtps_c;rosidl_typesupport_introspection_c
-- Using all available rosidl_typesupport_cpp: rosidl_typesupport_fastrtps_cpp;rosidl_typesupport_introspection_cpp
-- Found python_cmake_module: 0.11.1 (/opt/ros/jazzy/share/python_cmake_module/cmake)
-- Found PythonExtra: /usr/bin/python3  
-- Found Python3: /usr/bin/python3 (found version "3.12.3") found components: Interpreter Development NumPy Development.Module Development.Embed 
-- Found Python3: /usr/bin/python3 (found version "3.12.3") found components: Interpreter 
-- Configuring done (4.3s)
-- Generating done (0.1s)
-- Build files have been written to: /home/shreevanth-m/acare_demo_ws/src/acaresim_final/acaresim/build/acare_msgs
[  0%] [34m[1mGenerating type hashes for ROS interfaces[0m
[  0%] [34m[1mGenerating Rust code for ROS interfaces[0m
[  0%] Built target ament_cmake_python_symlink_acare_msgs
running egg_info
creating acare_msgs.egg-info
writing acare_msgs.egg-info/PKG-INFO
writing dependency_links to acare_msgs.egg-info/dependency_links.txt
writing top-level names to acare_msgs.egg-info/top_level.txt
writing manifest file 'acare_msgs.egg-info/SOURCES.txt'
[  0%] Built target acare_msgs__rosidl_generator_type_description
[  0%] [34m[1mGenerating C code for ROS interfaces[0m
[  0%] [34m[1mGenerating C++ code for ROS interfaces[0m
reading manifest file 'acare_msgs.egg-info/SOURCES.txt'
writing manifest file 'acare_msgs.egg-info/SOURCES.txt'
[  0%] Built target acare_msgs__rs
[  0%] Built target ament_cmake_python_build_acare_msgs_egg
[  0%] Built target acare_msgs__cpp
[  0%] [32mBuilding C object CMakeFiles/acare_msgs__rosidl_generator_c.dir/rosidl_generator_c/acare_msgs/msg/detail/robot_state__functions.c.o[0m
[  1%] [32mBuilding C object CMakeFiles/acare_msgs__rosidl_generator_c.dir/rosidl_generator_c/acare_msgs/msg/detail/state_transition__description.c.o[0m
[  2%] [32mBuilding C object CMakeFiles/acare_msgs__rosidl_generator_c.dir/rosidl_generator_c/acare_msgs/msg/detail/state_transition__functions.c.o[0m
[  2%] [32mBuilding C object CMakeFiles/acare_msgs__rosidl_generator_c.dir/rosidl_generator_c/acare_msgs/msg/detail/robot_state__type_support.c.o[0m
[  3%] [32mBuilding C object CMakeFiles/acare_msgs__rosidl_generator_c.dir/rosidl_generator_c/acare_msgs/msg/detail/validated_intent__functions.c.o[0m
[  4%] [32mBuilding C object CMakeFiles/acare_msgs__rosidl_generator_c.dir/rosidl_generator_c/acare_msgs/msg/detail/state_transition__type_support.c.o[0m
[  5%] [32mBuilding C object CMakeFiles/acare_msgs__rosidl_generator_c.dir/rosidl_generator_c/acare_msgs/msg/detail/intent__functions.c.o[0m
[  6%] [32mBuilding C object CMakeFiles/acare_msgs__rosidl_generator_c.dir/rosidl_generator_c/acare_msgs/msg/detail/safety_alert__description.c.o[0m
[  7%] [32mBuilding C object CMakeFiles/acare_msgs__rosidl_generator_c.dir/rosidl_generator_c/acare_msgs/msg/detail/validated_intent__description.c.o[0m
[  8%] [32mBuilding C object CMakeFiles/acare_msgs__rosidl_generator_c.dir/rosidl_generator_c/acare_msgs/msg/detail/robot_state__description.c.o[0m
[  8%] [32mBuilding C object CMakeFiles/acare_msgs__rosidl_generator_c.dir/rosidl_generator_c/acare_msgs/msg/detail/validated_intent__type_support.c.o[0m
[  9%] [32mBuilding C object CMakeFiles/acare_msgs__rosidl_generator_c.dir/rosidl_generator_c/acare_msgs/msg/detail/safety_alert__type_support.c.o[0m
[  9%] [32mBuilding C object CMakeFiles/acare_msgs__rosidl_generator_c.dir/rosidl_generator_c/acare_msgs/msg/detail/intent__description.c.o[0m
[  9%] [32mBuilding C object CMakeFiles/acare_msgs__rosidl_generator_c.dir/rosidl_generator_c/acare_msgs/msg/detail/hand_status__description.c.o[0m
[  9%] [32mBuilding C object CMakeFiles/acare_msgs__rosidl_generator_c.dir/rosidl_generator_c/acare_msgs/msg/detail/intent__type_support.c.o[0m
[  9%] [32mBuilding C object CMakeFiles/acare_msgs__rosidl_generator_c.dir/rosidl_generator_c/acare_msgs/msg/detail/safety_alert__functions.c.o[0m
[ 10%] [32mBuilding C object CMakeFiles/acare_msgs__rosidl_generator_c.dir/rosidl_generator_c/acare_msgs/msg/detail/hand_status__functions.c.o[0m
[ 11%] [32mBuilding C object CMakeFiles/acare_msgs__rosidl_generator_c.dir/rosidl_generator_c/acare_msgs/msg/detail/hand_status__type_support.c.o[0m
[ 11%] [32mBuilding C object CMakeFiles/acare_msgs__rosidl_generator_c.dir/rosidl_generator_c/acare_msgs/msg/detail/auth_result__description.c.o[0m
[ 12%] [32mBuilding C object CMakeFiles/acare_msgs__rosidl_generator_c.dir/rosidl_generator_c/acare_msgs/msg/detail/auth_result__functions.c.o[0m
[ 12%] [32mBuilding C object CMakeFiles/acare_msgs__rosidl_generator_c.dir/rosidl_generator_c/acare_msgs/msg/detail/auth_result__type_support.c.o[0m
[ 13%] [32mBuilding C object CMakeFiles/acare_msgs__rosidl_generator_c.dir/rosidl_generator_c/acare_msgs/msg/detail/vision_result__description.c.o[0m
[ 13%] [32mBuilding C object CMakeFiles/acare_msgs__rosidl_generator_c.dir/rosidl_generator_c/acare_msgs/msg/detail/vision_result__functions.c.o[0m
[ 15%] [32mBuilding C object CMakeFiles/acare_msgs__rosidl_generator_c.dir/rosidl_generator_c/acare_msgs/msg/detail/vision_search_request__description.c.o[0m
[ 15%] [32mBuilding C object CMakeFiles/acare_msgs__rosidl_generator_c.dir/rosidl_generator_c/acare_msgs/msg/detail/vision_result__type_support.c.o[0m
[ 15%] [32mBuilding C object CMakeFiles/acare_msgs__rosidl_generator_c.dir/rosidl_generator_c/acare_msgs/msg/detail/vision_search_request__functions.c.o[0m
[ 16%] [32mBuilding C object CMakeFiles/acare_msgs__rosidl_generator_c.dir/rosidl_generator_c/acare_msgs/msg/detail/vision_search_request__type_support.c.o[0m
[ 16%] [32mBuilding C object CMakeFiles/acare_msgs__rosidl_generator_c.dir/rosidl_generator_c/acare_msgs/msg/detail/arm_command__description.c.o[0m
[ 17%] [32mBuilding C object CMakeFiles/acare_msgs__rosidl_generator_c.dir/rosidl_generator_c/acare_msgs/msg/detail/arm_command__functions.c.o[0m
[ 17%] [32mBuilding C object CMakeFiles/acare_msgs__rosidl_generator_c.dir/rosidl_generator_c/acare_msgs/msg/detail/arm_command__type_support.c.o[0m
[ 18%] [32mBuilding C object CMakeFiles/acare_msgs__rosidl_generator_c.dir/rosidl_generator_c/acare_msgs/msg/detail/gripper_command__description.c.o[0m
[ 18%] [32mBuilding C object CMakeFiles/acare_msgs__rosidl_generator_c.dir/rosidl_generator_c/acare_msgs/msg/detail/gripper_command__type_support.c.o[0m
[ 19%] [32mBuilding C object CMakeFiles/acare_msgs__rosidl_generator_c.dir/rosidl_generator_c/acare_msgs/msg/detail/gripper_command__functions.c.o[0m
[ 20%] [32mBuilding C object CMakeFiles/acare_msgs__rosidl_generator_c.dir/rosidl_generator_c/acare_msgs/msg/detail/motion_feedback__description.c.o[0m
[ 20%] [32mBuilding C object CMakeFiles/acare_msgs__rosidl_generator_c.dir/rosidl_generator_c/acare_msgs/msg/detail/motion_feedback__functions.c.o[0m
[ 21%] [32mBuilding C object CMakeFiles/acare_msgs__rosidl_generator_c.dir/rosidl_generator_c/acare_msgs/msg/detail/motion_feedback__type_support.c.o[0m
[ 22%] [32mBuilding C object CMakeFiles/acare_msgs__rosidl_generator_c.dir/rosidl_generator_c/acare_msgs/msg/detail/log_event__description.c.o[0m
[ 22%] [32mBuilding C object CMakeFiles/acare_msgs__rosidl_generator_c.dir/rosidl_generator_c/acare_msgs/msg/detail/log_event__functions.c.o[0m
[ 23%] [32mBuilding C object CMakeFiles/acare_msgs__rosidl_generator_c.dir/rosidl_generator_c/acare_msgs/msg/detail/log_event__type_support.c.o[0m
[ 23%] [32mBuilding C object CMakeFiles/acare_msgs__rosidl_generator_c.dir/rosidl_generator_c/acare_msgs/msg/detail/emergency_signal__description.c.o[0m
[ 24%] [32mBuilding C object CMakeFiles/acare_msgs__rosidl_generator_c.dir/rosidl_generator_c/acare_msgs/msg/detail/emergency_signal__functions.c.o[0m
[ 24%] [32mBuilding C object CMakeFiles/acare_msgs__rosidl_generator_c.dir/rosidl_generator_c/acare_msgs/msg/detail/emergency_signal__type_support.c.o[0m
[ 25%] [32mBuilding C object CMakeFiles/acare_msgs__rosidl_generator_c.dir/rosidl_generator_c/acare_msgs/srv/detail/enrol_staff__functions.c.o[0m
[ 25%] [32mBuilding C object CMakeFiles/acare_msgs__rosidl_generator_c.dir/rosidl_generator_c/acare_msgs/srv/detail/enrol_staff__description.c.o[0m
[ 26%] [32mBuilding C object CMakeFiles/acare_msgs__rosidl_generator_c.dir/rosidl_generator_c/acare_msgs/srv/detail/enrol_staff__type_support.c.o[0m
[ 27%] [32m[1mLinking C shared library libacare_msgs__rosidl_generator_c.so[0m
[ 27%] Built target acare_msgs__rosidl_generator_c
[ 27%] [34m[1mGenerating C++ introspection for ROS interfaces[0m
[ 28%] [34m[1mGenerating C++ type support for eProsima Fast-RTPS[0m
[ 29%] [34m[1mGenerating C++ type support dispatch for ROS interfaces[0m
[ 30%] [34m[1mGenerating C introspection for ROS interfaces[0m
[ 30%] [34m[1mGenerating C type support for eProsima Fast-RTPS[0m
[ 31%] [34m[1mGenerating C type support dispatch for ROS interfaces[0m
[ 32%] [32mBuilding CXX object CMakeFiles/acare_msgs__rosidl_typesupport_c.dir/rosidl_typesupport_c/acare_msgs/msg/robot_state__type_support.cpp.o[0m
[ 32%] [32mBuilding CXX object CMakeFiles/acare_msgs__rosidl_typesupport_c.dir/rosidl_typesupport_c/acare_msgs/msg/hand_status__type_support.cpp.o[0m
[ 32%] [32mBuilding CXX object CMakeFiles/acare_msgs__rosidl_typesupport_c.dir/rosidl_typesupport_c/acare_msgs/msg/intent__type_support.cpp.o[0m
[ 32%] [32mBuilding CXX object CMakeFiles/acare_msgs__rosidl_typesupport_c.dir/rosidl_typesupport_c/acare_msgs/msg/validated_intent__type_support.cpp.o[0m
[ 34%] [32mBuilding CXX object CMakeFiles/acare_msgs__rosidl_typesupport_c.dir/rosidl_typesupport_c/acare_msgs/msg/state_transition__type_support.cpp.o[0m
[ 35%] [32mBuilding CXX object CMakeFiles/acare_msgs__rosidl_typesupport_c.dir/rosidl_typesupport_c/acare_msgs/msg/auth_result__type_support.cpp.o[0m
[ 35%] [32mBuilding CXX object CMakeFiles/acare_msgs__rosidl_typesupport_c.dir/rosidl_typesupport_c/acare_msgs/msg/arm_command__type_support.cpp.o[0m
[ 36%] [32mBuilding CXX object CMakeFiles/acare_msgs__rosidl_typesupport_c.dir/rosidl_typesupport_c/acare_msgs/msg/vision_result__type_support.cpp.o[0m
[ 36%] [32mBuilding CXX object CMakeFiles/acare_msgs__rosidl_typesupport_c.dir/rosidl_typesupport_c/acare_msgs/msg/vision_search_request__type_support.cpp.o[0m
[ 37%] [32mBuilding CXX object CMakeFiles/acare_msgs__rosidl_typesupport_c.dir/rosidl_typesupport_c/acare_msgs/msg/safety_alert__type_support.cpp.o[0m
[ 37%] [32mBuilding CXX object CMakeFiles/acare_msgs__rosidl_typesupport_c.dir/rosidl_typesupport_c/acare_msgs/msg/gripper_command__type_support.cpp.o[0m
[ 37%] [32mBuilding CXX object CMakeFiles/acare_msgs__rosidl_typesupport_cpp.dir/rosidl_typesupport_cpp/acare_msgs/msg/robot_state__type_support.cpp.o[0m
[ 38%] [32mBuilding CXX object CMakeFiles/acare_msgs__rosidl_typesupport_cpp.dir/rosidl_typesupport_cpp/acare_msgs/msg/state_transition__type_support.cpp.o[0m
[ 38%] [32mBuilding CXX object CMakeFiles/acare_msgs__rosidl_typesupport_c.dir/rosidl_typesupport_c/acare_msgs/srv/enrol_staff__type_support.cpp.o[0m
[ 39%] [32mBuilding CXX object CMakeFiles/acare_msgs__rosidl_typesupport_c.dir/rosidl_typesupport_c/acare_msgs/msg/motion_feedback__type_support.cpp.o[0m
[ 39%] [32mBuilding CXX object CMakeFiles/acare_msgs__rosidl_typesupport_c.dir/rosidl_typesupport_c/acare_msgs/msg/log_event__type_support.cpp.o[0m
[ 40%] [32mBuilding CXX object CMakeFiles/acare_msgs__rosidl_typesupport_c.dir/rosidl_typesupport_c/acare_msgs/msg/emergency_signal__type_support.cpp.o[0m
[ 41%] [32mBuilding CXX object CMakeFiles/acare_msgs__rosidl_typesupport_cpp.dir/rosidl_typesupport_cpp/acare_msgs/msg/validated_intent__type_support.cpp.o[0m
[ 42%] [32mBuilding CXX object CMakeFiles/acare_msgs__rosidl_typesupport_cpp.dir/rosidl_typesupport_cpp/acare_msgs/msg/hand_status__type_support.cpp.o[0m
[ 42%] [32mBuilding CXX object CMakeFiles/acare_msgs__rosidl_typesupport_cpp.dir/rosidl_typesupport_cpp/acare_msgs/msg/intent__type_support.cpp.o[0m
[ 42%] [32mBuilding CXX object CMakeFiles/acare_msgs__rosidl_typesupport_cpp.dir/rosidl_typesupport_cpp/acare_msgs/msg/safety_alert__type_support.cpp.o[0m
[ 43%] [32mBuilding CXX object CMakeFiles/acare_msgs__rosidl_typesupport_cpp.dir/rosidl_typesupport_cpp/acare_msgs/msg/auth_result__type_support.cpp.o[0m
[ 43%] [32mBuilding CXX object CMakeFiles/acare_msgs__rosidl_typesupport_cpp.dir/rosidl_typesupport_cpp/acare_msgs/msg/vision_result__type_support.cpp.o[0m
[ 44%] [32mBuilding CXX object CMakeFiles/acare_msgs__rosidl_typesupport_cpp.dir/rosidl_typesupport_cpp/acare_msgs/msg/vision_search_request__type_support.cpp.o[0m
[ 44%] [32mBuilding CXX object CMakeFiles/acare_msgs__rosidl_typesupport_cpp.dir/rosidl_typesupport_cpp/acare_msgs/msg/arm_command__type_support.cpp.o[0m
[ 45%] [32mBuilding CXX object CMakeFiles/acare_msgs__rosidl_typesupport_cpp.dir/rosidl_typesupport_cpp/acare_msgs/msg/gripper_command__type_support.cpp.o[0m
[ 46%] [32m[1mLinking CXX shared library libacare_msgs__rosidl_typesupport_c.so[0m
[ 46%] Built target acare_msgs__rosidl_typesupport_c
[ 46%] [32mBuilding CXX object CMakeFiles/acare_msgs__rosidl_typesupport_cpp.dir/rosidl_typesupport_cpp/acare_msgs/msg/motion_feedback__type_support.cpp.o[0m
[ 47%] [32mBuilding CXX object CMakeFiles/acare_msgs__rosidl_typesupport_cpp.dir/rosidl_typesupport_cpp/acare_msgs/msg/log_event__type_support.cpp.o[0m
[ 48%] [32mBuilding CXX object CMakeFiles/acare_msgs__rosidl_typesupport_cpp.dir/rosidl_typesupport_cpp/acare_msgs/msg/emergency_signal__type_support.cpp.o[0m
[ 48%] [32mBuilding CXX object CMakeFiles/acare_msgs__rosidl_typesupport_cpp.dir/rosidl_typesupport_cpp/acare_msgs/srv/enrol_staff__type_support.cpp.o[0m
[ 49%] [32mBuilding CXX object CMakeFiles/acare_msgs__rosidl_typesupport_introspection_cpp.dir/rosidl_typesupport_introspection_cpp/acare_msgs/msg/detail/robot_state__type_support.cpp.o[0m
[ 50%] [32mBuilding CXX object CMakeFiles/acare_msgs__rosidl_typesupport_introspection_cpp.dir/rosidl_typesupport_introspection_cpp/acare_msgs/msg/detail/state_transition__type_support.cpp.o[0m
[ 51%] [32mBuilding CXX object CMakeFiles/acare_msgs__rosidl_typesupport_introspection_cpp.dir/rosidl_typesupport_introspection_cpp/acare_msgs/msg/detail/validated_intent__type_support.cpp.o[0m
[ 51%] [32mBuilding CXX object CMakeFiles/acare_msgs__rosidl_typesupport_introspection_cpp.dir/rosidl_typesupport_introspection_cpp/acare_msgs/msg/detail/intent__type_support.cpp.o[0m
[ 51%] [32mBuilding CXX object CMakeFiles/acare_msgs__rosidl_typesupport_introspection_cpp.dir/rosidl_typesupport_introspection_cpp/acare_msgs/msg/detail/safety_alert__type_support.cpp.o[0m
[ 52%] [32mBuilding CXX object CMakeFiles/acare_msgs__rosidl_typesupport_introspection_cpp.dir/rosidl_typesupport_introspection_cpp/acare_msgs/msg/detail/hand_status__type_support.cpp.o[0m
[ 52%] [32mBuilding CXX object CMakeFiles/acare_msgs__rosidl_typesupport_introspection_cpp.dir/rosidl_typesupport_introspection_cpp/acare_msgs/msg/detail/auth_result__type_support.cpp.o[0m
[ 53%] [32mBuilding CXX object CMakeFiles/acare_msgs__rosidl_typesupport_introspection_cpp.dir/rosidl_typesupport_introspection_cpp/acare_msgs/msg/detail/vision_result__type_support.cpp.o[0m
[ 53%] [32mBuilding C object CMakeFiles/acare_msgs__rosidl_typesupport_introspection_c.dir/rosidl_typesupport_introspection_c/acare_msgs/msg/detail/robot_state__type_support.c.o[0m
[ 54%] [32mBuilding CXX object CMakeFiles/acare_msgs__rosidl_typesupport_introspection_cpp.dir/rosidl_typesupport_introspection_cpp/acare_msgs/msg/detail/vision_search_request__type_support.cpp.o[0m
[ 54%] [32mBuilding CXX object CMakeFiles/acare_msgs__rosidl_typesupport_introspection_cpp.dir/rosidl_typesupport_introspection_cpp/acare_msgs/msg/detail/arm_command__type_support.cpp.o[0m
[ 55%] [32mBuilding C object CMakeFiles/acare_msgs__rosidl_typesupport_introspection_c.dir/rosidl_typesupport_introspection_c/acare_msgs/msg/detail/state_transition__type_support.c.o[0m
[ 55%] [32mBuilding C object CMakeFiles/acare_msgs__rosidl_typesupport_introspection_c.dir/rosidl_typesupport_introspection_c/acare_msgs/msg/detail/intent__type_support.c.o[0m
[ 56%] [32mBuilding C object CMakeFiles/acare_msgs__rosidl_typesupport_introspection_c.dir/rosidl_typesupport_introspection_c/acare_msgs/msg/detail/validated_intent__type_support.c.o[0m
[ 57%] [32mBuilding CXX object CMakeFiles/acare_msgs__rosidl_typesupport_fastrtps_cpp.dir/rosidl_typesupport_fastrtps_cpp/acare_msgs/msg/detail/dds_fastrtps/robot_state__type_support.cpp.o[0m
[ 58%] [32mBuilding C object CMakeFiles/acare_msgs__rosidl_typesupport_introspection_c.dir/rosidl_typesupport_introspection_c/acare_msgs/msg/detail/safety_alert__type_support.c.o[0m
[ 59%] [32mBuilding C object CMakeFiles/acare_msgs__rosidl_typesupport_introspection_c.dir/rosidl_typesupport_introspection_c/acare_msgs/msg/detail/auth_result__type_support.c.o[0m
[ 59%] [32mBuilding C object CMakeFiles/acare_msgs__rosidl_typesupport_introspection_c.dir/rosidl_typesupport_introspection_c/acare_msgs/msg/detail/hand_status__type_support.c.o[0m
[ 59%] [32mBuilding CXX object CMakeFiles/acare_msgs__rosidl_typesupport_fastrtps_cpp.dir/rosidl_typesupport_fastrtps_cpp/acare_msgs/msg/detail/dds_fastrtps/state_transition__type_support.cpp.o[0m
[ 60%] [32mBuilding CXX object CMakeFiles/acare_msgs__rosidl_typesupport_introspection_cpp.dir/rosidl_typesupport_introspection_cpp/acare_msgs/msg/detail/gripper_command__type_support.cpp.o[0m
[ 60%] [32mBuilding C object CMakeFiles/acare_msgs__rosidl_typesupport_introspection_c.dir/rosidl_typesupport_introspection_c/acare_msgs/msg/detail/vision_result__type_support.c.o[0m
[ 61%] [32mBuilding CXX object CMakeFiles/acare_msgs__rosidl_typesupport_fastrtps_cpp.dir/rosidl_typesupport_fastrtps_cpp/acare_msgs/msg/detail/dds_fastrtps/intent__type_support.cpp.o[0m
[ 62%] [32mBuilding C object CMakeFiles/acare_msgs__rosidl_typesupport_introspection_c.dir/rosidl_typesupport_introspection_c/acare_msgs/msg/detail/vision_search_request__type_support.c.o[0m
[ 62%] [32mBuilding CXX object CMakeFiles/acare_msgs__rosidl_typesupport_fastrtps_cpp.dir/rosidl_typesupport_fastrtps_cpp/acare_msgs/msg/detail/dds_fastrtps/validated_intent__type_support.cpp.o[0m
[ 63%] [32mBuilding CXX object CMakeFiles/acare_msgs__rosidl_typesupport_introspection_cpp.dir/rosidl_typesupport_introspection_cpp/acare_msgs/msg/detail/log_event__type_support.cpp.o[0m
[ 63%] [32mBuilding CXX object CMakeFiles/acare_msgs__rosidl_typesupport_introspection_cpp.dir/rosidl_typesupport_introspection_cpp/acare_msgs/msg/detail/motion_feedback__type_support.cpp.o[0m
[ 64%] [32mBuilding CXX object CMakeFiles/acare_msgs__rosidl_typesupport_fastrtps_cpp.dir/rosidl_typesupport_fastrtps_cpp/acare_msgs/msg/detail/dds_fastrtps/safety_alert__type_support.cpp.o[0m
[ 64%] [32mBuilding C object CMakeFiles/acare_msgs__rosidl_typesupport_introspection_c.dir/rosidl_typesupport_introspection_c/acare_msgs/msg/detail/arm_command__type_support.c.o[0m
[ 64%] [32mBuilding CXX object CMakeFiles/acare_msgs__rosidl_typesupport_introspection_cpp.dir/rosidl_typesupport_introspection_cpp/acare_msgs/msg/detail/emergency_signal__type_support.cpp.o[0m
[ 65%] [32m[1mLinking CXX shared library libacare_msgs__rosidl_typesupport_cpp.so[0m
[ 66%] [32mBuilding C object CMakeFiles/acare_msgs__rosidl_typesupport_introspection_c.dir/rosidl_typesupport_introspection_c/acare_msgs/msg/detail/gripper_command__type_support.c.o[0m
[ 67%] [32mBuilding CXX object CMakeFiles/acare_msgs__rosidl_typesupport_introspection_cpp.dir/rosidl_typesupport_introspection_cpp/acare_msgs/srv/detail/enrol_staff__type_support.cpp.o[0m
[ 68%] [32mBuilding C object CMakeFiles/acare_msgs__rosidl_typesupport_introspection_c.dir/rosidl_typesupport_introspection_c/acare_msgs/msg/detail/motion_feedback__type_support.c.o[0m
[ 68%] [32mBuilding CXX object CMakeFiles/acare_msgs__rosidl_typesupport_fastrtps_cpp.dir/rosidl_typesupport_fastrtps_cpp/acare_msgs/msg/detail/dds_fastrtps/hand_status__type_support.cpp.o[0m
[ 68%] [32mBuilding C object CMakeFiles/acare_msgs__rosidl_typesupport_introspection_c.dir/rosidl_typesupport_introspection_c/acare_msgs/msg/detail/log_event__type_support.c.o[0m
[ 69%] [32mBuilding CXX object CMakeFiles/acare_msgs__rosidl_typesupport_fastrtps_cpp.dir/rosidl_typesupport_fastrtps_cpp/acare_msgs/msg/detail/dds_fastrtps/auth_result__type_support.cpp.o[0m
[ 70%] [32mBuilding CXX object CMakeFiles/acare_msgs__rosidl_typesupport_fastrtps_cpp.dir/rosidl_typesupport_fastrtps_cpp/acare_msgs/msg/detail/dds_fastrtps/vision_result__type_support.cpp.o[0m
[ 71%] [32mBuilding CXX object CMakeFiles/acare_msgs__rosidl_typesupport_fastrtps_c.dir/rosidl_typesupport_fastrtps_c/acare_msgs/msg/detail/robot_state__type_support_c.cpp.o[0m
[ 71%] Built target acare_msgs__rosidl_typesupport_cpp
[ 72%] [32mBuilding C object CMakeFiles/acare_msgs__rosidl_typesupport_introspection_c.dir/rosidl_typesupport_introspection_c/acare_msgs/msg/detail/emergency_signal__type_support.c.o[0m
[ 72%] [32mBuilding CXX object CMakeFiles/acare_msgs__rosidl_typesupport_fastrtps_cpp.dir/rosidl_typesupport_fastrtps_cpp/acare_msgs/msg/detail/dds_fastrtps/vision_search_request__type_support.cpp.o[0m
[ 72%] [32mBuilding C object CMakeFiles/acare_msgs__rosidl_typesupport_introspection_c.dir/rosidl_typesupport_introspection_c/acare_msgs/srv/detail/enrol_staff__type_support.c.o[0m
[ 73%] [32mBuilding CXX object CMakeFiles/acare_msgs__rosidl_typesupport_fastrtps_cpp.dir/rosidl_typesupport_fastrtps_cpp/acare_msgs/msg/detail/dds_fastrtps/arm_command__type_support.cpp.o[0m
[ 74%] [32m[1mLinking C shared library libacare_msgs__rosidl_typesupport_introspection_c.so[0m
[ 74%] Built target acare_msgs__rosidl_typesupport_introspection_c
[ 74%] [32mBuilding CXX object CMakeFiles/acare_msgs__rosidl_typesupport_fastrtps_c.dir/rosidl_typesupport_fastrtps_c/acare_msgs/msg/detail/state_transition__type_support_c.cpp.o[0m
[ 74%] [32mBuilding CXX object CMakeFiles/acare_msgs__rosidl_typesupport_fastrtps_cpp.dir/rosidl_typesupport_fastrtps_cpp/acare_msgs/msg/detail/dds_fastrtps/gripper_command__type_support.cpp.o[0m
[ 75%] [32mBuilding CXX object CMakeFiles/acare_msgs__rosidl_typesupport_fastrtps_c.dir/rosidl_typesupport_fastrtps_c/acare_msgs/msg/detail/intent__type_support_c.cpp.o[0m
[ 76%] [32mBuilding CXX object CMakeFiles/acare_msgs__rosidl_typesupport_fastrtps_c.dir/rosidl_typesupport_fastrtps_c/acare_msgs/msg/detail/validated_intent__type_support_c.cpp.o[0m
[ 77%] [32mBuilding CXX object CMakeFiles/acare_msgs__rosidl_typesupport_fastrtps_cpp.dir/rosidl_typesupport_fastrtps_cpp/acare_msgs/msg/detail/dds_fastrtps/motion_feedback__type_support.cpp.o[0m
[ 77%] [32mBuilding CXX object CMakeFiles/acare_msgs__rosidl_typesupport_fastrtps_c.dir/rosidl_typesupport_fastrtps_c/acare_msgs/msg/detail/safety_alert__type_support_c.cpp.o[0m
[ 78%] [32mBuilding CXX object CMakeFiles/acare_msgs__rosidl_typesupport_fastrtps_c.dir/rosidl_typesupport_fastrtps_c/acare_msgs/msg/detail/hand_status__type_support_c.cpp.o[0m
[ 79%] [32m[1mLinking CXX shared library libacare_msgs__rosidl_typesupport_introspection_cpp.so[0m
[ 79%] [32mBuilding CXX object CMakeFiles/acare_msgs__rosidl_typesupport_fastrtps_c.dir/rosidl_typesupport_fastrtps_c/acare_msgs/msg/detail/auth_result__type_support_c.cpp.o[0m
[ 80%] [32mBuilding CXX object CMakeFiles/acare_msgs__rosidl_typesupport_fastrtps_c.dir/rosidl_typesupport_fastrtps_c/acare_msgs/msg/detail/vision_result__type_support_c.cpp.o[0m
[ 80%] [32mBuilding CXX object CMakeFiles/acare_msgs__rosidl_typesupport_fastrtps_c.dir/rosidl_typesupport_fastrtps_c/acare_msgs/msg/detail/vision_search_request__type_support_c.cpp.o[0m
[ 80%] [32mBuilding CXX object CMakeFiles/acare_msgs__rosidl_typesupport_fastrtps_cpp.dir/rosidl_typesupport_fastrtps_cpp/acare_msgs/msg/detail/dds_fastrtps/log_event__type_support.cpp.o[0m
[ 80%] Built target acare_msgs__rosidl_typesupport_introspection_cpp
[ 82%] [32mBuilding CXX object CMakeFiles/acare_msgs__rosidl_typesupport_fastrtps_cpp.dir/rosidl_typesupport_fastrtps_cpp/acare_msgs/msg/detail/dds_fastrtps/emergency_signal__type_support.cpp.o[0m
[ 82%] [32mBuilding CXX object CMakeFiles/acare_msgs__rosidl_typesupport_fastrtps_c.dir/rosidl_typesupport_fastrtps_c/acare_msgs/msg/detail/arm_command__type_support_c.cpp.o[0m
[ 83%] [32mBuilding CXX object CMakeFiles/acare_msgs__rosidl_typesupport_fastrtps_c.dir/rosidl_typesupport_fastrtps_c/acare_msgs/msg/detail/gripper_command__type_support_c.cpp.o[0m
[ 83%] [32mBuilding CXX object CMakeFiles/acare_msgs__rosidl_typesupport_fastrtps_c.dir/rosidl_typesupport_fastrtps_c/acare_msgs/msg/detail/motion_feedback__type_support_c.cpp.o[0m
[ 84%] [32mBuilding CXX object CMakeFiles/acare_msgs__rosidl_typesupport_fastrtps_cpp.dir/rosidl_typesupport_fastrtps_cpp/acare_msgs/srv/detail/dds_fastrtps/enrol_staff__type_support.cpp.o[0m
[ 85%] [32mBuilding CXX object CMakeFiles/acare_msgs__rosidl_typesupport_fastrtps_c.dir/rosidl_typesupport_fastrtps_c/acare_msgs/msg/detail/log_event__type_support_c.cpp.o[0m
[ 85%] [32mBuilding CXX object CMakeFiles/acare_msgs__rosidl_typesupport_fastrtps_c.dir/rosidl_typesupport_fastrtps_c/acare_msgs/msg/detail/emergency_signal__type_support_c.cpp.o[0m
[ 86%] [32mBuilding CXX object CMakeFiles/acare_msgs__rosidl_typesupport_fastrtps_c.dir/rosidl_typesupport_fastrtps_c/acare_msgs/srv/detail/enrol_staff__type_support_c.cpp.o[0m
[ 86%] [32m[1mLinking CXX shared library libacare_msgs__rosidl_typesupport_fastrtps_c.so[0m
[ 86%] [32m[1mLinking CXX shared library libacare_msgs__rosidl_typesupport_fastrtps_cpp.so[0m
[ 86%] Built target acare_msgs__rosidl_typesupport_fastrtps_c
[ 86%] Built target acare_msgs__rosidl_typesupport_fastrtps_cpp
[ 86%] Built target acare_msgs
[ 87%] [34m[1mGenerating Python code for ROS interfaces[0m
[ 87%] Built target acare_msgs__py
[ 88%] [32mBuilding C object CMakeFiles/acare_msgs__rosidl_generator_py.dir/rosidl_generator_py/acare_msgs/msg/_intent_s.c.o[0m
[ 88%] [32mBuilding C object CMakeFiles/acare_msgs__rosidl_generator_py.dir/rosidl_generator_py/acare_msgs/msg/_state_transition_s.c.o[0m
[ 88%] [32mBuilding C object CMakeFiles/acare_msgs__rosidl_generator_py.dir/rosidl_generator_py/acare_msgs/msg/_robot_state_s.c.o[0m
[ 89%] [32mBuilding C object CMakeFiles/acare_msgs__rosidl_generator_py.dir/rosidl_generator_py/acare_msgs/msg/_validated_intent_s.c.o[0m
[ 89%] [32mBuilding C object CMakeFiles/acare_msgs__rosidl_generator_py.dir/rosidl_generator_py/acare_msgs/msg/_vision_result_s.c.o[0m
[ 90%] [32mBuilding C object CMakeFiles/acare_msgs__rosidl_generator_py.dir/rosidl_generator_py/acare_msgs/msg/_hand_status_s.c.o[0m
[ 91%] [32mBuilding C object CMakeFiles/acare_msgs__rosidl_generator_py.dir/rosidl_generator_py/acare_msgs/msg/_vision_search_request_s.c.o[0m
[ 91%] [32mBuilding C object CMakeFiles/acare_msgs__rosidl_generator_py.dir/rosidl_generator_py/acare_msgs/msg/_safety_alert_s.c.o[0m
[ 92%] [32mBuilding C object CMakeFiles/acare_msgs__rosidl_generator_py.dir/rosidl_generator_py/acare_msgs/msg/_gripper_command_s.c.o[0m
[ 93%] [32mBuilding C object CMakeFiles/acare_msgs__rosidl_generator_py.dir/rosidl_generator_py/acare_msgs/msg/_auth_result_s.c.o[0m
[ 93%] [32mBuilding C object CMakeFiles/acare_msgs__rosidl_generator_py.dir/rosidl_generator_py/acare_msgs/msg/_arm_command_s.c.o[0m
[ 95%] [32mBuilding C object CMakeFiles/acare_msgs__rosidl_generator_py.dir/rosidl_generator_py/acare_msgs/msg/_log_event_s.c.o[0m
[ 95%] [32mBuilding C object CMakeFiles/acare_msgs__rosidl_generator_py.dir/rosidl_generator_py/acare_msgs/msg/_emergency_signal_s.c.o[0m
[ 95%] [32mBuilding C object CMakeFiles/acare_msgs__rosidl_generator_py.dir/rosidl_generator_py/acare_msgs/msg/_motion_feedback_s.c.o[0m
[ 95%] [32mBuilding C object CMakeFiles/acare_msgs__rosidl_generator_py.dir/rosidl_generator_py/acare_msgs/srv/_enrol_staff_s.c.o[0m
[ 96%] [32m[1mLinking C shared library libacare_msgs__rosidl_generator_py.so[0m
[ 96%] Built target acare_msgs__rosidl_generator_py
[ 97%] [32mBuilding C object CMakeFiles/acare_msgs_s__rosidl_typesupport_c.dir/rosidl_generator_py/acare_msgs/_acare_msgs_s.ep.rosidl_typesupport_c.c.o[0m
[ 98%] [32mBuilding C object CMakeFiles/acare_msgs_s__rosidl_typesupport_introspection_c.dir/rosidl_generator_py/acare_msgs/_acare_msgs_s.ep.rosidl_typesupport_introspection_c.c.o[0m
[ 99%] [32mBuilding C object CMakeFiles/acare_msgs_s__rosidl_typesupport_fastrtps_c.dir/rosidl_generator_py/acare_msgs/_acare_msgs_s.ep.rosidl_typesupport_fastrtps_c.c.o[0m
[100%] [32m[1mLinking C shared module rosidl_generator_py/acare_msgs/acare_msgs_s__rosidl_typesupport_introspection_c.so[0m
[100%] [32m[1mLinking C shared module rosidl_generator_py/acare_msgs/acare_msgs_s__rosidl_typesupport_c.so[0m
[100%] [32m[1mLinking C shared module rosidl_generator_py/acare_msgs/acare_msgs_s__rosidl_typesupport_fastrtps_c.so[0m
[100%] Built target acare_msgs_s__rosidl_typesupport_introspection_c
[100%] Built target acare_msgs_s__rosidl_typesupport_c
[100%] Built target acare_msgs_s__rosidl_typesupport_fastrtps_c
-- Install configuration: ""
-- Execute custom install script
-- Symlinking: /home/shreevanth-m/acare_demo_ws/src/acaresim_final/acaresim/install/acare_msgs/share/ament_index/resource_index/rosidl_interfaces/acare_msgs
-- Symlinking: /home/shreevanth-m/acare_demo_ws/src/acaresim_final/acaresim/install/acare_msgs/share/acare_msgs/msg/RobotState.json
-- Symlinking: /home/shreevanth-m/acare_demo_ws/src/acaresim_final/acaresim/install/acare_msgs/share/acare_msgs/msg/StateTransition.json
-- Symlinking: /home/shreevanth-m/acare_demo_ws/src/acaresim_final/acaresim/install/acare_msgs/share/acare_msgs/msg/Intent.json
-- Symlinking: /home/shreevanth-m/acare_demo_ws/src/acaresim_final/acaresim/install/acare_msgs/share/acare_msgs/msg/ValidatedIntent.json
-- Symlinking: /home/shreevanth-m/acare_demo_ws/src/acaresim_final/acaresim/install/acare_msgs/share/acare_msgs/msg/SafetyAlert.json
-- Symlinking: /home/shreevanth-m/acare_demo_ws/src/acaresim_final/acaresim/install/acare_msgs/share/acare_msgs/msg/HandStatus.json
-- Symlinking: /home/shreevanth-m/acare_demo_ws/src/acaresim_final/acaresim/install/acare_msgs/share/acare_msgs/msg/AuthResult.json
-- Symlinking: /home/shreevanth-m/acare_demo_ws/src/acaresim_final/acaresim/install/acare_msgs/share/acare_msgs/msg/VisionResult.json
-- Symlinking: /home/shreevanth-m/acare_demo_ws/src/acaresim_final/acaresim/install/acare_msgs/share/acare_msgs/msg/VisionSearchRequest.json
-- Symlinking: /home/shreevanth-m/acare_demo_ws/src/acaresim_final/acaresim/install/acare_msgs/share/acare_msgs/msg/ArmCommand.json
-- Symlinking: /home/shreevanth-m/acare_demo_ws/src/acaresim_final/acaresim/install/acare_msgs/share/acare_msgs/msg/GripperCommand.json
-- Symlinking: /home/shreevanth-m/acare_demo_ws/src/acaresim_final/acaresim/install/acare_msgs/share/acare_msgs/msg/MotionFeedback.json
-- Symlinking: /home/shreevanth-m/acare_demo_ws/src/acaresim_final/acaresim/install/acare_msgs/share/acare_msgs/msg/LogEvent.json
-- Symlinking: /home/shreevanth-m/acare_demo_ws/src/acaresim_final/acaresim/install/acare_msgs/share/acare_msgs/msg/EmergencySignal.json
-- Symlinking: /home/shreevanth-m/acare_demo_ws/src/acaresim_final/acaresim/install/acare_msgs/share/acare_msgs/srv/EnrolStaff.json
-- Symlinking: /home/shreevanth-m/acare_demo_ws/src/acaresim_final/acaresim/install/acare_msgs/include/acare_msgs/acare_msgs/msg/arm_command.h
-- Symlinking: /home/shreevanth-m/acare_demo_ws/src/acaresim_final/acaresim/install/acare_msgs/include/acare_msgs/acare_msgs/msg/auth_result.h
-- Symlinking: /home/shreevanth-m/acare_demo_ws/src/acaresim_final/acaresim/install/acare_msgs/include/acare_msgs/acare_msgs/msg/detail/arm_command__functions.h
-- Symlinking: /home/shreevanth-m/acare_demo_ws/src/acaresim_final/acaresim/install/acare_msgs/include/acare_msgs/acare_msgs/msg/detail/arm_command__struct.h
-- Symlinking: /home/shreevanth-m/acare_demo_ws/src/acaresim_final/acaresim/install/acare_msgs/include/acare_msgs/acare_msgs/msg/detail/arm_command__type_support.h
-- Symlinking: /home/shreevanth-m/acare_demo_ws/src/acaresim_final/acaresim/install/acare_msgs/include/acare_msgs/acare_msgs/msg/detail/auth_result__functions.h
-- Symlinking: /home/shreevanth-m/acare_demo_ws/src/acaresim_final/acaresim/install/acare_msgs/include/acare_msgs/acare_msgs/msg/detail/auth_result__struct.h
-- Symlinking: /home/shreevanth-m/acare_demo_ws/src/acaresim_final/acaresim/install/acare_msgs/include/acare_msgs/acare_msgs/msg/detail/auth_result__type_support.h
-- Symlinking: /home/shreevanth-m/acare_demo_ws/src/acaresim_final/acaresim/install/acare_msgs/include/acare_msgs/acare_msgs/msg/detail/emergency_signal__functions.h
-- Symlinking: /home/shreevanth-m/acare_demo_ws/src/acaresim_final/acaresim/install/acare_msgs/include/acare_msgs/acare_msgs/msg/detail/emergency_signal__struct.h
-- Symlinking: /home/shreevanth-m/acare_demo_ws/src/acaresim_final/acaresim/install/acare_msgs/include/acare_msgs/acare_msgs/msg/detail/emergency_signal__type_support.h
-- Symlinking: /home/shreevanth-m/acare_demo_ws/src/acaresim_final/acaresim/install/acare_msgs/include/acare_msgs/acare_msgs/msg/detail/gripper_command__functions.h
-- Symlinking: /home/shreevanth-m/acare_demo_ws/src/acaresim_final/acaresim/install/acare_msgs/include/acare_msgs/acare_msgs/msg/detail/gripper_command__struct.h
-- Symlinking: /home/shreevanth-m/acare_demo_ws/src/acaresim_final/acaresim/install/acare_msgs/include/acare_msgs/acare_msgs/msg/detail/gripper_command__type_support.h
-- Symlinking: /home/shreevanth-m/acare_demo_ws/src/acaresim_final/acaresim/install/acare_msgs/include/acare_msgs/acare_msgs/msg/detail/hand_status__functions.h
-- Symlinking: /home/shreevanth-m/acare_demo_ws/src/acaresim_final/acaresim/install/acare_msgs/include/acare_msgs/acare_msgs/msg/detail/hand_status__struct.h
-- Symlinking: /home/shreevanth-m/acare_demo_ws/src/acaresim_final/acaresim/install/acare_msgs/include/acare_msgs/acare_msgs/msg/detail/hand_status__type_support.h
-- Symlinking: /home/shreevanth-m/acare_demo_ws/src/acaresim_final/acaresim/install/acare_msgs/include/acare_msgs/acare_msgs/msg/detail/intent__functions.h
-- Symlinking: /home/shreevanth-m/acare_demo_ws/src/acaresim_final/acaresim/install/acare_msgs/include/acare_msgs/acare_msgs/msg/detail/intent__struct.h
-- Symlinking: /home/shreevanth-m/acare_demo_ws/src/acaresim_final/acaresim/install/acare_msgs/include/acare_msgs/acare_msgs/msg/detail/intent__type_support.h
-- Symlinking: /home/shreevanth-m/acare_demo_ws/src/acaresim_final/acaresim/install/acare_msgs/include/acare_msgs/acare_msgs/msg/detail/log_event__functions.h
-- Symlinking: /home/shreevanth-m/acare_demo_ws/src/acaresim_final/acaresim/install/acare_msgs/include/acare_msgs/acare_msgs/msg/detail/log_event__struct.h
-- Symlinking: /home/shreevanth-m/acare_demo_ws/src/acaresim_final/acaresim/install/acare_msgs/include/acare_msgs/acare_msgs/msg/detail/log_event__type_support.h
-- Symlinking: /home/shreevanth-m/acare_demo_ws/src/acaresim_final/acaresim/install/acare_msgs/include/acare_msgs/acare_msgs/msg/detail/motion_feedback__functions.h
-- Symlinking: /home/shreevanth-m/acare_demo_ws/src/acaresim_final/acaresim/install/acare_msgs/include/acare_msgs/acare_msgs/msg/detail/motion_feedback__struct.h
-- Symlinking: /home/shreevanth-m/acare_demo_ws/src/acaresim_final/acaresim/install/acare_msgs/include/acare_msgs/acare_msgs/msg/detail/motion_feedback__type_support.h
-- Symlinking: /home/shreevanth-m/acare_demo_ws/src/acaresim_final/acaresim/install/acare_msgs/include/acare_msgs/acare_msgs/msg/detail/robot_state__functions.h
-- Symlinking: /home/shreevanth-m/acare_demo_ws/src/acaresim_final/acaresim/install/acare_msgs/include/acare_msgs/acare_msgs/msg/detail/robot_state__struct.h
-- Symlinking: /home/shreevanth-m/acare_demo_ws/src/acaresim_final/acaresim/install/acare_msgs/include/acare_msgs/acare_msgs/msg/detail/robot_state__type_support.h
-- Symlinking: /home/shreevanth-m/acare_demo_ws/src/acaresim_final/acaresim/install/acare_msgs/include/acare_msgs/acare_msgs/msg/detail/safety_alert__functions.h
-- Symlinking: /home/shreevanth-m/acare_demo_ws/src/acaresim_final/acaresim/install/acare_msgs/include/acare_msgs/acare_msgs/msg/detail/safety_alert__struct.h
-- Symlinking: /home/shreevanth-m/acare_demo_ws/src/acaresim_final/acaresim/install/acare_msgs/include/acare_msgs/acare_msgs/msg/detail/safety_alert__type_support.h
-- Symlinking: /home/shreevanth-m/acare_demo_ws/src/acaresim_final/acaresim/install/acare_msgs/include/acare_msgs/acare_msgs/msg/detail/state_transition__functions.h
-- Symlinking: /home/shreevanth-m/acare_demo_ws/src/acaresim_final/acaresim/install/acare_msgs/include/acare_msgs/acare_msgs/msg/detail/state_transition__struct.h
-- Symlinking: /home/shreevanth-m/acare_demo_ws/src/acaresim_final/acaresim/install/acare_msgs/include/acare_msgs/acare_msgs/msg/detail/state_transition__type_support.h
-- Symlinking: /home/shreevanth-m/acare_demo_ws/src/acaresim_final/acaresim/install/acare_msgs/include/acare_msgs/acare_msgs/msg/detail/validated_intent__functions.h
-- Symlinking: /home/shreevanth-m/acare_demo_ws/src/acaresim_final/acaresim/install/acare_msgs/include/acare_msgs/acare_msgs/msg/detail/validated_intent__struct.h
-- Symlinking: /home/shreevanth-m/acare_demo_ws/src/acaresim_final/acaresim/install/acare_msgs/include/acare_msgs/acare_msgs/msg/detail/validated_intent__type_support.h
-- Symlinking: /home/shreevanth-m/acare_demo_ws/src/acaresim_final/acaresim/install/acare_msgs/include/acare_msgs/acare_msgs/msg/detail/vision_result__functions.h
-- Symlinking: /home/shreevanth-m/acare_demo_ws/src/acaresim_final/acaresim/install/acare_msgs/include/acare_msgs/acare_msgs/msg/detail/vision_result__struct.h
-- Symlinking: /home/shreevanth-m/acare_demo_ws/src/acaresim_final/acaresim/install/acare_msgs/include/acare_msgs/acare_msgs/msg/detail/vision_result__type_support.h
-- Symlinking: /home/shreevanth-m/acare_demo_ws/src/acaresim_final/acaresim/install/acare_msgs/include/acare_msgs/acare_msgs/msg/detail/vision_search_request__functions.h
-- Symlinking: /home/shreevanth-m/acare_demo_ws/src/acaresim_final/acaresim/install/acare_msgs/include/acare_msgs/acare_msgs/msg/detail/vision_search_request__struct.h
-- Symlinking: /home/shreevanth-m/acare_demo_ws/src/acaresim_final/acaresim/install/acare_msgs/include/acare_msgs/acare_msgs/msg/detail/vision_search_request__type_support.h
-- Symlinking: /home/shreevanth-m/acare_demo_ws/src/acaresim_final/acaresim/install/acare_msgs/include/acare_msgs/acare_msgs/msg/emergency_signal.h
-- Symlinking: /home/shreevanth-m/acare_demo_ws/src/acaresim_final/acaresim/install/acare_msgs/include/acare_msgs/acare_msgs/msg/gripper_command.h
-- Symlinking: /home/shreevanth-m/acare_demo_ws/src/acaresim_final/acaresim/install/acare_msgs/include/acare_msgs/acare_msgs/msg/hand_status.h
-- Symlinking: /home/shreevanth-m/acare_demo_ws/src/acaresim_final/acaresim/install/acare_msgs/include/acare_msgs/acare_msgs/msg/intent.h
-- Symlinking: /home/shreevanth-m/acare_demo_ws/src/acaresim_final/acaresim/install/acare_msgs/include/acare_msgs/acare_msgs/msg/log_event.h
-- Symlinking: /home/shreevanth-m/acare_demo_ws/src/acaresim_final/acaresim/install/acare_msgs/include/acare_msgs/acare_msgs/msg/motion_feedback.h
-- Symlinking: /home/shreevanth-m/acare_demo_ws/src/acaresim_final/acaresim/install/acare_msgs/include/acare_msgs/acare_msgs/msg/robot_state.h
-- Symlinking: /home/shreevanth-m/acare_demo_ws/src/acaresim_final/acaresim/install/acare_msgs/include/acare_msgs/acare_msgs/msg/rosidl_generator_c__visibility_control.h
-- Symlinking: /home/shreevanth-m/acare_demo_ws/src/acaresim_final/acaresim/install/acare_msgs/include/acare_msgs/acare_msgs/msg/safety_alert.h
-- Symlinking: /home/shreevanth-m/acare_demo_ws/src/acaresim_final/acaresim/install/acare_msgs/include/acare_msgs/acare_msgs/msg/state_transition.h
-- Symlinking: /home/shreevanth-m/acare_demo_ws/src/acaresim_final/acaresim/install/acare_msgs/include/acare_msgs/acare_msgs/msg/validated_intent.h
-- Symlinking: /home/shreevanth-m/acare_demo_ws/src/acaresim_final/acaresim/install/acare_msgs/include/acare_msgs/acare_msgs/msg/vision_result.h
-- Symlinking: /home/shreevanth-m/acare_demo_ws/src/acaresim_final/acaresim/install/acare_msgs/include/acare_msgs/acare_msgs/msg/vision_search_request.h
-- Symlinking: /home/shreevanth-m/acare_demo_ws/src/acaresim_final/acaresim/install/acare_msgs/include/acare_msgs/acare_msgs/srv/detail/enrol_staff__functions.h
-- Symlinking: /home/shreevanth-m/acare_demo_ws/src/acaresim_final/acaresim/install/acare_msgs/include/acare_msgs/acare_msgs/srv/detail/enrol_staff__struct.h
-- Symlinking: /home/shreevanth-m/acare_demo_ws/src/acaresim_final/acaresim/install/acare_msgs/include/acare_msgs/acare_msgs/srv/detail/enrol_staff__type_support.h
-- Symlinking: /home/shreevanth-m/acare_demo_ws/src/acaresim_final/acaresim/install/acare_msgs/include/acare_msgs/acare_msgs/srv/enrol_staff.h
-- Symlinking: /home/shreevanth-m/acare_demo_ws/src/acaresim_final/acaresim/install/acare_msgs/share/acare_msgs/environment/library_path.sh
-- Symlinking: /home/shreevanth-m/acare_demo_ws/src/acaresim_final/acaresim/install/acare_msgs/share/acare_msgs/environment/library_path.dsv
-- Symlinking: /home/shreevanth-m/acare_demo_ws/src/acaresim_final/acaresim/install/acare_msgs/include/acare_msgs/acare_msgs/msg/detail/arm_command__rosidl_typesupport_fastrtps_c.h
-- Symlinking: /home/shreevanth-m/acare_demo_ws/src/acaresim_final/acaresim/install/acare_msgs/include/acare_msgs/acare_msgs/msg/detail/auth_result__rosidl_typesupport_fastrtps_c.h
-- Symlinking: /home/shreevanth-m/acare_demo_ws/src/acaresim_final/acaresim/install/acare_msgs/include/acare_msgs/acare_msgs/msg/detail/emergency_signal__rosidl_typesupport_fastrtps_c.h
-- Symlinking: /home/shreevanth-m/acare_demo_ws/src/acaresim_final/acaresim/install/acare_msgs/include/acare_msgs/acare_msgs/msg/detail/gripper_command__rosidl_typesupport_fastrtps_c.h
-- Symlinking: /home/shreevanth-m/acare_demo_ws/src/acaresim_final/acaresim/install/acare_msgs/include/acare_msgs/acare_msgs/msg/detail/hand_status__rosidl_typesupport_fastrtps_c.h
-- Symlinking: /home/shreevanth-m/acare_demo_ws/src/acaresim_final/acaresim/install/acare_msgs/include/acare_msgs/acare_msgs/msg/detail/intent__rosidl_typesupport_fastrtps_c.h
-- Symlinking: /home/shreevanth-m/acare_demo_ws/src/acaresim_final/acaresim/install/acare_msgs/include/acare_msgs/acare_msgs/msg/detail/log_event__rosidl_typesupport_fastrtps_c.h
-- Symlinking: /home/shreevanth-m/acare_demo_ws/src/acaresim_final/acaresim/install/acare_msgs/include/acare_msgs/acare_msgs/msg/detail/motion_feedback__rosidl_typesupport_fastrtps_c.h
-- Symlinking: /home/shreevanth-m/acare_demo_ws/src/acaresim_final/acaresim/install/acare_msgs/include/acare_msgs/acare_msgs/msg/detail/robot_state__rosidl_typesupport_fastrtps_c.h
-- Symlinking: /home/shreevanth-m/acare_demo_ws/src/acaresim_final/acaresim/install/acare_msgs/include/acare_msgs/acare_msgs/msg/detail/safety_alert__rosidl_typesupport_fastrtps_c.h
-- Symlinking: /home/shreevanth-m/acare_demo_ws/src/acaresim_final/acaresim/install/acare_msgs/include/acare_msgs/acare_msgs/msg/detail/state_transition__rosidl_typesupport_fastrtps_c.h
-- Symlinking: /home/shreevanth-m/acare_demo_ws/src/acaresim_final/acaresim/install/acare_msgs/include/acare_msgs/acare_msgs/msg/detail/validated_intent__rosidl_typesupport_fastrtps_c.h
-- Symlinking: /home/shreevanth-m/acare_demo_ws/src/acaresim_final/acaresim/install/acare_msgs/include/acare_msgs/acare_msgs/msg/detail/vision_result__rosidl_typesupport_fastrtps_c.h
-- Symlinking: /home/shreevanth-m/acare_demo_ws/src/acaresim_final/acaresim/install/acare_msgs/include/acare_msgs/acare_msgs/msg/detail/vision_search_request__rosidl_typesupport_fastrtps_c.h
-- Symlinking: /home/shreevanth-m/acare_demo_ws/src/acaresim_final/acaresim/install/acare_msgs/include/acare_msgs/acare_msgs/msg/rosidl_typesupport_fastrtps_c__visibility_control.h
-- Symlinking: /home/shreevanth-m/acare_demo_ws/src/acaresim_final/acaresim/install/acare_msgs/include/acare_msgs/acare_msgs/srv/detail/enrol_staff__rosidl_typesupport_fastrtps_c.h
-- Symlinking: /home/shreevanth-m/acare_demo_ws/src/acaresim_final/acaresim/install/acare_msgs/include/acare_msgs/acare_msgs/msg/detail/arm_command__rosidl_typesupport_introspection_c.h
-- Symlinking: /home/shreevanth-m/acare_demo_ws/src/acaresim_final/acaresim/install/acare_msgs/include/acare_msgs/acare_msgs/msg/detail/auth_result__rosidl_typesupport_introspection_c.h
-- Symlinking: /home/shreevanth-m/acare_demo_ws/src/acaresim_final/acaresim/install/acare_msgs/include/acare_msgs/acare_msgs/msg/detail/emergency_signal__rosidl_typesupport_introspection_c.h
-- Symlinking: /home/shreevanth-m/acare_demo_ws/src/acaresim_final/acaresim/install/acare_msgs/include/acare_msgs/acare_msgs/msg/detail/gripper_command__rosidl_typesupport_introspection_c.h
-- Symlinking: /home/shreevanth-m/acare_demo_ws/src/acaresim_final/acaresim/install/acare_msgs/include/acare_msgs/acare_msgs/msg/detail/hand_status__rosidl_typesupport_introspection_c.h
-- Symlinking: /home/shreevanth-m/acare_demo_ws/src/acaresim_final/acaresim/install/acare_msgs/include/acare_msgs/acare_msgs/msg/detail/intent__rosidl_typesupport_introspection_c.h
-- Symlinking: /home/shreevanth-m/acare_demo_ws/src/acaresim_final/acaresim/install/acare_msgs/include/acare_msgs/acare_msgs/msg/detail/log_event__rosidl_typesupport_introspection_c.h
-- Symlinking: /home/shreevanth-m/acare_demo_ws/src/acaresim_final/acaresim/install/acare_msgs/include/acare_msgs/acare_msgs/msg/detail/motion_feedback__rosidl_typesupport_introspection_c.h
-- Symlinking: /home/shreevanth-m/acare_demo_ws/src/acaresim_final/acaresim/install/acare_msgs/include/acare_msgs/acare_msgs/msg/detail/robot_state__rosidl_typesupport_introspection_c.h
-- Symlinking: /home/shreevanth-m/acare_demo_ws/src/acaresim_final/acaresim/install/acare_msgs/include/acare_msgs/acare_msgs/msg/detail/safety_alert__rosidl_typesupport_introspection_c.h
-- Symlinking: /home/shreevanth-m/acare_demo_ws/src/acaresim_final/acaresim/install/acare_msgs/include/acare_msgs/acare_msgs/msg/detail/state_transition__rosidl_typesupport_introspection_c.h
-- Symlinking: /home/shreevanth-m/acare_demo_ws/src/acaresim_final/acaresim/install/acare_msgs/include/acare_msgs/acare_msgs/msg/detail/validated_intent__rosidl_typesupport_introspection_c.h
-- Symlinking: /home/shreevanth-m/acare_demo_ws/src/acaresim_final/acaresim/install/acare_msgs/include/acare_msgs/acare_msgs/msg/detail/vision_result__rosidl_typesupport_introspection_c.h
-- Symlinking: /home/shreevanth-m/acare_demo_ws/src/acaresim_final/acaresim/install/acare_msgs/include/acare_msgs/acare_msgs/msg/detail/vision_search_request__rosidl_typesupport_introspection_c.h
-- Symlinking: /home/shreevanth-m/acare_demo_ws/src/acaresim_final/acaresim/install/acare_msgs/include/acare_msgs/acare_msgs/msg/rosidl_typesupport_introspection_c__visibility_control.h
-- Symlinking: /home/shreevanth-m/acare_demo_ws/src/acaresim_final/acaresim/install/acare_msgs/include/acare_msgs/acare_msgs/srv/detail/enrol_staff__rosidl_typesupport_introspection_c.h
-- Symlinking: /home/shreevanth-m/acare_demo_ws/src/acaresim_final/acaresim/install/acare_msgs/include/acare_msgs/acare_msgs/msg/arm_command.hpp
-- Symlinking: /home/shreevanth-m/acare_demo_ws/src/acaresim_final/acaresim/install/acare_msgs/include/acare_msgs/acare_msgs/msg/auth_result.hpp
-- Symlinking: /home/shreevanth-m/acare_demo_ws/src/acaresim_final/acaresim/install/acare_msgs/include/acare_msgs/acare_msgs/msg/detail/arm_command__builder.hpp
-- Symlinking: /home/shreevanth-m/acare_demo_ws/src/acaresim_final/acaresim/install/acare_msgs/include/acare_msgs/acare_msgs/msg/detail/arm_command__struct.hpp
-- Symlinking: /home/shreevanth-m/acare_demo_ws/src/acaresim_final/acaresim/install/acare_msgs/include/acare_msgs/acare_msgs/msg/detail/arm_command__traits.hpp
-- Symlinking: /home/shreevanth-m/acare_demo_ws/src/acaresim_final/acaresim/install/acare_msgs/include/acare_msgs/acare_msgs/msg/detail/arm_command__type_support.hpp
-- Symlinking: /home/shreevanth-m/acare_demo_ws/src/acaresim_final/acaresim/install/acare_msgs/include/acare_msgs/acare_msgs/msg/detail/auth_result__builder.hpp
-- Symlinking: /home/shreevanth-m/acare_demo_ws/src/acaresim_final/acaresim/install/acare_msgs/include/acare_msgs/acare_msgs/msg/detail/auth_result__struct.hpp
-- Symlinking: /home/shreevanth-m/acare_demo_ws/src/acaresim_final/acaresim/install/acare_msgs/include/acare_msgs/acare_msgs/msg/detail/auth_result__traits.hpp
-- Symlinking: /home/shreevanth-m/acare_demo_ws/src/acaresim_final/acaresim/install/acare_msgs/include/acare_msgs/acare_msgs/msg/detail/auth_result__type_support.hpp
-- Symlinking: /home/shreevanth-m/acare_demo_ws/src/acaresim_final/acaresim/install/acare_msgs/include/acare_msgs/acare_msgs/msg/detail/emergency_signal__builder.hpp
-- Symlinking: /home/shreevanth-m/acare_demo_ws/src/acaresim_final/acaresim/install/acare_msgs/include/acare_msgs/acare_msgs/msg/detail/emergency_signal__struct.hpp
-- Symlinking: /home/shreevanth-m/acare_demo_ws/src/acaresim_final/acaresim/install/acare_msgs/include/acare_msgs/acare_msgs/msg/detail/emergency_signal__traits.hpp
-- Symlinking: /home/shreevanth-m/acare_demo_ws/src/acaresim_final/acaresim/install/acare_msgs/include/acare_msgs/acare_msgs/msg/detail/emergency_signal__type_support.hpp
-- Symlinking: /home/shreevanth-m/acare_demo_ws/src/acaresim_final/acaresim/install/acare_msgs/include/acare_msgs/acare_msgs/msg/detail/gripper_command__builder.hpp
-- Symlinking: /home/shreevanth-m/acare_demo_ws/src/acaresim_final/acaresim/install/acare_msgs/include/acare_msgs/acare_msgs/msg/detail/gripper_command__struct.hpp
-- Symlinking: /home/shreevanth-m/acare_demo_ws/src/acaresim_final/acaresim/install/acare_msgs/include/acare_msgs/acare_msgs/msg/detail/gripper_command__traits.hpp
-- Symlinking: /home/shreevanth-m/acare_demo_ws/src/acaresim_final/acaresim/install/acare_msgs/include/acare_msgs/acare_msgs/msg/detail/gripper_command__type_support.hpp
-- Symlinking: /home/shreevanth-m/acare_demo_ws/src/acaresim_final/acaresim/install/acare_msgs/include/acare_msgs/acare_msgs/msg/detail/hand_status__builder.hpp
-- Symlinking: /home/shreevanth-m/acare_demo_ws/src/acaresim_final/acaresim/install/acare_msgs/include/acare_msgs/acare_msgs/msg/detail/hand_status__struct.hpp
-- Symlinking: /home/shreevanth-m/acare_demo_ws/src/acaresim_final/acaresim/install/acare_msgs/include/acare_msgs/acare_msgs/msg/detail/hand_status__traits.hpp
-- Symlinking: /home/shreevanth-m/acare_demo_ws/src/acaresim_final/acaresim/install/acare_msgs/include/acare_msgs/acare_msgs/msg/detail/hand_status__type_support.hpp
-- Symlinking: /home/shreevanth-m/acare_demo_ws/src/acaresim_final/acaresim/install/acare_msgs/include/acare_msgs/acare_msgs/msg/detail/intent__builder.hpp
-- Symlinking: /home/shreevanth-m/acare_demo_ws/src/acaresim_final/acaresim/install/acare_msgs/include/acare_msgs/acare_msgs/msg/detail/intent__struct.hpp
-- Symlinking: /home/shreevanth-m/acare_demo_ws/src/acaresim_final/acaresim/install/acare_msgs/include/acare_msgs/acare_msgs/msg/detail/intent__traits.hpp
-- Symlinking: /home/shreevanth-m/acare_demo_ws/src/acaresim_final/acaresim/install/acare_msgs/include/acare_msgs/acare_msgs/msg/detail/intent__type_support.hpp
-- Symlinking: /home/shreevanth-m/acare_demo_ws/src/acaresim_final/acaresim/install/acare_msgs/include/acare_msgs/acare_msgs/msg/detail/log_event__builder.hpp
-- Symlinking: /home/shreevanth-m/acare_demo_ws/src/acaresim_final/acaresim/install/acare_msgs/include/acare_msgs/acare_msgs/msg/detail/log_event__struct.hpp
-- Symlinking: /home/shreevanth-m/acare_demo_ws/src/acaresim_final/acaresim/install/acare_msgs/include/acare_msgs/acare_msgs/msg/detail/log_event__traits.hpp
-- Symlinking: /home/shreevanth-m/acare_demo_ws/src/acaresim_final/acaresim/install/acare_msgs/include/acare_msgs/acare_msgs/msg/detail/log_event__type_support.hpp
-- Symlinking: /home/shreevanth-m/acare_demo_ws/src/acaresim_final/acaresim/install/acare_msgs/include/acare_msgs/acare_msgs/msg/detail/motion_feedback__builder.hpp
-- Symlinking: /home/shreevanth-m/acare_demo_ws/src/acaresim_final/acaresim/install/acare_msgs/include/acare_msgs/acare_msgs/msg/detail/motion_feedback__struct.hpp
-- Symlinking: /home/shreevanth-m/acare_demo_ws/src/acaresim_final/acaresim/install/acare_msgs/include/acare_msgs/acare_msgs/msg/detail/motion_feedback__traits.hpp
-- Symlinking: /home/shreevanth-m/acare_demo_ws/src/acaresim_final/acaresim/install/acare_msgs/include/acare_msgs/acare_msgs/msg/detail/motion_feedback__type_support.hpp
-- Symlinking: /home/shreevanth-m/acare_demo_ws/src/acaresim_final/acaresim/install/acare_msgs/include/acare_msgs/acare_msgs/msg/detail/robot_state__builder.hpp
-- Symlinking: /home/shreevanth-m/acare_demo_ws/src/acaresim_final/acaresim/install/acare_msgs/include/acare_msgs/acare_msgs/msg/detail/robot_state__struct.hpp
-- Symlinking: /home/shreevanth-m/acare_demo_ws/src/acaresim_final/acaresim/install/acare_msgs/include/acare_msgs/acare_msgs/msg/detail/robot_state__traits.hpp
-- Symlinking: /home/shreevanth-m/acare_demo_ws/src/acaresim_final/acaresim/install/acare_msgs/include/acare_msgs/acare_msgs/msg/detail/robot_state__type_support.hpp
-- Symlinking: /home/shreevanth-m/acare_demo_ws/src/acaresim_final/acaresim/install/acare_msgs/include/acare_msgs/acare_msgs/msg/detail/safety_alert__builder.hpp
-- Symlinking: /home/shreevanth-m/acare_demo_ws/src/acaresim_final/acaresim/install/acare_msgs/include/acare_msgs/acare_msgs/msg/detail/safety_alert__struct.hpp
-- Symlinking: /home/shreevanth-m/acare_demo_ws/src/acaresim_final/acaresim/install/acare_msgs/include/acare_msgs/acare_msgs/msg/detail/safety_alert__traits.hpp
-- Symlinking: /home/shreevanth-m/acare_demo_ws/src/acaresim_final/acaresim/install/acare_msgs/include/acare_msgs/acare_msgs/msg/detail/safety_alert__type_support.hpp
-- Symlinking: /home/shreevanth-m/acare_demo_ws/src/acaresim_final/acaresim/install/acare_msgs/include/acare_msgs/acare_msgs/msg/detail/state_transition__builder.hpp
-- Symlinking: /home/shreevanth-m/acare_demo_ws/src/acaresim_final/acaresim/install/acare_msgs/include/acare_msgs/acare_msgs/msg/detail/state_transition__struct.hpp
-- Symlinking: /home/shreevanth-m/acare_demo_ws/src/acaresim_final/acaresim/install/acare_msgs/include/acare_msgs/acare_msgs/msg/detail/state_transition__traits.hpp
-- Symlinking: /home/shreevanth-m/acare_demo_ws/src/acaresim_final/acaresim/install/acare_msgs/include/acare_msgs/acare_msgs/msg/detail/state_transition__type_support.hpp
-- Symlinking: /home/shreevanth-m/acare_demo_ws/src/acaresim_final/acaresim/install/acare_msgs/include/acare_msgs/acare_msgs/msg/detail/validated_intent__builder.hpp
-- Symlinking: /home/shreevanth-m/acare_demo_ws/src/acaresim_final/acaresim/install/acare_msgs/include/acare_msgs/acare_msgs/msg/detail/validated_intent__struct.hpp
-- Symlinking: /home/shreevanth-m/acare_demo_ws/src/acaresim_final/acaresim/install/acare_msgs/include/acare_msgs/acare_msgs/msg/detail/validated_intent__traits.hpp
-- Symlinking: /home/shreevanth-m/acare_demo_ws/src/acaresim_final/acaresim/install/acare_msgs/include/acare_msgs/acare_msgs/msg/detail/validated_intent__type_support.hpp
-- Symlinking: /home/shreevanth-m/acare_demo_ws/src/acaresim_final/acaresim/install/acare_msgs/include/acare_msgs/acare_msgs/msg/detail/vision_result__builder.hpp
-- Symlinking: /home/shreevanth-m/acare_demo_ws/src/acaresim_final/acaresim/install/acare_msgs/include/acare_msgs/acare_msgs/msg/detail/vision_result__struct.hpp
-- Symlinking: /home/shreevanth-m/acare_demo_ws/src/acaresim_final/acaresim/install/acare_msgs/include/acare_msgs/acare_msgs/msg/detail/vision_result__traits.hpp
-- Symlinking: /home/shreevanth-m/acare_demo_ws/src/acaresim_final/acaresim/install/acare_msgs/include/acare_msgs/acare_msgs/msg/detail/vision_result__type_support.hpp
-- Symlinking: /home/shreevanth-m/acare_demo_ws/src/acaresim_final/acaresim/install/acare_msgs/include/acare_msgs/acare_msgs/msg/detail/vision_search_request__builder.hpp
-- Symlinking: /home/shreevanth-m/acare_demo_ws/src/acaresim_final/acaresim/install/acare_msgs/include/acare_msgs/acare_msgs/msg/detail/vision_search_request__struct.hpp
-- Symlinking: /home/shreevanth-m/acare_demo_ws/src/acaresim_final/acaresim/install/acare_msgs/include/acare_msgs/acare_msgs/msg/detail/vision_search_request__traits.hpp
-- Symlinking: /home/shreevanth-m/acare_demo_ws/src/acaresim_final/acaresim/install/acare_msgs/include/acare_msgs/acare_msgs/msg/detail/vision_search_request__type_support.hpp
-- Symlinking: /home/shreevanth-m/acare_demo_ws/src/acaresim_final/acaresim/install/acare_msgs/include/acare_msgs/acare_msgs/msg/emergency_signal.hpp
-- Symlinking: /home/shreevanth-m/acare_demo_ws/src/acaresim_final/acaresim/install/acare_msgs/include/acare_msgs/acare_msgs/msg/gripper_command.hpp
-- Symlinking: /home/shreevanth-m/acare_demo_ws/src/acaresim_final/acaresim/install/acare_msgs/include/acare_msgs/acare_msgs/msg/hand_status.hpp
-- Symlinking: /home/shreevanth-m/acare_demo_ws/src/acaresim_final/acaresim/install/acare_msgs/include/acare_msgs/acare_msgs/msg/intent.hpp
-- Symlinking: /home/shreevanth-m/acare_demo_ws/src/acaresim_final/acaresim/install/acare_msgs/include/acare_msgs/acare_msgs/msg/log_event.hpp
-- Symlinking: /home/shreevanth-m/acare_demo_ws/src/acaresim_final/acaresim/install/acare_msgs/include/acare_msgs/acare_msgs/msg/motion_feedback.hpp
-- Symlinking: /home/shreevanth-m/acare_demo_ws/src/acaresim_final/acaresim/install/acare_msgs/include/acare_msgs/acare_msgs/msg/robot_state.hpp
-- Symlinking: /home/shreevanth-m/acare_demo_ws/src/acaresim_final/acaresim/install/acare_msgs/include/acare_msgs/acare_msgs/msg/rosidl_generator_cpp__visibility_control.hpp
-- Symlinking: /home/shreevanth-m/acare_demo_ws/src/acaresim_final/acaresim/install/acare_msgs/include/acare_msgs/acare_msgs/msg/safety_alert.hpp
-- Symlinking: /home/shreevanth-m/acare_demo_ws/src/acaresim_final/acaresim/install/acare_msgs/include/acare_msgs/acare_msgs/msg/state_transition.hpp
-- Symlinking: /home/shreevanth-m/acare_demo_ws/src/acaresim_final/acaresim/install/acare_msgs/include/acare_msgs/acare_msgs/msg/validated_intent.hpp
-- Symlinking: /home/shreevanth-m/acare_demo_ws/src/acaresim_final/acaresim/install/acare_msgs/include/acare_msgs/acare_msgs/msg/vision_result.hpp
-- Symlinking: /home/shreevanth-m/acare_demo_ws/src/acaresim_final/acaresim/install/acare_msgs/include/acare_msgs/acare_msgs/msg/vision_search_request.hpp
-- Symlinking: /home/shreevanth-m/acare_demo_ws/src/acaresim_final/acaresim/install/acare_msgs/include/acare_msgs/acare_msgs/srv/detail/enrol_staff__builder.hpp
-- Symlinking: /home/shreevanth-m/acare_demo_ws/src/acaresim_final/acaresim/install/acare_msgs/include/acare_msgs/acare_msgs/srv/detail/enrol_staff__struct.hpp
-- Symlinking: /home/shreevanth-m/acare_demo_ws/src/acaresim_final/acaresim/install/acare_msgs/include/acare_msgs/acare_msgs/srv/detail/enrol_staff__traits.hpp
-- Symlinking: /home/shreevanth-m/acare_demo_ws/src/acaresim_final/acaresim/install/acare_msgs/include/acare_msgs/acare_msgs/srv/detail/enrol_staff__type_support.hpp
-- Symlinking: /home/shreevanth-m/acare_demo_ws/src/acaresim_final/acaresim/install/acare_msgs/include/acare_msgs/acare_msgs/srv/enrol_staff.hpp
-- Symlinking: /home/shreevanth-m/acare_demo_ws/src/acaresim_final/acaresim/install/acare_msgs/include/acare_msgs/acare_msgs/msg/detail/arm_command__rosidl_typesupport_fastrtps_cpp.hpp
-- Symlinking: /home/shreevanth-m/acare_demo_ws/src/acaresim_final/acaresim/install/acare_msgs/include/acare_msgs/acare_msgs/msg/detail/auth_result__rosidl_typesupport_fastrtps_cpp.hpp
-- Symlinking: /home/shreevanth-m/acare_demo_ws/src/acaresim_final/acaresim/install/acare_msgs/include/acare_msgs/acare_msgs/msg/detail/emergency_signal__rosidl_typesupport_fastrtps_cpp.hpp
-- Symlinking: /home/shreevanth-m/acare_demo_ws/src/acaresim_final/acaresim/install/acare_msgs/include/acare_msgs/acare_msgs/msg/detail/gripper_command__rosidl_typesupport_fastrtps_cpp.hpp
-- Symlinking: /home/shreevanth-m/acare_demo_ws/src/acaresim_final/acaresim/install/acare_msgs/include/acare_msgs/acare_msgs/msg/detail/hand_status__rosidl_typesupport_fastrtps_cpp.hpp
-- Symlinking: /home/shreevanth-m/acare_demo_ws/src/acaresim_final/acaresim/install/acare_msgs/include/acare_msgs/acare_msgs/msg/detail/intent__rosidl_typesupport_fastrtps_cpp.hpp
-- Symlinking: /home/shreevanth-m/acare_demo_ws/src/acaresim_final/acaresim/install/acare_msgs/include/acare_msgs/acare_msgs/msg/detail/log_event__rosidl_typesupport_fastrtps_cpp.hpp
-- Symlinking: /home/shreevanth-m/acare_demo_ws/src/acaresim_final/acaresim/install/acare_msgs/include/acare_msgs/acare_msgs/msg/detail/motion_feedback__rosidl_typesupport_fastrtps_cpp.hpp
-- Symlinking: /home/shreevanth-m/acare_demo_ws/src/acaresim_final/acaresim/install/acare_msgs/include/acare_msgs/acare_msgs/msg/detail/robot_state__rosidl_typesupport_fastrtps_cpp.hpp
-- Symlinking: /home/shreevanth-m/acare_demo_ws/src/acaresim_final/acaresim/install/acare_msgs/include/acare_msgs/acare_msgs/msg/detail/safety_alert__rosidl_typesupport_fastrtps_cpp.hpp
-- Symlinking: /home/shreevanth-m/acare_demo_ws/src/acaresim_final/acaresim/install/acare_msgs/include/acare_msgs/acare_msgs/msg/detail/state_transition__rosidl_typesupport_fastrtps_cpp.hpp
-- Symlinking: /home/shreevanth-m/acare_demo_ws/src/acaresim_final/acaresim/install/acare_msgs/include/acare_msgs/acare_msgs/msg/detail/validated_intent__rosidl_typesupport_fastrtps_cpp.hpp
-- Symlinking: /home/shreevanth-m/acare_demo_ws/src/acaresim_final/acaresim/install/acare_msgs/include/acare_msgs/acare_msgs/msg/detail/vision_result__rosidl_typesupport_fastrtps_cpp.hpp
-- Symlinking: /home/shreevanth-m/acare_demo_ws/src/acaresim_final/acaresim/install/acare_msgs/include/acare_msgs/acare_msgs/msg/detail/vision_search_request__rosidl_typesupport_fastrtps_cpp.hpp
-- Symlinking: /home/shreevanth-m/acare_demo_ws/src/acaresim_final/acaresim/install/acare_msgs/include/acare_msgs/acare_msgs/msg/rosidl_typesupport_fastrtps_cpp__visibility_control.h
-- Symlinking: /home/shreevanth-m/acare_demo_ws/src/acaresim_final/acaresim/install/acare_msgs/include/acare_msgs/acare_msgs/srv/detail/enrol_staff__rosidl_typesupport_fastrtps_cpp.hpp
-- Symlinking: /home/shreevanth-m/acare_demo_ws/src/acaresim_final/acaresim/install/acare_msgs/include/acare_msgs/acare_msgs/msg/detail/arm_command__rosidl_typesupport_introspection_cpp.hpp
-- Symlinking: /home/shreevanth-m/acare_demo_ws/src/acaresim_final/acaresim/install/acare_msgs/include/acare_msgs/acare_msgs/msg/detail/auth_result__rosidl_typesupport_introspection_cpp.hpp
-- Symlinking: /home/shreevanth-m/acare_demo_ws/src/acaresim_final/acaresim/install/acare_msgs/include/acare_msgs/acare_msgs/msg/detail/emergency_signal__rosidl_typesupport_introspection_cpp.hpp
-- Symlinking: /home/shreevanth-m/acare_demo_ws/src/acaresim_final/acaresim/install/acare_msgs/include/acare_msgs/acare_msgs/msg/detail/gripper_command__rosidl_typesupport_introspection_cpp.hpp
-- Symlinking: /home/shreevanth-m/acare_demo_ws/src/acaresim_final/acaresim/install/acare_msgs/include/acare_msgs/acare_msgs/msg/detail/hand_status__rosidl_typesupport_introspection_cpp.hpp
-- Symlinking: /home/shreevanth-m/acare_demo_ws/src/acaresim_final/acaresim/install/acare_msgs/include/acare_msgs/acare_msgs/msg/detail/intent__rosidl_typesupport_introspection_cpp.hpp
-- Symlinking: /home/shreevanth-m/acare_demo_ws/src/acaresim_final/acaresim/install/acare_msgs/include/acare_msgs/acare_msgs/msg/detail/log_event__rosidl_typesupport_introspection_cpp.hpp
-- Symlinking: /home/shreevanth-m/acare_demo_ws/src/acaresim_final/acaresim/install/acare_msgs/include/acare_msgs/acare_msgs/msg/detail/motion_feedback__rosidl_typesupport_introspection_cpp.hpp
-- Symlinking: /home/shreevanth-m/acare_demo_ws/src/acaresim_final/acaresim/install/acare_msgs/include/acare_msgs/acare_msgs/msg/detail/robot_state__rosidl_typesupport_introspection_cpp.hpp
-- Symlinking: /home/shreevanth-m/acare_demo_ws/src/acaresim_final/acaresim/install/acare_msgs/include/acare_msgs/acare_msgs/msg/detail/safety_alert__rosidl_typesupport_introspection_cpp.hpp
-- Symlinking: /home/shreevanth-m/acare_demo_ws/src/acaresim_final/acaresim/install/acare_msgs/include/acare_msgs/acare_msgs/msg/detail/state_transition__rosidl_typesupport_introspection_cpp.hpp
-- Symlinking: /home/shreevanth-m/acare_demo_ws/src/acaresim_final/acaresim/install/acare_msgs/include/acare_msgs/acare_msgs/msg/detail/validated_intent__rosidl_typesupport_introspection_cpp.hpp
-- Symlinking: /home/shreevanth-m/acare_demo_ws/src/acaresim_final/acaresim/install/acare_msgs/include/acare_msgs/acare_msgs/msg/detail/vision_result__rosidl_typesupport_introspection_cpp.hpp
-- Symlinking: /home/shreevanth-m/acare_demo_ws/src/acaresim_final/acaresim/install/acare_msgs/include/acare_msgs/acare_msgs/msg/detail/vision_search_request__rosidl_typesupport_introspection_cpp.hpp
-- Symlinking: /home/shreevanth-m/acare_demo_ws/src/acaresim_final/acaresim/install/acare_msgs/include/acare_msgs/acare_msgs/srv/detail/enrol_staff__rosidl_typesupport_introspection_cpp.hpp
-- Symlinking: /home/shreevanth-m/acare_demo_ws/src/acaresim_final/acaresim/install/acare_msgs/share/acare_msgs/environment/pythonpath.sh
-- Symlinking: /home/shreevanth-m/acare_demo_ws/src/acaresim_final/acaresim/install/acare_msgs/share/acare_msgs/environment/pythonpath.dsv
-- Symlinking: /home/shreevanth-m/acare_demo_ws/src/acaresim_final/acaresim/install/acare_msgs/lib/python3.12/site-packages/acare_msgs-0.0.0-py3.12.egg-info/PKG-INFO
-- Symlinking: /home/shreevanth-m/acare_demo_ws/src/acaresim_final/acaresim/install/acare_msgs/lib/python3.12/site-packages/acare_msgs-0.0.0-py3.12.egg-info/SOURCES.txt
-- Symlinking: /home/shreevanth-m/acare_demo_ws/src/acaresim_final/acaresim/install/acare_msgs/lib/python3.12/site-packages/acare_msgs-0.0.0-py3.12.egg-info/dependency_links.txt
-- Symlinking: /home/shreevanth-m/acare_demo_ws/src/acaresim_final/acaresim/install/acare_msgs/lib/python3.12/site-packages/acare_msgs-0.0.0-py3.12.egg-info/top_level.txt
-- Symlinking: /home/shreevanth-m/acare_demo_ws/src/acaresim_final/acaresim/install/acare_msgs/lib/python3.12/site-packages/acare_msgs/__init__.py
-- Symlinking: /home/shreevanth-m/acare_demo_ws/src/acaresim_final/acaresim/install/acare_msgs/lib/python3.12/site-packages/acare_msgs/_acare_msgs_s.ep.rosidl_typesupport_c.c
-- Symlinking: /home/shreevanth-m/acare_demo_ws/src/acaresim_final/acaresim/install/acare_msgs/lib/python3.12/site-packages/acare_msgs/_acare_msgs_s.ep.rosidl_typesupport_fastrtps_c.c
-- Symlinking: /home/shreevanth-m/acare_demo_ws/src/acaresim_final/acaresim/install/acare_msgs/lib/python3.12/site-packages/acare_msgs/_acare_msgs_s.ep.rosidl_typesupport_introspection_c.c
-- Symlinking: /home/shreevanth-m/acare_demo_ws/src/acaresim_final/acaresim/install/acare_msgs/lib/python3.12/site-packages/acare_msgs/acare_msgs_s__rosidl_typesupport_c.so
-- Symlinking: /home/shreevanth-m/acare_demo_ws/src/acaresim_final/acaresim/install/acare_msgs/lib/python3.12/site-packages/acare_msgs/acare_msgs_s__rosidl_typesupport_fastrtps_c.so
-- Symlinking: /home/shreevanth-m/acare_demo_ws/src/acaresim_final/acaresim/install/acare_msgs/lib/python3.12/site-packages/acare_msgs/acare_msgs_s__rosidl_typesupport_introspection_c.so
-- Symlinking: /home/shreevanth-m/acare_demo_ws/src/acaresim_final/acaresim/install/acare_msgs/lib/python3.12/site-packages/acare_msgs/msg/__init__.py
-- Symlinking: /home/shreevanth-m/acare_demo_ws/src/acaresim_final/acaresim/install/acare_msgs/lib/python3.12/site-packages/acare_msgs/msg/_arm_command.py
-- Symlinking: /home/shreevanth-m/acare_demo_ws/src/acaresim_final/acaresim/install/acare_msgs/lib/python3.12/site-packages/acare_msgs/msg/_arm_command_s.c
-- Symlinking: /home/shreevanth-m/acare_demo_ws/src/acaresim_final/acaresim/install/acare_msgs/lib/python3.12/site-packages/acare_msgs/msg/_auth_result.py
-- Symlinking: /home/shreevanth-m/acare_demo_ws/src/acaresim_final/acaresim/install/acare_msgs/lib/python3.12/site-packages/acare_msgs/msg/_auth_result_s.c
-- Symlinking: /home/shreevanth-m/acare_demo_ws/src/acaresim_final/acaresim/install/acare_msgs/lib/python3.12/site-packages/acare_msgs/msg/_emergency_signal.py
-- Symlinking: /home/shreevanth-m/acare_demo_ws/src/acaresim_final/acaresim/install/acare_msgs/lib/python3.12/site-packages/acare_msgs/msg/_emergency_signal_s.c
-- Symlinking: /home/shreevanth-m/acare_demo_ws/src/acaresim_final/acaresim/install/acare_msgs/lib/python3.12/site-packages/acare_msgs/msg/_gripper_command.py
-- Symlinking: /home/shreevanth-m/acare_demo_ws/src/acaresim_final/acaresim/install/acare_msgs/lib/python3.12/site-packages/acare_msgs/msg/_gripper_command_s.c
-- Symlinking: /home/shreevanth-m/acare_demo_ws/src/acaresim_final/acaresim/install/acare_msgs/lib/python3.12/site-packages/acare_msgs/msg/_hand_status.py
-- Symlinking: /home/shreevanth-m/acare_demo_ws/src/acaresim_final/acaresim/install/acare_msgs/lib/python3.12/site-packages/acare_msgs/msg/_hand_status_s.c
-- Symlinking: /home/shreevanth-m/acare_demo_ws/src/acaresim_final/acaresim/install/acare_msgs/lib/python3.12/site-packages/acare_msgs/msg/_intent.py
-- Symlinking: /home/shreevanth-m/acare_demo_ws/src/acaresim_final/acaresim/install/acare_msgs/lib/python3.12/site-packages/acare_msgs/msg/_intent_s.c
-- Symlinking: /home/shreevanth-m/acare_demo_ws/src/acaresim_final/acaresim/install/acare_msgs/lib/python3.12/site-packages/acare_msgs/msg/_log_event.py
-- Symlinking: /home/shreevanth-m/acare_demo_ws/src/acaresim_final/acaresim/install/acare_msgs/lib/python3.12/site-packages/acare_msgs/msg/_log_event_s.c
-- Symlinking: /home/shreevanth-m/acare_demo_ws/src/acaresim_final/acaresim/install/acare_msgs/lib/python3.12/site-packages/acare_msgs/msg/_motion_feedback.py
-- Symlinking: /home/shreevanth-m/acare_demo_ws/src/acaresim_final/acaresim/install/acare_msgs/lib/python3.12/site-packages/acare_msgs/msg/_motion_feedback_s.c
-- Symlinking: /home/shreevanth-m/acare_demo_ws/src/acaresim_final/acaresim/install/acare_msgs/lib/python3.12/site-packages/acare_msgs/msg/_robot_state.py
-- Symlinking: /home/shreevanth-m/acare_demo_ws/src/acaresim_final/acaresim/install/acare_msgs/lib/python3.12/site-packages/acare_msgs/msg/_robot_state_s.c
-- Symlinking: /home/shreevanth-m/acare_demo_ws/src/acaresim_final/acaresim/install/acare_msgs/lib/python3.12/site-packages/acare_msgs/msg/_safety_alert.py
-- Symlinking: /home/shreevanth-m/acare_demo_ws/src/acaresim_final/acaresim/install/acare_msgs/lib/python3.12/site-packages/acare_msgs/msg/_safety_alert_s.c
-- Symlinking: /home/shreevanth-m/acare_demo_ws/src/acaresim_final/acaresim/install/acare_msgs/lib/python3.12/site-packages/acare_msgs/msg/_state_transition.py
-- Symlinking: /home/shreevanth-m/acare_demo_ws/src/acaresim_final/acaresim/install/acare_msgs/lib/python3.12/site-packages/acare_msgs/msg/_state_transition_s.c
-- Symlinking: /home/shreevanth-m/acare_demo_ws/src/acaresim_final/acaresim/install/acare_msgs/lib/python3.12/site-packages/acare_msgs/msg/_validated_intent.py
-- Symlinking: /home/shreevanth-m/acare_demo_ws/src/acaresim_final/acaresim/install/acare_msgs/lib/python3.12/site-packages/acare_msgs/msg/_validated_intent_s.c
-- Symlinking: /home/shreevanth-m/acare_demo_ws/src/acaresim_final/acaresim/install/acare_msgs/lib/python3.12/site-packages/acare_msgs/msg/_vision_result.py
-- Symlinking: /home/shreevanth-m/acare_demo_ws/src/acaresim_final/acaresim/install/acare_msgs/lib/python3.12/site-packages/acare_msgs/msg/_vision_result_s.c
-- Symlinking: /home/shreevanth-m/acare_demo_ws/src/acaresim_final/acaresim/install/acare_msgs/lib/python3.12/site-packages/acare_msgs/msg/_vision_search_request.py
-- Symlinking: /home/shreevanth-m/acare_demo_ws/src/acaresim_final/acaresim/install/acare_msgs/lib/python3.12/site-packages/acare_msgs/msg/_vision_search_request_s.c
-- Symlinking: /home/shreevanth-m/acare_demo_ws/src/acaresim_final/acaresim/install/acare_msgs/lib/python3.12/site-packages/acare_msgs/srv/__init__.py
-- Symlinking: /home/shreevanth-m/acare_demo_ws/src/acaresim_final/acaresim/install/acare_msgs/lib/python3.12/site-packages/acare_msgs/srv/_enrol_staff.py
-- Symlinking: /home/shreevanth-m/acare_demo_ws/src/acaresim_final/acaresim/install/acare_msgs/lib/python3.12/site-packages/acare_msgs/srv/_enrol_staff_s.c
-- Up-to-date symlink: /home/shreevanth-m/acare_demo_ws/src/acaresim_final/acaresim/install/acare_msgs/lib/python3.12/site-packages/acare_msgs/acare_msgs_s__rosidl_typesupport_fastrtps_c.so
-- Up-to-date symlink: /home/shreevanth-m/acare_demo_ws/src/acaresim_final/acaresim/install/acare_msgs/lib/python3.12/site-packages/acare_msgs/acare_msgs_s__rosidl_typesupport_introspection_c.so
-- Up-to-date symlink: /home/shreevanth-m/acare_demo_ws/src/acaresim_final/acaresim/install/acare_msgs/lib/python3.12/site-packages/acare_msgs/acare_msgs_s__rosidl_typesupport_c.so
-- Symlinking: /home/shreevanth-m/acare_demo_ws/src/acaresim_final/acaresim/install/acare_msgs/share/ament_index/resource_index/rust_packages/acare_msgs
-- Symlinking: /home/shreevanth-m/acare_demo_ws/src/acaresim_final/acaresim/install/acare_msgs/share/acare_msgs/rust/Cargo.toml
-- Symlinking: /home/shreevanth-m/acare_demo_ws/src/acaresim_final/acaresim/install/acare_msgs/share/acare_msgs/rust/build.rs
-- Symlinking: /home/shreevanth-m/acare_demo_ws/src/acaresim_final/acaresim/install/acare_msgs/share/acare_msgs/rust/src/lib.rs
-- Symlinking: /home/shreevanth-m/acare_demo_ws/src/acaresim_final/acaresim/install/acare_msgs/share/acare_msgs/rust/src/msg.rs
-- Symlinking: /home/shreevanth-m/acare_demo_ws/src/acaresim_final/acaresim/install/acare_msgs/share/acare_msgs/rust/src/msg/rmw.rs
-- Symlinking: /home/shreevanth-m/acare_demo_ws/src/acaresim_final/acaresim/install/acare_msgs/share/acare_msgs/rust/src/srv.rs
-- Symlinking: /home/shreevanth-m/acare_demo_ws/src/acaresim_final/acaresim/install/acare_msgs/share/acare_msgs/rust/src/srv/rmw.rs
-- Symlinking: /home/shreevanth-m/acare_demo_ws/src/acaresim_final/acaresim/install/acare_msgs/share/acare_msgs/msg/RobotState.idl
-- Symlinking: /home/shreevanth-m/acare_demo_ws/src/acaresim_final/acaresim/install/acare_msgs/share/acare_msgs/msg/StateTransition.idl
-- Symlinking: /home/shreevanth-m/acare_demo_ws/src/acaresim_final/acaresim/install/acare_msgs/share/acare_msgs/msg/Intent.idl
-- Symlinking: /home/shreevanth-m/acare_demo_ws/src/acaresim_final/acaresim/install/acare_msgs/share/acare_msgs/msg/ValidatedIntent.idl
-- Symlinking: /home/shreevanth-m/acare_demo_ws/src/acaresim_final/acaresim/install/acare_msgs/share/acare_msgs/msg/SafetyAlert.idl
-- Symlinking: /home/shreevanth-m/acare_demo_ws/src/acaresim_final/acaresim/install/acare_msgs/share/acare_msgs/msg/HandStatus.idl
-- Symlinking: /home/shreevanth-m/acare_demo_ws/src/acaresim_final/acaresim/install/acare_msgs/share/acare_msgs/msg/AuthResult.idl
-- Symlinking: /home/shreevanth-m/acare_demo_ws/src/acaresim_final/acaresim/install/acare_msgs/share/acare_msgs/msg/VisionResult.idl
-- Symlinking: /home/shreevanth-m/acare_demo_ws/src/acaresim_final/acaresim/install/acare_msgs/share/acare_msgs/msg/VisionSearchRequest.idl
-- Symlinking: /home/shreevanth-m/acare_demo_ws/src/acaresim_final/acaresim/install/acare_msgs/share/acare_msgs/msg/ArmCommand.idl
-- Symlinking: /home/shreevanth-m/acare_demo_ws/src/acaresim_final/acaresim/install/acare_msgs/share/acare_msgs/msg/GripperCommand.idl
-- Symlinking: /home/shreevanth-m/acare_demo_ws/src/acaresim_final/acaresim/install/acare_msgs/share/acare_msgs/msg/MotionFeedback.idl
-- Symlinking: /home/shreevanth-m/acare_demo_ws/src/acaresim_final/acaresim/install/acare_msgs/share/acare_msgs/msg/LogEvent.idl
-- Symlinking: /home/shreevanth-m/acare_demo_ws/src/acaresim_final/acaresim/install/acare_msgs/share/acare_msgs/msg/EmergencySignal.idl
-- Symlinking: /home/shreevanth-m/acare_demo_ws/src/acaresim_final/acaresim/install/acare_msgs/share/acare_msgs/srv/EnrolStaff.idl
-- Symlinking: /home/shreevanth-m/acare_demo_ws/src/acaresim_final/acaresim/install/acare_msgs/share/acare_msgs/msg/RobotState.msg
-- Symlinking: /home/shreevanth-m/acare_demo_ws/src/acaresim_final/acaresim/install/acare_msgs/share/acare_msgs/msg/StateTransition.msg
-- Symlinking: /home/shreevanth-m/acare_demo_ws/src/acaresim_final/acaresim/install/acare_msgs/share/acare_msgs/msg/Intent.msg
-- Symlinking: /home/shreevanth-m/acare_demo_ws/src/acaresim_final/acaresim/install/acare_msgs/share/acare_msgs/msg/ValidatedIntent.msg
-- Symlinking: /home/shreevanth-m/acare_demo_ws/src/acaresim_final/acaresim/install/acare_msgs/share/acare_msgs/msg/SafetyAlert.msg
-- Symlinking: /home/shreevanth-m/acare_demo_ws/src/acaresim_final/acaresim/install/acare_msgs/share/acare_msgs/msg/HandStatus.msg
-- Symlinking: /home/shreevanth-m/acare_demo_ws/src/acaresim_final/acaresim/install/acare_msgs/share/acare_msgs/msg/AuthResult.msg
-- Symlinking: /home/shreevanth-m/acare_demo_ws/src/acaresim_final/acaresim/install/acare_msgs/share/acare_msgs/msg/VisionResult.msg
-- Symlinking: /home/shreevanth-m/acare_demo_ws/src/acaresim_final/acaresim/install/acare_msgs/share/acare_msgs/msg/VisionSearchRequest.msg
-- Symlinking: /home/shreevanth-m/acare_demo_ws/src/acaresim_final/acaresim/install/acare_msgs/share/acare_msgs/msg/ArmCommand.msg
-- Symlinking: /home/shreevanth-m/acare_demo_ws/src/acaresim_final/acaresim/install/acare_msgs/share/acare_msgs/msg/GripperCommand.msg
-- Symlinking: /home/shreevanth-m/acare_demo_ws/src/acaresim_final/acaresim/install/acare_msgs/share/acare_msgs/msg/MotionFeedback.msg
-- Symlinking: /home/shreevanth-m/acare_demo_ws/src/acaresim_final/acaresim/install/acare_msgs/share/acare_msgs/msg/LogEvent.msg
-- Symlinking: /home/shreevanth-m/acare_demo_ws/src/acaresim_final/acaresim/install/acare_msgs/share/acare_msgs/msg/EmergencySignal.msg
-- Symlinking: /home/shreevanth-m/acare_demo_ws/src/acaresim_final/acaresim/install/acare_msgs/share/acare_msgs/srv/EnrolStaff.srv
-- Symlinking: /home/shreevanth-m/acare_demo_ws/src/acaresim_final/acaresim/install/acare_msgs/share/ament_index/resource_index/package_run_dependencies/acare_msgs
-- Symlinking: /home/shreevanth-m/acare_demo_ws/src/acaresim_final/acaresim/install/acare_msgs/share/ament_index/resource_index/parent_prefix_path/acare_msgs
-- Symlinking: /home/shreevanth-m/acare_demo_ws/src/acaresim_final/acaresim/install/acare_msgs/share/acare_msgs/environment/ament_prefix_path.sh
-- Symlinking: /home/shreevanth-m/acare_demo_ws/src/acaresim_final/acaresim/install/acare_msgs/share/acare_msgs/environment/ament_prefix_path.dsv
-- Symlinking: /home/shreevanth-m/acare_demo_ws/src/acaresim_final/acaresim/install/acare_msgs/share/acare_msgs/environment/path.sh
-- Symlinking: /home/shreevanth-m/acare_demo_ws/src/acaresim_final/acaresim/install/acare_msgs/share/acare_msgs/environment/path.dsv
-- Symlinking: /home/shreevanth-m/acare_demo_ws/src/acaresim_final/acaresim/install/acare_msgs/share/acare_msgs/local_setup.bash
-- Symlinking: /home/shreevanth-m/acare_demo_ws/src/acaresim_final/acaresim/install/acare_msgs/share/acare_msgs/local_setup.sh
-- Symlinking: /home/shreevanth-m/acare_demo_ws/src/acaresim_final/acaresim/install/acare_msgs/share/acare_msgs/local_setup.zsh
-- Symlinking: /home/shreevanth-m/acare_demo_ws/src/acaresim_final/acaresim/install/acare_msgs/share/acare_msgs/local_setup.dsv
-- Symlinking: /home/shreevanth-m/acare_demo_ws/src/acaresim_final/acaresim/install/acare_msgs/share/acare_msgs/package.dsv
-- Symlinking: /home/shreevanth-m/acare_demo_ws/src/acaresim_final/acaresim/install/acare_msgs/share/ament_index/resource_index/packages/acare_msgs
-- Symlinking: /home/shreevanth-m/acare_demo_ws/src/acaresim_final/acaresim/install/acare_msgs/share/acare_msgs/cmake/rosidl_cmake-extras.cmake
-- Symlinking: /home/shreevanth-m/acare_demo_ws/src/acaresim_final/acaresim/install/acare_msgs/share/acare_msgs/cmake/ament_cmake_export_dependencies-extras.cmake
-- Symlinking: /home/shreevanth-m/acare_demo_ws/src/acaresim_final/acaresim/install/acare_msgs/share/acare_msgs/cmake/ament_cmake_export_include_directories-extras.cmake
-- Symlinking: /home/shreevanth-m/acare_demo_ws/src/acaresim_final/acaresim/install/acare_msgs/share/acare_msgs/cmake/ament_cmake_export_libraries-extras.cmake
-- Symlinking: /home/shreevanth-m/acare_demo_ws/src/acaresim_final/acaresim/install/acare_msgs/share/acare_msgs/cmake/ament_cmake_export_targets-extras.cmake
-- Symlinking: /home/shreevanth-m/acare_demo_ws/src/acaresim_final/acaresim/install/acare_msgs/share/acare_msgs/cmake/rosidl_cmake_export_typesupport_targets-extras.cmake
-- Symlinking: /home/shreevanth-m/acare_demo_ws/src/acaresim_final/acaresim/install/acare_msgs/share/acare_msgs/cmake/rosidl_cmake_export_typesupport_libraries-extras.cmake
-- Symlinking: /home/shreevanth-m/acare_demo_ws/src/acaresim_final/acaresim/install/acare_msgs/share/acare_msgs/cmake/acare_msgsConfig.cmake
-- Symlinking: /home/shreevanth-m/acare_demo_ws/src/acaresim_final/acaresim/install/acare_msgs/share/acare_msgs/cmake/acare_msgsConfig-version.cmake
-- Symlinking: /home/shreevanth-m/acare_demo_ws/src/acaresim_final/acaresim/install/acare_msgs/share/acare_msgs/package.xml
-- Installing: /home/shreevanth-m/acare_demo_ws/src/acaresim_final/acaresim/install/acare_msgs/lib/libacare_msgs__rosidl_generator_c.so
-- Set non-toolchain portion of runtime path of "/home/shreevanth-m/acare_demo_ws/src/acaresim_final/acaresim/install/acare_msgs/lib/libacare_msgs__rosidl_generator_c.so" to ""
-- Installing: /home/shreevanth-m/acare_demo_ws/src/acaresim_final/acaresim/install/acare_msgs/lib/libacare_msgs__rosidl_typesupport_fastrtps_c.so
-- Set non-toolchain portion of runtime path of "/home/shreevanth-m/acare_demo_ws/src/acaresim_final/acaresim/install/acare_msgs/lib/libacare_msgs__rosidl_typesupport_fastrtps_c.so" to ""
-- Installing: /home/shreevanth-m/acare_demo_ws/src/acaresim_final/acaresim/install/acare_msgs/lib/libacare_msgs__rosidl_typesupport_introspection_c.so
-- Set non-toolchain portion of runtime path of "/home/shreevanth-m/acare_demo_ws/src/acaresim_final/acaresim/install/acare_msgs/lib/libacare_msgs__rosidl_typesupport_introspection_c.so" to ""
-- Installing: /home/shreevanth-m/acare_demo_ws/src/acaresim_final/acaresim/install/acare_msgs/lib/libacare_msgs__rosidl_typesupport_c.so
-- Set non-toolchain portion of runtime path of "/home/shreevanth-m/acare_demo_ws/src/acaresim_final/acaresim/install/acare_msgs/lib/libacare_msgs__rosidl_typesupport_c.so" to ""
-- Installing: /home/shreevanth-m/acare_demo_ws/src/acaresim_final/acaresim/install/acare_msgs/lib/libacare_msgs__rosidl_typesupport_fastrtps_cpp.so
-- Set non-toolchain portion of runtime path of "/home/shreevanth-m/acare_demo_ws/src/acaresim_final/acaresim/install/acare_msgs/lib/libacare_msgs__rosidl_typesupport_fastrtps_cpp.so" to ""
-- Installing: /home/shreevanth-m/acare_demo_ws/src/acaresim_final/acaresim/install/acare_msgs/lib/libacare_msgs__rosidl_typesupport_introspection_cpp.so
-- Set non-toolchain portion of runtime path of "/home/shreevanth-m/acare_demo_ws/src/acaresim_final/acaresim/install/acare_msgs/lib/libacare_msgs__rosidl_typesupport_introspection_cpp.so" to ""
-- Installing: /home/shreevanth-m/acare_demo_ws/src/acaresim_final/acaresim/install/acare_msgs/lib/libacare_msgs__rosidl_typesupport_cpp.so
-- Set non-toolchain portion of runtime path of "/home/shreevanth-m/acare_demo_ws/src/acaresim_final/acaresim/install/acare_msgs/lib/libacare_msgs__rosidl_typesupport_cpp.so" to ""
Listing '/home/shreevanth-m/acare_demo_ws/src/acaresim_final/acaresim/install/acare_msgs/lib/python3.12/site-packages/acare_msgs'...
Compiling '/home/shreevanth-m/acare_demo_ws/src/acaresim_final/acaresim/install/acare_msgs/lib/python3.12/site-packages/acare_msgs/__init__.py'...
Listing '/home/shreevanth-m/acare_demo_ws/src/acaresim_final/acaresim/install/acare_msgs/lib/python3.12/site-packages/acare_msgs/msg'...
Compiling '/home/shreevanth-m/acare_demo_ws/src/acaresim_final/acaresim/install/acare_msgs/lib/python3.12/site-packages/acare_msgs/msg/__init__.py'...
Compiling '/home/shreevanth-m/acare_demo_ws/src/acaresim_final/acaresim/install/acare_msgs/lib/python3.12/site-packages/acare_msgs/msg/_arm_command.py'...
Compiling '/home/shreevanth-m/acare_demo_ws/src/acaresim_final/acaresim/install/acare_msgs/lib/python3.12/site-packages/acare_msgs/msg/_auth_result.py'...
Compiling '/home/shreevanth-m/acare_demo_ws/src/acaresim_final/acaresim/install/acare_msgs/lib/python3.12/site-packages/acare_msgs/msg/_emergency_signal.py'...
Compiling '/home/shreevanth-m/acare_demo_ws/src/acaresim_final/acaresim/install/acare_msgs/lib/python3.12/site-packages/acare_msgs/msg/_gripper_command.py'...
Compiling '/home/shreevanth-m/acare_demo_ws/src/acaresim_final/acaresim/install/acare_msgs/lib/python3.12/site-packages/acare_msgs/msg/_hand_status.py'...
Compiling '/home/shreevanth-m/acare_demo_ws/src/acaresim_final/acaresim/install/acare_msgs/lib/python3.12/site-packages/acare_msgs/msg/_intent.py'...
Compiling '/home/shreevanth-m/acare_demo_ws/src/acaresim_final/acaresim/install/acare_msgs/lib/python3.12/site-packages/acare_msgs/msg/_log_event.py'...
Compiling '/home/shreevanth-m/acare_demo_ws/src/acaresim_final/acaresim/install/acare_msgs/lib/python3.12/site-packages/acare_msgs/msg/_motion_feedback.py'...
Compiling '/home/shreevanth-m/acare_demo_ws/src/acaresim_final/acaresim/install/acare_msgs/lib/python3.12/site-packages/acare_msgs/msg/_robot_state.py'...
Compiling '/home/shreevanth-m/acare_demo_ws/src/acaresim_final/acaresim/install/acare_msgs/lib/python3.12/site-packages/acare_msgs/msg/_safety_alert.py'...
Compiling '/home/shreevanth-m/acare_demo_ws/src/acaresim_final/acaresim/install/acare_msgs/lib/python3.12/site-packages/acare_msgs/msg/_state_transition.py'...
Compiling '/home/shreevanth-m/acare_demo_ws/src/acaresim_final/acaresim/install/acare_msgs/lib/python3.12/site-packages/acare_msgs/msg/_validated_intent.py'...
Compiling '/home/shreevanth-m/acare_demo_ws/src/acaresim_final/acaresim/install/acare_msgs/lib/python3.12/site-packages/acare_msgs/msg/_vision_result.py'...
Compiling '/home/shreevanth-m/acare_demo_ws/src/acaresim_final/acaresim/install/acare_msgs/lib/python3.12/site-packages/acare_msgs/msg/_vision_search_request.py'...
Listing '/home/shreevanth-m/acare_demo_ws/src/acaresim_final/acaresim/install/acare_msgs/lib/python3.12/site-packages/acare_msgs/srv'...
Compiling '/home/shreevanth-m/acare_demo_ws/src/acaresim_final/acaresim/install/acare_msgs/lib/python3.12/site-packages/acare_msgs/srv/__init__.py'...
Compiling '/home/shreevanth-m/acare_demo_ws/src/acaresim_final/acaresim/install/acare_msgs/lib/python3.12/site-packages/acare_msgs/srv/_enrol_staff.py'...
-- Installing: /home/shreevanth-m/acare_demo_ws/src/acaresim_final/acaresim/install/acare_msgs/lib/libacare_msgs__rosidl_generator_py.so
-- Set non-toolchain portion of runtime path of "/home/shreevanth-m/acare_demo_ws/src/acaresim_final/acaresim/install/acare_msgs/lib/libacare_msgs__rosidl_generator_py.so" to ""
-- Installing: /home/shreevanth-m/acare_demo_ws/src/acaresim_final/acaresim/install/acare_msgs/share/acare_msgs/cmake/export_acare_msgs__rosidl_generator_cExport.cmake
-- Installing: /home/shreevanth-m/acare_demo_ws/src/acaresim_final/acaresim/install/acare_msgs/share/acare_msgs/cmake/export_acare_msgs__rosidl_generator_cExport-noconfig.cmake
-- Installing: /home/shreevanth-m/acare_demo_ws/src/acaresim_final/acaresim/install/acare_msgs/share/acare_msgs/cmake/export_acare_msgs__rosidl_typesupport_fastrtps_cExport.cmake
-- Installing: /home/shreevanth-m/acare_demo_ws/src/acaresim_final/acaresim/install/acare_msgs/share/acare_msgs/cmake/export_acare_msgs__rosidl_typesupport_fastrtps_cExport-noconfig.cmake
-- Installing: /home/shreevanth-m/acare_demo_ws/src/acaresim_final/acaresim/install/acare_msgs/share/acare_msgs/cmake/acare_msgs__rosidl_typesupport_introspection_cExport.cmake
-- Installing: /home/shreevanth-m/acare_demo_ws/src/acaresim_final/acaresim/install/acare_msgs/share/acare_msgs/cmake/acare_msgs__rosidl_typesupport_introspection_cExport-noconfig.cmake
-- Installing: /home/shreevanth-m/acare_demo_ws/src/acaresim_final/acaresim/install/acare_msgs/share/acare_msgs/cmake/acare_msgs__rosidl_typesupport_cExport.cmake
-- Installing: /home/shreevanth-m/acare_demo_ws/src/acaresim_final/acaresim/install/acare_msgs/share/acare_msgs/cmake/acare_msgs__rosidl_typesupport_cExport-noconfig.cmake
-- Installing: /home/shreevanth-m/acare_demo_ws/src/acaresim_final/acaresim/install/acare_msgs/share/acare_msgs/cmake/export_acare_msgs__rosidl_generator_cppExport.cmake
-- Installing: /home/shreevanth-m/acare_demo_ws/src/acaresim_final/acaresim/install/acare_msgs/share/acare_msgs/cmake/export_acare_msgs__rosidl_typesupport_fastrtps_cppExport.cmake
-- Installing: /home/shreevanth-m/acare_demo_ws/src/acaresim_final/acaresim/install/acare_msgs/share/acare_msgs/cmake/export_acare_msgs__rosidl_typesupport_fastrtps_cppExport-noconfig.cmake
-- Installing: /home/shreevanth-m/acare_demo_ws/src/acaresim_final/acaresim/install/acare_msgs/share/acare_msgs/cmake/acare_msgs__rosidl_typesupport_introspection_cppExport.cmake
-- Installing: /home/shreevanth-m/acare_demo_ws/src/acaresim_final/acaresim/install/acare_msgs/share/acare_msgs/cmake/acare_msgs__rosidl_typesupport_introspection_cppExport-noconfig.cmake
-- Installing: /home/shreevanth-m/acare_demo_ws/src/acaresim_final/acaresim/install/acare_msgs/share/acare_msgs/cmake/acare_msgs__rosidl_typesupport_cppExport.cmake
-- Installing: /home/shreevanth-m/acare_demo_ws/src/acaresim_final/acaresim/install/acare_msgs/share/acare_msgs/cmake/acare_msgs__rosidl_typesupport_cppExport-noconfig.cmake
-- Installing: /home/shreevanth-m/acare_demo_ws/src/acaresim_final/acaresim/install/acare_msgs/share/acare_msgs/cmake/export_acare_msgs__rosidl_generator_pyExport.cmake
-- Installing: /home/shreevanth-m/acare_demo_ws/src/acaresim_final/acaresim/install/acare_msgs/share/acare_msgs/cmake/export_acare_msgs__rosidl_generator_pyExport-noconfig.cmake
