running develop
/usr/lib/python3/dist-packages/setuptools/command/easy_install.py:363: UserWarning: Unbuilt egg for pytest-repeat [unknown version] (/usr/lib/python3/dist-packages)
  self.local_index = Environment(self.shadow_path + sys.path)
running egg_info
creating acare_safety.egg-info
writing acare_safety.egg-info/PKG-INFO
writing dependency_links to acare_safety.egg-info/dependency_links.txt
writing entry points to acare_safety.egg-info/entry_points.txt
writing requirements to acare_safety.egg-info/requires.txt
writing top-level names to acare_safety.egg-info/top_level.txt
writing manifest file 'acare_safety.egg-info/SOURCES.txt'
reading manifest file 'acare_safety.egg-info/SOURCES.txt'
writing manifest file 'acare_safety.egg-info/SOURCES.txt'
running build_ext
Creating /home/shreevanth-m/acare_demo_ws/src/acaresim_final/acaresim/install/acare_safety/lib/python3.12/site-packages/acare-safety.egg-link (link to .)
Installing safety_node script to /home/shreevanth-m/acare_demo_ws/src/acaresim_final/acaresim/install/acare_safety/bin

Installed /home/shreevanth-m/acare_demo_ws/src/acaresim_final/acaresim/build/acare_safety
running symlink_data
creating /home/shreevanth-m/acare_demo_ws/src/acaresim_final/acaresim/install/acare_safety/share/ament_index
creating /home/shreevanth-m/acare_demo_ws/src/acaresim_final/acaresim/install/acare_safety/share/ament_index/resource_index
creating /home/shreevanth-m/acare_demo_ws/src/acaresim_final/acaresim/install/acare_safety/share/ament_index/resource_index/packages
symbolically linking /home/shreevanth-m/acare_demo_ws/src/acaresim_final/acaresim/build/acare_safety/resource/acare_safety -> /home/shreevanth-m/acare_demo_ws/src/acaresim_final/acaresim/install/acare_safety/share/ament_index/resource_index/packages
symbolically linking /home/shreevanth-m/acare_demo_ws/src/acaresim_final/acaresim/build/acare_safety/package.xml -> /home/shreevanth-m/acare_demo_ws/src/acaresim_final/acaresim/install/acare_safety/share/acare_safety
