[2.171s] Invoking command in '/home/shreevanth-m/acare_demo_ws/src/acaresim_final/acaresim/build/acare_safety': AMENT_PREFIX_PATH=/home/shreevanth-m/acare_demo_ws/src/acaresim_final/acaresim/install/acare_msgs:${AMENT_PREFIX_PATH} CMAKE_PREFIX_PATH=/home/shreevanth-m/acare_demo_ws/src/acaresim_final/acaresim/install/acare_msgs:${CMAKE_PREFIX_PATH} DEBUGINFOD_URLS=https://debuginfod.ubuntu.com LD_LIBRARY_PATH=/home/shreevanth-m/acare_demo_ws/src/acaresim_final/acaresim/install/acare_msgs/lib:${LD_LIBRARY_PATH} PYTHONPATH=/home/shreevanth-m/acare_demo_ws/src/acaresim_final/acaresim/build/acare_safety/prefix_override:/usr/lib/python3/dist-packages/colcon_core/task/python/colcon_distutils_commands:/home/shreevanth-m/acare_demo_ws/src/acaresim_final/acaresim/install/acare_safety/lib/python3.12/site-packages:/home/shreevanth-m/acare_demo_ws/src/acaresim_final/acaresim/install/acare_msgs/lib/python3.12/site-packages:${PYTHONPATH} /usr/bin/python3 -W ignore:setup.py install is deprecated -W ignore:easy_install command is deprecated setup.py develop --editable --build-directory /home/shreevanth-m/acare_demo_ws/src/acaresim_final/acaresim/build/acare_safety/build --no-deps symlink_data
[2.529s] running develop
[2.720s] /usr/lib/python3/dist-packages/setuptools/command/easy_install.py:363: UserWarning: Unbuilt egg for pytest-repeat [unknown version] (/usr/lib/python3/dist-packages)
[2.720s]   self.local_index = Environment(self.shadow_path + sys.path)
[2.760s] running egg_info
[2.760s] creating acare_safety.egg-info
[2.783s] writing acare_safety.egg-info/PKG-INFO
[2.783s] writing dependency_links to acare_safety.egg-info/dependency_links.txt
[2.783s] writing entry points to acare_safety.egg-info/entry_points.txt
[2.783s] writing requirements to acare_safety.egg-info/requires.txt
[2.783s] writing top-level names to acare_safety.egg-info/top_level.txt
[2.783s] writing manifest file 'acare_safety.egg-info/SOURCES.txt'
[2.805s] reading manifest file 'acare_safety.egg-info/SOURCES.txt'
[2.805s] writing manifest file 'acare_safety.egg-info/SOURCES.txt'
[2.829s] running build_ext
[2.857s] Creating /home/shreevanth-m/acare_demo_ws/src/acaresim_final/acaresim/install/acare_safety/lib/python3.12/site-packages/acare-safety.egg-link (link to .)
[2.857s] Installing safety_node script to /home/shreevanth-m/acare_demo_ws/src/acaresim_final/acaresim/install/acare_safety/bin
[2.858s] 
[2.858s] Installed /home/shreevanth-m/acare_demo_ws/src/acaresim_final/acaresim/build/acare_safety
[2.858s] running symlink_data
[2.858s] creating /home/shreevanth-m/acare_demo_ws/src/acaresim_final/acaresim/install/acare_safety/share/ament_index
[2.858s] creating /home/shreevanth-m/acare_demo_ws/src/acaresim_final/acaresim/install/acare_safety/share/ament_index/resource_index
[2.858s] creating /home/shreevanth-m/acare_demo_ws/src/acaresim_final/acaresim/install/acare_safety/share/ament_index/resource_index/packages
[2.858s] symbolically linking /home/shreevanth-m/acare_demo_ws/src/acaresim_final/acaresim/build/acare_safety/resource/acare_safety -> /home/shreevanth-m/acare_demo_ws/src/acaresim_final/acaresim/install/acare_safety/share/ament_index/resource_index/packages
[2.858s] symbolically linking /home/shreevanth-m/acare_demo_ws/src/acaresim_final/acaresim/build/acare_safety/package.xml -> /home/shreevanth-m/acare_demo_ws/src/acaresim_final/acaresim/install/acare_safety/share/acare_safety
[2.898s] Invoked command in '/home/shreevanth-m/acare_demo_ws/src/acaresim_final/acaresim/build/acare_safety' returned '0': AMENT_PREFIX_PATH=/home/shreevanth-m/acare_demo_ws/src/acaresim_final/acaresim/install/acare_msgs:${AMENT_PREFIX_PATH} CMAKE_PREFIX_PATH=/home/shreevanth-m/acare_demo_ws/src/acaresim_final/acaresim/install/acare_msgs:${CMAKE_PREFIX_PATH} DEBUGINFOD_URLS=https://debuginfod.ubuntu.com LD_LIBRARY_PATH=/home/shreevanth-m/acare_demo_ws/src/acaresim_final/acaresim/install/acare_msgs/lib:${LD_LIBRARY_PATH} PYTHONPATH=/home/shreevanth-m/acare_demo_ws/src/acaresim_final/acaresim/build/acare_safety/prefix_override:/usr/lib/python3/dist-packages/colcon_core/task/python/colcon_distutils_commands:/home/shreevanth-m/acare_demo_ws/src/acaresim_final/acaresim/install/acare_safety/lib/python3.12/site-packages:/home/shreevanth-m/acare_demo_ws/src/acaresim_final/acaresim/install/acare_msgs/lib/python3.12/site-packages:${PYTHONPATH} /usr/bin/python3 -W ignore:setup.py install is deprecated -W ignore:easy_install command is deprecated setup.py develop --editable --build-directory /home/shreevanth-m/acare_demo_ws/src/acaresim_final/acaresim/build/acare_safety/build --no-deps symlink_data
