running develop
/usr/lib/python3/dist-packages/setuptools/command/easy_install.py:363: UserWarning: Unbuilt egg for pytest-repeat [unknown version] (/usr/lib/python3/dist-packages)
  self.local_index = Environment(self.shadow_path + sys.path)
running egg_info
creating acare_logging.egg-info
writing acare_logging.egg-info/PKG-INFO
writing dependency_links to acare_logging.egg-info/dependency_links.txt
writing entry points to acare_logging.egg-info/entry_points.txt
writing requirements to acare_logging.egg-info/requires.txt
writing top-level names to acare_logging.egg-info/top_level.txt
writing manifest file 'acare_logging.egg-info/SOURCES.txt'
reading manifest file 'acare_logging.egg-info/SOURCES.txt'
writing manifest file 'acare_logging.egg-info/SOURCES.txt'
running build_ext
Creating /home/shreevanth-m/acare_demo_ws/src/acaresim_final/acaresim/install/acare_logging/lib/python3.12/site-packages/acare-logging.egg-link (link to .)
Installing log_node script to /home/shreevanth-m/acare_demo_ws/src/acaresim_final/acaresim/install/acare_logging/bin

Installed /home/shreevanth-m/acare_demo_ws/src/acaresim_final/acaresim/build/acare_logging
running symlink_data
creating /home/shreevanth-m/acare_demo_ws/src/acaresim_final/acaresim/install/acare_logging/share/ament_index
creating /home/shreevanth-m/acare_demo_ws/src/acaresim_final/acaresim/install/acare_logging/share/ament_index/resource_index
creating /home/shreevanth-m/acare_demo_ws/src/acaresim_final/acaresim/install/acare_logging/share/ament_index/resource_index/packages
symbolically linking /home/shreevanth-m/acare_demo_ws/src/acaresim_final/acaresim/build/acare_logging/resource/acare_logging -> /home/shreevanth-m/acare_demo_ws/src/acaresim_final/acaresim/install/acare_logging/share/ament_index/resource_index/packages
symbolically linking /home/shreevanth-m/acare_demo_ws/src/acaresim_final/acaresim/build/acare_logging/package.xml -> /home/shreevanth-m/acare_demo_ws/src/acaresim_final/acaresim/install/acare_logging/share/acare_logging
