[2.414s] Invoking command in '/home/shreevanth-m/acare_demo_ws/src/acaresim_final/acaresim/build/acare_logging': AMENT_PREFIX_PATH=/home/shreevanth-m/acare_demo_ws/src/acaresim_final/acaresim/install/acare_msgs:${AMENT_PREFIX_PATH} CMAKE_PREFIX_PATH=/home/shreevanth-m/acare_demo_ws/src/acaresim_final/acaresim/install/acare_msgs:${CMAKE_PREFIX_PATH} DEBUGINFOD_URLS=https://debuginfod.ubuntu.com LD_LIBRARY_PATH=/home/shreevanth-m/acare_demo_ws/src/acaresim_final/acaresim/install/acare_msgs/lib:${LD_LIBRARY_PATH} PYTHONPATH=/home/shreevanth-m/acare_demo_ws/src/acaresim_final/acaresim/build/acare_logging/prefix_override:/usr/lib/python3/dist-packages/colcon_core/task/python/colcon_distutils_commands:/home/shreevanth-m/acare_demo_ws/src/acaresim_final/acaresim/install/acare_logging/lib/python3.12/site-packages:/home/shreevanth-m/acare_demo_ws/src/acaresim_final/acaresim/install/acare_msgs/lib/python3.12/site-packages:${PYTHONPATH} /usr/bin/python3 -W ignore:setup.py install is deprecated -W ignore:easy_install command is deprecated setup.py develop --editable --build-directory /home/shreevanth-m/acare_demo_ws/src/acaresim_final/acaresim/build/acare_logging/build --no-deps symlink_data
[2.969s] running develop
[3.139s] /usr/lib/python3/dist-packages/setuptools/command/easy_install.py:363: UserWarning: Unbuilt egg for pytest-repeat [unknown version] (/usr/lib/python3/dist-packages)
[3.139s]   self.local_index = Environment(self.shadow_path + sys.path)
[3.172s] running egg_info
[3.172s] creating acare_logging.egg-info
[3.189s] writing acare_logging.egg-info/PKG-INFO
[3.190s] writing dependency_links to acare_logging.egg-info/dependency_links.txt
[3.190s] writing entry points to acare_logging.egg-info/entry_points.txt
[3.190s] writing requirements to acare_logging.egg-info/requires.txt
[3.190s] writing top-level names to acare_logging.egg-info/top_level.txt
[3.190s] writing manifest file 'acare_logging.egg-info/SOURCES.txt'
[3.208s] reading manifest file 'acare_logging.egg-info/SOURCES.txt'
[3.208s] writing manifest file 'acare_logging.egg-info/SOURCES.txt'
[3.228s] running build_ext
[3.246s] Creating /home/shreevanth-m/acare_demo_ws/src/acaresim_final/acaresim/install/acare_logging/lib/python3.12/site-packages/acare-logging.egg-link (link to .)
[3.246s] Installing log_node script to /home/shreevanth-m/acare_demo_ws/src/acaresim_final/acaresim/install/acare_logging/bin
[3.247s] 
[3.247s] Installed /home/shreevanth-m/acare_demo_ws/src/acaresim_final/acaresim/build/acare_logging
[3.247s] running symlink_data
[3.247s] creating /home/shreevanth-m/acare_demo_ws/src/acaresim_final/acaresim/install/acare_logging/share/ament_index
[3.247s] creating /home/shreevanth-m/acare_demo_ws/src/acaresim_final/acaresim/install/acare_logging/share/ament_index/resource_index
[3.247s] creating /home/shreevanth-m/acare_demo_ws/src/acaresim_final/acaresim/install/acare_logging/share/ament_index/resource_index/packages
[3.247s] symbolically linking /home/shreevanth-m/acare_demo_ws/src/acaresim_final/acaresim/build/acare_logging/resource/acare_logging -> /home/shreevanth-m/acare_demo_ws/src/acaresim_final/acaresim/install/acare_logging/share/ament_index/resource_index/packages
[3.247s] symbolically linking /home/shreevanth-m/acare_demo_ws/src/acaresim_final/acaresim/build/acare_logging/package.xml -> /home/shreevanth-m/acare_demo_ws/src/acaresim_final/acaresim/install/acare_logging/share/acare_logging
[3.271s] Invoked command in '/home/shreevanth-m/acare_demo_ws/src/acaresim_final/acaresim/build/acare_logging' returned '0': AMENT_PREFIX_PATH=/home/shreevanth-m/acare_demo_ws/src/acaresim_final/acaresim/install/acare_msgs:${AMENT_PREFIX_PATH} CMAKE_PREFIX_PATH=/home/shreevanth-m/acare_demo_ws/src/acaresim_final/acaresim/install/acare_msgs:${CMAKE_PREFIX_PATH} DEBUGINFOD_URLS=https://debuginfod.ubuntu.com LD_LIBRARY_PATH=/home/shreevanth-m/acare_demo_ws/src/acaresim_final/acaresim/install/acare_msgs/lib:${LD_LIBRARY_PATH} PYTHONPATH=/home/shreevanth-m/acare_demo_ws/src/acaresim_final/acaresim/build/acare_logging/prefix_override:/usr/lib/python3/dist-packages/colcon_core/task/python/colcon_distutils_commands:/home/shreevanth-m/acare_demo_ws/src/acaresim_final/acaresim/install/acare_logging/lib/python3.12/site-packages:/home/shreevanth-m/acare_demo_ws/src/acaresim_final/acaresim/install/acare_msgs/lib/python3.12/site-packages:${PYTHONPATH} /usr/bin/python3 -W ignore:setup.py install is deprecated -W ignore:easy_install command is deprecated setup.py develop --editable --build-directory /home/shreevanth-m/acare_demo_ws/src/acaresim_final/acaresim/build/acare_logging/build --no-deps symlink_data
