[0.716s] Invoking command in '/home/shreevanth-m/acare_demo_ws/src/acaresim_final/acaresim/build/acare_planner': AMENT_PREFIX_PATH=/home/shreevanth-m/acare_demo_ws/src/acaresim_final/acaresim/install/acare_msgs:${AMENT_PREFIX_PATH} CMAKE_PREFIX_PATH=/home/shreevanth-m/acare_demo_ws/src/acaresim_final/acaresim/install/acare_msgs:${CMAKE_PREFIX_PATH} DEBUGINFOD_URLS=https://debuginfod.ubuntu.com LD_LIBRARY_PATH=/home/shreevanth-m/acare_demo_ws/src/acaresim_final/acaresim/install/acare_msgs/lib:${LD_LIBRARY_PATH} PYTHONPATH=/home/shreevanth-m/acare_demo_ws/src/acaresim_final/acaresim/build/acare_planner/prefix_override:/usr/lib/python3/dist-packages/colcon_core/task/python/colcon_distutils_commands:/home/shreevanth-m/acare_demo_ws/src/acaresim_final/acaresim/install/acare_planner/lib/python3.12/site-packages:/home/shreevanth-m/acare_demo_ws/src/acaresim_final/acaresim/install/acare_msgs/lib/python3.12/site-packages:${PYTHONPATH} /usr/bin/python3 -W ignore:setup.py install is deprecated -W ignore:easy_install command is deprecated setup.py develop --editable --build-directory /home/shreevanth-m/acare_demo_ws/src/acaresim_final/acaresim/build/acare_planner/build --no-deps symlink_data
[0.994s] running develop
[1.153s] /usr/lib/python3/dist-packages/setuptools/command/easy_install.py:363: UserWarning: Unbuilt egg for pytest-repeat [unknown version] (/usr/lib/python3/dist-packages)
[1.153s]   self.local_index = Environment(self.shadow_path + sys.path)
[1.189s] running egg_info
[1.208s] writing acare_planner.egg-info/PKG-INFO
[1.208s] writing dependency_links to acare_planner.egg-info/dependency_links.txt
[1.208s] writing entry points to acare_planner.egg-info/entry_points.txt
[1.208s] writing requirements to acare_planner.egg-info/requires.txt
[1.209s] writing top-level names to acare_planner.egg-info/top_level.txt
[1.229s] reading manifest file 'acare_planner.egg-info/SOURCES.txt'
[1.229s] writing manifest file 'acare_planner.egg-info/SOURCES.txt'
[1.250s] running build_ext
[1.271s] Creating /home/shreevanth-m/acare_demo_ws/src/acaresim_final/acaresim/install/acare_planner/lib/python3.12/site-packages/acare-planner.egg-link (link to .)
[1.271s] Installing embedded_interface script to /home/shreevanth-m/acare_demo_ws/src/acaresim_final/acaresim/install/acare_planner/bin
[1.271s] Installing planner_node script to /home/shreevanth-m/acare_demo_ws/src/acaresim_final/acaresim/install/acare_planner/bin
[1.271s] Installing state_manager script to /home/shreevanth-m/acare_demo_ws/src/acaresim_final/acaresim/install/acare_planner/bin
[1.272s] 
[1.272s] Installed /home/shreevanth-m/acare_demo_ws/src/acaresim_final/acaresim/build/acare_planner
[1.272s] running symlink_data
[1.298s] Invoked command in '/home/shreevanth-m/acare_demo_ws/src/acaresim_final/acaresim/build/acare_planner' returned '0': AMENT_PREFIX_PATH=/home/shreevanth-m/acare_demo_ws/src/acaresim_final/acaresim/install/acare_msgs:${AMENT_PREFIX_PATH} CMAKE_PREFIX_PATH=/home/shreevanth-m/acare_demo_ws/src/acaresim_final/acaresim/install/acare_msgs:${CMAKE_PREFIX_PATH} DEBUGINFOD_URLS=https://debuginfod.ubuntu.com LD_LIBRARY_PATH=/home/shreevanth-m/acare_demo_ws/src/acaresim_final/acaresim/install/acare_msgs/lib:${LD_LIBRARY_PATH} PYTHONPATH=/home/shreevanth-m/acare_demo_ws/src/acaresim_final/acaresim/build/acare_planner/prefix_override:/usr/lib/python3/dist-packages/colcon_core/task/python/colcon_distutils_commands:/home/shreevanth-m/acare_demo_ws/src/acaresim_final/acaresim/install/acare_planner/lib/python3.12/site-packages:/home/shreevanth-m/acare_demo_ws/src/acaresim_final/acaresim/install/acare_msgs/lib/python3.12/site-packages:${PYTHONPATH} /usr/bin/python3 -W ignore:setup.py install is deprecated -W ignore:easy_install command is deprecated setup.py develop --editable --build-directory /home/shreevanth-m/acare_demo_ws/src/acaresim_final/acaresim/build/acare_planner/build --no-deps symlink_data
