[  0%] Built target acare_msgs__rosidl_generator_type_description
[  0%] Built target acare_msgs__rs
[  0%] Built target ament_cmake_python_symlink_acare_msgs
[  0%] Built target acare_msgs__cpp
[ 27%] Built target acare_msgs__rosidl_generator_c
[ 37%] Built target acare_msgs__rosidl_typesupport_introspection_c
[ 47%] Built target acare_msgs__rosidl_typesupport_c
[ 66%] Built target acare_msgs__rosidl_typesupport_fastrtps_c
[ 66%] Built target acare_msgs__rosidl_typesupport_cpp
[ 76%] Built target acare_msgs__rosidl_typesupport_introspection_cpp
[ 86%] Built target acare_msgs__rosidl_typesupport_fastrtps_cpp
[ 86%] Built target acare_msgs
[ 87%] Built target acare_msgs__py
[ 96%] Built target acare_msgs__rosidl_generator_py
[ 98%] Built target acare_msgs_s__rosidl_typesupport_introspection_c
[ 99%] Built target acare_msgs_s__rosidl_typesupport_fastrtps_c
[100%] Built target acare_msgs_s__rosidl_typesupport_c
running egg_info
writing acare_msgs.egg-info/PKG-INFO
writing dependency_links to acare_msgs.egg-info/dependency_links.txt
writing top-level names to acare_msgs.egg-info/top_level.txt
reading manifest file 'acare_msgs.egg-info/SOURCES.txt'
writing manifest file 'acare_msgs.egg-info/SOURCES.txt'
[100%] Built target ament_cmake_python_build_acare_msgs_egg
-- Install configuration: ""
-- Execute custom install script
-- Up-to-date symlink: /home/shreevanth-m/acare_demo_ws/src/acaresim_final/acaresim/install/acare_msgs/share/ament_index/resource_index/rosidl_interfaces/acare_msgs
-- Up-to-date symlink: /home/shreevanth-m/acare_demo_ws/src/acaresim_final/acaresim/install/acare_msgs/share/acare_msgs/msg/RobotState.json
-- Up-to-date symlink: /home/shreevanth-m/acare_demo_ws/src/acaresim_final/acaresim/install/acare_msgs/share/acare_msgs/msg/StateTransition.json
-- Up-to-date symlink: /home/shreevanth-m/acare_demo_ws/src/acaresim_final/acaresim/install/acare_msgs/share/acare_msgs/msg/Intent.json
-- Up-to-date symlink: /home/shreevanth-m/acare_demo_ws/src/acaresim_final/acaresim/install/acare_msgs/share/acare_msgs/msg/ValidatedIntent.json
-- Up-to-date symlink: /home/shreevanth-m/acare_demo_ws/src/acaresim_final/acaresim/install/acare_msgs/share/acare_msgs/msg/SafetyAlert.json
-- Up-to-date symlink: /home/shreevanth-m/acare_demo_ws/src/acaresim_final/acaresim/install/acare_msgs/share/acare_msgs/msg/HandStatus.json
-- Up-to-date symlink: /home/shreevanth-m/acare_demo_ws/src/acaresim_final/acaresim/install/acare_msgs/share/acare_msgs/msg/AuthResult.json
-- Up-to-date symlink: /home/shreevanth-m/acare_demo_ws/src/acaresim_final/acaresim/install/acare_msgs/share/acare_msgs/msg/VisionResult.json
-- Up-to-date symlink: /home/shreevanth-m/acare_demo_ws/src/acaresim_final/acaresim/install/acare_msgs/share/acare_msgs/msg/VisionSearchRequest.json
-- Up-to-date symlink: /home/shreevanth-m/acare_demo_ws/src/acaresim_final/acaresim/install/acare_msgs/share/acare_msgs/msg/ArmCommand.json
-- Up-to-date symlink: /home/shreevanth-m/acare_demo_ws/src/acaresim_final/acaresim/install/acare_msgs/share/acare_msgs/msg/GripperCommand.json
-- Up-to-date symlink: /home/shreevanth-m/acare_demo_ws/src/acaresim_final/acaresim/install/acare_msgs/share/acare_msgs/msg/MotionFeedback.json
-- Up-to-date symlink: /home/shreevanth-m/acare_demo_ws/src/acaresim_final/acaresim/install/acare_msgs/share/acare_msgs/msg/LogEvent.json
-- Up-to-date symlink: /home/shreevanth-m/acare_demo_ws/src/acaresim_final/acaresim/install/acare_msgs/share/acare_msgs/msg/EmergencySignal.json
-- Up-to-date symlink: /home/shreevanth-m/acare_demo_ws/src/acaresim_final/acaresim/install/acare_msgs/share/acare_msgs/srv/EnrolStaff.json
-- Up-to-date symlink: /home/shreevanth-m/acare_demo_ws/src/acaresim_final/acaresim/install/acare_msgs/include/acare_msgs/acare_msgs/msg/arm_command.h
-- Up-to-date symlink: /home/shreevanth-m/acare_demo_ws/src/acaresim_final/acaresim/install/acare_msgs/include/acare_msgs/acare_msgs/msg/auth_result.h
-- Up-to-date symlink: /home/shreevanth-m/acare_demo_ws/src/acaresim_final/acaresim/install/acare_msgs/include/acare_msgs/acare_msgs/msg/detail/arm_command__functions.h
-- Up-to-date symlink: /home/shreevanth-m/acare_demo_ws/src/acaresim_final/acaresim/install/acare_msgs/include/acare_msgs/acare_msgs/msg/detail/arm_command__struct.h
-- Up-to-date symlink: /home/shreevanth-m/acare_demo_ws/src/acaresim_final/acaresim/install/acare_msgs/include/acare_msgs/acare_msgs/msg/detail/arm_command__type_support.h
-- Up-to-date symlink: /home/shreevanth-m/acare_demo_ws/src/acaresim_final/acaresim/install/acare_msgs/include/acare_msgs/acare_msgs/msg/detail/auth_result__functions.h
-- Up-to-date symlink: /home/shreevanth-m/acare_demo_ws/src/acaresim_final/acaresim/install/acare_msgs/include/acare_msgs/acare_msgs/msg/detail/auth_result__struct.h
-- Up-to-date symlink: /home/shreevanth-m/acare_demo_ws/src/acaresim_final/acaresim/install/acare_msgs/include/acare_msgs/acare_msgs/msg/detail/auth_result__type_support.h
-- Up-to-date symlink: /home/shreevanth-m/acare_demo_ws/src/acaresim_final/acaresim/install/acare_msgs/include/acare_msgs/acare_msgs/msg/detail/emergency_signal__functions.h
-- Up-to-date symlink: /home/shreevanth-m/acare_demo_ws/src/acaresim_final/acaresim/install/acare_msgs/include/acare_msgs/acare_msgs/msg/detail/emergency_signal__struct.h
-- Up-to-date symlink: /home/shreevanth-m/acare_demo_ws/src/acaresim_final/acaresim/install/acare_msgs/include/acare_msgs/acare_msgs/msg/detail/emergency_signal__type_support.h
-- Up-to-date symlink: /home/shreevanth-m/acare_demo_ws/src/acaresim_final/acaresim/install/acare_msgs/include/acare_msgs/acare_msgs/msg/detail/gripper_command__functions.h
-- Up-to-date symlink: /home/shreevanth-m/acare_demo_ws/src/acaresim_final/acaresim/install/acare_msgs/include/acare_msgs/acare_msgs/msg/detail/gripper_command__struct.h
-- Up-to-date symlink: /home/shreevanth-m/acare_demo_ws/src/acaresim_final/acaresim/install/acare_msgs/include/acare_msgs/acare_msgs/msg/detail/gripper_command__type_support.h
-- Up-to-date symlink: /home/shreevanth-m/acare_demo_ws/src/acaresim_final/acaresim/install/acare_msgs/include/acare_msgs/acare_msgs/msg/detail/hand_status__functions.h
-- Up-to-date symlink: /home/shreevanth-m/acare_demo_ws/src/acaresim_final/acaresim/install/acare_msgs/include/acare_msgs/acare_msgs/msg/detail/hand_status__struct.h
-- Up-to-date symlink: /home/shreevanth-m/acare_demo_ws/src/acaresim_final/acaresim/install/acare_msgs/include/acare_msgs/acare_msgs/msg/detail/hand_status__type_support.h
-- Up-to-date symlink: /home/shreevanth-m/acare_demo_ws/src/acaresim_final/acaresim/install/acare_msgs/include/acare_msgs/acare_msgs/msg/detail/intent__functions.h
-- Up-to-date symlink: /home/shreevanth-m/acare_demo_ws/src/acaresim_final/acaresim/install/acare_msgs/include/acare_msgs/acare_msgs/msg/detail/intent__struct.h
-- Up-to-date symlink: /home/shreevanth-m/acare_demo_ws/src/acaresim_final/acaresim/install/acare_msgs/include/acare_msgs/acare_msgs/msg/detail/intent__type_support.h
-- Up-to-date symlink: /home/shreevanth-m/acare_demo_ws/src/acaresim_final/acaresim/install/acare_msgs/include/acare_msgs/acare_msgs/msg/detail/log_event__functions.h
-- Up-to-date symlink: /home/shreevanth-m/acare_demo_ws/src/acaresim_final/acaresim/install/acare_msgs/include/acare_msgs/acare_msgs/msg/detail/log_event__struct.h
-- Up-to-date symlink: /home/shreevanth-m/acare_demo_ws/src/acaresim_final/acaresim/install/acare_msgs/include/acare_msgs/acare_msgs/msg/detail/log_event__type_support.h
-- Up-to-date symlink: /home/shreevanth-m/acare_demo_ws/src/acaresim_final/acaresim/install/acare_msgs/include/acare_msgs/acare_msgs/msg/detail/motion_feedback__functions.h
-- Up-to-date symlink: /home/shreevanth-m/acare_demo_ws/src/acaresim_final/acaresim/install/acare_msgs/include/acare_msgs/acare_msgs/msg/detail/motion_feedback__struct.h
-- Up-to-date symlink: /home/shreevanth-m/acare_demo_ws/src/acaresim_final/acaresim/install/acare_msgs/include/acare_msgs/acare_msgs/msg/detail/motion_feedback__type_support.h
-- Up-to-date symlink: /home/shreevanth-m/acare_demo_ws/src/acaresim_final/acaresim/install/acare_msgs/include/acare_msgs/acare_msgs/msg/detail/robot_state__functions.h
-- Up-to-date symlink: /home/shreevanth-m/acare_demo_ws/src/acaresim_final/acaresim/install/acare_msgs/include/acare_msgs/acare_msgs/msg/detail/robot_state__struct.h
-- Up-to-date symlink: /home/shreevanth-m/acare_demo_ws/src/acaresim_final/acaresim/install/acare_msgs/include/acare_msgs/acare_msgs/msg/detail/robot_state__type_support.h
-- Up-to-date symlink: /home/shreevanth-m/acare_demo_ws/src/acaresim_final/acaresim/install/acare_msgs/include/acare_msgs/acare_msgs/msg/detail/safety_alert__functions.h
-- Up-to-date symlink: /home/shreevanth-m/acare_demo_ws/src/acaresim_final/acaresim/install/acare_msgs/include/acare_msgs/acare_msgs/msg/detail/safety_alert__struct.h
-- Up-to-date symlink: /home/shreevanth-m/acare_demo_ws/src/acaresim_final/acaresim/install/acare_msgs/include/acare_msgs/acare_msgs/msg/detail/safety_alert__type_support.h
-- Up-to-date symlink: /home/shreevanth-m/acare_demo_ws/src/acaresim_final/acaresim/install/acare_msgs/include/acare_msgs/acare_msgs/msg/detail/state_transition__functions.h
-- Up-to-date symlink: /home/shreevanth-m/acare_demo_ws/src/acaresim_final/acaresim/install/acare_msgs/include/acare_msgs/acare_msgs/msg/detail/state_transition__struct.h
-- Up-to-date symlink: /home/shreevanth-m/acare_demo_ws/src/acaresim_final/acaresim/install/acare_msgs/include/acare_msgs/acare_msgs/msg/detail/state_transition__type_support.h
-- Up-to-date symlink: /home/shreevanth-m/acare_demo_ws/src/acaresim_final/acaresim/install/acare_msgs/include/acare_msgs/acare_msgs/msg/detail/validated_intent__functions.h
-- Up-to-date symlink: /home/shreevanth-m/acare_demo_ws/src/acaresim_final/acaresim/install/acare_msgs/include/acare_msgs/acare_msgs/msg/detail/validated_intent__struct.h
-- Up-to-date symlink: /home/shreevanth-m/acare_demo_ws/src/acaresim_final/acaresim/install/acare_msgs/include/acare_msgs/acare_msgs/msg/detail/validated_intent__type_support.h
-- Up-to-date symlink: /home/shreevanth-m/acare_demo_ws/src/acaresim_final/acaresim/install/acare_msgs/include/acare_msgs/acare_msgs/msg/detail/vision_result__functions.h
-- Up-to-date symlink: /home/shreevanth-m/acare_demo_ws/src/acaresim_final/acaresim/install/acare_msgs/include/acare_msgs/acare_msgs/msg/detail/vision_result__struct.h
-- Up-to-date symlink: /home/shreevanth-m/acare_demo_ws/src/acaresim_final/acaresim/install/acare_msgs/include/acare_msgs/acare_msgs/msg/detail/vision_result__type_support.h
-- Up-to-date symlink: /home/shreevanth-m/acare_demo_ws/src/acaresim_final/acaresim/install/acare_msgs/include/acare_msgs/acare_msgs/msg/detail/vision_search_request__functions.h
-- Up-to-date symlink: /home/shreevanth-m/acare_demo_ws/src/acaresim_final/acaresim/install/acare_msgs/include/acare_msgs/acare_msgs/msg/detail/vision_search_request__struct.h
-- Up-to-date symlink: /home/shreevanth-m/acare_demo_ws/src/acaresim_final/acaresim/install/acare_msgs/include/acare_msgs/acare_msgs/msg/detail/vision_search_request__type_support.h
-- Up-to-date symlink: /home/shreevanth-m/acare_demo_ws/src/acaresim_final/acaresim/install/acare_msgs/include/acare_msgs/acare_msgs/msg/emergency_signal.h
-- Up-to-date symlink: /home/shreevanth-m/acare_demo_ws/src/acaresim_final/acaresim/install/acare_msgs/include/acare_msgs/acare_msgs/msg/gripper_command.h
-- Up-to-date symlink: /home/shreevanth-m/acare_demo_ws/src/acaresim_final/acaresim/install/acare_msgs/include/acare_msgs/acare_msgs/msg/hand_status.h
-- Up-to-date symlink: /home/shreevanth-m/acare_demo_ws/src/acaresim_final/acaresim/install/acare_msgs/include/acare_msgs/acare_msgs/msg/intent.h
-- Up-to-date symlink: /home/shreevanth-m/acare_demo_ws/src/acaresim_final/acaresim/install/acare_msgs/include/acare_msgs/acare_msgs/msg/log_event.h
-- Up-to-date symlink: /home/shreevanth-m/acare_demo_ws/src/acaresim_final/acaresim/install/acare_msgs/include/acare_msgs/acare_msgs/msg/motion_feedback.h
-- Up-to-date symlink: /home/shreevanth-m/acare_demo_ws/src/acaresim_final/acaresim/install/acare_msgs/include/acare_msgs/acare_msgs/msg/robot_state.h
-- Up-to-date symlink: /home/shreevanth-m/acare_demo_ws/src/acaresim_final/acaresim/install/acare_msgs/include/acare_msgs/acare_msgs/msg/rosidl_generator_c__visibility_control.h
-- Up-to-date symlink: /home/shreevanth-m/acare_demo_ws/src/acaresim_final/acaresim/install/acare_msgs/include/acare_msgs/acare_msgs/msg/safety_alert.h
-- Up-to-date symlink: /home/shreevanth-m/acare_demo_ws/src/acaresim_final/acaresim/install/acare_msgs/include/acare_msgs/acare_msgs/msg/state_transition.h
-- Up-to-date symlink: /home/shreevanth-m/acare_demo_ws/src/acaresim_final/acaresim/install/acare_msgs/include/acare_msgs/acare_msgs/msg/validated_intent.h
-- Up-to-date symlink: /home/shreevanth-m/acare_demo_ws/src/acaresim_final/acaresim/install/acare_msgs/include/acare_msgs/acare_msgs/msg/vision_result.h
-- Up-to-date symlink: /home/shreevanth-m/acare_demo_ws/src/acaresim_final/acaresim/install/acare_msgs/include/acare_msgs/acare_msgs/msg/vision_search_request.h
-- Up-to-date symlink: /home/shreevanth-m/acare_demo_ws/src/acaresim_final/acaresim/install/acare_msgs/include/acare_msgs/acare_msgs/srv/detail/enrol_staff__functions.h
-- Up-to-date symlink: /home/shreevanth-m/acare_demo_ws/src/acaresim_final/acaresim/install/acare_msgs/include/acare_msgs/acare_msgs/srv/detail/enrol_staff__struct.h
-- Up-to-date symlink: /home/shreevanth-m/acare_demo_ws/src/acaresim_final/acaresim/install/acare_msgs/include/acare_msgs/acare_msgs/srv/detail/enrol_staff__type_support.h
-- Up-to-date symlink: /home/shreevanth-m/acare_demo_ws/src/acaresim_final/acaresim/install/acare_msgs/include/acare_msgs/acare_msgs/srv/enrol_staff.h
-- Up-to-date symlink: /home/shreevanth-m/acare_demo_ws/src/acaresim_final/acaresim/install/acare_msgs/share/acare_msgs/environment/library_path.sh
-- Up-to-date symlink: /home/shreevanth-m/acare_demo_ws/src/acaresim_final/acaresim/install/acare_msgs/share/acare_msgs/environment/library_path.dsv
-- Up-to-date symlink: /home/shreevanth-m/acare_demo_ws/src/acaresim_final/acaresim/install/acare_msgs/include/acare_msgs/acare_msgs/msg/detail/arm_command__rosidl_typesupport_fastrtps_c.h
-- Up-to-date symlink: /home/shreevanth-m/acare_demo_ws/src/acaresim_final/acaresim/install/acare_msgs/include/acare_msgs/acare_msgs/msg/detail/auth_result__rosidl_typesupport_fastrtps_c.h
-- Up-to-date symlink: /home/shreevanth-m/acare_demo_ws/src/acaresim_final/acaresim/install/acare_msgs/include/acare_msgs/acare_msgs/msg/detail/emergency_signal__rosidl_typesupport_fastrtps_c.h
-- Up-to-date symlink: /home/shreevanth-m/acare_demo_ws/src/acaresim_final/acaresim/install/acare_msgs/include/acare_msgs/acare_msgs/msg/detail/gripper_command__rosidl_typesupport_fastrtps_c.h
-- Up-to-date symlink: /home/shreevanth-m/acare_demo_ws/src/acaresim_final/acaresim/install/acare_msgs/include/acare_msgs/acare_msgs/msg/detail/hand_status__rosidl_typesupport_fastrtps_c.h
-- Up-to-date symlink: /home/shreevanth-m/acare_demo_ws/src/acaresim_final/acaresim/install/acare_msgs/include/acare_msgs/acare_msgs/msg/detail/intent__rosidl_typesupport_fastrtps_c.h
-- Up-to-date symlink: /home/shreevanth-m/acare_demo_ws/src/acaresim_final/acaresim/install/acare_msgs/include/acare_msgs/acare_msgs/msg/detail/log_event__rosidl_typesupport_fastrtps_c.h
-- Up-to-date symlink: /home/shreevanth-m/acare_demo_ws/src/acaresim_final/acaresim/install/acare_msgs/include/acare_msgs/acare_msgs/msg/detail/motion_feedback__rosidl_typesupport_fastrtps_c.h
-- Up-to-date symlink: /home/shreevanth-m/acare_demo_ws/src/acaresim_final/acaresim/install/acare_msgs/include/acare_msgs/acare_msgs/msg/detail/robot_state__rosidl_typesupport_fastrtps_c.h
-- Up-to-date symlink: /home/shreevanth-m/acare_demo_ws/src/acaresim_final/acaresim/install/acare_msgs/include/acare_msgs/acare_msgs/msg/detail/safety_alert__rosidl_typesupport_fastrtps_c.h
-- Up-to-date symlink: /home/shreevanth-m/acare_demo_ws/src/acaresim_final/acaresim/install/acare_msgs/include/acare_msgs/acare_msgs/msg/detail/state_transition__rosidl_typesupport_fastrtps_c.h
-- Up-to-date symlink: /home/shreevanth-m/acare_demo_ws/src/acaresim_final/acaresim/install/acare_msgs/include/acare_msgs/acare_msgs/msg/detail/validated_intent__rosidl_typesupport_fastrtps_c.h
-- Up-to-date symlink: /home/shreevanth-m/acare_demo_ws/src/acaresim_final/acaresim/install/acare_msgs/include/acare_msgs/acare_msgs/msg/detail/vision_result__rosidl_typesupport_fastrtps_c.h
-- Up-to-date symlink: /home/shreevanth-m/acare_demo_ws/src/acaresim_final/acaresim/install/acare_msgs/include/acare_msgs/acare_msgs/msg/detail/vision_search_request__rosidl_typesupport_fastrtps_c.h
-- Up-to-date symlink: /home/shreevanth-m/acare_demo_ws/src/acaresim_final/acaresim/install/acare_msgs/include/acare_msgs/acare_msgs/msg/rosidl_typesupport_fastrtps_c__visibility_control.h
-- Up-to-date symlink: /home/shreevanth-m/acare_demo_ws/src/acaresim_final/acaresim/install/acare_msgs/include/acare_msgs/acare_msgs/srv/detail/enrol_staff__rosidl_typesupport_fastrtps_c.h
-- Up-to-date symlink: /home/shreevanth-m/acare_demo_ws/src/acaresim_final/acaresim/install/acare_msgs/include/acare_msgs/acare_msgs/msg/detail/arm_command__rosidl_typesupport_introspection_c.h
-- Up-to-date symlink: /home/shreevanth-m/acare_demo_ws/src/acaresim_final/acaresim/install/acare_msgs/include/acare_msgs/acare_msgs/msg/detail/auth_result__rosidl_typesupport_introspection_c.h
-- Up-to-date symlink: /home/shreevanth-m/acare_demo_ws/src/acaresim_final/acaresim/install/acare_msgs/include/acare_msgs/acare_msgs/msg/detail/emergency_signal__rosidl_typesupport_introspection_c.h
-- Up-to-date symlink: /home/shreevanth-m/acare_demo_ws/src/acaresim_final/acaresim/install/acare_msgs/include/acare_msgs/acare_msgs/msg/detail/gripper_command__rosidl_typesupport_introspection_c.h
-- Up-to-date symlink: /home/shreevanth-m/acare_demo_ws/src/acaresim_final/acaresim/install/acare_msgs/include/acare_msgs/acare_msgs/msg/detail/hand_status__rosidl_typesupport_introspection_c.h
-- Up-to-date symlink: /home/shreevanth-m/acare_demo_ws/src/acaresim_final/acaresim/install/acare_msgs/include/acare_msgs/acare_msgs/msg/detail/intent__rosidl_typesupport_introspection_c.h
-- Up-to-date symlink: /home/shreevanth-m/acare_demo_ws/src/acaresim_final/acaresim/install/acare_msgs/include/acare_msgs/acare_msgs/msg/detail/log_event__rosidl_typesupport_introspection_c.h
-- Up-to-date symlink: /home/shreevanth-m/acare_demo_ws/src/acaresim_final/acaresim/install/acare_msgs/include/acare_msgs/acare_msgs/msg/detail/motion_feedback__rosidl_typesupport_introspection_c.h
-- Up-to-date symlink: /home/shreevanth-m/acare_demo_ws/src/acaresim_final/acaresim/install/acare_msgs/include/acare_msgs/acare_msgs/msg/detail/robot_state__rosidl_typesupport_introspection_c.h
-- Up-to-date symlink: /home/shreevanth-m/acare_demo_ws/src/acaresim_final/acaresim/install/acare_msgs/include/acare_msgs/acare_msgs/msg/detail/safety_alert__rosidl_typesupport_introspection_c.h
-- Up-to-date symlink: /home/shreevanth-m/acare_demo_ws/src/acaresim_final/acaresim/install/acare_msgs/include/acare_msgs/acare_msgs/msg/detail/state_transition__rosidl_typesupport_introspection_c.h
-- Up-to-date symlink: /home/shreevanth-m/acare_demo_ws/src/acaresim_final/acaresim/install/acare_msgs/include/acare_msgs/acare_msgs/msg/detail/validated_intent__rosidl_typesupport_introspection_c.h
-- Up-to-date symlink: /home/shreevanth-m/acare_demo_ws/src/acaresim_final/acaresim/install/acare_msgs/include/acare_msgs/acare_msgs/msg/detail/vision_result__rosidl_typesupport_introspection_c.h
-- Up-to-date symlink: /home/shreevanth-m/acare_demo_ws/src/acaresim_final/acaresim/install/acare_msgs/include/acare_msgs/acare_msgs/msg/detail/vision_search_request__rosidl_typesupport_introspection_c.h
-- Up-to-date symlink: /home/shreevanth-m/acare_demo_ws/src/acaresim_final/acaresim/install/acare_msgs/include/acare_msgs/acare_msgs/msg/rosidl_typesupport_introspection_c__visibility_control.h
-- Up-to-date symlink: /home/shreevanth-m/acare_demo_ws/src/acaresim_final/acaresim/install/acare_msgs/include/acare_msgs/acare_msgs/srv/detail/enrol_staff__rosidl_typesupport_introspection_c.h
-- Up-to-date symlink: /home/shreevanth-m/acare_demo_ws/src/acaresim_final/acaresim/install/acare_msgs/include/acare_msgs/acare_msgs/msg/arm_command.hpp
-- Up-to-date symlink: /home/shreevanth-m/acare_demo_ws/src/acaresim_final/acaresim/install/acare_msgs/include/acare_msgs/acare_msgs/msg/auth_result.hpp
-- Up-to-date symlink: /home/shreevanth-m/acare_demo_ws/src/acaresim_final/acaresim/install/acare_msgs/include/acare_msgs/acare_msgs/msg/detail/arm_command__builder.hpp
-- Up-to-date symlink: /home/shreevanth-m/acare_demo_ws/src/acaresim_final/acaresim/install/acare_msgs/include/acare_msgs/acare_msgs/msg/detail/arm_command__struct.hpp
-- Up-to-date symlink: /home/shreevanth-m/acare_demo_ws/src/acaresim_final/acaresim/install/acare_msgs/include/acare_msgs/acare_msgs/msg/detail/arm_command__traits.hpp
-- Up-to-date symlink: /home/shreevanth-m/acare_demo_ws/src/acaresim_final/acaresim/install/acare_msgs/include/acare_msgs/acare_msgs/msg/detail/arm_command__type_support.hpp
-- Up-to-date symlink: /home/shreevanth-m/acare_demo_ws/src/acaresim_final/acaresim/install/acare_msgs/include/acare_msgs/acare_msgs/msg/detail/auth_result__builder.hpp
-- Up-to-date symlink: /home/shreevanth-m/acare_demo_ws/src/acaresim_final/acaresim/install/acare_msgs/include/acare_msgs/acare_msgs/msg/detail/auth_result__struct.hpp
-- Up-to-date symlink: /home/shreevanth-m/acare_demo_ws/src/acaresim_final/acaresim/install/acare_msgs/include/acare_msgs/acare_msgs/msg/detail/auth_result__traits.hpp
-- Up-to-date symlink: /home/shreevanth-m/acare_demo_ws/src/acaresim_final/acaresim/install/acare_msgs/include/acare_msgs/acare_msgs/msg/detail/auth_result__type_support.hpp
-- Up-to-date symlink: /home/shreevanth-m/acare_demo_ws/src/acaresim_final/acaresim/install/acare_msgs/include/acare_msgs/acare_msgs/msg/detail/emergency_signal__builder.hpp
-- Up-to-date symlink: /home/shreevanth-m/acare_demo_ws/src/acaresim_final/acaresim/install/acare_msgs/include/acare_msgs/acare_msgs/msg/detail/emergency_signal__struct.hpp
-- Up-to-date symlink: /home/shreevanth-m/acare_demo_ws/src/acaresim_final/acaresim/install/acare_msgs/include/acare_msgs/acare_msgs/msg/detail/emergency_signal__traits.hpp
-- Up-to-date symlink: /home/shreevanth-m/acare_demo_ws/src/acaresim_final/acaresim/install/acare_msgs/include/acare_msgs/acare_msgs/msg/detail/emergency_signal__type_support.hpp
-- Up-to-date symlink: /home/shreevanth-m/acare_demo_ws/src/acaresim_final/acaresim/install/acare_msgs/include/acare_msgs/acare_msgs/msg/detail/gripper_command__builder.hpp
-- Up-to-date symlink: /home/shreevanth-m/acare_demo_ws/src/acaresim_final/acaresim/install/acare_msgs/include/acare_msgs/acare_msgs/msg/detail/gripper_command__struct.hpp
-- Up-to-date symlink: /home/shreevanth-m/acare_demo_ws/src/acaresim_final/acaresim/install/acare_msgs/include/acare_msgs/acare_msgs/msg/detail/gripper_command__traits.hpp
-- Up-to-date symlink: /home/shreevanth-m/acare_demo_ws/src/acaresim_final/acaresim/install/acare_msgs/include/acare_msgs/acare_msgs/msg/detail/gripper_command__type_support.hpp
-- Up-to-date symlink: /home/shreevanth-m/acare_demo_ws/src/acaresim_final/acaresim/install/acare_msgs/include/acare_msgs/acare_msgs/msg/detail/hand_status__builder.hpp
-- Up-to-date symlink: /home/shreevanth-m/acare_demo_ws/src/acaresim_final/acaresim/install/acare_msgs/include/acare_msgs/acare_msgs/msg/detail/hand_status__struct.hpp
-- Up-to-date symlink: /home/shreevanth-m/acare_demo_ws/src/acaresim_final/acaresim/install/acare_msgs/include/acare_msgs/acare_msgs/msg/detail/hand_status__traits.hpp
-- Up-to-date symlink: /home/shreevanth-m/acare_demo_ws/src/acaresim_final/acaresim/install/acare_msgs/include/acare_msgs/acare_msgs/msg/detail/hand_status__type_support.hpp
-- Up-to-date symlink: /home/shreevanth-m/acare_demo_ws/src/acaresim_final/acaresim/install/acare_msgs/include/acare_msgs/acare_msgs/msg/detail/intent__builder.hpp
-- Up-to-date symlink: /home/shreevanth-m/acare_demo_ws/src/acaresim_final/acaresim/install/acare_msgs/include/acare_msgs/acare_msgs/msg/detail/intent__struct.hpp
-- Up-to-date symlink: /home/shreevanth-m/acare_demo_ws/src/acaresim_final/acaresim/install/acare_msgs/include/acare_msgs/acare_msgs/msg/detail/intent__traits.hpp
-- Up-to-date symlink: /home/shreevanth-m/acare_demo_ws/src/acaresim_final/acaresim/install/acare_msgs/include/acare_msgs/acare_msgs/msg/detail/intent__type_support.hpp
-- Up-to-date symlink: /home/shreevanth-m/acare_demo_ws/src/acaresim_final/acaresim/install/acare_msgs/include/acare_msgs/acare_msgs/msg/detail/log_event__builder.hpp
-- Up-to-date symlink: /home/shreevanth-m/acare_demo_ws/src/acaresim_final/acaresim/install/acare_msgs/include/acare_msgs/acare_msgs/msg/detail/log_event__struct.hpp
-- Up-to-date symlink: /home/shreevanth-m/acare_demo_ws/src/acaresim_final/acaresim/install/acare_msgs/include/acare_msgs/acare_msgs/msg/detail/log_event__traits.hpp
-- Up-to-date symlink: /home/shreevanth-m/acare_demo_ws/src/acaresim_final/acaresim/install/acare_msgs/include/acare_msgs/acare_msgs/msg/detail/log_event__type_support.hpp
-- Up-to-date symlink: /home/shreevanth-m/acare_demo_ws/src/acaresim_final/acaresim/install/acare_msgs/include/acare_msgs/acare_msgs/msg/detail/motion_feedback__builder.hpp
-- Up-to-date symlink: /home/shreevanth-m/acare_demo_ws/src/acaresim_final/acaresim/install/acare_msgs/include/acare_msgs/acare_msgs/msg/detail/motion_feedback__struct.hpp
-- Up-to-date symlink: /home/shreevanth-m/acare_demo_ws/src/acaresim_final/acaresim/install/acare_msgs/include/acare_msgs/acare_msgs/msg/detail/motion_feedback__traits.hpp
-- Up-to-date symlink: /home/shreevanth-m/acare_demo_ws/src/acaresim_final/acaresim/install/acare_msgs/include/acare_msgs/acare_msgs/msg/detail/motion_feedback__type_support.hpp
-- Up-to-date symlink: /home/shreevanth-m/acare_demo_ws/src/acaresim_final/acaresim/install/acare_msgs/include/acare_msgs/acare_msgs/msg/detail/robot_state__builder.hpp
-- Up-to-date symlink: /home/shreevanth-m/acare_demo_ws/src/acaresim_final/acaresim/install/acare_msgs/include/acare_msgs/acare_msgs/msg/detail/robot_state__struct.hpp
-- Up-to-date symlink: /home/shreevanth-m/acare_demo_ws/src/acaresim_final/acaresim/install/acare_msgs/include/acare_msgs/acare_msgs/msg/detail/robot_state__traits.hpp
-- Up-to-date symlink: /home/shreevanth-m/acare_demo_ws/src/acaresim_final/acaresim/install/acare_msgs/include/acare_msgs/acare_msgs/msg/detail/robot_state__type_support.hpp
-- Up-to-date symlink: /home/shreevanth-m/acare_demo_ws/src/acaresim_final/acaresim/install/acare_msgs/include/acare_msgs/acare_msgs/msg/detail/safety_alert__builder.hpp
-- Up-to-date symlink: /home/shreevanth-m/acare_demo_ws/src/acaresim_final/acaresim/install/acare_msgs/include/acare_msgs/acare_msgs/msg/detail/safety_alert__struct.hpp
-- Up-to-date symlink: /home/shreevanth-m/acare_demo_ws/src/acaresim_final/acaresim/install/acare_msgs/include/acare_msgs/acare_msgs/msg/detail/safety_alert__traits.hpp
-- Up-to-date symlink: /home/shreevanth-m/acare_demo_ws/src/acaresim_final/acaresim/install/acare_msgs/include/acare_msgs/acare_msgs/msg/detail/safety_alert__type_support.hpp
-- Up-to-date symlink: /home/shreevanth-m/acare_demo_ws/src/acaresim_final/acaresim/install/acare_msgs/include/acare_msgs/acare_msgs/msg/detail/state_transition__builder.hpp
-- Up-to-date symlink: /home/shreevanth-m/acare_demo_ws/src/acaresim_final/acaresim/install/acare_msgs/include/acare_msgs/acare_msgs/msg/detail/state_transition__struct.hpp
-- Up-to-date symlink: /home/shreevanth-m/acare_demo_ws/src/acaresim_final/acaresim/install/acare_msgs/include/acare_msgs/acare_msgs/msg/detail/state_transition__traits.hpp
-- Up-to-date symlink: /home/shreevanth-m/acare_demo_ws/src/acaresim_final/acaresim/install/acare_msgs/include/acare_msgs/acare_msgs/msg/detail/state_transition__type_support.hpp
-- Up-to-date symlink: /home/shreevanth-m/acare_demo_ws/src/acaresim_final/acaresim/install/acare_msgs/include/acare_msgs/acare_msgs/msg/detail/validated_intent__builder.hpp
-- Up-to-date symlink: /home/shreevanth-m/acare_demo_ws/src/acaresim_final/acaresim/install/acare_msgs/include/acare_msgs/acare_msgs/msg/detail/validated_intent__struct.hpp
-- Up-to-date symlink: /home/shreevanth-m/acare_demo_ws/src/acaresim_final/acaresim/install/acare_msgs/include/acare_msgs/acare_msgs/msg/detail/validated_intent__traits.hpp
-- Up-to-date symlink: /home/shreevanth-m/acare_demo_ws/src/acaresim_final/acaresim/install/acare_msgs/include/acare_msgs/acare_msgs/msg/detail/validated_intent__type_support.hpp
-- Up-to-date symlink: /home/shreevanth-m/acare_demo_ws/src/acaresim_final/acaresim/install/acare_msgs/include/acare_msgs/acare_msgs/msg/detail/vision_result__builder.hpp
-- Up-to-date symlink: /home/shreevanth-m/acare_demo_ws/src/acaresim_final/acaresim/install/acare_msgs/include/acare_msgs/acare_msgs/msg/detail/vision_result__struct.hpp
-- Up-to-date symlink: /home/shreevanth-m/acare_demo_ws/src/acaresim_final/acaresim/install/acare_msgs/include/acare_msgs/acare_msgs/msg/detail/vision_result__traits.hpp
-- Up-to-date symlink: /home/shreevanth-m/acare_demo_ws/src/acaresim_final/acaresim/install/acare_msgs/include/acare_msgs/acare_msgs/msg/detail/vision_result__type_support.hpp
-- Up-to-date symlink: /home/shreevanth-m/acare_demo_ws/src/acaresim_final/acaresim/install/acare_msgs/include/acare_msgs/acare_msgs/msg/detail/vision_search_request__builder.hpp
-- Up-to-date symlink: /home/shreevanth-m/acare_demo_ws/src/acaresim_final/acaresim/install/acare_msgs/include/acare_msgs/acare_msgs/msg/detail/vision_search_request__struct.hpp
-- Up-to-date symlink: /home/shreevanth-m/acare_demo_ws/src/acaresim_final/acaresim/install/acare_msgs/include/acare_msgs/acare_msgs/msg/detail/vision_search_request__traits.hpp
-- Up-to-date symlink: /home/shreevanth-m/acare_demo_ws/src/acaresim_final/acaresim/install/acare_msgs/include/acare_msgs/acare_msgs/msg/detail/vision_search_request__type_support.hpp
-- Up-to-date symlink: /home/shreevanth-m/acare_demo_ws/src/acaresim_final/acaresim/install/acare_msgs/include/acare_msgs/acare_msgs/msg/emergency_signal.hpp
-- Up-to-date symlink: /home/shreevanth-m/acare_demo_ws/src/acaresim_final/acaresim/install/acare_msgs/include/acare_msgs/acare_msgs/msg/gripper_command.hpp
-- Up-to-date symlink: /home/shreevanth-m/acare_demo_ws/src/acaresim_final/acaresim/install/acare_msgs/include/acare_msgs/acare_msgs/msg/hand_status.hpp
-- Up-to-date symlink: /home/shreevanth-m/acare_demo_ws/src/acaresim_final/acaresim/install/acare_msgs/include/acare_msgs/acare_msgs/msg/intent.hpp
-- Up-to-date symlink: /home/shreevanth-m/acare_demo_ws/src/acaresim_final/acaresim/install/acare_msgs/include/acare_msgs/acare_msgs/msg/log_event.hpp
-- Up-to-date symlink: /home/shreevanth-m/acare_demo_ws/src/acaresim_final/acaresim/install/acare_msgs/include/acare_msgs/acare_msgs/msg/motion_feedback.hpp
-- Up-to-date symlink: /home/shreevanth-m/acare_demo_ws/src/acaresim_final/acaresim/install/acare_msgs/include/acare_msgs/acare_msgs/msg/robot_state.hpp
-- Up-to-date symlink: /home/shreevanth-m/acare_demo_ws/src/acaresim_final/acaresim/install/acare_msgs/include/acare_msgs/acare_msgs/msg/rosidl_generator_cpp__visibility_control.hpp
-- Up-to-date symlink: /home/shreevanth-m/acare_demo_ws/src/acaresim_final/acaresim/install/acare_msgs/include/acare_msgs/acare_msgs/msg/safety_alert.hpp
-- Up-to-date symlink: /home/shreevanth-m/acare_demo_ws/src/acaresim_final/acaresim/install/acare_msgs/include/acare_msgs/acare_msgs/msg/state_transition.hpp
-- Up-to-date symlink: /home/shreevanth-m/acare_demo_ws/src/acaresim_final/acaresim/install/acare_msgs/include/acare_msgs/acare_msgs/msg/validated_intent.hpp
-- Up-to-date symlink: /home/shreevanth-m/acare_demo_ws/src/acaresim_final/acaresim/install/acare_msgs/include/acare_msgs/acare_msgs/msg/vision_result.hpp
-- Up-to-date symlink: /home/shreevanth-m/acare_demo_ws/src/acaresim_final/acaresim/install/acare_msgs/include/acare_msgs/acare_msgs/msg/vision_search_request.hpp
-- Up-to-date symlink: /home/shreevanth-m/acare_demo_ws/src/acaresim_final/acaresim/install/acare_msgs/include/acare_msgs/acare_msgs/srv/detail/enrol_staff__builder.hpp
-- Up-to-date symlink: /home/shreevanth-m/acare_demo_ws/src/acaresim_final/acaresim/install/acare_msgs/include/acare_msgs/acare_msgs/srv/detail/enrol_staff__struct.hpp
-- Up-to-date symlink: /home/shreevanth-m/acare_demo_ws/src/acaresim_final/acaresim/install/acare_msgs/include/acare_msgs/acare_msgs/srv/detail/enrol_staff__traits.hpp
-- Up-to-date symlink: /home/shreevanth-m/acare_demo_ws/src/acaresim_final/acaresim/install/acare_msgs/include/acare_msgs/acare_msgs/srv/detail/enrol_staff__type_support.hpp
-- Up-to-date symlink: /home/shreevanth-m/acare_demo_ws/src/acaresim_final/acaresim/install/acare_msgs/include/acare_msgs/acare_msgs/srv/enrol_staff.hpp
-- Up-to-date symlink: /home/shreevanth-m/acare_demo_ws/src/acaresim_final/acaresim/install/acare_msgs/include/acare_msgs/acare_msgs/msg/detail/arm_command__rosidl_typesupport_fastrtps_cpp.hpp
-- Up-to-date symlink: /home/shreevanth-m/acare_demo_ws/src/acaresim_final/acaresim/install/acare_msgs/include/acare_msgs/acare_msgs/msg/detail/auth_result__rosidl_typesupport_fastrtps_cpp.hpp
-- Up-to-date symlink: /home/shreevanth-m/acare_demo_ws/src/acaresim_final/acaresim/install/acare_msgs/include/acare_msgs/acare_msgs/msg/detail/emergency_signal__rosidl_typesupport_fastrtps_cpp.hpp
-- Up-to-date symlink: /home/shreevanth-m/acare_demo_ws/src/acaresim_final/acaresim/install/acare_msgs/include/acare_msgs/acare_msgs/msg/detail/gripper_command__rosidl_typesupport_fastrtps_cpp.hpp
-- Up-to-date symlink: /home/shreevanth-m/acare_demo_ws/src/acaresim_final/acaresim/install/acare_msgs/include/acare_msgs/acare_msgs/msg/detail/hand_status__rosidl_typesupport_fastrtps_cpp.hpp
-- Up-to-date symlink: /home/shreevanth-m/acare_demo_ws/src/acaresim_final/acaresim/install/acare_msgs/include/acare_msgs/acare_msgs/msg/detail/intent__rosidl_typesupport_fastrtps_cpp.hpp
-- Up-to-date symlink: /home/shreevanth-m/acare_demo_ws/src/acaresim_final/acaresim/install/acare_msgs/include/acare_msgs/acare_msgs/msg/detail/log_event__rosidl_typesupport_fastrtps_cpp.hpp
-- Up-to-date symlink: /home/shreevanth-m/acare_demo_ws/src/acaresim_final/acaresim/install/acare_msgs/include/acare_msgs/acare_msgs/msg/detail/motion_feedback__rosidl_typesupport_fastrtps_cpp.hpp
-- Up-to-date symlink: /home/shreevanth-m/acare_demo_ws/src/acaresim_final/acaresim/install/acare_msgs/include/acare_msgs/acare_msgs/msg/detail/robot_state__rosidl_typesupport_fastrtps_cpp.hpp
-- Up-to-date symlink: /home/shreevanth-m/acare_demo_ws/src/acaresim_final/acaresim/install/acare_msgs/include/acare_msgs/acare_msgs/msg/detail/safety_alert__rosidl_typesupport_fastrtps_cpp.hpp
-- Up-to-date symlink: /home/shreevanth-m/acare_demo_ws/src/acaresim_final/acaresim/install/acare_msgs/include/acare_msgs/acare_msgs/msg/detail/state_transition__rosidl_typesupport_fastrtps_cpp.hpp
-- Up-to-date symlink: /home/shreevanth-m/acare_demo_ws/src/acaresim_final/acaresim/install/acare_msgs/include/acare_msgs/acare_msgs/msg/detail/validated_intent__rosidl_typesupport_fastrtps_cpp.hpp
-- Up-to-date symlink: /home/shreevanth-m/acare_demo_ws/src/acaresim_final/acaresim/install/acare_msgs/include/acare_msgs/acare_msgs/msg/detail/vision_result__rosidl_typesupport_fastrtps_cpp.hpp
-- Up-to-date symlink: /home/shreevanth-m/acare_demo_ws/src/acaresim_final/acaresim/install/acare_msgs/include/acare_msgs/acare_msgs/msg/detail/vision_search_request__rosidl_typesupport_fastrtps_cpp.hpp
-- Up-to-date symlink: /home/shreevanth-m/acare_demo_ws/src/acaresim_final/acaresim/install/acare_msgs/include/acare_msgs/acare_msgs/msg/rosidl_typesupport_fastrtps_cpp__visibility_control.h
-- Up-to-date symlink: /home/shreevanth-m/acare_demo_ws/src/acaresim_final/acaresim/install/acare_msgs/include/acare_msgs/acare_msgs/srv/detail/enrol_staff__rosidl_typesupport_fastrtps_cpp.hpp
-- Up-to-date symlink: /home/shreevanth-m/acare_demo_ws/src/acaresim_final/acaresim/install/acare_msgs/include/acare_msgs/acare_msgs/msg/detail/arm_command__rosidl_typesupport_introspection_cpp.hpp
-- Up-to-date symlink: /home/shreevanth-m/acare_demo_ws/src/acaresim_final/acaresim/install/acare_msgs/include/acare_msgs/acare_msgs/msg/detail/auth_result__rosidl_typesupport_introspection_cpp.hpp
-- Up-to-date symlink: /home/shreevanth-m/acare_demo_ws/src/acaresim_final/acaresim/install/acare_msgs/include/acare_msgs/acare_msgs/msg/detail/emergency_signal__rosidl_typesupport_introspection_cpp.hpp
-- Up-to-date symlink: /home/shreevanth-m/acare_demo_ws/src/acaresim_final/acaresim/install/acare_msgs/include/acare_msgs/acare_msgs/msg/detail/gripper_command__rosidl_typesupport_introspection_cpp.hpp
-- Up-to-date symlink: /home/shreevanth-m/acare_demo_ws/src/acaresim_final/acaresim/install/acare_msgs/include/acare_msgs/acare_msgs/msg/detail/hand_status__rosidl_typesupport_introspection_cpp.hpp
-- Up-to-date symlink: /home/shreevanth-m/acare_demo_ws/src/acaresim_final/acaresim/install/acare_msgs/include/acare_msgs/acare_msgs/msg/detail/intent__rosidl_typesupport_introspection_cpp.hpp
-- Up-to-date symlink: /home/shreevanth-m/acare_demo_ws/src/acaresim_final/acaresim/install/acare_msgs/include/acare_msgs/acare_msgs/msg/detail/log_event__rosidl_typesupport_introspection_cpp.hpp
-- Up-to-date symlink: /home/shreevanth-m/acare_demo_ws/src/acaresim_final/acaresim/install/acare_msgs/include/acare_msgs/acare_msgs/msg/detail/motion_feedback__rosidl_typesupport_introspection_cpp.hpp
-- Up-to-date symlink: /home/shreevanth-m/acare_demo_ws/src/acaresim_final/acaresim/install/acare_msgs/include/acare_msgs/acare_msgs/msg/detail/robot_state__rosidl_typesupport_introspection_cpp.hpp
-- Up-to-date symlink: /home/shreevanth-m/acare_demo_ws/src/acaresim_final/acaresim/install/acare_msgs/include/acare_msgs/acare_msgs/msg/detail/safety_alert__rosidl_typesupport_introspection_cpp.hpp
-- Up-to-date symlink: /home/shreevanth-m/acare_demo_ws/src/acaresim_final/acaresim/install/acare_msgs/include/acare_msgs/acare_msgs/msg/detail/state_transition__rosidl_typesupport_introspection_cpp.hpp
-- Up-to-date symlink: /home/shreevanth-m/acare_demo_ws/src/acaresim_final/acaresim/install/acare_msgs/include/acare_msgs/acare_msgs/msg/detail/validated_intent__rosidl_typesupport_introspection_cpp.hpp
-- Up-to-date symlink: /home/shreevanth-m/acare_demo_ws/src/acaresim_final/acaresim/install/acare_msgs/include/acare_msgs/acare_msgs/msg/detail/vision_result__rosidl_typesupport_introspection_cpp.hpp
-- Up-to-date symlink: /home/shreevanth-m/acare_demo_ws/src/acaresim_final/acaresim/install/acare_msgs/include/acare_msgs/acare_msgs/msg/detail/vision_search_request__rosidl_typesupport_introspection_cpp.hpp
-- Up-to-date symlink: /home/shreevanth-m/acare_demo_ws/src/acaresim_final/acaresim/install/acare_msgs/include/acare_msgs/acare_msgs/srv/detail/enrol_staff__rosidl_typesupport_introspection_cpp.hpp
-- Up-to-date symlink: /home/shreevanth-m/acare_demo_ws/src/acaresim_final/acaresim/install/acare_msgs/share/acare_msgs/environment/pythonpath.sh
-- Up-to-date symlink: /home/shreevanth-m/acare_demo_ws/src/acaresim_final/acaresim/install/acare_msgs/share/acare_msgs/environment/pythonpath.dsv
-- Up-to-date symlink: /home/shreevanth-m/acare_demo_ws/src/acaresim_final/acaresim/install/acare_msgs/lib/python3.12/site-packages/acare_msgs-0.0.0-py3.12.egg-info/PKG-INFO
-- Up-to-date symlink: /home/shreevanth-m/acare_demo_ws/src/acaresim_final/acaresim/install/acare_msgs/lib/python3.12/site-packages/acare_msgs-0.0.0-py3.12.egg-info/SOURCES.txt
-- Up-to-date symlink: /home/shreevanth-m/acare_demo_ws/src/acaresim_final/acaresim/install/acare_msgs/lib/python3.12/site-packages/acare_msgs-0.0.0-py3.12.egg-info/dependency_links.txt
-- Up-to-date symlink: /home/shreevanth-m/acare_demo_ws/src/acaresim_final/acaresim/install/acare_msgs/lib/python3.12/site-packages/acare_msgs-0.0.0-py3.12.egg-info/top_level.txt
-- Up-to-date symlink: /home/shreevanth-m/acare_demo_ws/src/acaresim_final/acaresim/install/acare_msgs/lib/python3.12/site-packages/acare_msgs/__init__.py
-- Up-to-date symlink: /home/shreevanth-m/acare_demo_ws/src/acaresim_final/acaresim/install/acare_msgs/lib/python3.12/site-packages/acare_msgs/_acare_msgs_s.ep.rosidl_typesupport_c.c
-- Up-to-date symlink: /home/shreevanth-m/acare_demo_ws/src/acaresim_final/acaresim/install/acare_msgs/lib/python3.12/site-packages/acare_msgs/_acare_msgs_s.ep.rosidl_typesupport_fastrtps_c.c
-- Up-to-date symlink: /home/shreevanth-m/acare_demo_ws/src/acaresim_final/acaresim/install/acare_msgs/lib/python3.12/site-packages/acare_msgs/_acare_msgs_s.ep.rosidl_typesupport_introspection_c.c
-- Up-to-date symlink: /home/shreevanth-m/acare_demo_ws/src/acaresim_final/acaresim/install/acare_msgs/lib/python3.12/site-packages/acare_msgs/acare_msgs_s__rosidl_typesupport_c.so
-- Up-to-date symlink: /home/shreevanth-m/acare_demo_ws/src/acaresim_final/acaresim/install/acare_msgs/lib/python3.12/site-packages/acare_msgs/acare_msgs_s__rosidl_typesupport_fastrtps_c.so
-- Up-to-date symlink: /home/shreevanth-m/acare_demo_ws/src/acaresim_final/acaresim/install/acare_msgs/lib/python3.12/site-packages/acare_msgs/acare_msgs_s__rosidl_typesupport_introspection_c.so
-- Up-to-date symlink: /home/shreevanth-m/acare_demo_ws/src/acaresim_final/acaresim/install/acare_msgs/lib/python3.12/site-packages/acare_msgs/msg/__init__.py
-- Up-to-date symlink: /home/shreevanth-m/acare_demo_ws/src/acaresim_final/acaresim/install/acare_msgs/lib/python3.12/site-packages/acare_msgs/msg/_arm_command.py
-- Up-to-date symlink: /home/shreevanth-m/acare_demo_ws/src/acaresim_final/acaresim/install/acare_msgs/lib/python3.12/site-packages/acare_msgs/msg/_arm_command_s.c
-- Up-to-date symlink: /home/shreevanth-m/acare_demo_ws/src/acaresim_final/acaresim/install/acare_msgs/lib/python3.12/site-packages/acare_msgs/msg/_auth_result.py
-- Up-to-date symlink: /home/shreevanth-m/acare_demo_ws/src/acaresim_final/acaresim/install/acare_msgs/lib/python3.12/site-packages/acare_msgs/msg/_auth_result_s.c
-- Up-to-date symlink: /home/shreevanth-m/acare_demo_ws/src/acaresim_final/acaresim/install/acare_msgs/lib/python3.12/site-packages/acare_msgs/msg/_emergency_signal.py
-- Up-to-date symlink: /home/shreevanth-m/acare_demo_ws/src/acaresim_final/acaresim/install/acare_msgs/lib/python3.12/site-packages/acare_msgs/msg/_emergency_signal_s.c
-- Up-to-date symlink: /home/shreevanth-m/acare_demo_ws/src/acaresim_final/acaresim/install/acare_msgs/lib/python3.12/site-packages/acare_msgs/msg/_gripper_command.py
-- Up-to-date symlink: /home/shreevanth-m/acare_demo_ws/src/acaresim_final/acaresim/install/acare_msgs/lib/python3.12/site-packages/acare_msgs/msg/_gripper_command_s.c
-- Up-to-date symlink: /home/shreevanth-m/acare_demo_ws/src/acaresim_final/acaresim/install/acare_msgs/lib/python3.12/site-packages/acare_msgs/msg/_hand_status.py
-- Up-to-date symlink: /home/shreevanth-m/acare_demo_ws/src/acaresim_final/acaresim/install/acare_msgs/lib/python3.12/site-packages/acare_msgs/msg/_hand_status_s.c
-- Up-to-date symlink: /home/shreevanth-m/acare_demo_ws/src/acaresim_final/acaresim/install/acare_msgs/lib/python3.12/site-packages/acare_msgs/msg/_intent.py
-- Up-to-date symlink: /home/shreevanth-m/acare_demo_ws/src/acaresim_final/acaresim/install/acare_msgs/lib/python3.12/site-packages/acare_msgs/msg/_intent_s.c
-- Up-to-date symlink: /home/shreevanth-m/acare_demo_ws/src/acaresim_final/acaresim/install/acare_msgs/lib/python3.12/site-packages/acare_msgs/msg/_log_event.py
-- Up-to-date symlink: /home/shreevanth-m/acare_demo_ws/src/acaresim_final/acaresim/install/acare_msgs/lib/python3.12/site-packages/acare_msgs/msg/_log_event_s.c
-- Up-to-date symlink: /home/shreevanth-m/acare_demo_ws/src/acaresim_final/acaresim/install/acare_msgs/lib/python3.12/site-packages/acare_msgs/msg/_motion_feedback.py
-- Up-to-date symlink: /home/shreevanth-m/acare_demo_ws/src/acaresim_final/acaresim/install/acare_msgs/lib/python3.12/site-packages/acare_msgs/msg/_motion_feedback_s.c
-- Up-to-date symlink: /home/shreevanth-m/acare_demo_ws/src/acaresim_final/acaresim/install/acare_msgs/lib/python3.12/site-packages/acare_msgs/msg/_robot_state.py
-- Up-to-date symlink: /home/shreevanth-m/acare_demo_ws/src/acaresim_final/acaresim/install/acare_msgs/lib/python3.12/site-packages/acare_msgs/msg/_robot_state_s.c
-- Up-to-date symlink: /home/shreevanth-m/acare_demo_ws/src/acaresim_final/acaresim/install/acare_msgs/lib/python3.12/site-packages/acare_msgs/msg/_safety_alert.py
-- Up-to-date symlink: /home/shreevanth-m/acare_demo_ws/src/acaresim_final/acaresim/install/acare_msgs/lib/python3.12/site-packages/acare_msgs/msg/_safety_alert_s.c
-- Up-to-date symlink: /home/shreevanth-m/acare_demo_ws/src/acaresim_final/acaresim/install/acare_msgs/lib/python3.12/site-packages/acare_msgs/msg/_state_transition.py
-- Up-to-date symlink: /home/shreevanth-m/acare_demo_ws/src/acaresim_final/acaresim/install/acare_msgs/lib/python3.12/site-packages/acare_msgs/msg/_state_transition_s.c
-- Up-to-date symlink: /home/shreevanth-m/acare_demo_ws/src/acaresim_final/acaresim/install/acare_msgs/lib/python3.12/site-packages/acare_msgs/msg/_validated_intent.py
-- Up-to-date symlink: /home/shreevanth-m/acare_demo_ws/src/acaresim_final/acaresim/install/acare_msgs/lib/python3.12/site-packages/acare_msgs/msg/_validated_intent_s.c
-- Up-to-date symlink: /home/shreevanth-m/acare_demo_ws/src/acaresim_final/acaresim/install/acare_msgs/lib/python3.12/site-packages/acare_msgs/msg/_vision_result.py
-- Up-to-date symlink: /home/shreevanth-m/acare_demo_ws/src/acaresim_final/acaresim/install/acare_msgs/lib/python3.12/site-packages/acare_msgs/msg/_vision_result_s.c
-- Up-to-date symlink: /home/shreevanth-m/acare_demo_ws/src/acaresim_final/acaresim/install/acare_msgs/lib/python3.12/site-packages/acare_msgs/msg/_vision_search_request.py
-- Up-to-date symlink: /home/shreevanth-m/acare_demo_ws/src/acaresim_final/acaresim/install/acare_msgs/lib/python3.12/site-packages/acare_msgs/msg/_vision_search_request_s.c
-- Up-to-date symlink: /home/shreevanth-m/acare_demo_ws/src/acaresim_final/acaresim/install/acare_msgs/lib/python3.12/site-packages/acare_msgs/srv/__init__.py
-- Up-to-date symlink: /home/shreevanth-m/acare_demo_ws/src/acaresim_final/acaresim/install/acare_msgs/lib/python3.12/site-packages/acare_msgs/srv/_enrol_staff.py
-- Up-to-date symlink: /home/shreevanth-m/acare_demo_ws/src/acaresim_final/acaresim/install/acare_msgs/lib/python3.12/site-packages/acare_msgs/srv/_enrol_staff_s.c
-- Up-to-date symlink: /home/shreevanth-m/acare_demo_ws/src/acaresim_final/acaresim/install/acare_msgs/lib/python3.12/site-packages/acare_msgs/acare_msgs_s__rosidl_typesupport_fastrtps_c.so
-- Up-to-date symlink: /home/shreevanth-m/acare_demo_ws/src/acaresim_final/acaresim/install/acare_msgs/lib/python3.12/site-packages/acare_msgs/acare_msgs_s__rosidl_typesupport_introspection_c.so
-- Up-to-date symlink: /home/shreevanth-m/acare_demo_ws/src/acaresim_final/acaresim/install/acare_msgs/lib/python3.12/site-packages/acare_msgs/acare_msgs_s__rosidl_typesupport_c.so
-- Up-to-date symlink: /home/shreevanth-m/acare_demo_ws/src/acaresim_final/acaresim/install/acare_msgs/share/ament_index/resource_index/rust_packages/acare_msgs
-- Up-to-date symlink: /home/shreevanth-m/acare_demo_ws/src/acaresim_final/acaresim/install/acare_msgs/share/acare_msgs/rust/Cargo.toml
-- Up-to-date symlink: /home/shreevanth-m/acare_demo_ws/src/acaresim_final/acaresim/install/acare_msgs/share/acare_msgs/rust/build.rs
-- Up-to-date symlink: /home/shreevanth-m/acare_demo_ws/src/acaresim_final/acaresim/install/acare_msgs/share/acare_msgs/rust/src/lib.rs
-- Up-to-date symlink: /home/shreevanth-m/acare_demo_ws/src/acaresim_final/acaresim/install/acare_msgs/share/acare_msgs/rust/src/msg.rs
-- Up-to-date symlink: /home/shreevanth-m/acare_demo_ws/src/acaresim_final/acaresim/install/acare_msgs/share/acare_msgs/rust/src/msg/rmw.rs
-- Up-to-date symlink: /home/shreevanth-m/acare_demo_ws/src/acaresim_final/acaresim/install/acare_msgs/share/acare_msgs/rust/src/srv.rs
-- Up-to-date symlink: /home/shreevanth-m/acare_demo_ws/src/acaresim_final/acaresim/install/acare_msgs/share/acare_msgs/rust/src/srv/rmw.rs
-- Up-to-date symlink: /home/shreevanth-m/acare_demo_ws/src/acaresim_final/acaresim/install/acare_msgs/share/acare_msgs/msg/RobotState.idl
-- Up-to-date symlink: /home/shreevanth-m/acare_demo_ws/src/acaresim_final/acaresim/install/acare_msgs/share/acare_msgs/msg/StateTransition.idl
-- Up-to-date symlink: /home/shreevanth-m/acare_demo_ws/src/acaresim_final/acaresim/install/acare_msgs/share/acare_msgs/msg/Intent.idl
-- Up-to-date symlink: /home/shreevanth-m/acare_demo_ws/src/acaresim_final/acaresim/install/acare_msgs/share/acare_msgs/msg/ValidatedIntent.idl
-- Up-to-date symlink: /home/shreevanth-m/acare_demo_ws/src/acaresim_final/acaresim/install/acare_msgs/share/acare_msgs/msg/SafetyAlert.idl
-- Up-to-date symlink: /home/shreevanth-m/acare_demo_ws/src/acaresim_final/acaresim/install/acare_msgs/share/acare_msgs/msg/HandStatus.idl
-- Up-to-date symlink: /home/shreevanth-m/acare_demo_ws/src/acaresim_final/acaresim/install/acare_msgs/share/acare_msgs/msg/AuthResult.idl
-- Up-to-date symlink: /home/shreevanth-m/acare_demo_ws/src/acaresim_final/acaresim/install/acare_msgs/share/acare_msgs/msg/VisionResult.idl
-- Up-to-date symlink: /home/shreevanth-m/acare_demo_ws/src/acaresim_final/acaresim/install/acare_msgs/share/acare_msgs/msg/VisionSearchRequest.idl
-- Up-to-date symlink: /home/shreevanth-m/acare_demo_ws/src/acaresim_final/acaresim/install/acare_msgs/share/acare_msgs/msg/ArmCommand.idl
-- Up-to-date symlink: /home/shreevanth-m/acare_demo_ws/src/acaresim_final/acaresim/install/acare_msgs/share/acare_msgs/msg/GripperCommand.idl
-- Up-to-date symlink: /home/shreevanth-m/acare_demo_ws/src/acaresim_final/acaresim/install/acare_msgs/share/acare_msgs/msg/MotionFeedback.idl
-- Up-to-date symlink: /home/shreevanth-m/acare_demo_ws/src/acaresim_final/acaresim/install/acare_msgs/share/acare_msgs/msg/LogEvent.idl
-- Up-to-date symlink: /home/shreevanth-m/acare_demo_ws/src/acaresim_final/acaresim/install/acare_msgs/share/acare_msgs/msg/EmergencySignal.idl
-- Up-to-date symlink: /home/shreevanth-m/acare_demo_ws/src/acaresim_final/acaresim/install/acare_msgs/share/acare_msgs/srv/EnrolStaff.idl
-- Up-to-date symlink: /home/shreevanth-m/acare_demo_ws/src/acaresim_final/acaresim/install/acare_msgs/share/acare_msgs/msg/RobotState.msg
-- Up-to-date symlink: /home/shreevanth-m/acare_demo_ws/src/acaresim_final/acaresim/install/acare_msgs/share/acare_msgs/msg/StateTransition.msg
-- Up-to-date symlink: /home/shreevanth-m/acare_demo_ws/src/acaresim_final/acaresim/install/acare_msgs/share/acare_msgs/msg/Intent.msg
-- Up-to-date symlink: /home/shreevanth-m/acare_demo_ws/src/acaresim_final/acaresim/install/acare_msgs/share/acare_msgs/msg/ValidatedIntent.msg
-- Up-to-date symlink: /home/shreevanth-m/acare_demo_ws/src/acaresim_final/acaresim/install/acare_msgs/share/acare_msgs/msg/SafetyAlert.msg
-- Up-to-date symlink: /home/shreevanth-m/acare_demo_ws/src/acaresim_final/acaresim/install/acare_msgs/share/acare_msgs/msg/HandStatus.msg
-- Up-to-date symlink: /home/shreevanth-m/acare_demo_ws/src/acaresim_final/acaresim/install/acare_msgs/share/acare_msgs/msg/AuthResult.msg
-- Up-to-date symlink: /home/shreevanth-m/acare_demo_ws/src/acaresim_final/acaresim/install/acare_msgs/share/acare_msgs/msg/VisionResult.msg
-- Up-to-date symlink: /home/shreevanth-m/acare_demo_ws/src/acaresim_final/acaresim/install/acare_msgs/share/acare_msgs/msg/VisionSearchRequest.msg
-- Up-to-date symlink: /home/shreevanth-m/acare_demo_ws/src/acaresim_final/acaresim/install/acare_msgs/share/acare_msgs/msg/ArmCommand.msg
-- Up-to-date symlink: /home/shreevanth-m/acare_demo_ws/src/acaresim_final/acaresim/install/acare_msgs/share/acare_msgs/msg/GripperCommand.msg
-- Up-to-date symlink: /home/shreevanth-m/acare_demo_ws/src/acaresim_final/acaresim/install/acare_msgs/share/acare_msgs/msg/MotionFeedback.msg
-- Up-to-date symlink: /home/shreevanth-m/acare_demo_ws/src/acaresim_final/acaresim/install/acare_msgs/share/acare_msgs/msg/LogEvent.msg
-- Up-to-date symlink: /home/shreevanth-m/acare_demo_ws/src/acaresim_final/acaresim/install/acare_msgs/share/acare_msgs/msg/EmergencySignal.msg
-- Up-to-date symlink: /home/shreevanth-m/acare_demo_ws/src/acaresim_final/acaresim/install/acare_msgs/share/acare_msgs/srv/EnrolStaff.srv
-- Up-to-date symlink: /home/shreevanth-m/acare_demo_ws/src/acaresim_final/acaresim/install/acare_msgs/share/ament_index/resource_index/package_run_dependencies/acare_msgs
-- Up-to-date symlink: /home/shreevanth-m/acare_demo_ws/src/acaresim_final/acaresim/install/acare_msgs/share/ament_index/resource_index/parent_prefix_path/acare_msgs
-- Up-to-date symlink: /home/shreevanth-m/acare_demo_ws/src/acaresim_final/acaresim/install/acare_msgs/share/acare_msgs/environment/ament_prefix_path.sh
-- Up-to-date symlink: /home/shreevanth-m/acare_demo_ws/src/acaresim_final/acaresim/install/acare_msgs/share/acare_msgs/environment/ament_prefix_path.dsv
-- Up-to-date symlink: /home/shreevanth-m/acare_demo_ws/src/acaresim_final/acaresim/install/acare_msgs/share/acare_msgs/environment/path.sh
-- Up-to-date symlink: /home/shreevanth-m/acare_demo_ws/src/acaresim_final/acaresim/install/acare_msgs/share/acare_msgs/environment/path.dsv
-- Up-to-date symlink: /home/shreevanth-m/acare_demo_ws/src/acaresim_final/acaresim/install/acare_msgs/share/acare_msgs/local_setup.bash
-- Up-to-date symlink: /home/shreevanth-m/acare_demo_ws/src/acaresim_final/acaresim/install/acare_msgs/share/acare_msgs/local_setup.sh
-- Up-to-date symlink: /home/shreevanth-m/acare_demo_ws/src/acaresim_final/acaresim/install/acare_msgs/share/acare_msgs/local_setup.zsh
-- Up-to-date symlink: /home/shreevanth-m/acare_demo_ws/src/acaresim_final/acaresim/install/acare_msgs/share/acare_msgs/local_setup.dsv
-- Symlinking: /home/shreevanth-m/acare_demo_ws/src/acaresim_final/acaresim/install/acare_msgs/share/acare_msgs/package.dsv
-- Up-to-date symlink: /home/shreevanth-m/acare_demo_ws/src/acaresim_final/acaresim/install/acare_msgs/share/ament_index/resource_index/packages/acare_msgs
-- Up-to-date symlink: /home/shreevanth-m/acare_demo_ws/src/acaresim_final/acaresim/install/acare_msgs/share/acare_msgs/cmake/rosidl_cmake-extras.cmake
-- Up-to-date symlink: /home/shreevanth-m/acare_demo_ws/src/acaresim_final/acaresim/install/acare_msgs/share/acare_msgs/cmake/ament_cmake_export_dependencies-extras.cmake
-- Up-to-date symlink: /home/shreevanth-m/acare_demo_ws/src/acaresim_final/acaresim/install/acare_msgs/share/acare_msgs/cmake/ament_cmake_export_include_directories-extras.cmake
-- Up-to-date symlink: /home/shreevanth-m/acare_demo_ws/src/acaresim_final/acaresim/install/acare_msgs/share/acare_msgs/cmake/ament_cmake_export_libraries-extras.cmake
-- Up-to-date symlink: /home/shreevanth-m/acare_demo_ws/src/acaresim_final/acaresim/install/acare_msgs/share/acare_msgs/cmake/ament_cmake_export_targets-extras.cmake
-- Up-to-date symlink: /home/shreevanth-m/acare_demo_ws/src/acaresim_final/acaresim/install/acare_msgs/share/acare_msgs/cmake/rosidl_cmake_export_typesupport_targets-extras.cmake
-- Up-to-date symlink: /home/shreevanth-m/acare_demo_ws/src/acaresim_final/acaresim/install/acare_msgs/share/acare_msgs/cmake/rosidl_cmake_export_typesupport_libraries-extras.cmake
-- Up-to-date symlink: /home/shreevanth-m/acare_demo_ws/src/acaresim_final/acaresim/install/acare_msgs/share/acare_msgs/cmake/acare_msgsConfig.cmake
-- Up-to-date symlink: /home/shreevanth-m/acare_demo_ws/src/acaresim_final/acaresim/install/acare_msgs/share/acare_msgs/cmake/acare_msgsConfig-version.cmake
-- Up-to-date symlink: /home/shreevanth-m/acare_demo_ws/src/acaresim_final/acaresim/install/acare_msgs/share/acare_msgs/package.xml
-- Up-to-date: /home/shreevanth-m/acare_demo_ws/src/acaresim_final/acaresim/install/acare_msgs/lib/libacare_msgs__rosidl_generator_c.so
-- Up-to-date: /home/shreevanth-m/acare_demo_ws/src/acaresim_final/acaresim/install/acare_msgs/lib/libacare_msgs__rosidl_typesupport_fastrtps_c.so
-- Up-to-date: /home/shreevanth-m/acare_demo_ws/src/acaresim_final/acaresim/install/acare_msgs/lib/libacare_msgs__rosidl_typesupport_introspection_c.so
-- Up-to-date: /home/shreevanth-m/acare_demo_ws/src/acaresim_final/acaresim/install/acare_msgs/lib/libacare_msgs__rosidl_typesupport_c.so
-- Up-to-date: /home/shreevanth-m/acare_demo_ws/src/acaresim_final/acaresim/install/acare_msgs/lib/libacare_msgs__rosidl_typesupport_fastrtps_cpp.so
-- Up-to-date: /home/shreevanth-m/acare_demo_ws/src/acaresim_final/acaresim/install/acare_msgs/lib/libacare_msgs__rosidl_typesupport_introspection_cpp.so
-- Up-to-date: /home/shreevanth-m/acare_demo_ws/src/acaresim_final/acaresim/install/acare_msgs/lib/libacare_msgs__rosidl_typesupport_cpp.so
Listing '/home/shreevanth-m/acare_demo_ws/src/acaresim_final/acaresim/install/acare_msgs/lib/python3.12/site-packages/acare_msgs'...
Listing '/home/shreevanth-m/acare_demo_ws/src/acaresim_final/acaresim/install/acare_msgs/lib/python3.12/site-packages/acare_msgs/msg'...
Listing '/home/shreevanth-m/acare_demo_ws/src/acaresim_final/acaresim/install/acare_msgs/lib/python3.12/site-packages/acare_msgs/srv'...
-- Up-to-date: /home/shreevanth-m/acare_demo_ws/src/acaresim_final/acaresim/install/acare_msgs/lib/libacare_msgs__rosidl_generator_py.so
-- Up-to-date: /home/shreevanth-m/acare_demo_ws/src/acaresim_final/acaresim/install/acare_msgs/share/acare_msgs/cmake/export_acare_msgs__rosidl_generator_cExport.cmake
-- Up-to-date: /home/shreevanth-m/acare_demo_ws/src/acaresim_final/acaresim/install/acare_msgs/share/acare_msgs/cmake/export_acare_msgs__rosidl_generator_cExport-noconfig.cmake
-- Up-to-date: /home/shreevanth-m/acare_demo_ws/src/acaresim_final/acaresim/install/acare_msgs/share/acare_msgs/cmake/export_acare_msgs__rosidl_typesupport_fastrtps_cExport.cmake
-- Up-to-date: /home/shreevanth-m/acare_demo_ws/src/acaresim_final/acaresim/install/acare_msgs/share/acare_msgs/cmake/export_acare_msgs__rosidl_typesupport_fastrtps_cExport-noconfig.cmake
-- Up-to-date: /home/shreevanth-m/acare_demo_ws/src/acaresim_final/acaresim/install/acare_msgs/share/acare_msgs/cmake/acare_msgs__rosidl_typesupport_introspection_cExport.cmake
-- Up-to-date: /home/shreevanth-m/acare_demo_ws/src/acaresim_final/acaresim/install/acare_msgs/share/acare_msgs/cmake/acare_msgs__rosidl_typesupport_introspection_cExport-noconfig.cmake
-- Up-to-date: /home/shreevanth-m/acare_demo_ws/src/acaresim_final/acaresim/install/acare_msgs/share/acare_msgs/cmake/acare_msgs__rosidl_typesupport_cExport.cmake
-- Up-to-date: /home/shreevanth-m/acare_demo_ws/src/acaresim_final/acaresim/install/acare_msgs/share/acare_msgs/cmake/acare_msgs__rosidl_typesupport_cExport-noconfig.cmake
-- Up-to-date: /home/shreevanth-m/acare_demo_ws/src/acaresim_final/acaresim/install/acare_msgs/share/acare_msgs/cmake/export_acare_msgs__rosidl_generator_cppExport.cmake
-- Up-to-date: /home/shreevanth-m/acare_demo_ws/src/acaresim_final/acaresim/install/acare_msgs/share/acare_msgs/cmake/export_acare_msgs__rosidl_typesupport_fastrtps_cppExport.cmake
-- Up-to-date: /home/shreevanth-m/acare_demo_ws/src/acaresim_final/acaresim/install/acare_msgs/share/acare_msgs/cmake/export_acare_msgs__rosidl_typesupport_fastrtps_cppExport-noconfig.cmake
-- Up-to-date: /home/shreevanth-m/acare_demo_ws/src/acaresim_final/acaresim/install/acare_msgs/share/acare_msgs/cmake/acare_msgs__rosidl_typesupport_introspection_cppExport.cmake
-- Up-to-date: /home/shreevanth-m/acare_demo_ws/src/acaresim_final/acaresim/install/acare_msgs/share/acare_msgs/cmake/acare_msgs__rosidl_typesupport_introspection_cppExport-noconfig.cmake
-- Up-to-date: /home/shreevanth-m/acare_demo_ws/src/acaresim_final/acaresim/install/acare_msgs/share/acare_msgs/cmake/acare_msgs__rosidl_typesupport_cppExport.cmake
-- Up-to-date: /home/shreevanth-m/acare_demo_ws/src/acaresim_final/acaresim/install/acare_msgs/share/acare_msgs/cmake/acare_msgs__rosidl_typesupport_cppExport-noconfig.cmake
-- Up-to-date: /home/shreevanth-m/acare_demo_ws/src/acaresim_final/acaresim/install/acare_msgs/share/acare_msgs/cmake/export_acare_msgs__rosidl_generator_pyExport.cmake
-- Up-to-date: /home/shreevanth-m/acare_demo_ws/src/acaresim_final/acaresim/install/acare_msgs/share/acare_msgs/cmake/export_acare_msgs__rosidl_generator_pyExport-noconfig.cmake
