[0.022s] Invoking command in '/home/shreevanth-m/acare_demo_ws/src/acaresim_final/acaresim/build/acare_msgs': CMAKE_PREFIX_PATH=/home/shreevanth-m/acare_demo_ws/install/moveit_config:/home/shreevanth-m/acare_demo_ws/install/acare_msgs:/home/shreevanth-m/acare_demo_ws/install/urdf_assembly_6dof_description:/home/shreevanth-m/ros2_ws/install/urdf_assembly_6dof_description:/home/shreevanth-m/ros2_ws/install/holo_description:/home/shreevanth-m/ros2_ws/install/acare_pick_place:/home/shreevanth-m/camera_ws/install/camera_robot_description:/opt/ros/jazzy:/home/shreevanth-m/ros2_ws/install/urdf_assembly_6dof_moveit_config:/home/shreevanth-m/ros2_ws/install/irb120_ros2_moveit2:/home/shreevanth-m/ros2_ws/install/irb120_ros2_gazebo:/home/shreevanth-m/ros2_ws/install/acare_msgs:/home/shreevanth-m/ros2_ws/install/acare_moveit_config:/home/shreevanth-m/camera_ws/install/articubot_one:/opt/ros/jazzy/opt/gz_sim_vendor:/opt/ros/jazzy/opt/gz_sensors_vendor:/opt/ros/jazzy/opt/gz_physics_vendor:/opt/ros/jazzy/opt/sdformat_vendor:/opt/ros/jazzy/opt/gz_gui_vendor:/opt/ros/jazzy/opt/gz_transport_vendor:/opt/ros/jazzy/opt/gz_rendering_vendor:/opt/ros/jazzy/opt/gz_plugin_vendor:/opt/ros/jazzy/opt/gz_fuel_tools_vendor:/opt/ros/jazzy/opt/gz_msgs_vendor:/opt/ros/jazzy/opt/gz_common_vendor:/opt/ros/jazzy/opt/gz_math_vendor:/opt/ros/jazzy/opt/gz_utils_vendor:/opt/ros/jazzy/opt/gz_tools_vendor:/opt/ros/jazzy/opt/gz_ogre_next_vendor:/opt/ros/jazzy/opt/gz_dartsim_vendor:/opt/ros/jazzy/opt/gz_cmake_vendor DEBUGINFOD_URLS=https://debuginfod.ubuntu.com /usr/bin/cmake --build /home/shreevanth-m/acare_demo_ws/src/acaresim_final/acaresim/build/acare_msgs -- -j16 -l16
[0.237s] [  0%] Built target acare_msgs__rosidl_generator_type_description
[0.237s] [  0%] Built target acare_msgs__rs
[0.237s] [  0%] Built target ament_cmake_python_symlink_acare_msgs
[0.237s] [  0%] Built target acare_msgs__cpp
[0.237s] [ 27%] Built target acare_msgs__rosidl_generator_c
[0.237s] [ 37%] Built target acare_msgs__rosidl_typesupport_introspection_c
[0.237s] [ 47%] Built target acare_msgs__rosidl_typesupport_c
[0.237s] [ 66%] Built target acare_msgs__rosidl_typesupport_fastrtps_c
[0.237s] [ 66%] Built target acare_msgs__rosidl_typesupport_cpp
[0.237s] [ 76%] Built target acare_msgs__rosidl_typesupport_introspection_cpp
[0.237s] [ 86%] Built target acare_msgs__rosidl_typesupport_fastrtps_cpp
[0.237s] [ 86%] Built target acare_msgs
[0.238s] [ 87%] Built target acare_msgs__py
[0.238s] [ 96%] Built target acare_msgs__rosidl_generator_py
[0.246s] [ 98%] Built target acare_msgs_s__rosidl_typesupport_introspection_c
[0.250s] [ 99%] Built target acare_msgs_s__rosidl_typesupport_fastrtps_c
[0.250s] [100%] Built target acare_msgs_s__rosidl_typesupport_c
[0.297s] running egg_info
[0.316s] writing acare_msgs.egg-info/PKG-INFO
[0.317s] writing dependency_links to acare_msgs.egg-info/dependency_links.txt
[0.317s] writing top-level names to acare_msgs.egg-info/top_level.txt
[0.371s] reading manifest file 'acare_msgs.egg-info/SOURCES.txt'
[0.371s] writing manifest file 'acare_msgs.egg-info/SOURCES.txt'
[0.392s] [100%] Built target ament_cmake_python_build_acare_msgs_egg
[0.404s] Invoked command in '/home/shreevanth-m/acare_demo_ws/src/acaresim_final/acaresim/build/acare_msgs' returned '0': CMAKE_PREFIX_PATH=/home/shreevanth-m/acare_demo_ws/install/moveit_config:/home/shreevanth-m/acare_demo_ws/install/acare_msgs:/home/shreevanth-m/acare_demo_ws/install/urdf_assembly_6dof_description:/home/shreevanth-m/ros2_ws/install/urdf_assembly_6dof_description:/home/shreevanth-m/ros2_ws/install/holo_description:/home/shreevanth-m/ros2_ws/install/acare_pick_place:/home/shreevanth-m/camera_ws/install/camera_robot_description:/opt/ros/jazzy:/home/shreevanth-m/ros2_ws/install/urdf_assembly_6dof_moveit_config:/home/shreevanth-m/ros2_ws/install/irb120_ros2_moveit2:/home/shreevanth-m/ros2_ws/install/irb120_ros2_gazebo:/home/shreevanth-m/ros2_ws/install/acare_msgs:/home/shreevanth-m/ros2_ws/install/acare_moveit_config:/home/shreevanth-m/camera_ws/install/articubot_one:/opt/ros/jazzy/opt/gz_sim_vendor:/opt/ros/jazzy/opt/gz_sensors_vendor:/opt/ros/jazzy/opt/gz_physics_vendor:/opt/ros/jazzy/opt/sdformat_vendor:/opt/ros/jazzy/opt/gz_gui_vendor:/opt/ros/jazzy/opt/gz_transport_vendor:/opt/ros/jazzy/opt/gz_rendering_vendor:/opt/ros/jazzy/opt/gz_plugin_vendor:/opt/ros/jazzy/opt/gz_fuel_tools_vendor:/opt/ros/jazzy/opt/gz_msgs_vendor:/opt/ros/jazzy/opt/gz_common_vendor:/opt/ros/jazzy/opt/gz_math_vendor:/opt/ros/jazzy/opt/gz_utils_vendor:/opt/ros/jazzy/opt/gz_tools_vendor:/opt/ros/jazzy/opt/gz_ogre_next_vendor:/opt/ros/jazzy/opt/gz_dartsim_vendor:/opt/ros/jazzy/opt/gz_cmake_vendor DEBUGINFOD_URLS=https://debuginfod.ubuntu.com /usr/bin/cmake --build /home/shreevanth-m/acare_demo_ws/src/acaresim_final/acaresim/build/acare_msgs -- -j16 -l16
[0.411s] Invoking command in '/home/shreevanth-m/acare_demo_ws/src/acaresim_final/acaresim/build/acare_msgs': CMAKE_PREFIX_PATH=/home/shreevanth-m/acare_demo_ws/install/moveit_config:/home/shreevanth-m/acare_demo_ws/install/acare_msgs:/home/shreevanth-m/acare_demo_ws/install/urdf_assembly_6dof_description:/home/shreevanth-m/ros2_ws/install/urdf_assembly_6dof_description:/home/shreevanth-m/ros2_ws/install/holo_description:/home/shreevanth-m/ros2_ws/install/acare_pick_place:/home/shreevanth-m/camera_ws/install/camera_robot_description:/opt/ros/jazzy:/home/shreevanth-m/ros2_ws/install/urdf_assembly_6dof_moveit_config:/home/shreevanth-m/ros2_ws/install/irb120_ros2_moveit2:/home/shreevanth-m/ros2_ws/install/irb120_ros2_gazebo:/home/shreevanth-m/ros2_ws/install/acare_msgs:/home/shreevanth-m/ros2_ws/install/acare_moveit_config:/home/shreevanth-m/camera_ws/install/articubot_one:/opt/ros/jazzy/opt/gz_sim_vendor:/opt/ros/jazzy/opt/gz_sensors_vendor:/opt/ros/jazzy/opt/gz_physics_vendor:/opt/ros/jazzy/opt/sdformat_vendor:/opt/ros/jazzy/opt/gz_gui_vendor:/opt/ros/jazzy/opt/gz_transport_vendor:/opt/ros/jazzy/opt/gz_rendering_vendor:/opt/ros/jazzy/opt/gz_plugin_vendor:/opt/ros/jazzy/opt/gz_fuel_tools_vendor:/opt/ros/jazzy/opt/gz_msgs_vendor:/opt/ros/jazzy/opt/gz_common_vendor:/opt/ros/jazzy/opt/gz_math_vendor:/opt/ros/jazzy/opt/gz_utils_vendor:/opt/ros/jazzy/opt/gz_tools_vendor:/opt/ros/jazzy/opt/gz_ogre_next_vendor:/opt/ros/jazzy/opt/gz_dartsim_vendor:/opt/ros/jazzy/opt/gz_cmake_vendor DEBUGINFOD_URLS=https://debuginfod.ubuntu.com /usr/bin/cmake --install /home/shreevanth-m/acare_demo_ws/src/acaresim_final/acaresim/build/acare_msgs
[0.419s] -- Install configuration: ""
[0.420s] -- Execute custom install script
[0.420s] -- Up-to-date symlink: /home/shreevanth-m/acare_demo_ws/src/acaresim_final/acaresim/install/acare_msgs/share/ament_index/resource_index/rosidl_interfaces/acare_msgs
[0.420s] -- Up-to-date symlink: /home/shreevanth-m/acare_demo_ws/src/acaresim_final/acaresim/install/acare_msgs/share/acare_msgs/msg/RobotState.json
[0.420s] -- Up-to-date symlink: /home/shreevanth-m/acare_demo_ws/src/acaresim_final/acaresim/install/acare_msgs/share/acare_msgs/msg/StateTransition.json
[0.420s] -- Up-to-date symlink: /home/shreevanth-m/acare_demo_ws/src/acaresim_final/acaresim/install/acare_msgs/share/acare_msgs/msg/Intent.json
[0.420s] -- Up-to-date symlink: /home/shreevanth-m/acare_demo_ws/src/acaresim_final/acaresim/install/acare_msgs/share/acare_msgs/msg/ValidatedIntent.json
[0.420s] -- Up-to-date symlink: /home/shreevanth-m/acare_demo_ws/src/acaresim_final/acaresim/install/acare_msgs/share/acare_msgs/msg/SafetyAlert.json
[0.420s] -- Up-to-date symlink: /home/shreevanth-m/acare_demo_ws/src/acaresim_final/acaresim/install/acare_msgs/share/acare_msgs/msg/HandStatus.json
[0.420s] -- Up-to-date symlink: /home/shreevanth-m/acare_demo_ws/src/acaresim_final/acaresim/install/acare_msgs/share/acare_msgs/msg/AuthResult.json
[0.420s] -- Up-to-date symlink: /home/shreevanth-m/acare_demo_ws/src/acaresim_final/acaresim/install/acare_msgs/share/acare_msgs/msg/VisionResult.json
[0.420s] -- Up-to-date symlink: /home/shreevanth-m/acare_demo_ws/src/acaresim_final/acaresim/install/acare_msgs/share/acare_msgs/msg/VisionSearchRequest.json
[0.421s] -- Up-to-date symlink: /home/shreevanth-m/acare_demo_ws/src/acaresim_final/acaresim/install/acare_msgs/share/acare_msgs/msg/ArmCommand.json
[0.421s] -- Up-to-date symlink: /home/shreevanth-m/acare_demo_ws/src/acaresim_final/acaresim/install/acare_msgs/share/acare_msgs/msg/GripperCommand.json
[0.421s] -- Up-to-date symlink: /home/shreevanth-m/acare_demo_ws/src/acaresim_final/acaresim/install/acare_msgs/share/acare_msgs/msg/MotionFeedback.json
[0.421s] -- Up-to-date symlink: /home/shreevanth-m/acare_demo_ws/src/acaresim_final/acaresim/install/acare_msgs/share/acare_msgs/msg/LogEvent.json
[0.421s] -- Up-to-date symlink: /home/shreevanth-m/acare_demo_ws/src/acaresim_final/acaresim/install/acare_msgs/share/acare_msgs/msg/EmergencySignal.json
[0.421s] -- Up-to-date symlink: /home/shreevanth-m/acare_demo_ws/src/acaresim_final/acaresim/install/acare_msgs/share/acare_msgs/srv/EnrolStaff.json
[0.422s] -- Up-to-date symlink: /home/shreevanth-m/acare_demo_ws/src/acaresim_final/acaresim/install/acare_msgs/include/acare_msgs/acare_msgs/msg/arm_command.h
[0.422s] -- Up-to-date symlink: /home/shreevanth-m/acare_demo_ws/src/acaresim_final/acaresim/install/acare_msgs/include/acare_msgs/acare_msgs/msg/auth_result.h
[0.422s] -- Up-to-date symlink: /home/shreevanth-m/acare_demo_ws/src/acaresim_final/acaresim/install/acare_msgs/include/acare_msgs/acare_msgs/msg/detail/arm_command__functions.h
[0.423s] -- Up-to-date symlink: /home/shreevanth-m/acare_demo_ws/src/acaresim_final/acaresim/install/acare_msgs/include/acare_msgs/acare_msgs/msg/detail/arm_command__struct.h
[0.423s] -- Up-to-date symlink: /home/shreevanth-m/acare_demo_ws/src/acaresim_final/acaresim/install/acare_msgs/include/acare_msgs/acare_msgs/msg/detail/arm_command__type_support.h
[0.423s] -- Up-to-date symlink: /home/shreevanth-m/acare_demo_ws/src/acaresim_final/acaresim/install/acare_msgs/include/acare_msgs/acare_msgs/msg/detail/auth_result__functions.h
[0.423s] -- Up-to-date symlink: /home/shreevanth-m/acare_demo_ws/src/acaresim_final/acaresim/install/acare_msgs/include/acare_msgs/acare_msgs/msg/detail/auth_result__struct.h
[0.423s] -- Up-to-date symlink: /home/shreevanth-m/acare_demo_ws/src/acaresim_final/acaresim/install/acare_msgs/include/acare_msgs/acare_msgs/msg/detail/auth_result__type_support.h
[0.423s] -- Up-to-date symlink: /home/shreevanth-m/acare_demo_ws/src/acaresim_final/acaresim/install/acare_msgs/include/acare_msgs/acare_msgs/msg/detail/emergency_signal__functions.h
[0.423s] -- Up-to-date symlink: /home/shreevanth-m/acare_demo_ws/src/acaresim_final/acaresim/install/acare_msgs/include/acare_msgs/acare_msgs/msg/detail/emergency_signal__struct.h
[0.423s] -- Up-to-date symlink: /home/shreevanth-m/acare_demo_ws/src/acaresim_final/acaresim/install/acare_msgs/include/acare_msgs/acare_msgs/msg/detail/emergency_signal__type_support.h
[0.424s] -- Up-to-date symlink: /home/shreevanth-m/acare_demo_ws/src/acaresim_final/acaresim/install/acare_msgs/include/acare_msgs/acare_msgs/msg/detail/gripper_command__functions.h
[0.424s] -- Up-to-date symlink: /home/shreevanth-m/acare_demo_ws/src/acaresim_final/acaresim/install/acare_msgs/include/acare_msgs/acare_msgs/msg/detail/gripper_command__struct.h
[0.424s] -- Up-to-date symlink: /home/shreevanth-m/acare_demo_ws/src/acaresim_final/acaresim/install/acare_msgs/include/acare_msgs/acare_msgs/msg/detail/gripper_command__type_support.h
[0.424s] -- Up-to-date symlink: /home/shreevanth-m/acare_demo_ws/src/acaresim_final/acaresim/install/acare_msgs/include/acare_msgs/acare_msgs/msg/detail/hand_status__functions.h
[0.424s] -- Up-to-date symlink: /home/shreevanth-m/acare_demo_ws/src/acaresim_final/acaresim/install/acare_msgs/include/acare_msgs/acare_msgs/msg/detail/hand_status__struct.h
[0.424s] -- Up-to-date symlink: /home/shreevanth-m/acare_demo_ws/src/acaresim_final/acaresim/install/acare_msgs/include/acare_msgs/acare_msgs/msg/detail/hand_status__type_support.h
[0.425s] -- Up-to-date symlink: /home/shreevanth-m/acare_demo_ws/src/acaresim_final/acaresim/install/acare_msgs/include/acare_msgs/acare_msgs/msg/detail/intent__functions.h
[0.425s] -- Up-to-date symlink: /home/shreevanth-m/acare_demo_ws/src/acaresim_final/acaresim/install/acare_msgs/include/acare_msgs/acare_msgs/msg/detail/intent__struct.h
[0.425s] -- Up-to-date symlink: /home/shreevanth-m/acare_demo_ws/src/acaresim_final/acaresim/install/acare_msgs/include/acare_msgs/acare_msgs/msg/detail/intent__type_support.h
[0.425s] -- Up-to-date symlink: /home/shreevanth-m/acare_demo_ws/src/acaresim_final/acaresim/install/acare_msgs/include/acare_msgs/acare_msgs/msg/detail/log_event__functions.h
[0.425s] -- Up-to-date symlink: /home/shreevanth-m/acare_demo_ws/src/acaresim_final/acaresim/install/acare_msgs/include/acare_msgs/acare_msgs/msg/detail/log_event__struct.h
[0.425s] -- Up-to-date symlink: /home/shreevanth-m/acare_demo_ws/src/acaresim_final/acaresim/install/acare_msgs/include/acare_msgs/acare_msgs/msg/detail/log_event__type_support.h
[0.425s] -- Up-to-date symlink: /home/shreevanth-m/acare_demo_ws/src/acaresim_final/acaresim/install/acare_msgs/include/acare_msgs/acare_msgs/msg/detail/motion_feedback__functions.h
[0.426s] -- Up-to-date symlink: /home/shreevanth-m/acare_demo_ws/src/acaresim_final/acaresim/install/acare_msgs/include/acare_msgs/acare_msgs/msg/detail/motion_feedback__struct.h
[0.426s] -- Up-to-date symlink: /home/shreevanth-m/acare_demo_ws/src/acaresim_final/acaresim/install/acare_msgs/include/acare_msgs/acare_msgs/msg/detail/motion_feedback__type_support.h
[0.426s] -- Up-to-date symlink: /home/shreevanth-m/acare_demo_ws/src/acaresim_final/acaresim/install/acare_msgs/include/acare_msgs/acare_msgs/msg/detail/robot_state__functions.h
[0.426s] -- Up-to-date symlink: /home/shreevanth-m/acare_demo_ws/src/acaresim_final/acaresim/install/acare_msgs/include/acare_msgs/acare_msgs/msg/detail/robot_state__struct.h
[0.426s] -- Up-to-date symlink: /home/shreevanth-m/acare_demo_ws/src/acaresim_final/acaresim/install/acare_msgs/include/acare_msgs/acare_msgs/msg/detail/robot_state__type_support.h
[0.426s] -- Up-to-date symlink: /home/shreevanth-m/acare_demo_ws/src/acaresim_final/acaresim/install/acare_msgs/include/acare_msgs/acare_msgs/msg/detail/safety_alert__functions.h
[0.427s] -- Up-to-date symlink: /home/shreevanth-m/acare_demo_ws/src/acaresim_final/acaresim/install/acare_msgs/include/acare_msgs/acare_msgs/msg/detail/safety_alert__struct.h
[0.427s] -- Up-to-date symlink: /home/shreevanth-m/acare_demo_ws/src/acaresim_final/acaresim/install/acare_msgs/include/acare_msgs/acare_msgs/msg/detail/safety_alert__type_support.h
[0.427s] -- Up-to-date symlink: /home/shreevanth-m/acare_demo_ws/src/acaresim_final/acaresim/install/acare_msgs/include/acare_msgs/acare_msgs/msg/detail/state_transition__functions.h
[0.427s] -- Up-to-date symlink: /home/shreevanth-m/acare_demo_ws/src/acaresim_final/acaresim/install/acare_msgs/include/acare_msgs/acare_msgs/msg/detail/state_transition__struct.h
[0.427s] -- Up-to-date symlink: /home/shreevanth-m/acare_demo_ws/src/acaresim_final/acaresim/install/acare_msgs/include/acare_msgs/acare_msgs/msg/detail/state_transition__type_support.h
[0.427s] -- Up-to-date symlink: /home/shreevanth-m/acare_demo_ws/src/acaresim_final/acaresim/install/acare_msgs/include/acare_msgs/acare_msgs/msg/detail/validated_intent__functions.h
[0.428s] -- Up-to-date symlink: /home/shreevanth-m/acare_demo_ws/src/acaresim_final/acaresim/install/acare_msgs/include/acare_msgs/acare_msgs/msg/detail/validated_intent__struct.h
[0.428s] -- Up-to-date symlink: /home/shreevanth-m/acare_demo_ws/src/acaresim_final/acaresim/install/acare_msgs/include/acare_msgs/acare_msgs/msg/detail/validated_intent__type_support.h
[0.428s] -- Up-to-date symlink: /home/shreevanth-m/acare_demo_ws/src/acaresim_final/acaresim/install/acare_msgs/include/acare_msgs/acare_msgs/msg/detail/vision_result__functions.h
[0.428s] -- Up-to-date symlink: /home/shreevanth-m/acare_demo_ws/src/acaresim_final/acaresim/install/acare_msgs/include/acare_msgs/acare_msgs/msg/detail/vision_result__struct.h
[0.428s] -- Up-to-date symlink: /home/shreevanth-m/acare_demo_ws/src/acaresim_final/acaresim/install/acare_msgs/include/acare_msgs/acare_msgs/msg/detail/vision_result__type_support.h
[0.428s] -- Up-to-date symlink: /home/shreevanth-m/acare_demo_ws/src/acaresim_final/acaresim/install/acare_msgs/include/acare_msgs/acare_msgs/msg/detail/vision_search_request__functions.h
[0.428s] -- Up-to-date symlink: /home/shreevanth-m/acare_demo_ws/src/acaresim_final/acaresim/install/acare_msgs/include/acare_msgs/acare_msgs/msg/detail/vision_search_request__struct.h
[0.428s] -- Up-to-date symlink: /home/shreevanth-m/acare_demo_ws/src/acaresim_final/acaresim/install/acare_msgs/include/acare_msgs/acare_msgs/msg/detail/vision_search_request__type_support.h
[0.429s] -- Up-to-date symlink: /home/shreevanth-m/acare_demo_ws/src/acaresim_final/acaresim/install/acare_msgs/include/acare_msgs/acare_msgs/msg/emergency_signal.h
[0.429s] -- Up-to-date symlink: /home/shreevanth-m/acare_demo_ws/src/acaresim_final/acaresim/install/acare_msgs/include/acare_msgs/acare_msgs/msg/gripper_command.h
[0.429s] -- Up-to-date symlink: /home/shreevanth-m/acare_demo_ws/src/acaresim_final/acaresim/install/acare_msgs/include/acare_msgs/acare_msgs/msg/hand_status.h
[0.429s] -- Up-to-date symlink: /home/shreevanth-m/acare_demo_ws/src/acaresim_final/acaresim/install/acare_msgs/include/acare_msgs/acare_msgs/msg/intent.h
[0.429s] -- Up-to-date symlink: /home/shreevanth-m/acare_demo_ws/src/acaresim_final/acaresim/install/acare_msgs/include/acare_msgs/acare_msgs/msg/log_event.h
[0.429s] -- Up-to-date symlink: /home/shreevanth-m/acare_demo_ws/src/acaresim_final/acaresim/install/acare_msgs/include/acare_msgs/acare_msgs/msg/motion_feedback.h
[0.429s] -- Up-to-date symlink: /home/shreevanth-m/acare_demo_ws/src/acaresim_final/acaresim/install/acare_msgs/include/acare_msgs/acare_msgs/msg/robot_state.h
[0.430s] -- Up-to-date symlink: /home/shreevanth-m/acare_demo_ws/src/acaresim_final/acaresim/install/acare_msgs/include/acare_msgs/acare_msgs/msg/rosidl_generator_c__visibility_control.h
[0.430s] -- Up-to-date symlink: /home/shreevanth-m/acare_demo_ws/src/acaresim_final/acaresim/install/acare_msgs/include/acare_msgs/acare_msgs/msg/safety_alert.h
[0.430s] -- Up-to-date symlink: /home/shreevanth-m/acare_demo_ws/src/acaresim_final/acaresim/install/acare_msgs/include/acare_msgs/acare_msgs/msg/state_transition.h
[0.430s] -- Up-to-date symlink: /home/shreevanth-m/acare_demo_ws/src/acaresim_final/acaresim/install/acare_msgs/include/acare_msgs/acare_msgs/msg/validated_intent.h
[0.430s] -- Up-to-date symlink: /home/shreevanth-m/acare_demo_ws/src/acaresim_final/acaresim/install/acare_msgs/include/acare_msgs/acare_msgs/msg/vision_result.h
[0.430s] -- Up-to-date symlink: /home/shreevanth-m/acare_demo_ws/src/acaresim_final/acaresim/install/acare_msgs/include/acare_msgs/acare_msgs/msg/vision_search_request.h
[0.430s] -- Up-to-date symlink: /home/shreevanth-m/acare_demo_ws/src/acaresim_final/acaresim/install/acare_msgs/include/acare_msgs/acare_msgs/srv/detail/enrol_staff__functions.h
[0.431s] -- Up-to-date symlink: /home/shreevanth-m/acare_demo_ws/src/acaresim_final/acaresim/install/acare_msgs/include/acare_msgs/acare_msgs/srv/detail/enrol_staff__struct.h
[0.431s] -- Up-to-date symlink: /home/shreevanth-m/acare_demo_ws/src/acaresim_final/acaresim/install/acare_msgs/include/acare_msgs/acare_msgs/srv/detail/enrol_staff__type_support.h
[0.431s] -- Up-to-date symlink: /home/shreevanth-m/acare_demo_ws/src/acaresim_final/acaresim/install/acare_msgs/include/acare_msgs/acare_msgs/srv/enrol_staff.h
[0.431s] -- Up-to-date symlink: /home/shreevanth-m/acare_demo_ws/src/acaresim_final/acaresim/install/acare_msgs/share/acare_msgs/environment/library_path.sh
[0.431s] -- Up-to-date symlink: /home/shreevanth-m/acare_demo_ws/src/acaresim_final/acaresim/install/acare_msgs/share/acare_msgs/environment/library_path.dsv
[0.433s] -- Up-to-date symlink: /home/shreevanth-m/acare_demo_ws/src/acaresim_final/acaresim/install/acare_msgs/include/acare_msgs/acare_msgs/msg/detail/arm_command__rosidl_typesupport_fastrtps_c.h
[0.433s] -- Up-to-date symlink: /home/shreevanth-m/acare_demo_ws/src/acaresim_final/acaresim/install/acare_msgs/include/acare_msgs/acare_msgs/msg/detail/auth_result__rosidl_typesupport_fastrtps_c.h
[0.433s] -- Up-to-date symlink: /home/shreevanth-m/acare_demo_ws/src/acaresim_final/acaresim/install/acare_msgs/include/acare_msgs/acare_msgs/msg/detail/emergency_signal__rosidl_typesupport_fastrtps_c.h
[0.433s] -- Up-to-date symlink: /home/shreevanth-m/acare_demo_ws/src/acaresim_final/acaresim/install/acare_msgs/include/acare_msgs/acare_msgs/msg/detail/gripper_command__rosidl_typesupport_fastrtps_c.h
[0.434s] -- Up-to-date symlink: /home/shreevanth-m/acare_demo_ws/src/acaresim_final/acaresim/install/acare_msgs/include/acare_msgs/acare_msgs/msg/detail/hand_status__rosidl_typesupport_fastrtps_c.h
[0.434s] -- Up-to-date symlink: /home/shreevanth-m/acare_demo_ws/src/acaresim_final/acaresim/install/acare_msgs/include/acare_msgs/acare_msgs/msg/detail/intent__rosidl_typesupport_fastrtps_c.h
[0.434s] -- Up-to-date symlink: /home/shreevanth-m/acare_demo_ws/src/acaresim_final/acaresim/install/acare_msgs/include/acare_msgs/acare_msgs/msg/detail/log_event__rosidl_typesupport_fastrtps_c.h
[0.434s] -- Up-to-date symlink: /home/shreevanth-m/acare_demo_ws/src/acaresim_final/acaresim/install/acare_msgs/include/acare_msgs/acare_msgs/msg/detail/motion_feedback__rosidl_typesupport_fastrtps_c.h
[0.434s] -- Up-to-date symlink: /home/shreevanth-m/acare_demo_ws/src/acaresim_final/acaresim/install/acare_msgs/include/acare_msgs/acare_msgs/msg/detail/robot_state__rosidl_typesupport_fastrtps_c.h
[0.435s] -- Up-to-date symlink: /home/shreevanth-m/acare_demo_ws/src/acaresim_final/acaresim/install/acare_msgs/include/acare_msgs/acare_msgs/msg/detail/safety_alert__rosidl_typesupport_fastrtps_c.h
[0.435s] -- Up-to-date symlink: /home/shreevanth-m/acare_demo_ws/src/acaresim_final/acaresim/install/acare_msgs/include/acare_msgs/acare_msgs/msg/detail/state_transition__rosidl_typesupport_fastrtps_c.h
[0.435s] -- Up-to-date symlink: /home/shreevanth-m/acare_demo_ws/src/acaresim_final/acaresim/install/acare_msgs/include/acare_msgs/acare_msgs/msg/detail/validated_intent__rosidl_typesupport_fastrtps_c.h
[0.435s] -- Up-to-date symlink: /home/shreevanth-m/acare_demo_ws/src/acaresim_final/acaresim/install/acare_msgs/include/acare_msgs/acare_msgs/msg/detail/vision_result__rosidl_typesupport_fastrtps_c.h
[0.435s] -- Up-to-date symlink: /home/shreevanth-m/acare_demo_ws/src/acaresim_final/acaresim/install/acare_msgs/include/acare_msgs/acare_msgs/msg/detail/vision_search_request__rosidl_typesupport_fastrtps_c.h
[0.435s] -- Up-to-date symlink: /home/shreevanth-m/acare_demo_ws/src/acaresim_final/acaresim/install/acare_msgs/include/acare_msgs/acare_msgs/msg/rosidl_typesupport_fastrtps_c__visibility_control.h
[0.436s] -- Up-to-date symlink: /home/shreevanth-m/acare_demo_ws/src/acaresim_final/acaresim/install/acare_msgs/include/acare_msgs/acare_msgs/srv/detail/enrol_staff__rosidl_typesupport_fastrtps_c.h
[0.436s] -- Up-to-date symlink: /home/shreevanth-m/acare_demo_ws/src/acaresim_final/acaresim/install/acare_msgs/include/acare_msgs/acare_msgs/msg/detail/arm_command__rosidl_typesupport_introspection_c.h
[0.436s] -- Up-to-date symlink: /home/shreevanth-m/acare_demo_ws/src/acaresim_final/acaresim/install/acare_msgs/include/acare_msgs/acare_msgs/msg/detail/auth_result__rosidl_typesupport_introspection_c.h
[0.437s] -- Up-to-date symlink: /home/shreevanth-m/acare_demo_ws/src/acaresim_final/acaresim/install/acare_msgs/include/acare_msgs/acare_msgs/msg/detail/emergency_signal__rosidl_typesupport_introspection_c.h
[0.437s] -- Up-to-date symlink: /home/shreevanth-m/acare_demo_ws/src/acaresim_final/acaresim/install/acare_msgs/include/acare_msgs/acare_msgs/msg/detail/gripper_command__rosidl_typesupport_introspection_c.h
[0.437s] -- Up-to-date symlink: /home/shreevanth-m/acare_demo_ws/src/acaresim_final/acaresim/install/acare_msgs/include/acare_msgs/acare_msgs/msg/detail/hand_status__rosidl_typesupport_introspection_c.h
[0.437s] -- Up-to-date symlink: /home/shreevanth-m/acare_demo_ws/src/acaresim_final/acaresim/install/acare_msgs/include/acare_msgs/acare_msgs/msg/detail/intent__rosidl_typesupport_introspection_c.h
[0.437s] -- Up-to-date symlink: /home/shreevanth-m/acare_demo_ws/src/acaresim_final/acaresim/install/acare_msgs/include/acare_msgs/acare_msgs/msg/detail/log_event__rosidl_typesupport_introspection_c.h
[0.437s] -- Up-to-date symlink: /home/shreevanth-m/acare_demo_ws/src/acaresim_final/acaresim/install/acare_msgs/include/acare_msgs/acare_msgs/msg/detail/motion_feedback__rosidl_typesupport_introspection_c.h
[0.438s] -- Up-to-date symlink: /home/shreevanth-m/acare_demo_ws/src/acaresim_final/acaresim/install/acare_msgs/include/acare_msgs/acare_msgs/msg/detail/robot_state__rosidl_typesupport_introspection_c.h
[0.438s] -- Up-to-date symlink: /home/shreevanth-m/acare_demo_ws/src/acaresim_final/acaresim/install/acare_msgs/include/acare_msgs/acare_msgs/msg/detail/safety_alert__rosidl_typesupport_introspection_c.h
[0.438s] -- Up-to-date symlink: /home/shreevanth-m/acare_demo_ws/src/acaresim_final/acaresim/install/acare_msgs/include/acare_msgs/acare_msgs/msg/detail/state_transition__rosidl_typesupport_introspection_c.h
[0.438s] -- Up-to-date symlink: /home/shreevanth-m/acare_demo_ws/src/acaresim_final/acaresim/install/acare_msgs/include/acare_msgs/acare_msgs/msg/detail/validated_intent__rosidl_typesupport_introspection_c.h
[0.438s] -- Up-to-date symlink: /home/shreevanth-m/acare_demo_ws/src/acaresim_final/acaresim/install/acare_msgs/include/acare_msgs/acare_msgs/msg/detail/vision_result__rosidl_typesupport_introspection_c.h
[0.438s] -- Up-to-date symlink: /home/shreevanth-m/acare_demo_ws/src/acaresim_final/acaresim/install/acare_msgs/include/acare_msgs/acare_msgs/msg/detail/vision_search_request__rosidl_typesupport_introspection_c.h
[0.438s] -- Up-to-date symlink: /home/shreevanth-m/acare_demo_ws/src/acaresim_final/acaresim/install/acare_msgs/include/acare_msgs/acare_msgs/msg/rosidl_typesupport_introspection_c__visibility_control.h
[0.438s] -- Up-to-date symlink: /home/shreevanth-m/acare_demo_ws/src/acaresim_final/acaresim/install/acare_msgs/include/acare_msgs/acare_msgs/srv/detail/enrol_staff__rosidl_typesupport_introspection_c.h
[0.439s] -- Up-to-date symlink: /home/shreevanth-m/acare_demo_ws/src/acaresim_final/acaresim/install/acare_msgs/include/acare_msgs/acare_msgs/msg/arm_command.hpp
[0.439s] -- Up-to-date symlink: /home/shreevanth-m/acare_demo_ws/src/acaresim_final/acaresim/install/acare_msgs/include/acare_msgs/acare_msgs/msg/auth_result.hpp
[0.439s] -- Up-to-date symlink: /home/shreevanth-m/acare_demo_ws/src/acaresim_final/acaresim/install/acare_msgs/include/acare_msgs/acare_msgs/msg/detail/arm_command__builder.hpp
[0.439s] -- Up-to-date symlink: /home/shreevanth-m/acare_demo_ws/src/acaresim_final/acaresim/install/acare_msgs/include/acare_msgs/acare_msgs/msg/detail/arm_command__struct.hpp
[0.440s] -- Up-to-date symlink: /home/shreevanth-m/acare_demo_ws/src/acaresim_final/acaresim/install/acare_msgs/include/acare_msgs/acare_msgs/msg/detail/arm_command__traits.hpp
[0.440s] -- Up-to-date symlink: /home/shreevanth-m/acare_demo_ws/src/acaresim_final/acaresim/install/acare_msgs/include/acare_msgs/acare_msgs/msg/detail/arm_command__type_support.hpp
[0.440s] -- Up-to-date symlink: /home/shreevanth-m/acare_demo_ws/src/acaresim_final/acaresim/install/acare_msgs/include/acare_msgs/acare_msgs/msg/detail/auth_result__builder.hpp
[0.440s] -- Up-to-date symlink: /home/shreevanth-m/acare_demo_ws/src/acaresim_final/acaresim/install/acare_msgs/include/acare_msgs/acare_msgs/msg/detail/auth_result__struct.hpp
[0.440s] -- Up-to-date symlink: /home/shreevanth-m/acare_demo_ws/src/acaresim_final/acaresim/install/acare_msgs/include/acare_msgs/acare_msgs/msg/detail/auth_result__traits.hpp
[0.440s] -- Up-to-date symlink: /home/shreevanth-m/acare_demo_ws/src/acaresim_final/acaresim/install/acare_msgs/include/acare_msgs/acare_msgs/msg/detail/auth_result__type_support.hpp
[0.440s] -- Up-to-date symlink: /home/shreevanth-m/acare_demo_ws/src/acaresim_final/acaresim/install/acare_msgs/include/acare_msgs/acare_msgs/msg/detail/emergency_signal__builder.hpp
[0.441s] -- Up-to-date symlink: /home/shreevanth-m/acare_demo_ws/src/acaresim_final/acaresim/install/acare_msgs/include/acare_msgs/acare_msgs/msg/detail/emergency_signal__struct.hpp
[0.441s] -- Up-to-date symlink: /home/shreevanth-m/acare_demo_ws/src/acaresim_final/acaresim/install/acare_msgs/include/acare_msgs/acare_msgs/msg/detail/emergency_signal__traits.hpp
[0.441s] -- Up-to-date symlink: /home/shreevanth-m/acare_demo_ws/src/acaresim_final/acaresim/install/acare_msgs/include/acare_msgs/acare_msgs/msg/detail/emergency_signal__type_support.hpp
[0.441s] -- Up-to-date symlink: /home/shreevanth-m/acare_demo_ws/src/acaresim_final/acaresim/install/acare_msgs/include/acare_msgs/acare_msgs/msg/detail/gripper_command__builder.hpp
[0.441s] -- Up-to-date symlink: /home/shreevanth-m/acare_demo_ws/src/acaresim_final/acaresim/install/acare_msgs/include/acare_msgs/acare_msgs/msg/detail/gripper_command__struct.hpp
[0.441s] -- Up-to-date symlink: /home/shreevanth-m/acare_demo_ws/src/acaresim_final/acaresim/install/acare_msgs/include/acare_msgs/acare_msgs/msg/detail/gripper_command__traits.hpp
[0.441s] -- Up-to-date symlink: /home/shreevanth-m/acare_demo_ws/src/acaresim_final/acaresim/install/acare_msgs/include/acare_msgs/acare_msgs/msg/detail/gripper_command__type_support.hpp
[0.442s] -- Up-to-date symlink: /home/shreevanth-m/acare_demo_ws/src/acaresim_final/acaresim/install/acare_msgs/include/acare_msgs/acare_msgs/msg/detail/hand_status__builder.hpp
[0.442s] -- Up-to-date symlink: /home/shreevanth-m/acare_demo_ws/src/acaresim_final/acaresim/install/acare_msgs/include/acare_msgs/acare_msgs/msg/detail/hand_status__struct.hpp
[0.442s] -- Up-to-date symlink: /home/shreevanth-m/acare_demo_ws/src/acaresim_final/acaresim/install/acare_msgs/include/acare_msgs/acare_msgs/msg/detail/hand_status__traits.hpp
[0.442s] -- Up-to-date symlink: /home/shreevanth-m/acare_demo_ws/src/acaresim_final/acaresim/install/acare_msgs/include/acare_msgs/acare_msgs/msg/detail/hand_status__type_support.hpp
[0.442s] -- Up-to-date symlink: /home/shreevanth-m/acare_demo_ws/src/acaresim_final/acaresim/install/acare_msgs/include/acare_msgs/acare_msgs/msg/detail/intent__builder.hpp
[0.442s] -- Up-to-date symlink: /home/shreevanth-m/acare_demo_ws/src/acaresim_final/acaresim/install/acare_msgs/include/acare_msgs/acare_msgs/msg/detail/intent__struct.hpp
[0.442s] -- Up-to-date symlink: /home/shreevanth-m/acare_demo_ws/src/acaresim_final/acaresim/install/acare_msgs/include/acare_msgs/acare_msgs/msg/detail/intent__traits.hpp
[0.443s] -- Up-to-date symlink: /home/shreevanth-m/acare_demo_ws/src/acaresim_final/acaresim/install/acare_msgs/include/acare_msgs/acare_msgs/msg/detail/intent__type_support.hpp
[0.443s] -- Up-to-date symlink: /home/shreevanth-m/acare_demo_ws/src/acaresim_final/acaresim/install/acare_msgs/include/acare_msgs/acare_msgs/msg/detail/log_event__builder.hpp
[0.443s] -- Up-to-date symlink: /home/shreevanth-m/acare_demo_ws/src/acaresim_final/acaresim/install/acare_msgs/include/acare_msgs/acare_msgs/msg/detail/log_event__struct.hpp
[0.443s] -- Up-to-date symlink: /home/shreevanth-m/acare_demo_ws/src/acaresim_final/acaresim/install/acare_msgs/include/acare_msgs/acare_msgs/msg/detail/log_event__traits.hpp
[0.443s] -- Up-to-date symlink: /home/shreevanth-m/acare_demo_ws/src/acaresim_final/acaresim/install/acare_msgs/include/acare_msgs/acare_msgs/msg/detail/log_event__type_support.hpp
[0.443s] -- Up-to-date symlink: /home/shreevanth-m/acare_demo_ws/src/acaresim_final/acaresim/install/acare_msgs/include/acare_msgs/acare_msgs/msg/detail/motion_feedback__builder.hpp
[0.443s] -- Up-to-date symlink: /home/shreevanth-m/acare_demo_ws/src/acaresim_final/acaresim/install/acare_msgs/include/acare_msgs/acare_msgs/msg/detail/motion_feedback__struct.hpp
[0.444s] -- Up-to-date symlink: /home/shreevanth-m/acare_demo_ws/src/acaresim_final/acaresim/install/acare_msgs/include/acare_msgs/acare_msgs/msg/detail/motion_feedback__traits.hpp
[0.444s] -- Up-to-date symlink: /home/shreevanth-m/acare_demo_ws/src/acaresim_final/acaresim/install/acare_msgs/include/acare_msgs/acare_msgs/msg/detail/motion_feedback__type_support.hpp
[0.444s] -- Up-to-date symlink: /home/shreevanth-m/acare_demo_ws/src/acaresim_final/acaresim/install/acare_msgs/include/acare_msgs/acare_msgs/msg/detail/robot_state__builder.hpp
[0.444s] -- Up-to-date symlink: /home/shreevanth-m/acare_demo_ws/src/acaresim_final/acaresim/install/acare_msgs/include/acare_msgs/acare_msgs/msg/detail/robot_state__struct.hpp
[0.444s] -- Up-to-date symlink: /home/shreevanth-m/acare_demo_ws/src/acaresim_final/acaresim/install/acare_msgs/include/acare_msgs/acare_msgs/msg/detail/robot_state__traits.hpp
[0.445s] -- Up-to-date symlink: /home/shreevanth-m/acare_demo_ws/src/acaresim_final/acaresim/install/acare_msgs/include/acare_msgs/acare_msgs/msg/detail/robot_state__type_support.hpp
[0.445s] -- Up-to-date symlink: /home/shreevanth-m/acare_demo_ws/src/acaresim_final/acaresim/install/acare_msgs/include/acare_msgs/acare_msgs/msg/detail/safety_alert__builder.hpp
[0.445s] -- Up-to-date symlink: /home/shreevanth-m/acare_demo_ws/src/acaresim_final/acaresim/install/acare_msgs/include/acare_msgs/acare_msgs/msg/detail/safety_alert__struct.hpp
[0.445s] -- Up-to-date symlink: /home/shreevanth-m/acare_demo_ws/src/acaresim_final/acaresim/install/acare_msgs/include/acare_msgs/acare_msgs/msg/detail/safety_alert__traits.hpp
[0.445s] -- Up-to-date symlink: /home/shreevanth-m/acare_demo_ws/src/acaresim_final/acaresim/install/acare_msgs/include/acare_msgs/acare_msgs/msg/detail/safety_alert__type_support.hpp
[0.445s] -- Up-to-date symlink: /home/shreevanth-m/acare_demo_ws/src/acaresim_final/acaresim/install/acare_msgs/include/acare_msgs/acare_msgs/msg/detail/state_transition__builder.hpp
[0.445s] -- Up-to-date symlink: /home/shreevanth-m/acare_demo_ws/src/acaresim_final/acaresim/install/acare_msgs/include/acare_msgs/acare_msgs/msg/detail/state_transition__struct.hpp
[0.445s] -- Up-to-date symlink: /home/shreevanth-m/acare_demo_ws/src/acaresim_final/acaresim/install/acare_msgs/include/acare_msgs/acare_msgs/msg/detail/state_transition__traits.hpp
[0.445s] -- Up-to-date symlink: /home/shreevanth-m/acare_demo_ws/src/acaresim_final/acaresim/install/acare_msgs/include/acare_msgs/acare_msgs/msg/detail/state_transition__type_support.hpp
[0.445s] -- Up-to-date symlink: /home/shreevanth-m/acare_demo_ws/src/acaresim_final/acaresim/install/acare_msgs/include/acare_msgs/acare_msgs/msg/detail/validated_intent__builder.hpp
[0.445s] -- Up-to-date symlink: /home/shreevanth-m/acare_demo_ws/src/acaresim_final/acaresim/install/acare_msgs/include/acare_msgs/acare_msgs/msg/detail/validated_intent__struct.hpp
[0.445s] -- Up-to-date symlink: /home/shreevanth-m/acare_demo_ws/src/acaresim_final/acaresim/install/acare_msgs/include/acare_msgs/acare_msgs/msg/detail/validated_intent__traits.hpp
[0.446s] -- Up-to-date symlink: /home/shreevanth-m/acare_demo_ws/src/acaresim_final/acaresim/install/acare_msgs/include/acare_msgs/acare_msgs/msg/detail/validated_intent__type_support.hpp
[0.446s] -- Up-to-date symlink: /home/shreevanth-m/acare_demo_ws/src/acaresim_final/acaresim/install/acare_msgs/include/acare_msgs/acare_msgs/msg/detail/vision_result__builder.hpp
[0.446s] -- Up-to-date symlink: /home/shreevanth-m/acare_demo_ws/src/acaresim_final/acaresim/install/acare_msgs/include/acare_msgs/acare_msgs/msg/detail/vision_result__struct.hpp
[0.446s] -- Up-to-date symlink: /home/shreevanth-m/acare_demo_ws/src/acaresim_final/acaresim/install/acare_msgs/include/acare_msgs/acare_msgs/msg/detail/vision_result__traits.hpp
[0.446s] -- Up-to-date symlink: /home/shreevanth-m/acare_demo_ws/src/acaresim_final/acaresim/install/acare_msgs/include/acare_msgs/acare_msgs/msg/detail/vision_result__type_support.hpp
[0.446s] -- Up-to-date symlink: /home/shreevanth-m/acare_demo_ws/src/acaresim_final/acaresim/install/acare_msgs/include/acare_msgs/acare_msgs/msg/detail/vision_search_request__builder.hpp
[0.446s] -- Up-to-date symlink: /home/shreevanth-m/acare_demo_ws/src/acaresim_final/acaresim/install/acare_msgs/include/acare_msgs/acare_msgs/msg/detail/vision_search_request__struct.hpp
[0.446s] -- Up-to-date symlink: /home/shreevanth-m/acare_demo_ws/src/acaresim_final/acaresim/install/acare_msgs/include/acare_msgs/acare_msgs/msg/detail/vision_search_request__traits.hpp
[0.446s] -- Up-to-date symlink: /home/shreevanth-m/acare_demo_ws/src/acaresim_final/acaresim/install/acare_msgs/include/acare_msgs/acare_msgs/msg/detail/vision_search_request__type_support.hpp
[0.446s] -- Up-to-date symlink: /home/shreevanth-m/acare_demo_ws/src/acaresim_final/acaresim/install/acare_msgs/include/acare_msgs/acare_msgs/msg/emergency_signal.hpp
[0.446s] -- Up-to-date symlink: /home/shreevanth-m/acare_demo_ws/src/acaresim_final/acaresim/install/acare_msgs/include/acare_msgs/acare_msgs/msg/gripper_command.hpp
[0.446s] -- Up-to-date symlink: /home/shreevanth-m/acare_demo_ws/src/acaresim_final/acaresim/install/acare_msgs/include/acare_msgs/acare_msgs/msg/hand_status.hpp
[0.446s] -- Up-to-date symlink: /home/shreevanth-m/acare_demo_ws/src/acaresim_final/acaresim/install/acare_msgs/include/acare_msgs/acare_msgs/msg/intent.hpp
[0.446s] -- Up-to-date symlink: /home/shreevanth-m/acare_demo_ws/src/acaresim_final/acaresim/install/acare_msgs/include/acare_msgs/acare_msgs/msg/log_event.hpp
[0.447s] -- Up-to-date symlink: /home/shreevanth-m/acare_demo_ws/src/acaresim_final/acaresim/install/acare_msgs/include/acare_msgs/acare_msgs/msg/motion_feedback.hpp
[0.447s] -- Up-to-date symlink: /home/shreevanth-m/acare_demo_ws/src/acaresim_final/acaresim/install/acare_msgs/include/acare_msgs/acare_msgs/msg/robot_state.hpp
[0.447s] -- Up-to-date symlink: /home/shreevanth-m/acare_demo_ws/src/acaresim_final/acaresim/install/acare_msgs/include/acare_msgs/acare_msgs/msg/rosidl_generator_cpp__visibility_control.hpp
[0.447s] -- Up-to-date symlink: /home/shreevanth-m/acare_demo_ws/src/acaresim_final/acaresim/install/acare_msgs/include/acare_msgs/acare_msgs/msg/safety_alert.hpp
[0.447s] -- Up-to-date symlink: /home/shreevanth-m/acare_demo_ws/src/acaresim_final/acaresim/install/acare_msgs/include/acare_msgs/acare_msgs/msg/state_transition.hpp
[0.447s] -- Up-to-date symlink: /home/shreevanth-m/acare_demo_ws/src/acaresim_final/acaresim/install/acare_msgs/include/acare_msgs/acare_msgs/msg/validated_intent.hpp
[0.447s] -- Up-to-date symlink: /home/shreevanth-m/acare_demo_ws/src/acaresim_final/acaresim/install/acare_msgs/include/acare_msgs/acare_msgs/msg/vision_result.hpp
[0.447s] -- Up-to-date symlink: /home/shreevanth-m/acare_demo_ws/src/acaresim_final/acaresim/install/acare_msgs/include/acare_msgs/acare_msgs/msg/vision_search_request.hpp
[0.447s] -- Up-to-date symlink: /home/shreevanth-m/acare_demo_ws/src/acaresim_final/acaresim/install/acare_msgs/include/acare_msgs/acare_msgs/srv/detail/enrol_staff__builder.hpp
[0.447s] -- Up-to-date symlink: /home/shreevanth-m/acare_demo_ws/src/acaresim_final/acaresim/install/acare_msgs/include/acare_msgs/acare_msgs/srv/detail/enrol_staff__struct.hpp
[0.447s] -- Up-to-date symlink: /home/shreevanth-m/acare_demo_ws/src/acaresim_final/acaresim/install/acare_msgs/include/acare_msgs/acare_msgs/srv/detail/enrol_staff__traits.hpp
[0.447s] -- Up-to-date symlink: /home/shreevanth-m/acare_demo_ws/src/acaresim_final/acaresim/install/acare_msgs/include/acare_msgs/acare_msgs/srv/detail/enrol_staff__type_support.hpp
[0.448s] -- Up-to-date symlink: /home/shreevanth-m/acare_demo_ws/src/acaresim_final/acaresim/install/acare_msgs/include/acare_msgs/acare_msgs/srv/enrol_staff.hpp
[0.448s] -- Up-to-date symlink: /home/shreevanth-m/acare_demo_ws/src/acaresim_final/acaresim/install/acare_msgs/include/acare_msgs/acare_msgs/msg/detail/arm_command__rosidl_typesupport_fastrtps_cpp.hpp
[0.449s] -- Up-to-date symlink: /home/shreevanth-m/acare_demo_ws/src/acaresim_final/acaresim/install/acare_msgs/include/acare_msgs/acare_msgs/msg/detail/auth_result__rosidl_typesupport_fastrtps_cpp.hpp
[0.449s] -- Up-to-date symlink: /home/shreevanth-m/acare_demo_ws/src/acaresim_final/acaresim/install/acare_msgs/include/acare_msgs/acare_msgs/msg/detail/emergency_signal__rosidl_typesupport_fastrtps_cpp.hpp
[0.449s] -- Up-to-date symlink: /home/shreevanth-m/acare_demo_ws/src/acaresim_final/acaresim/install/acare_msgs/include/acare_msgs/acare_msgs/msg/detail/gripper_command__rosidl_typesupport_fastrtps_cpp.hpp
[0.449s] -- Up-to-date symlink: /home/shreevanth-m/acare_demo_ws/src/acaresim_final/acaresim/install/acare_msgs/include/acare_msgs/acare_msgs/msg/detail/hand_status__rosidl_typesupport_fastrtps_cpp.hpp
[0.449s] -- Up-to-date symlink: /home/shreevanth-m/acare_demo_ws/src/acaresim_final/acaresim/install/acare_msgs/include/acare_msgs/acare_msgs/msg/detail/intent__rosidl_typesupport_fastrtps_cpp.hpp
[0.449s] -- Up-to-date symlink: /home/shreevanth-m/acare_demo_ws/src/acaresim_final/acaresim/install/acare_msgs/include/acare_msgs/acare_msgs/msg/detail/log_event__rosidl_typesupport_fastrtps_cpp.hpp
[0.449s] -- Up-to-date symlink: /home/shreevanth-m/acare_demo_ws/src/acaresim_final/acaresim/install/acare_msgs/include/acare_msgs/acare_msgs/msg/detail/motion_feedback__rosidl_typesupport_fastrtps_cpp.hpp
[0.449s] -- Up-to-date symlink: /home/shreevanth-m/acare_demo_ws/src/acaresim_final/acaresim/install/acare_msgs/include/acare_msgs/acare_msgs/msg/detail/robot_state__rosidl_typesupport_fastrtps_cpp.hpp
[0.449s] -- Up-to-date symlink: /home/shreevanth-m/acare_demo_ws/src/acaresim_final/acaresim/install/acare_msgs/include/acare_msgs/acare_msgs/msg/detail/safety_alert__rosidl_typesupport_fastrtps_cpp.hpp
[0.449s] -- Up-to-date symlink: /home/shreevanth-m/acare_demo_ws/src/acaresim_final/acaresim/install/acare_msgs/include/acare_msgs/acare_msgs/msg/detail/state_transition__rosidl_typesupport_fastrtps_cpp.hpp
[0.449s] -- Up-to-date symlink: /home/shreevanth-m/acare_demo_ws/src/acaresim_final/acaresim/install/acare_msgs/include/acare_msgs/acare_msgs/msg/detail/validated_intent__rosidl_typesupport_fastrtps_cpp.hpp
[0.449s] -- Up-to-date symlink: /home/shreevanth-m/acare_demo_ws/src/acaresim_final/acaresim/install/acare_msgs/include/acare_msgs/acare_msgs/msg/detail/vision_result__rosidl_typesupport_fastrtps_cpp.hpp
[0.449s] -- Up-to-date symlink: /home/shreevanth-m/acare_demo_ws/src/acaresim_final/acaresim/install/acare_msgs/include/acare_msgs/acare_msgs/msg/detail/vision_search_request__rosidl_typesupport_fastrtps_cpp.hpp
[0.450s] -- Up-to-date symlink: /home/shreevanth-m/acare_demo_ws/src/acaresim_final/acaresim/install/acare_msgs/include/acare_msgs/acare_msgs/msg/rosidl_typesupport_fastrtps_cpp__visibility_control.h
[0.450s] -- Up-to-date symlink: /home/shreevanth-m/acare_demo_ws/src/acaresim_final/acaresim/install/acare_msgs/include/acare_msgs/acare_msgs/srv/detail/enrol_staff__rosidl_typesupport_fastrtps_cpp.hpp
[0.450s] -- Up-to-date symlink: /home/shreevanth-m/acare_demo_ws/src/acaresim_final/acaresim/install/acare_msgs/include/acare_msgs/acare_msgs/msg/detail/arm_command__rosidl_typesupport_introspection_cpp.hpp
[0.450s] -- Up-to-date symlink: /home/shreevanth-m/acare_demo_ws/src/acaresim_final/acaresim/install/acare_msgs/include/acare_msgs/acare_msgs/msg/detail/auth_result__rosidl_typesupport_introspection_cpp.hpp
[0.450s] -- Up-to-date symlink: /home/shreevanth-m/acare_demo_ws/src/acaresim_final/acaresim/install/acare_msgs/include/acare_msgs/acare_msgs/msg/detail/emergency_signal__rosidl_typesupport_introspection_cpp.hpp
[0.450s] -- Up-to-date symlink: /home/shreevanth-m/acare_demo_ws/src/acaresim_final/acaresim/install/acare_msgs/include/acare_msgs/acare_msgs/msg/detail/gripper_command__rosidl_typesupport_introspection_cpp.hpp
[0.450s] -- Up-to-date symlink: /home/shreevanth-m/acare_demo_ws/src/acaresim_final/acaresim/install/acare_msgs/include/acare_msgs/acare_msgs/msg/detail/hand_status__rosidl_typesupport_introspection_cpp.hpp
[0.450s] -- Up-to-date symlink: /home/shreevanth-m/acare_demo_ws/src/acaresim_final/acaresim/install/acare_msgs/include/acare_msgs/acare_msgs/msg/detail/intent__rosidl_typesupport_introspection_cpp.hpp
[0.450s] -- Up-to-date symlink: /home/shreevanth-m/acare_demo_ws/src/acaresim_final/acaresim/install/acare_msgs/include/acare_msgs/acare_msgs/msg/detail/log_event__rosidl_typesupport_introspection_cpp.hpp
[0.450s] -- Up-to-date symlink: /home/shreevanth-m/acare_demo_ws/src/acaresim_final/acaresim/install/acare_msgs/include/acare_msgs/acare_msgs/msg/detail/motion_feedback__rosidl_typesupport_introspection_cpp.hpp
[0.450s] -- Up-to-date symlink: /home/shreevanth-m/acare_demo_ws/src/acaresim_final/acaresim/install/acare_msgs/include/acare_msgs/acare_msgs/msg/detail/robot_state__rosidl_typesupport_introspection_cpp.hpp
[0.450s] -- Up-to-date symlink: /home/shreevanth-m/acare_demo_ws/src/acaresim_final/acaresim/install/acare_msgs/include/acare_msgs/acare_msgs/msg/detail/safety_alert__rosidl_typesupport_introspection_cpp.hpp
[0.451s] -- Up-to-date symlink: /home/shreevanth-m/acare_demo_ws/src/acaresim_final/acaresim/install/acare_msgs/include/acare_msgs/acare_msgs/msg/detail/state_transition__rosidl_typesupport_introspection_cpp.hpp
[0.451s] -- Up-to-date symlink: /home/shreevanth-m/acare_demo_ws/src/acaresim_final/acaresim/install/acare_msgs/include/acare_msgs/acare_msgs/msg/detail/validated_intent__rosidl_typesupport_introspection_cpp.hpp
[0.451s] -- Up-to-date symlink: /home/shreevanth-m/acare_demo_ws/src/acaresim_final/acaresim/install/acare_msgs/include/acare_msgs/acare_msgs/msg/detail/vision_result__rosidl_typesupport_introspection_cpp.hpp
[0.451s] -- Up-to-date symlink: /home/shreevanth-m/acare_demo_ws/src/acaresim_final/acaresim/install/acare_msgs/include/acare_msgs/acare_msgs/msg/detail/vision_search_request__rosidl_typesupport_introspection_cpp.hpp
[0.451s] -- Up-to-date symlink: /home/shreevanth-m/acare_demo_ws/src/acaresim_final/acaresim/install/acare_msgs/include/acare_msgs/acare_msgs/srv/detail/enrol_staff__rosidl_typesupport_introspection_cpp.hpp
[0.451s] -- Up-to-date symlink: /home/shreevanth-m/acare_demo_ws/src/acaresim_final/acaresim/install/acare_msgs/share/acare_msgs/environment/pythonpath.sh
[0.451s] -- Up-to-date symlink: /home/shreevanth-m/acare_demo_ws/src/acaresim_final/acaresim/install/acare_msgs/share/acare_msgs/environment/pythonpath.dsv
[0.451s] -- Up-to-date symlink: /home/shreevanth-m/acare_demo_ws/src/acaresim_final/acaresim/install/acare_msgs/lib/python3.12/site-packages/acare_msgs-0.0.0-py3.12.egg-info/PKG-INFO
[0.451s] -- Up-to-date symlink: /home/shreevanth-m/acare_demo_ws/src/acaresim_final/acaresim/install/acare_msgs/lib/python3.12/site-packages/acare_msgs-0.0.0-py3.12.egg-info/SOURCES.txt
[0.451s] -- Up-to-date symlink: /home/shreevanth-m/acare_demo_ws/src/acaresim_final/acaresim/install/acare_msgs/lib/python3.12/site-packages/acare_msgs-0.0.0-py3.12.egg-info/dependency_links.txt
[0.451s] -- Up-to-date symlink: /home/shreevanth-m/acare_demo_ws/src/acaresim_final/acaresim/install/acare_msgs/lib/python3.12/site-packages/acare_msgs-0.0.0-py3.12.egg-info/top_level.txt
[0.452s] -- Up-to-date symlink: /home/shreevanth-m/acare_demo_ws/src/acaresim_final/acaresim/install/acare_msgs/lib/python3.12/site-packages/acare_msgs/__init__.py
[0.452s] -- Up-to-date symlink: /home/shreevanth-m/acare_demo_ws/src/acaresim_final/acaresim/install/acare_msgs/lib/python3.12/site-packages/acare_msgs/_acare_msgs_s.ep.rosidl_typesupport_c.c
[0.453s] -- Up-to-date symlink: /home/shreevanth-m/acare_demo_ws/src/acaresim_final/acaresim/install/acare_msgs/lib/python3.12/site-packages/acare_msgs/_acare_msgs_s.ep.rosidl_typesupport_fastrtps_c.c
[0.453s] -- Up-to-date symlink: /home/shreevanth-m/acare_demo_ws/src/acaresim_final/acaresim/install/acare_msgs/lib/python3.12/site-packages/acare_msgs/_acare_msgs_s.ep.rosidl_typesupport_introspection_c.c
[0.453s] -- Up-to-date symlink: /home/shreevanth-m/acare_demo_ws/src/acaresim_final/acaresim/install/acare_msgs/lib/python3.12/site-packages/acare_msgs/acare_msgs_s__rosidl_typesupport_c.so
[0.453s] -- Up-to-date symlink: /home/shreevanth-m/acare_demo_ws/src/acaresim_final/acaresim/install/acare_msgs/lib/python3.12/site-packages/acare_msgs/acare_msgs_s__rosidl_typesupport_fastrtps_c.so
[0.453s] -- Up-to-date symlink: /home/shreevanth-m/acare_demo_ws/src/acaresim_final/acaresim/install/acare_msgs/lib/python3.12/site-packages/acare_msgs/acare_msgs_s__rosidl_typesupport_introspection_c.so
[0.453s] -- Up-to-date symlink: /home/shreevanth-m/acare_demo_ws/src/acaresim_final/acaresim/install/acare_msgs/lib/python3.12/site-packages/acare_msgs/msg/__init__.py
[0.453s] -- Up-to-date symlink: /home/shreevanth-m/acare_demo_ws/src/acaresim_final/acaresim/install/acare_msgs/lib/python3.12/site-packages/acare_msgs/msg/_arm_command.py
[0.453s] -- Up-to-date symlink: /home/shreevanth-m/acare_demo_ws/src/acaresim_final/acaresim/install/acare_msgs/lib/python3.12/site-packages/acare_msgs/msg/_arm_command_s.c
[0.453s] -- Up-to-date symlink: /home/shreevanth-m/acare_demo_ws/src/acaresim_final/acaresim/install/acare_msgs/lib/python3.12/site-packages/acare_msgs/msg/_auth_result.py
[0.453s] -- Up-to-date symlink: /home/shreevanth-m/acare_demo_ws/src/acaresim_final/acaresim/install/acare_msgs/lib/python3.12/site-packages/acare_msgs/msg/_auth_result_s.c
[0.453s] -- Up-to-date symlink: /home/shreevanth-m/acare_demo_ws/src/acaresim_final/acaresim/install/acare_msgs/lib/python3.12/site-packages/acare_msgs/msg/_emergency_signal.py
[0.453s] -- Up-to-date symlink: /home/shreevanth-m/acare_demo_ws/src/acaresim_final/acaresim/install/acare_msgs/lib/python3.12/site-packages/acare_msgs/msg/_emergency_signal_s.c
[0.453s] -- Up-to-date symlink: /home/shreevanth-m/acare_demo_ws/src/acaresim_final/acaresim/install/acare_msgs/lib/python3.12/site-packages/acare_msgs/msg/_gripper_command.py
[0.453s] -- Up-to-date symlink: /home/shreevanth-m/acare_demo_ws/src/acaresim_final/acaresim/install/acare_msgs/lib/python3.12/site-packages/acare_msgs/msg/_gripper_command_s.c
[0.453s] -- Up-to-date symlink: /home/shreevanth-m/acare_demo_ws/src/acaresim_final/acaresim/install/acare_msgs/lib/python3.12/site-packages/acare_msgs/msg/_hand_status.py
[0.453s] -- Up-to-date symlink: /home/shreevanth-m/acare_demo_ws/src/acaresim_final/acaresim/install/acare_msgs/lib/python3.12/site-packages/acare_msgs/msg/_hand_status_s.c
[0.454s] -- Up-to-date symlink: /home/shreevanth-m/acare_demo_ws/src/acaresim_final/acaresim/install/acare_msgs/lib/python3.12/site-packages/acare_msgs/msg/_intent.py
[0.454s] -- Up-to-date symlink: /home/shreevanth-m/acare_demo_ws/src/acaresim_final/acaresim/install/acare_msgs/lib/python3.12/site-packages/acare_msgs/msg/_intent_s.c
[0.454s] -- Up-to-date symlink: /home/shreevanth-m/acare_demo_ws/src/acaresim_final/acaresim/install/acare_msgs/lib/python3.12/site-packages/acare_msgs/msg/_log_event.py
[0.454s] -- Up-to-date symlink: /home/shreevanth-m/acare_demo_ws/src/acaresim_final/acaresim/install/acare_msgs/lib/python3.12/site-packages/acare_msgs/msg/_log_event_s.c
[0.454s] -- Up-to-date symlink: /home/shreevanth-m/acare_demo_ws/src/acaresim_final/acaresim/install/acare_msgs/lib/python3.12/site-packages/acare_msgs/msg/_motion_feedback.py
[0.454s] -- Up-to-date symlink: /home/shreevanth-m/acare_demo_ws/src/acaresim_final/acaresim/install/acare_msgs/lib/python3.12/site-packages/acare_msgs/msg/_motion_feedback_s.c
[0.454s] -- Up-to-date symlink: /home/shreevanth-m/acare_demo_ws/src/acaresim_final/acaresim/install/acare_msgs/lib/python3.12/site-packages/acare_msgs/msg/_robot_state.py
[0.454s] -- Up-to-date symlink: /home/shreevanth-m/acare_demo_ws/src/acaresim_final/acaresim/install/acare_msgs/lib/python3.12/site-packages/acare_msgs/msg/_robot_state_s.c
[0.454s] -- Up-to-date symlink: /home/shreevanth-m/acare_demo_ws/src/acaresim_final/acaresim/install/acare_msgs/lib/python3.12/site-packages/acare_msgs/msg/_safety_alert.py
[0.454s] -- Up-to-date symlink: /home/shreevanth-m/acare_demo_ws/src/acaresim_final/acaresim/install/acare_msgs/lib/python3.12/site-packages/acare_msgs/msg/_safety_alert_s.c
[0.454s] -- Up-to-date symlink: /home/shreevanth-m/acare_demo_ws/src/acaresim_final/acaresim/install/acare_msgs/lib/python3.12/site-packages/acare_msgs/msg/_state_transition.py
[0.454s] -- Up-to-date symlink: /home/shreevanth-m/acare_demo_ws/src/acaresim_final/acaresim/install/acare_msgs/lib/python3.12/site-packages/acare_msgs/msg/_state_transition_s.c
[0.454s] -- Up-to-date symlink: /home/shreevanth-m/acare_demo_ws/src/acaresim_final/acaresim/install/acare_msgs/lib/python3.12/site-packages/acare_msgs/msg/_validated_intent.py
[0.454s] -- Up-to-date symlink: /home/shreevanth-m/acare_demo_ws/src/acaresim_final/acaresim/install/acare_msgs/lib/python3.12/site-packages/acare_msgs/msg/_validated_intent_s.c
[0.455s] -- Up-to-date symlink: /home/shreevanth-m/acare_demo_ws/src/acaresim_final/acaresim/install/acare_msgs/lib/python3.12/site-packages/acare_msgs/msg/_vision_result.py
[0.455s] -- Up-to-date symlink: /home/shreevanth-m/acare_demo_ws/src/acaresim_final/acaresim/install/acare_msgs/lib/python3.12/site-packages/acare_msgs/msg/_vision_result_s.c
[0.455s] -- Up-to-date symlink: /home/shreevanth-m/acare_demo_ws/src/acaresim_final/acaresim/install/acare_msgs/lib/python3.12/site-packages/acare_msgs/msg/_vision_search_request.py
[0.455s] -- Up-to-date symlink: /home/shreevanth-m/acare_demo_ws/src/acaresim_final/acaresim/install/acare_msgs/lib/python3.12/site-packages/acare_msgs/msg/_vision_search_request_s.c
[0.455s] -- Up-to-date symlink: /home/shreevanth-m/acare_demo_ws/src/acaresim_final/acaresim/install/acare_msgs/lib/python3.12/site-packages/acare_msgs/srv/__init__.py
[0.455s] -- Up-to-date symlink: /home/shreevanth-m/acare_demo_ws/src/acaresim_final/acaresim/install/acare_msgs/lib/python3.12/site-packages/acare_msgs/srv/_enrol_staff.py
[0.455s] -- Up-to-date symlink: /home/shreevanth-m/acare_demo_ws/src/acaresim_final/acaresim/install/acare_msgs/lib/python3.12/site-packages/acare_msgs/srv/_enrol_staff_s.c
[0.455s] -- Up-to-date symlink: /home/shreevanth-m/acare_demo_ws/src/acaresim_final/acaresim/install/acare_msgs/lib/python3.12/site-packages/acare_msgs/acare_msgs_s__rosidl_typesupport_fastrtps_c.so
[0.455s] -- Up-to-date symlink: /home/shreevanth-m/acare_demo_ws/src/acaresim_final/acaresim/install/acare_msgs/lib/python3.12/site-packages/acare_msgs/acare_msgs_s__rosidl_typesupport_introspection_c.so
[0.455s] -- Up-to-date symlink: /home/shreevanth-m/acare_demo_ws/src/acaresim_final/acaresim/install/acare_msgs/lib/python3.12/site-packages/acare_msgs/acare_msgs_s__rosidl_typesupport_c.so
[0.455s] -- Up-to-date symlink: /home/shreevanth-m/acare_demo_ws/src/acaresim_final/acaresim/install/acare_msgs/share/ament_index/resource_index/rust_packages/acare_msgs
[0.456s] -- Up-to-date symlink: /home/shreevanth-m/acare_demo_ws/src/acaresim_final/acaresim/install/acare_msgs/share/acare_msgs/rust/Cargo.toml
[0.456s] -- Up-to-date symlink: /home/shreevanth-m/acare_demo_ws/src/acaresim_final/acaresim/install/acare_msgs/share/acare_msgs/rust/build.rs
[0.456s] -- Up-to-date symlink: /home/shreevanth-m/acare_demo_ws/src/acaresim_final/acaresim/install/acare_msgs/share/acare_msgs/rust/src/lib.rs
[0.456s] -- Up-to-date symlink: /home/shreevanth-m/acare_demo_ws/src/acaresim_final/acaresim/install/acare_msgs/share/acare_msgs/rust/src/msg.rs
[0.456s] -- Up-to-date symlink: /home/shreevanth-m/acare_demo_ws/src/acaresim_final/acaresim/install/acare_msgs/share/acare_msgs/rust/src/msg/rmw.rs
[0.456s] -- Up-to-date symlink: /home/shreevanth-m/acare_demo_ws/src/acaresim_final/acaresim/install/acare_msgs/share/acare_msgs/rust/src/srv.rs
[0.456s] -- Up-to-date symlink: /home/shreevanth-m/acare_demo_ws/src/acaresim_final/acaresim/install/acare_msgs/share/acare_msgs/rust/src/srv/rmw.rs
[0.456s] -- Up-to-date symlink: /home/shreevanth-m/acare_demo_ws/src/acaresim_final/acaresim/install/acare_msgs/share/acare_msgs/msg/RobotState.idl
[0.457s] -- Up-to-date symlink: /home/shreevanth-m/acare_demo_ws/src/acaresim_final/acaresim/install/acare_msgs/share/acare_msgs/msg/StateTransition.idl
[0.457s] -- Up-to-date symlink: /home/shreevanth-m/acare_demo_ws/src/acaresim_final/acaresim/install/acare_msgs/share/acare_msgs/msg/Intent.idl
[0.457s] -- Up-to-date symlink: /home/shreevanth-m/acare_demo_ws/src/acaresim_final/acaresim/install/acare_msgs/share/acare_msgs/msg/ValidatedIntent.idl
[0.457s] -- Up-to-date symlink: /home/shreevanth-m/acare_demo_ws/src/acaresim_final/acaresim/install/acare_msgs/share/acare_msgs/msg/SafetyAlert.idl
[0.457s] -- Up-to-date symlink: /home/shreevanth-m/acare_demo_ws/src/acaresim_final/acaresim/install/acare_msgs/share/acare_msgs/msg/HandStatus.idl
[0.457s] -- Up-to-date symlink: /home/shreevanth-m/acare_demo_ws/src/acaresim_final/acaresim/install/acare_msgs/share/acare_msgs/msg/AuthResult.idl
[0.457s] -- Up-to-date symlink: /home/shreevanth-m/acare_demo_ws/src/acaresim_final/acaresim/install/acare_msgs/share/acare_msgs/msg/VisionResult.idl
[0.457s] -- Up-to-date symlink: /home/shreevanth-m/acare_demo_ws/src/acaresim_final/acaresim/install/acare_msgs/share/acare_msgs/msg/VisionSearchRequest.idl
[0.457s] -- Up-to-date symlink: /home/shreevanth-m/acare_demo_ws/src/acaresim_final/acaresim/install/acare_msgs/share/acare_msgs/msg/ArmCommand.idl
[0.458s] -- Up-to-date symlink: /home/shreevanth-m/acare_demo_ws/src/acaresim_final/acaresim/install/acare_msgs/share/acare_msgs/msg/GripperCommand.idl
[0.458s] -- Up-to-date symlink: /home/shreevanth-m/acare_demo_ws/src/acaresim_final/acaresim/install/acare_msgs/share/acare_msgs/msg/MotionFeedback.idl
[0.458s] -- Up-to-date symlink: /home/shreevanth-m/acare_demo_ws/src/acaresim_final/acaresim/install/acare_msgs/share/acare_msgs/msg/LogEvent.idl
[0.458s] -- Up-to-date symlink: /home/shreevanth-m/acare_demo_ws/src/acaresim_final/acaresim/install/acare_msgs/share/acare_msgs/msg/EmergencySignal.idl
[0.458s] -- Up-to-date symlink: /home/shreevanth-m/acare_demo_ws/src/acaresim_final/acaresim/install/acare_msgs/share/acare_msgs/srv/EnrolStaff.idl
[0.458s] -- Up-to-date symlink: /home/shreevanth-m/acare_demo_ws/src/acaresim_final/acaresim/install/acare_msgs/share/acare_msgs/msg/RobotState.msg
[0.458s] -- Up-to-date symlink: /home/shreevanth-m/acare_demo_ws/src/acaresim_final/acaresim/install/acare_msgs/share/acare_msgs/msg/StateTransition.msg
[0.458s] -- Up-to-date symlink: /home/shreevanth-m/acare_demo_ws/src/acaresim_final/acaresim/install/acare_msgs/share/acare_msgs/msg/Intent.msg
[0.458s] -- Up-to-date symlink: /home/shreevanth-m/acare_demo_ws/src/acaresim_final/acaresim/install/acare_msgs/share/acare_msgs/msg/ValidatedIntent.msg
[0.459s] -- Up-to-date symlink: /home/shreevanth-m/acare_demo_ws/src/acaresim_final/acaresim/install/acare_msgs/share/acare_msgs/msg/SafetyAlert.msg
[0.459s] -- Up-to-date symlink: /home/shreevanth-m/acare_demo_ws/src/acaresim_final/acaresim/install/acare_msgs/share/acare_msgs/msg/HandStatus.msg
[0.459s] -- Up-to-date symlink: /home/shreevanth-m/acare_demo_ws/src/acaresim_final/acaresim/install/acare_msgs/share/acare_msgs/msg/AuthResult.msg
[0.459s] -- Up-to-date symlink: /home/shreevanth-m/acare_demo_ws/src/acaresim_final/acaresim/install/acare_msgs/share/acare_msgs/msg/VisionResult.msg
[0.459s] -- Up-to-date symlink: /home/shreevanth-m/acare_demo_ws/src/acaresim_final/acaresim/install/acare_msgs/share/acare_msgs/msg/VisionSearchRequest.msg
[0.459s] -- Up-to-date symlink: /home/shreevanth-m/acare_demo_ws/src/acaresim_final/acaresim/install/acare_msgs/share/acare_msgs/msg/ArmCommand.msg
[0.459s] -- Up-to-date symlink: /home/shreevanth-m/acare_demo_ws/src/acaresim_final/acaresim/install/acare_msgs/share/acare_msgs/msg/GripperCommand.msg
[0.459s] -- Up-to-date symlink: /home/shreevanth-m/acare_demo_ws/src/acaresim_final/acaresim/install/acare_msgs/share/acare_msgs/msg/MotionFeedback.msg
[0.459s] -- Up-to-date symlink: /home/shreevanth-m/acare_demo_ws/src/acaresim_final/acaresim/install/acare_msgs/share/acare_msgs/msg/LogEvent.msg
[0.459s] -- Up-to-date symlink: /home/shreevanth-m/acare_demo_ws/src/acaresim_final/acaresim/install/acare_msgs/share/acare_msgs/msg/EmergencySignal.msg
[0.460s] -- Up-to-date symlink: /home/shreevanth-m/acare_demo_ws/src/acaresim_final/acaresim/install/acare_msgs/share/acare_msgs/srv/EnrolStaff.srv
[0.460s] -- Up-to-date symlink: /home/shreevanth-m/acare_demo_ws/src/acaresim_final/acaresim/install/acare_msgs/share/ament_index/resource_index/package_run_dependencies/acare_msgs
[0.460s] -- Up-to-date symlink: /home/shreevanth-m/acare_demo_ws/src/acaresim_final/acaresim/install/acare_msgs/share/ament_index/resource_index/parent_prefix_path/acare_msgs
[0.460s] -- Up-to-date symlink: /home/shreevanth-m/acare_demo_ws/src/acaresim_final/acaresim/install/acare_msgs/share/acare_msgs/environment/ament_prefix_path.sh
[0.460s] -- Up-to-date symlink: /home/shreevanth-m/acare_demo_ws/src/acaresim_final/acaresim/install/acare_msgs/share/acare_msgs/environment/ament_prefix_path.dsv
[0.460s] -- Up-to-date symlink: /home/shreevanth-m/acare_demo_ws/src/acaresim_final/acaresim/install/acare_msgs/share/acare_msgs/environment/path.sh
[0.460s] -- Up-to-date symlink: /home/shreevanth-m/acare_demo_ws/src/acaresim_final/acaresim/install/acare_msgs/share/acare_msgs/environment/path.dsv
[0.460s] -- Up-to-date symlink: /home/shreevanth-m/acare_demo_ws/src/acaresim_final/acaresim/install/acare_msgs/share/acare_msgs/local_setup.bash
[0.460s] -- Up-to-date symlink: /home/shreevanth-m/acare_demo_ws/src/acaresim_final/acaresim/install/acare_msgs/share/acare_msgs/local_setup.sh
[0.460s] -- Up-to-date symlink: /home/shreevanth-m/acare_demo_ws/src/acaresim_final/acaresim/install/acare_msgs/share/acare_msgs/local_setup.zsh
[0.460s] -- Up-to-date symlink: /home/shreevanth-m/acare_demo_ws/src/acaresim_final/acaresim/install/acare_msgs/share/acare_msgs/local_setup.dsv
[0.460s] -- Symlinking: /home/shreevanth-m/acare_demo_ws/src/acaresim_final/acaresim/install/acare_msgs/share/acare_msgs/package.dsv
[0.469s] -- Up-to-date symlink: /home/shreevanth-m/acare_demo_ws/src/acaresim_final/acaresim/install/acare_msgs/share/ament_index/resource_index/packages/acare_msgs
[0.469s] -- Up-to-date symlink: /home/shreevanth-m/acare_demo_ws/src/acaresim_final/acaresim/install/acare_msgs/share/acare_msgs/cmake/rosidl_cmake-extras.cmake
[0.469s] -- Up-to-date symlink: /home/shreevanth-m/acare_demo_ws/src/acaresim_final/acaresim/install/acare_msgs/share/acare_msgs/cmake/ament_cmake_export_dependencies-extras.cmake
[0.469s] -- Up-to-date symlink: /home/shreevanth-m/acare_demo_ws/src/acaresim_final/acaresim/install/acare_msgs/share/acare_msgs/cmake/ament_cmake_export_include_directories-extras.cmake
[0.469s] -- Up-to-date symlink: /home/shreevanth-m/acare_demo_ws/src/acaresim_final/acaresim/install/acare_msgs/share/acare_msgs/cmake/ament_cmake_export_libraries-extras.cmake
[0.469s] -- Up-to-date symlink: /home/shreevanth-m/acare_demo_ws/src/acaresim_final/acaresim/install/acare_msgs/share/acare_msgs/cmake/ament_cmake_export_targets-extras.cmake
[0.469s] -- Up-to-date symlink: /home/shreevanth-m/acare_demo_ws/src/acaresim_final/acaresim/install/acare_msgs/share/acare_msgs/cmake/rosidl_cmake_export_typesupport_targets-extras.cmake
[0.470s] -- Up-to-date symlink: /home/shreevanth-m/acare_demo_ws/src/acaresim_final/acaresim/install/acare_msgs/share/acare_msgs/cmake/rosidl_cmake_export_typesupport_libraries-extras.cmake
[0.470s] -- Up-to-date symlink: /home/shreevanth-m/acare_demo_ws/src/acaresim_final/acaresim/install/acare_msgs/share/acare_msgs/cmake/acare_msgsConfig.cmake
[0.470s] -- Up-to-date symlink: /home/shreevanth-m/acare_demo_ws/src/acaresim_final/acaresim/install/acare_msgs/share/acare_msgs/cmake/acare_msgsConfig-version.cmake
[0.470s] -- Up-to-date symlink: /home/shreevanth-m/acare_demo_ws/src/acaresim_final/acaresim/install/acare_msgs/share/acare_msgs/package.xml
[0.470s] -- Up-to-date: /home/shreevanth-m/acare_demo_ws/src/acaresim_final/acaresim/install/acare_msgs/lib/libacare_msgs__rosidl_generator_c.so
[0.470s] -- Up-to-date: /home/shreevanth-m/acare_demo_ws/src/acaresim_final/acaresim/install/acare_msgs/lib/libacare_msgs__rosidl_typesupport_fastrtps_c.so
[0.470s] -- Up-to-date: /home/shreevanth-m/acare_demo_ws/src/acaresim_final/acaresim/install/acare_msgs/lib/libacare_msgs__rosidl_typesupport_introspection_c.so
[0.470s] -- Up-to-date: /home/shreevanth-m/acare_demo_ws/src/acaresim_final/acaresim/install/acare_msgs/lib/libacare_msgs__rosidl_typesupport_c.so
[0.470s] -- Up-to-date: /home/shreevanth-m/acare_demo_ws/src/acaresim_final/acaresim/install/acare_msgs/lib/libacare_msgs__rosidl_typesupport_fastrtps_cpp.so
[0.470s] -- Up-to-date: /home/shreevanth-m/acare_demo_ws/src/acaresim_final/acaresim/install/acare_msgs/lib/libacare_msgs__rosidl_typesupport_introspection_cpp.so
[0.470s] -- Up-to-date: /home/shreevanth-m/acare_demo_ws/src/acaresim_final/acaresim/install/acare_msgs/lib/libacare_msgs__rosidl_typesupport_cpp.so
[0.499s] Listing '/home/shreevanth-m/acare_demo_ws/src/acaresim_final/acaresim/install/acare_msgs/lib/python3.12/site-packages/acare_msgs'...
[0.499s] Listing '/home/shreevanth-m/acare_demo_ws/src/acaresim_final/acaresim/install/acare_msgs/lib/python3.12/site-packages/acare_msgs/msg'...
[0.499s] Listing '/home/shreevanth-m/acare_demo_ws/src/acaresim_final/acaresim/install/acare_msgs/lib/python3.12/site-packages/acare_msgs/srv'...
[0.504s] -- Up-to-date: /home/shreevanth-m/acare_demo_ws/src/acaresim_final/acaresim/install/acare_msgs/lib/libacare_msgs__rosidl_generator_py.so
[0.504s] -- Up-to-date: /home/shreevanth-m/acare_demo_ws/src/acaresim_final/acaresim/install/acare_msgs/share/acare_msgs/cmake/export_acare_msgs__rosidl_generator_cExport.cmake
[0.504s] -- Up-to-date: /home/shreevanth-m/acare_demo_ws/src/acaresim_final/acaresim/install/acare_msgs/share/acare_msgs/cmake/export_acare_msgs__rosidl_generator_cExport-noconfig.cmake
[0.504s] -- Up-to-date: /home/shreevanth-m/acare_demo_ws/src/acaresim_final/acaresim/install/acare_msgs/share/acare_msgs/cmake/export_acare_msgs__rosidl_typesupport_fastrtps_cExport.cmake
[0.504s] -- Up-to-date: /home/shreevanth-m/acare_demo_ws/src/acaresim_final/acaresim/install/acare_msgs/share/acare_msgs/cmake/export_acare_msgs__rosidl_typesupport_fastrtps_cExport-noconfig.cmake
[0.504s] -- Up-to-date: /home/shreevanth-m/acare_demo_ws/src/acaresim_final/acaresim/install/acare_msgs/share/acare_msgs/cmake/acare_msgs__rosidl_typesupport_introspection_cExport.cmake
[0.505s] -- Up-to-date: /home/shreevanth-m/acare_demo_ws/src/acaresim_final/acaresim/install/acare_msgs/share/acare_msgs/cmake/acare_msgs__rosidl_typesupport_introspection_cExport-noconfig.cmake
[0.505s] -- Up-to-date: /home/shreevanth-m/acare_demo_ws/src/acaresim_final/acaresim/install/acare_msgs/share/acare_msgs/cmake/acare_msgs__rosidl_typesupport_cExport.cmake
[0.505s] -- Up-to-date: /home/shreevanth-m/acare_demo_ws/src/acaresim_final/acaresim/install/acare_msgs/share/acare_msgs/cmake/acare_msgs__rosidl_typesupport_cExport-noconfig.cmake
[0.505s] -- Up-to-date: /home/shreevanth-m/acare_demo_ws/src/acaresim_final/acaresim/install/acare_msgs/share/acare_msgs/cmake/export_acare_msgs__rosidl_generator_cppExport.cmake
[0.505s] -- Up-to-date: /home/shreevanth-m/acare_demo_ws/src/acaresim_final/acaresim/install/acare_msgs/share/acare_msgs/cmake/export_acare_msgs__rosidl_typesupport_fastrtps_cppExport.cmake
[0.505s] -- Up-to-date: /home/shreevanth-m/acare_demo_ws/src/acaresim_final/acaresim/install/acare_msgs/share/acare_msgs/cmake/export_acare_msgs__rosidl_typesupport_fastrtps_cppExport-noconfig.cmake
[0.505s] -- Up-to-date: /home/shreevanth-m/acare_demo_ws/src/acaresim_final/acaresim/install/acare_msgs/share/acare_msgs/cmake/acare_msgs__rosidl_typesupport_introspection_cppExport.cmake
[0.505s] -- Up-to-date: /home/shreevanth-m/acare_demo_ws/src/acaresim_final/acaresim/install/acare_msgs/share/acare_msgs/cmake/acare_msgs__rosidl_typesupport_introspection_cppExport-noconfig.cmake
[0.505s] -- Up-to-date: /home/shreevanth-m/acare_demo_ws/src/acaresim_final/acaresim/install/acare_msgs/share/acare_msgs/cmake/acare_msgs__rosidl_typesupport_cppExport.cmake
[0.505s] -- Up-to-date: /home/shreevanth-m/acare_demo_ws/src/acaresim_final/acaresim/install/acare_msgs/share/acare_msgs/cmake/acare_msgs__rosidl_typesupport_cppExport-noconfig.cmake
[0.505s] -- Up-to-date: /home/shreevanth-m/acare_demo_ws/src/acaresim_final/acaresim/install/acare_msgs/share/acare_msgs/cmake/export_acare_msgs__rosidl_generator_pyExport.cmake
[0.505s] -- Up-to-date: /home/shreevanth-m/acare_demo_ws/src/acaresim_final/acaresim/install/acare_msgs/share/acare_msgs/cmake/export_acare_msgs__rosidl_generator_pyExport-noconfig.cmake
[0.506s] Invoked command in '/home/shreevanth-m/acare_demo_ws/src/acaresim_final/acaresim/build/acare_msgs' returned '0': CMAKE_PREFIX_PATH=/home/shreevanth-m/acare_demo_ws/install/moveit_config:/home/shreevanth-m/acare_demo_ws/install/acare_msgs:/home/shreevanth-m/acare_demo_ws/install/urdf_assembly_6dof_description:/home/shreevanth-m/ros2_ws/install/urdf_assembly_6dof_description:/home/shreevanth-m/ros2_ws/install/holo_description:/home/shreevanth-m/ros2_ws/install/acare_pick_place:/home/shreevanth-m/camera_ws/install/camera_robot_description:/opt/ros/jazzy:/home/shreevanth-m/ros2_ws/install/urdf_assembly_6dof_moveit_config:/home/shreevanth-m/ros2_ws/install/irb120_ros2_moveit2:/home/shreevanth-m/ros2_ws/install/irb120_ros2_gazebo:/home/shreevanth-m/ros2_ws/install/acare_msgs:/home/shreevanth-m/ros2_ws/install/acare_moveit_config:/home/shreevanth-m/camera_ws/install/articubot_one:/opt/ros/jazzy/opt/gz_sim_vendor:/opt/ros/jazzy/opt/gz_sensors_vendor:/opt/ros/jazzy/opt/gz_physics_vendor:/opt/ros/jazzy/opt/sdformat_vendor:/opt/ros/jazzy/opt/gz_gui_vendor:/opt/ros/jazzy/opt/gz_transport_vendor:/opt/ros/jazzy/opt/gz_rendering_vendor:/opt/ros/jazzy/opt/gz_plugin_vendor:/opt/ros/jazzy/opt/gz_fuel_tools_vendor:/opt/ros/jazzy/opt/gz_msgs_vendor:/opt/ros/jazzy/opt/gz_common_vendor:/opt/ros/jazzy/opt/gz_math_vendor:/opt/ros/jazzy/opt/gz_utils_vendor:/opt/ros/jazzy/opt/gz_tools_vendor:/opt/ros/jazzy/opt/gz_ogre_next_vendor:/opt/ros/jazzy/opt/gz_dartsim_vendor:/opt/ros/jazzy/opt/gz_cmake_vendor DEBUGINFOD_URLS=https://debuginfod.ubuntu.com /usr/bin/cmake --install /home/shreevanth-m/acare_demo_ws/src/acaresim_final/acaresim/build/acare_msgs
