running develop
running egg_info
creating acare_vision.egg-info
writing acare_vision.egg-info/PKG-INFO
writing dependency_links to acare_vision.egg-info/dependency_links.txt
writing entry points to acare_vision.egg-info/entry_points.txt
writing requirements to acare_vision.egg-info/requires.txt
writing top-level names to acare_vision.egg-info/top_level.txt
writing manifest file 'acare_vision.egg-info/SOURCES.txt'
reading manifest file 'acare_vision.egg-info/SOURCES.txt'
writing manifest file 'acare_vision.egg-info/SOURCES.txt'
running build_ext
Creating /home/shreevanth-m/acare_demo_ws/src/acaresim_final/acaresim/install/acare_vision/lib/python3.12/site-packages/acare-vision.egg-link (link to .)
Installing vision_node script to /home/shreevanth-m/acare_demo_ws/src/acaresim_final/acaresim/install/acare_vision/bin

Installed /home/shreevanth-m/acare_demo_ws/src/acaresim_final/acaresim/build/acare_vision
running symlink_data
creating /home/shreevanth-m/acare_demo_ws/src/acaresim_final/acaresim/install/acare_vision/share/ament_index
creating /home/shreevanth-m/acare_demo_ws/src/acaresim_final/acaresim/install/acare_vision/share/ament_index/resource_index
creating /home/shreevanth-m/acare_demo_ws/src/acaresim_final/acaresim/install/acare_vision/share/ament_index/resource_index/packages
symbolically linking /home/shreevanth-m/acare_demo_ws/src/acaresim_final/acaresim/build/acare_vision/resource/acare_vision -> /home/shreevanth-m/acare_demo_ws/src/acaresim_final/acaresim/install/acare_vision/share/ament_index/resource_index/packages
symbolically linking /home/shreevanth-m/acare_demo_ws/src/acaresim_final/acaresim/build/acare_vision/package.xml -> /home/shreevanth-m/acare_demo_ws/src/acaresim_final/acaresim/install/acare_vision/share/acare_vision
