[2.033s] Invoking command in '/home/shreevanth-m/acare_demo_ws/src/acaresim_final/acaresim/build/acare_vision': AMENT_PREFIX_PATH=/home/shreevanth-m/acare_demo_ws/src/acaresim_final/acaresim/install/acare_msgs:${AMENT_PREFIX_PATH} CMAKE_PREFIX_PATH=/home/shreevanth-m/acare_demo_ws/src/acaresim_final/acaresim/install/acare_msgs:${CMAKE_PREFIX_PATH} DEBUGINFOD_URLS=https://debuginfod.ubuntu.com LD_LIBRARY_PATH=/home/shreevanth-m/acare_demo_ws/src/acaresim_final/acaresim/install/acare_msgs/lib:${LD_LIBRARY_PATH} PYTHONPATH=/home/shreevanth-m/acare_demo_ws/src/acaresim_final/acaresim/build/acare_vision/prefix_override:/usr/lib/python3/dist-packages/colcon_core/task/python/colcon_distutils_commands:/home/shreevanth-m/acare_demo_ws/src/acaresim_final/acaresim/install/acare_vision/lib/python3.12/site-packages:/home/shreevanth-m/acare_demo_ws/src/acaresim_final/acaresim/install/acare_msgs/lib/python3.12/site-packages:${PYTHONPATH} /usr/bin/python3 -W ignore:setup.py install is deprecated -W ignore:easy_install command is deprecated setup.py develop --editable --build-directory /home/shreevanth-m/acare_demo_ws/src/acaresim_final/acaresim/build/acare_vision/build --no-deps symlink_data
[2.538s] running develop
[2.887s] /usr/lib/python3/dist-packages/setuptools/command/easy_install.py:363: UserWarning: Unbuilt egg for pytest-repeat [unknown version] (/usr/lib/python3/dist-packages)
[2.887s]   self.local_index = Environment(self.shadow_path + sys.path)
[2.949s] running egg_info
[2.949s] creating acare_vision.egg-info
[2.971s] writing acare_vision.egg-info/PKG-INFO
[2.971s] writing dependency_links to acare_vision.egg-info/dependency_links.txt
[2.972s] writing entry points to acare_vision.egg-info/entry_points.txt
[2.972s] writing requirements to acare_vision.egg-info/requires.txt
[2.972s] writing top-level names to acare_vision.egg-info/top_level.txt
[2.972s] writing manifest file 'acare_vision.egg-info/SOURCES.txt'
[2.994s] reading manifest file 'acare_vision.egg-info/SOURCES.txt'
[2.995s] writing manifest file 'acare_vision.egg-info/SOURCES.txt'
[3.020s] running build_ext
[3.043s] Creating /home/shreevanth-m/acare_demo_ws/src/acaresim_final/acaresim/install/acare_vision/lib/python3.12/site-packages/acare-vision.egg-link (link to .)
[3.043s] Installing vision_node script to /home/shreevanth-m/acare_demo_ws/src/acaresim_final/acaresim/install/acare_vision/bin
[3.044s] 
[3.044s] Installed /home/shreevanth-m/acare_demo_ws/src/acaresim_final/acaresim/build/acare_vision
[3.044s] running symlink_data
[3.044s] creating /home/shreevanth-m/acare_demo_ws/src/acaresim_final/acaresim/install/acare_vision/share/ament_index
[3.044s] creating /home/shreevanth-m/acare_demo_ws/src/acaresim_final/acaresim/install/acare_vision/share/ament_index/resource_index
[3.045s] creating /home/shreevanth-m/acare_demo_ws/src/acaresim_final/acaresim/install/acare_vision/share/ament_index/resource_index/packages
[3.045s] symbolically linking /home/shreevanth-m/acare_demo_ws/src/acaresim_final/acaresim/build/acare_vision/resource/acare_vision -> /home/shreevanth-m/acare_demo_ws/src/acaresim_final/acaresim/install/acare_vision/share/ament_index/resource_index/packages
[3.045s] symbolically linking /home/shreevanth-m/acare_demo_ws/src/acaresim_final/acaresim/build/acare_vision/package.xml -> /home/shreevanth-m/acare_demo_ws/src/acaresim_final/acaresim/install/acare_vision/share/acare_vision
[3.079s] Invoked command in '/home/shreevanth-m/acare_demo_ws/src/acaresim_final/acaresim/build/acare_vision' returned '0': AMENT_PREFIX_PATH=/home/shreevanth-m/acare_demo_ws/src/acaresim_final/acaresim/install/acare_msgs:${AMENT_PREFIX_PATH} CMAKE_PREFIX_PATH=/home/shreevanth-m/acare_demo_ws/src/acaresim_final/acaresim/install/acare_msgs:${CMAKE_PREFIX_PATH} DEBUGINFOD_URLS=https://debuginfod.ubuntu.com LD_LIBRARY_PATH=/home/shreevanth-m/acare_demo_ws/src/acaresim_final/acaresim/install/acare_msgs/lib:${LD_LIBRARY_PATH} PYTHONPATH=/home/shreevanth-m/acare_demo_ws/src/acaresim_final/acaresim/build/acare_vision/prefix_override:/usr/lib/python3/dist-packages/colcon_core/task/python/colcon_distutils_commands:/home/shreevanth-m/acare_demo_ws/src/acaresim_final/acaresim/install/acare_vision/lib/python3.12/site-packages:/home/shreevanth-m/acare_demo_ws/src/acaresim_final/acaresim/install/acare_msgs/lib/python3.12/site-packages:${PYTHONPATH} /usr/bin/python3 -W ignore:setup.py install is deprecated -W ignore:easy_install command is deprecated setup.py develop --editable --build-directory /home/shreevanth-m/acare_demo_ws/src/acaresim_final/acaresim/build/acare_vision/build --no-deps symlink_data
