/usr/lib/python3/dist-packages/setuptools/dist.py:744: SetuptoolsDeprecationWarning: Invalid dash-separated options
!!

        ********************************************************************************
        Usage of dash-separated 'script-dir' will not be supported in future
        versions. Please use the underscore name 'script_dir' instead.

        This deprecation is overdue, please update your project and remove deprecated
        calls to avoid build errors in the future.

        See https://setuptools.pypa.io/en/latest/userguide/declarative_config.html for details.
        ********************************************************************************

!!
  opt = self.warn_dash_deprecation(opt, section)
running develop
/usr/lib/python3/dist-packages/setuptools/command/easy_install.py:363: UserWarning: Unbuilt egg for pytest-repeat [unknown version] (/usr/lib/python3/dist-packages)
  self.local_index = Environment(self.shadow_path + sys.path)
running egg_info
creating urdf_assembly_6dof_description.egg-info
writing urdf_assembly_6dof_description.egg-info/PKG-INFO
writing dependency_links to urdf_assembly_6dof_description.egg-info/dependency_links.txt
writing requirements to urdf_assembly_6dof_description.egg-info/requires.txt
writing top-level names to urdf_assembly_6dof_description.egg-info/top_level.txt
writing manifest file 'urdf_assembly_6dof_description.egg-info/SOURCES.txt'
reading manifest file 'urdf_assembly_6dof_description.egg-info/SOURCES.txt'
writing manifest file 'urdf_assembly_6dof_description.egg-info/SOURCES.txt'
running build_ext
Creating /home/shreevanth-m/acare_demo_ws/src/acaresim_final/acaresim/install/urdf_assembly_6dof_description/lib/python3.12/site-packages/urdf-assembly-6dof-description.egg-link (link to .)

Installed /home/shreevanth-m/acare_demo_ws/src/acaresim_final/acaresim/build/urdf_assembly_6dof_description
running symlink_data
creating /home/shreevanth-m/acare_demo_ws/src/acaresim_final/acaresim/install/urdf_assembly_6dof_description/share/ament_index
creating /home/shreevanth-m/acare_demo_ws/src/acaresim_final/acaresim/install/urdf_assembly_6dof_description/share/ament_index/resource_index
creating /home/shreevanth-m/acare_demo_ws/src/acaresim_final/acaresim/install/urdf_assembly_6dof_description/share/ament_index/resource_index/packages
symbolically linking /home/shreevanth-m/acare_demo_ws/src/acaresim_final/acaresim/build/urdf_assembly_6dof_description/resource/urdf_assembly_6dof_description -> /home/shreevanth-m/acare_demo_ws/src/acaresim_final/acaresim/install/urdf_assembly_6dof_description/share/ament_index/resource_index/packages
symbolically linking /home/shreevanth-m/acare_demo_ws/src/acaresim_final/acaresim/build/urdf_assembly_6dof_description/package.xml -> /home/shreevanth-m/acare_demo_ws/src/acaresim_final/acaresim/install/urdf_assembly_6dof_description/share/urdf_assembly_6dof_description
creating /home/shreevanth-m/acare_demo_ws/src/acaresim_final/acaresim/install/urdf_assembly_6dof_description/share/urdf_assembly_6dof_description/launch
symbolically linking /home/shreevanth-m/acare_demo_ws/src/acaresim_final/acaresim/build/urdf_assembly_6dof_description/launch/moveit_gazebo.launch.py -> /home/shreevanth-m/acare_demo_ws/src/acaresim_final/acaresim/install/urdf_assembly_6dof_description/share/urdf_assembly_6dof_description/launch
symbolically linking /home/shreevanth-m/acare_demo_ws/src/acaresim_final/acaresim/build/urdf_assembly_6dof_description/launch/gazebo.launch.py -> /home/shreevanth-m/acare_demo_ws/src/acaresim_final/acaresim/install/urdf_assembly_6dof_description/share/urdf_assembly_6dof_description/launch
symbolically linking /home/shreevanth-m/acare_demo_ws/src/acaresim_final/acaresim/build/urdf_assembly_6dof_description/launch/display.launch.py -> /home/shreevanth-m/acare_demo_ws/src/acaresim_final/acaresim/install/urdf_assembly_6dof_description/share/urdf_assembly_6dof_description/launch
creating /home/shreevanth-m/acare_demo_ws/src/acaresim_final/acaresim/install/urdf_assembly_6dof_description/share/urdf_assembly_6dof_description/urdf
symbolically linking /home/shreevanth-m/acare_demo_ws/src/acaresim_final/acaresim/build/urdf_assembly_6dof_description/urdf/materials.xacro -> /home/shreevanth-m/acare_demo_ws/src/acaresim_final/acaresim/install/urdf_assembly_6dof_description/share/urdf_assembly_6dof_description/urdf
symbolically linking /home/shreevanth-m/acare_demo_ws/src/acaresim_final/acaresim/build/urdf_assembly_6dof_description/urdf/urdf_assembly_6dof.trans.disabled -> /home/shreevanth-m/acare_demo_ws/src/acaresim_final/acaresim/install/urdf_assembly_6dof_description/share/urdf_assembly_6dof_description/urdf
symbolically linking /home/shreevanth-m/acare_demo_ws/src/acaresim_final/acaresim/build/urdf_assembly_6dof_description/urdf/urdf_assembly_6dof_backup.xacro -> /home/shreevanth-m/acare_demo_ws/src/acaresim_final/acaresim/install/urdf_assembly_6dof_description/share/urdf_assembly_6dof_description/urdf
symbolically linking /home/shreevanth-m/acare_demo_ws/src/acaresim_final/acaresim/build/urdf_assembly_6dof_description/urdf/urdf_assembly_6dof.xacro -> /home/shreevanth-m/acare_demo_ws/src/acaresim_final/acaresim/install/urdf_assembly_6dof_description/share/urdf_assembly_6dof_description/urdf
symbolically linking /home/shreevanth-m/acare_demo_ws/src/acaresim_final/acaresim/build/urdf_assembly_6dof_description/urdf/urdf_assembly_6dof.gazebo.disabled -> /home/shreevanth-m/acare_demo_ws/src/acaresim_final/acaresim/install/urdf_assembly_6dof_description/share/urdf_assembly_6dof_description/urdf
creating /home/shreevanth-m/acare_demo_ws/src/acaresim_final/acaresim/install/urdf_assembly_6dof_description/share/urdf_assembly_6dof_description/meshes
symbolically linking /home/shreevanth-m/acare_demo_ws/src/acaresim_final/acaresim/build/urdf_assembly_6dof_description/meshes/cycloid_drive_20_1_1.37 v16.stl -> /home/shreevanth-m/acare_demo_ws/src/acaresim_final/acaresim/install/urdf_assembly_6dof_description/share/urdf_assembly_6dof_description/meshes
symbolically linking /home/shreevanth-m/acare_demo_ws/src/acaresim_final/acaresim/build/urdf_assembly_6dof_description/meshes/cam_1.stl -> /home/shreevanth-m/acare_demo_ws/src/acaresim_final/acaresim/install/urdf_assembly_6dof_description/share/urdf_assembly_6dof_description/meshes
symbolically linking /home/shreevanth-m/acare_demo_ws/src/acaresim_final/acaresim/build/urdf_assembly_6dof_description/meshes/gripper_top_cover v1.stl -> /home/shreevanth-m/acare_demo_ws/src/acaresim_final/acaresim/install/urdf_assembly_6dof_description/share/urdf_assembly_6dof_description/meshes
symbolically linking /home/shreevanth-m/acare_demo_ws/src/acaresim_final/acaresim/build/urdf_assembly_6dof_description/meshes/base_box_4_v1_1 (3).stl -> /home/shreevanth-m/acare_demo_ws/src/acaresim_final/acaresim/install/urdf_assembly_6dof_description/share/urdf_assembly_6dof_description/meshes
symbolically linking /home/shreevanth-m/acare_demo_ws/src/acaresim_final/acaresim/build/urdf_assembly_6dof_description/meshes/eccentric_15_1_4_v1_1 (3).stl -> /home/shreevanth-m/acare_demo_ws/src/acaresim_final/acaresim/install/urdf_assembly_6dof_description/share/urdf_assembly_6dof_description/meshes
symbolically linking /home/shreevanth-m/acare_demo_ws/src/acaresim_final/acaresim/build/urdf_assembly_6dof_description/meshes/gripper_holder_v1_1.stl -> /home/shreevanth-m/acare_demo_ws/src/acaresim_final/acaresim/install/urdf_assembly_6dof_description/share/urdf_assembly_6dof_description/meshes
symbolically linking /home/shreevanth-m/acare_demo_ws/src/acaresim_final/acaresim/build/urdf_assembly_6dof_description/meshes/wrist_1_2_link v1.stl -> /home/shreevanth-m/acare_demo_ws/src/acaresim_final/acaresim/install/urdf_assembly_6dof_description/share/urdf_assembly_6dof_description/meshes
symbolically linking /home/shreevanth-m/acare_demo_ws/src/acaresim_final/acaresim/build/urdf_assembly_6dof_description/meshes/MG995_v1_1.stl -> /home/shreevanth-m/acare_demo_ws/src/acaresim_final/acaresim/install/urdf_assembly_6dof_description/share/urdf_assembly_6dof_description/meshes
symbolically linking /home/shreevanth-m/acare_demo_ws/src/acaresim_final/acaresim/build/urdf_assembly_6dof_description/meshes/Component9.stl -> /home/shreevanth-m/acare_demo_ws/src/acaresim_final/acaresim/install/urdf_assembly_6dof_description/share/urdf_assembly_6dof_description/meshes
symbolically linking /home/shreevanth-m/acare_demo_ws/src/acaresim_final/acaresim/build/urdf_assembly_6dof_description/meshes/base_box_3 v1.stl -> /home/shreevanth-m/acare_demo_ws/src/acaresim_final/acaresim/install/urdf_assembly_6dof_description/share/urdf_assembly_6dof_description/meshes
symbolically linking /home/shreevanth-m/acare_demo_ws/src/acaresim_final/acaresim/build/urdf_assembly_6dof_description/meshes/disc_2.stl -> /home/shreevanth-m/acare_demo_ws/src/acaresim_final/acaresim/install/urdf_assembly_6dof_description/share/urdf_assembly_6dof_description/meshes
symbolically linking /home/shreevanth-m/acare_demo_ws/src/acaresim_final/acaresim/build/urdf_assembly_6dof_description/meshes/tube_holder_shoulder_elbow_v1_2 (2).stl -> /home/shreevanth-m/acare_demo_ws/src/acaresim_final/acaresim/install/urdf_assembly_6dof_description/share/urdf_assembly_6dof_description/meshes
symbolically linking /home/shreevanth-m/acare_demo_ws/src/acaresim_final/acaresim/build/urdf_assembly_6dof_description/meshes/roller_cover.stl -> /home/shreevanth-m/acare_demo_ws/src/acaresim_final/acaresim/install/urdf_assembly_6dof_description/share/urdf_assembly_6dof_description/meshes
symbolically linking /home/shreevanth-m/acare_demo_ws/src/acaresim_final/acaresim/build/urdf_assembly_6dof_description/meshes/gripper_limb_2_finger v1.stl -> /home/shreevanth-m/acare_demo_ws/src/acaresim_final/acaresim/install/urdf_assembly_6dof_description/share/urdf_assembly_6dof_description/meshes
symbolically linking /home/shreevanth-m/acare_demo_ws/src/acaresim_final/acaresim/build/urdf_assembly_6dof_description/meshes/bearing_50_63.5_6.35 v1.stl -> /home/shreevanth-m/acare_demo_ws/src/acaresim_final/acaresim/install/urdf_assembly_6dof_description/share/urdf_assembly_6dof_description/meshes
symbolically linking /home/shreevanth-m/acare_demo_ws/src/acaresim_final/acaresim/build/urdf_assembly_6dof_description/meshes/wrist_1_link_v1_1 (2).stl -> /home/shreevanth-m/acare_demo_ws/src/acaresim_final/acaresim/install/urdf_assembly_6dof_description/share/urdf_assembly_6dof_description/meshes
symbolically linking /home/shreevanth-m/acare_demo_ws/src/acaresim_final/acaresim/build/urdf_assembly_6dof_description/meshes/gripper_holder v1.stl -> /home/shreevanth-m/acare_demo_ws/src/acaresim_final/acaresim/install/urdf_assembly_6dof_description/share/urdf_assembly_6dof_description/meshes
symbolically linking /home/shreevanth-m/acare_demo_ws/src/acaresim_final/acaresim/build/urdf_assembly_6dof_description/meshes/Spur_Gear__30_teeth__v1_1.stl -> /home/shreevanth-m/acare_demo_ws/src/acaresim_final/acaresim/install/urdf_assembly_6dof_description/share/urdf_assembly_6dof_description/meshes
symbolically linking /home/shreevanth-m/acare_demo_ws/src/acaresim_final/acaresim/build/urdf_assembly_6dof_description/meshes/gripper_limb_2_finger_v1_2.stl -> /home/shreevanth-m/acare_demo_ws/src/acaresim_final/acaresim/install/urdf_assembly_6dof_description/share/urdf_assembly_6dof_description/meshes
symbolically linking /home/shreevanth-m/acare_demo_ws/src/acaresim_final/acaresim/build/urdf_assembly_6dof_description/meshes/sheet_base_2_v1_1.stl -> /home/shreevanth-m/acare_demo_ws/src/acaresim_final/acaresim/install/urdf_assembly_6dof_description/share/urdf_assembly_6dof_description/meshes
symbolically linking /home/shreevanth-m/acare_demo_ws/src/acaresim_final/acaresim/build/urdf_assembly_6dof_description/meshes/disc_1.stl -> /home/shreevanth-m/acare_demo_ws/src/acaresim_final/acaresim/install/urdf_assembly_6dof_description/share/urdf_assembly_6dof_description/meshes
symbolically linking /home/shreevanth-m/acare_demo_ws/src/acaresim_final/acaresim/build/urdf_assembly_6dof_description/meshes/MG995_v1_1 (2).stl -> /home/shreevanth-m/acare_demo_ws/src/acaresim_final/acaresim/install/urdf_assembly_6dof_description/share/urdf_assembly_6dof_description/meshes
symbolically linking /home/shreevanth-m/acare_demo_ws/src/acaresim_final/acaresim/build/urdf_assembly_6dof_description/meshes/shoulder_link v1.stl -> /home/shreevanth-m/acare_demo_ws/src/acaresim_final/acaresim/install/urdf_assembly_6dof_description/share/urdf_assembly_6dof_description/meshes
symbolically linking /home/shreevanth-m/acare_demo_ws/src/acaresim_final/acaresim/build/urdf_assembly_6dof_description/meshes/wrist_1_2_link_v1_1.stl -> /home/shreevanth-m/acare_demo_ws/src/acaresim_final/acaresim/install/urdf_assembly_6dof_description/share/urdf_assembly_6dof_description/meshes
symbolically linking /home/shreevanth-m/acare_demo_ws/src/acaresim_final/acaresim/build/urdf_assembly_6dof_description/meshes/sheet_base_v1_1.stl -> /home/shreevanth-m/acare_demo_ws/src/acaresim_final/acaresim/install/urdf_assembly_6dof_description/share/urdf_assembly_6dof_description/meshes
symbolically linking /home/shreevanth-m/acare_demo_ws/src/acaresim_final/acaresim/build/urdf_assembly_6dof_description/meshes/shoulder_elbow_holder_v1_1 (2).stl -> /home/shreevanth-m/acare_demo_ws/src/acaresim_final/acaresim/install/urdf_assembly_6dof_description/share/urdf_assembly_6dof_description/meshes
symbolically linking /home/shreevanth-m/acare_demo_ws/src/acaresim_final/acaresim/build/urdf_assembly_6dof_description/meshes/gripper_limb_1_finger v1.stl -> /home/shreevanth-m/acare_demo_ws/src/acaresim_final/acaresim/install/urdf_assembly_6dof_description/share/urdf_assembly_6dof_description/meshes
symbolically linking /home/shreevanth-m/acare_demo_ws/src/acaresim_final/acaresim/build/urdf_assembly_6dof_description/meshes/cam_2.stl -> /home/shreevanth-m/acare_demo_ws/src/acaresim_final/acaresim/install/urdf_assembly_6dof_description/share/urdf_assembly_6dof_description/meshes
symbolically linking /home/shreevanth-m/acare_demo_ws/src/acaresim_final/acaresim/build/urdf_assembly_6dof_description/meshes/sheet_base v1.stl -> /home/shreevanth-m/acare_demo_ws/src/acaresim_final/acaresim/install/urdf_assembly_6dof_description/share/urdf_assembly_6dof_description/meshes
symbolically linking /home/shreevanth-m/acare_demo_ws/src/acaresim_final/acaresim/build/urdf_assembly_6dof_description/meshes/6804ZZ Outer ring.stl -> /home/shreevanth-m/acare_demo_ws/src/acaresim_final/acaresim/install/urdf_assembly_6dof_description/share/urdf_assembly_6dof_description/meshes
symbolically linking /home/shreevanth-m/acare_demo_ws/src/acaresim_final/acaresim/build/urdf_assembly_6dof_description/meshes/6804ZZ Ball.stl -> /home/shreevanth-m/acare_demo_ws/src/acaresim_final/acaresim/install/urdf_assembly_6dof_description/share/urdf_assembly_6dof_description/meshes
symbolically linking /home/shreevanth-m/acare_demo_ws/src/acaresim_final/acaresim/build/urdf_assembly_6dof_description/meshes/gripper_bottom_cover v1.stl -> /home/shreevanth-m/acare_demo_ws/src/acaresim_final/acaresim/install/urdf_assembly_6dof_description/share/urdf_assembly_6dof_description/meshes
symbolically linking /home/shreevanth-m/acare_demo_ws/src/acaresim_final/acaresim/build/urdf_assembly_6dof_description/meshes/tube_aluminium_400mm_v1_1 (2).stl -> /home/shreevanth-m/acare_demo_ws/src/acaresim_final/acaresim/install/urdf_assembly_6dof_description/share/urdf_assembly_6dof_description/meshes
symbolically linking /home/shreevanth-m/acare_demo_ws/src/acaresim_final/acaresim/build/urdf_assembly_6dof_description/meshes/gripper_limb_2_finger_v1_2 (1).stl -> /home/shreevanth-m/acare_demo_ws/src/acaresim_final/acaresim/install/urdf_assembly_6dof_description/share/urdf_assembly_6dof_description/meshes
symbolically linking /home/shreevanth-m/acare_demo_ws/src/acaresim_final/acaresim/build/urdf_assembly_6dof_description/meshes/elbow_link_v1_1.stl -> /home/shreevanth-m/acare_demo_ws/src/acaresim_final/acaresim/install/urdf_assembly_6dof_description/share/urdf_assembly_6dof_description/meshes
symbolically linking /home/shreevanth-m/acare_demo_ws/src/acaresim_final/acaresim/build/urdf_assembly_6dof_description/meshes/cam_2_original v1.stl -> /home/shreevanth-m/acare_demo_ws/src/acaresim_final/acaresim/install/urdf_assembly_6dof_description/share/urdf_assembly_6dof_description/meshes
symbolically linking /home/shreevanth-m/acare_demo_ws/src/acaresim_final/acaresim/build/urdf_assembly_6dof_description/meshes/elbow_link v1.stl -> /home/shreevanth-m/acare_demo_ws/src/acaresim_final/acaresim/install/urdf_assembly_6dof_description/share/urdf_assembly_6dof_description/meshes
symbolically linking /home/shreevanth-m/acare_demo_ws/src/acaresim_final/acaresim/build/urdf_assembly_6dof_description/meshes/MG995 v1.stl -> /home/shreevanth-m/acare_demo_ws/src/acaresim_final/acaresim/install/urdf_assembly_6dof_description/share/urdf_assembly_6dof_description/meshes
symbolically linking /home/shreevanth-m/acare_demo_ws/src/acaresim_final/acaresim/build/urdf_assembly_6dof_description/meshes/base_link (3).stl -> /home/shreevanth-m/acare_demo_ws/src/acaresim_final/acaresim/install/urdf_assembly_6dof_description/share/urdf_assembly_6dof_description/meshes
symbolically linking /home/shreevanth-m/acare_demo_ws/src/acaresim_final/acaresim/build/urdf_assembly_6dof_description/meshes/roller_cover_original v1.stl -> /home/shreevanth-m/acare_demo_ws/src/acaresim_final/acaresim/install/urdf_assembly_6dof_description/share/urdf_assembly_6dof_description/meshes
symbolically linking /home/shreevanth-m/acare_demo_ws/src/acaresim_final/acaresim/build/urdf_assembly_6dof_description/meshes/tube_holder_shoulder_elbow_v1_1 (2).stl -> /home/shreevanth-m/acare_demo_ws/src/acaresim_final/acaresim/install/urdf_assembly_6dof_description/share/urdf_assembly_6dof_description/meshes
symbolically linking /home/shreevanth-m/acare_demo_ws/src/acaresim_final/acaresim/build/urdf_assembly_6dof_description/meshes/gripper_limb_1_v1_2 (2).stl -> /home/shreevanth-m/acare_demo_ws/src/acaresim_final/acaresim/install/urdf_assembly_6dof_description/share/urdf_assembly_6dof_description/meshes
symbolically linking /home/shreevanth-m/acare_demo_ws/src/acaresim_final/acaresim/build/urdf_assembly_6dof_description/meshes/eccentric_15_1_3 v1.stl -> /home/shreevanth-m/acare_demo_ws/src/acaresim_final/acaresim/install/urdf_assembly_6dof_description/share/urdf_assembly_6dof_description/meshes
symbolically linking /home/shreevanth-m/acare_demo_ws/src/acaresim_final/acaresim/build/urdf_assembly_6dof_description/meshes/eccentric_15_1_3_v1_1 (3).stl -> /home/shreevanth-m/acare_demo_ws/src/acaresim_final/acaresim/install/urdf_assembly_6dof_description/share/urdf_assembly_6dof_description/meshes
symbolically linking /home/shreevanth-m/acare_demo_ws/src/acaresim_final/acaresim/build/urdf_assembly_6dof_description/meshes/eccentric_15_1_2 v1.stl -> /home/shreevanth-m/acare_demo_ws/src/acaresim_final/acaresim/install/urdf_assembly_6dof_description/share/urdf_assembly_6dof_description/meshes
symbolically linking /home/shreevanth-m/acare_demo_ws/src/acaresim_final/acaresim/build/urdf_assembly_6dof_description/meshes/shoulder_link_v1_1.stl -> /home/shreevanth-m/acare_demo_ws/src/acaresim_final/acaresim/install/urdf_assembly_6dof_description/share/urdf_assembly_6dof_description/meshes
symbolically linking /home/shreevanth-m/acare_demo_ws/src/acaresim_final/acaresim/build/urdf_assembly_6dof_description/meshes/tube_holder_shoulder_elbow v1.stl -> /home/shreevanth-m/acare_demo_ws/src/acaresim_final/acaresim/install/urdf_assembly_6dof_description/share/urdf_assembly_6dof_description/meshes
symbolically linking /home/shreevanth-m/acare_demo_ws/src/acaresim_final/acaresim/build/urdf_assembly_6dof_description/meshes/eccentric_15_1_2_v1_1 (3).stl -> /home/shreevanth-m/acare_demo_ws/src/acaresim_final/acaresim/install/urdf_assembly_6dof_description/share/urdf_assembly_6dof_description/meshes
symbolically linking /home/shreevanth-m/acare_demo_ws/src/acaresim_final/acaresim/build/urdf_assembly_6dof_description/meshes/wrist_3_link_v1_1 (2).stl -> /home/shreevanth-m/acare_demo_ws/src/acaresim_final/acaresim/install/urdf_assembly_6dof_description/share/urdf_assembly_6dof_description/meshes
symbolically linking /home/shreevanth-m/acare_demo_ws/src/acaresim_final/acaresim/build/urdf_assembly_6dof_description/meshes/Component1.stl -> /home/shreevanth-m/acare_demo_ws/src/acaresim_final/acaresim/install/urdf_assembly_6dof_description/share/urdf_assembly_6dof_description/meshes
symbolically linking /home/shreevanth-m/acare_demo_ws/src/acaresim_final/acaresim/build/urdf_assembly_6dof_description/meshes/tube_aluminium_400mm_v1_2 (2).stl -> /home/shreevanth-m/acare_demo_ws/src/acaresim_final/acaresim/install/urdf_assembly_6dof_description/share/urdf_assembly_6dof_description/meshes
symbolically linking /home/shreevanth-m/acare_demo_ws/src/acaresim_final/acaresim/build/urdf_assembly_6dof_description/meshes/tube_aluminium_400mm_v1_2.stl -> /home/shreevanth-m/acare_demo_ws/src/acaresim_final/acaresim/install/urdf_assembly_6dof_description/share/urdf_assembly_6dof_description/meshes
symbolically linking /home/shreevanth-m/acare_demo_ws/src/acaresim_final/acaresim/build/urdf_assembly_6dof_description/meshes/wrist_2_3_cover v1.stl -> /home/shreevanth-m/acare_demo_ws/src/acaresim_final/acaresim/install/urdf_assembly_6dof_description/share/urdf_assembly_6dof_description/meshes
symbolically linking /home/shreevanth-m/acare_demo_ws/src/acaresim_final/acaresim/build/urdf_assembly_6dof_description/meshes/roller_top v1.stl -> /home/shreevanth-m/acare_demo_ws/src/acaresim_final/acaresim/install/urdf_assembly_6dof_description/share/urdf_assembly_6dof_description/meshes
symbolically linking /home/shreevanth-m/acare_demo_ws/src/acaresim_final/acaresim/build/urdf_assembly_6dof_description/meshes/6804ZZ Shield2.stl -> /home/shreevanth-m/acare_demo_ws/src/acaresim_final/acaresim/install/urdf_assembly_6dof_description/share/urdf_assembly_6dof_description/meshes
symbolically linking /home/shreevanth-m/acare_demo_ws/src/acaresim_final/acaresim/build/urdf_assembly_6dof_description/meshes/Component3.stl -> /home/shreevanth-m/acare_demo_ws/src/acaresim_final/acaresim/install/urdf_assembly_6dof_description/share/urdf_assembly_6dof_description/meshes
symbolically linking /home/shreevanth-m/acare_demo_ws/src/acaresim_final/acaresim/build/urdf_assembly_6dof_description/meshes/gripper_top_cover_v1_1 (2).stl -> /home/shreevanth-m/acare_demo_ws/src/acaresim_final/acaresim/install/urdf_assembly_6dof_description/share/urdf_assembly_6dof_description/meshes
symbolically linking /home/shreevanth-m/acare_demo_ws/src/acaresim_final/acaresim/build/urdf_assembly_6dof_description/meshes/tube_aluminium_400mm v1.stl -> /home/shreevanth-m/acare_demo_ws/src/acaresim_final/acaresim/install/urdf_assembly_6dof_description/share/urdf_assembly_6dof_description/meshes
symbolically linking /home/shreevanth-m/acare_demo_ws/src/acaresim_final/acaresim/build/urdf_assembly_6dof_description/meshes/eccentric_15_1_1_v1_1.stl -> /home/shreevanth-m/acare_demo_ws/src/acaresim_final/acaresim/install/urdf_assembly_6dof_description/share/urdf_assembly_6dof_description/meshes
symbolically linking /home/shreevanth-m/acare_demo_ws/src/acaresim_final/acaresim/build/urdf_assembly_6dof_description/meshes/sheet_base_v1_1 (3).stl -> /home/shreevanth-m/acare_demo_ws/src/acaresim_final/acaresim/install/urdf_assembly_6dof_description/share/urdf_assembly_6dof_description/meshes
symbolically linking /home/shreevanth-m/acare_demo_ws/src/acaresim_final/acaresim/build/urdf_assembly_6dof_description/meshes/Component10.stl -> /home/shreevanth-m/acare_demo_ws/src/acaresim_final/acaresim/install/urdf_assembly_6dof_description/share/urdf_assembly_6dof_description/meshes
symbolically linking /home/shreevanth-m/acare_demo_ws/src/acaresim_final/acaresim/build/urdf_assembly_6dof_description/meshes/eccentric_15_1_1 v1.stl -> /home/shreevanth-m/acare_demo_ws/src/acaresim_final/acaresim/install/urdf_assembly_6dof_description/share/urdf_assembly_6dof_description/meshes
symbolically linking /home/shreevanth-m/acare_demo_ws/src/acaresim_final/acaresim/build/urdf_assembly_6dof_description/meshes/gripper_limb_1_finger_v1_2 (1).stl -> /home/shreevanth-m/acare_demo_ws/src/acaresim_final/acaresim/install/urdf_assembly_6dof_description/share/urdf_assembly_6dof_description/meshes
symbolically linking /home/shreevanth-m/acare_demo_ws/src/acaresim_final/acaresim/build/urdf_assembly_6dof_description/meshes/base_box_1_v1_1 (3).stl -> /home/shreevanth-m/acare_demo_ws/src/acaresim_final/acaresim/install/urdf_assembly_6dof_description/share/urdf_assembly_6dof_description/meshes
symbolically linking /home/shreevanth-m/acare_demo_ws/src/acaresim_final/acaresim/build/urdf_assembly_6dof_description/meshes/Spur_Gear__30_teeth__v1_1 (1).stl -> /home/shreevanth-m/acare_demo_ws/src/acaresim_final/acaresim/install/urdf_assembly_6dof_description/share/urdf_assembly_6dof_description/meshes
symbolically linking /home/shreevanth-m/acare_demo_ws/src/acaresim_final/acaresim/build/urdf_assembly_6dof_description/meshes/roller_base.stl -> /home/shreevanth-m/acare_demo_ws/src/acaresim_final/acaresim/install/urdf_assembly_6dof_description/share/urdf_assembly_6dof_description/meshes
symbolically linking /home/shreevanth-m/acare_demo_ws/src/acaresim_final/acaresim/build/urdf_assembly_6dof_description/meshes/20_1_cycloid_1.stl -> /home/shreevanth-m/acare_demo_ws/src/acaresim_final/acaresim/install/urdf_assembly_6dof_description/share/urdf_assembly_6dof_description/meshes
symbolically linking /home/shreevanth-m/acare_demo_ws/src/acaresim_final/acaresim/build/urdf_assembly_6dof_description/meshes/base_box_4 v1.stl -> /home/shreevanth-m/acare_demo_ws/src/acaresim_final/acaresim/install/urdf_assembly_6dof_description/share/urdf_assembly_6dof_description/meshes
symbolically linking /home/shreevanth-m/acare_demo_ws/src/acaresim_final/acaresim/build/urdf_assembly_6dof_description/meshes/wrist_1_link_v1_1.stl -> /home/shreevanth-m/acare_demo_ws/src/acaresim_final/acaresim/install/urdf_assembly_6dof_description/share/urdf_assembly_6dof_description/meshes
symbolically linking /home/shreevanth-m/acare_demo_ws/src/acaresim_final/acaresim/build/urdf_assembly_6dof_description/meshes/wrist_2_3_cover_v1_1 (2).stl -> /home/shreevanth-m/acare_demo_ws/src/acaresim_final/acaresim/install/urdf_assembly_6dof_description/share/urdf_assembly_6dof_description/meshes
symbolically linking /home/shreevanth-m/acare_demo_ws/src/acaresim_final/acaresim/build/urdf_assembly_6dof_description/meshes/20_1_cycloid_2.stl -> /home/shreevanth-m/acare_demo_ws/src/acaresim_final/acaresim/install/urdf_assembly_6dof_description/share/urdf_assembly_6dof_description/meshes
symbolically linking /home/shreevanth-m/acare_demo_ws/src/acaresim_final/acaresim/build/urdf_assembly_6dof_description/meshes/shoulder_elbow_holder_v1_1.stl -> /home/shreevanth-m/acare_demo_ws/src/acaresim_final/acaresim/install/urdf_assembly_6dof_description/share/urdf_assembly_6dof_description/meshes
symbolically linking /home/shreevanth-m/acare_demo_ws/src/acaresim_final/acaresim/build/urdf_assembly_6dof_description/meshes/base_box_3_v1_1.stl -> /home/shreevanth-m/acare_demo_ws/src/acaresim_final/acaresim/install/urdf_assembly_6dof_description/share/urdf_assembly_6dof_description/meshes
symbolically linking /home/shreevanth-m/acare_demo_ws/src/acaresim_final/acaresim/build/urdf_assembly_6dof_description/meshes/gripper_bottom_cover_v1_1.stl -> /home/shreevanth-m/acare_demo_ws/src/acaresim_final/acaresim/install/urdf_assembly_6dof_description/share/urdf_assembly_6dof_description/meshes
symbolically linking /home/shreevanth-m/acare_demo_ws/src/acaresim_final/acaresim/build/urdf_assembly_6dof_description/meshes/eccentric_15_1_2_v1_1.stl -> /home/shreevanth-m/acare_demo_ws/src/acaresim_final/acaresim/install/urdf_assembly_6dof_description/share/urdf_assembly_6dof_description/meshes
symbolically linking /home/shreevanth-m/acare_demo_ws/src/acaresim_final/acaresim/build/urdf_assembly_6dof_description/meshes/wrist_1_2_link_v1_1 (2).stl -> /home/shreevanth-m/acare_demo_ws/src/acaresim_final/acaresim/install/urdf_assembly_6dof_description/share/urdf_assembly_6dof_description/meshes
symbolically linking /home/shreevanth-m/acare_demo_ws/src/acaresim_final/acaresim/build/urdf_assembly_6dof_description/meshes/gripper_holder_v1_1 (2).stl -> /home/shreevanth-m/acare_demo_ws/src/acaresim_final/acaresim/install/urdf_assembly_6dof_description/share/urdf_assembly_6dof_description/meshes
symbolically linking /home/shreevanth-m/acare_demo_ws/src/acaresim_final/acaresim/build/urdf_assembly_6dof_description/meshes/elbow_link_v1_1 (2).stl -> /home/shreevanth-m/acare_demo_ws/src/acaresim_final/acaresim/install/urdf_assembly_6dof_description/share/urdf_assembly_6dof_description/meshes
symbolically linking /home/shreevanth-m/acare_demo_ws/src/acaresim_final/acaresim/build/urdf_assembly_6dof_description/meshes/gripper_bottom_cover_v1_1 (2).stl -> /home/shreevanth-m/acare_demo_ws/src/acaresim_final/acaresim/install/urdf_assembly_6dof_description/share/urdf_assembly_6dof_description/meshes
symbolically linking /home/shreevanth-m/acare_demo_ws/src/acaresim_final/acaresim/build/urdf_assembly_6dof_description/meshes/shoulder_elbow_holder v1.stl -> /home/shreevanth-m/acare_demo_ws/src/acaresim_final/acaresim/install/urdf_assembly_6dof_description/share/urdf_assembly_6dof_description/meshes
symbolically linking /home/shreevanth-m/acare_demo_ws/src/acaresim_final/acaresim/build/urdf_assembly_6dof_description/meshes/tube_aluminium_400mm_v1_1.stl -> /home/shreevanth-m/acare_demo_ws/src/acaresim_final/acaresim/install/urdf_assembly_6dof_description/share/urdf_assembly_6dof_description/meshes
symbolically linking /home/shreevanth-m/acare_demo_ws/src/acaresim_final/acaresim/build/urdf_assembly_6dof_description/meshes/wrist_1_link v1.stl -> /home/shreevanth-m/acare_demo_ws/src/acaresim_final/acaresim/install/urdf_assembly_6dof_description/share/urdf_assembly_6dof_description/meshes
symbolically linking /home/shreevanth-m/acare_demo_ws/src/acaresim_final/acaresim/build/urdf_assembly_6dof_description/meshes/tube_holder_shoulder_elbow_v1_1.stl -> /home/shreevanth-m/acare_demo_ws/src/acaresim_final/acaresim/install/urdf_assembly_6dof_description/share/urdf_assembly_6dof_description/meshes
symbolically linking /home/shreevanth-m/acare_demo_ws/src/acaresim_final/acaresim/build/urdf_assembly_6dof_description/meshes/wrist_3_link v1.stl -> /home/shreevanth-m/acare_demo_ws/src/acaresim_final/acaresim/install/urdf_assembly_6dof_description/share/urdf_assembly_6dof_description/meshes
symbolically linking /home/shreevanth-m/acare_demo_ws/src/acaresim_final/acaresim/build/urdf_assembly_6dof_description/meshes/sheet_base_2_v1_1 (3).stl -> /home/shreevanth-m/acare_demo_ws/src/acaresim_final/acaresim/install/urdf_assembly_6dof_description/share/urdf_assembly_6dof_description/meshes
symbolically linking /home/shreevanth-m/acare_demo_ws/src/acaresim_final/acaresim/build/urdf_assembly_6dof_description/meshes/eccentric_15_1_4_v1_1.stl -> /home/shreevanth-m/acare_demo_ws/src/acaresim_final/acaresim/install/urdf_assembly_6dof_description/share/urdf_assembly_6dof_description/meshes
symbolically linking /home/shreevanth-m/acare_demo_ws/src/acaresim_final/acaresim/build/urdf_assembly_6dof_description/meshes/base_box_1 v1.stl -> /home/shreevanth-m/acare_demo_ws/src/acaresim_final/acaresim/install/urdf_assembly_6dof_description/share/urdf_assembly_6dof_description/meshes
symbolically linking /home/shreevanth-m/acare_demo_ws/src/acaresim_final/acaresim/build/urdf_assembly_6dof_description/meshes/roller_base v2.stl -> /home/shreevanth-m/acare_demo_ws/src/acaresim_final/acaresim/install/urdf_assembly_6dof_description/share/urdf_assembly_6dof_description/meshes
symbolically linking /home/shreevanth-m/acare_demo_ws/src/acaresim_final/acaresim/build/urdf_assembly_6dof_description/meshes/wrist_2_3_cover_v1_1.stl -> /home/shreevanth-m/acare_demo_ws/src/acaresim_final/acaresim/install/urdf_assembly_6dof_description/share/urdf_assembly_6dof_description/meshes
symbolically linking /home/shreevanth-m/acare_demo_ws/src/acaresim_final/acaresim/build/urdf_assembly_6dof_description/meshes/gripper_limb_1_v1_2.stl -> /home/shreevanth-m/acare_demo_ws/src/acaresim_final/acaresim/install/urdf_assembly_6dof_description/share/urdf_assembly_6dof_description/meshes
symbolically linking /home/shreevanth-m/acare_demo_ws/src/acaresim_final/acaresim/build/urdf_assembly_6dof_description/meshes/eccentric_15_1_4 v1.stl -> /home/shreevanth-m/acare_demo_ws/src/acaresim_final/acaresim/install/urdf_assembly_6dof_description/share/urdf_assembly_6dof_description/meshes
symbolically linking /home/shreevanth-m/acare_demo_ws/src/acaresim_final/acaresim/build/urdf_assembly_6dof_description/meshes/cycloidal_drive_22_1_1.37 v2.stl -> /home/shreevanth-m/acare_demo_ws/src/acaresim_final/acaresim/install/urdf_assembly_6dof_description/share/urdf_assembly_6dof_description/meshes
symbolically linking /home/shreevanth-m/acare_demo_ws/src/acaresim_final/acaresim/build/urdf_assembly_6dof_description/meshes/tube_holder_shoulder_elbow_v1_2.stl -> /home/shreevanth-m/acare_demo_ws/src/acaresim_final/acaresim/install/urdf_assembly_6dof_description/share/urdf_assembly_6dof_description/meshes
symbolically linking /home/shreevanth-m/acare_demo_ws/src/acaresim_final/acaresim/build/urdf_assembly_6dof_description/meshes/shoulder_link_v1_1 (2).stl -> /home/shreevanth-m/acare_demo_ws/src/acaresim_final/acaresim/install/urdf_assembly_6dof_description/share/urdf_assembly_6dof_description/meshes
symbolically linking /home/shreevanth-m/acare_demo_ws/src/acaresim_final/acaresim/build/urdf_assembly_6dof_description/meshes/gripper_top_cover_v1_1.stl -> /home/shreevanth-m/acare_demo_ws/src/acaresim_final/acaresim/install/urdf_assembly_6dof_description/share/urdf_assembly_6dof_description/meshes
symbolically linking /home/shreevanth-m/acare_demo_ws/src/acaresim_final/acaresim/build/urdf_assembly_6dof_description/meshes/base_box_3_v1_1 (3).stl -> /home/shreevanth-m/acare_demo_ws/src/acaresim_final/acaresim/install/urdf_assembly_6dof_description/share/urdf_assembly_6dof_description/meshes
symbolically linking /home/shreevanth-m/acare_demo_ws/src/acaresim_final/acaresim/build/urdf_assembly_6dof_description/meshes/Component2.stl -> /home/shreevanth-m/acare_demo_ws/src/acaresim_final/acaresim/install/urdf_assembly_6dof_description/share/urdf_assembly_6dof_description/meshes
symbolically linking /home/shreevanth-m/acare_demo_ws/src/acaresim_final/acaresim/build/urdf_assembly_6dof_description/meshes/eccentric_15_1_1_v1_1 (3).stl -> /home/shreevanth-m/acare_demo_ws/src/acaresim_final/acaresim/install/urdf_assembly_6dof_description/share/urdf_assembly_6dof_description/meshes
symbolically linking /home/shreevanth-m/acare_demo_ws/src/acaresim_final/acaresim/build/urdf_assembly_6dof_description/meshes/eccentric_15_1_3_v1_1.stl -> /home/shreevanth-m/acare_demo_ws/src/acaresim_final/acaresim/install/urdf_assembly_6dof_description/share/urdf_assembly_6dof_description/meshes
symbolically linking /home/shreevanth-m/acare_demo_ws/src/acaresim_final/acaresim/build/urdf_assembly_6dof_description/meshes/base_link.stl -> /home/shreevanth-m/acare_demo_ws/src/acaresim_final/acaresim/install/urdf_assembly_6dof_description/share/urdf_assembly_6dof_description/meshes
symbolically linking /home/shreevanth-m/acare_demo_ws/src/acaresim_final/acaresim/build/urdf_assembly_6dof_description/meshes/gripper_limb_1_v1_1 (2).stl -> /home/shreevanth-m/acare_demo_ws/src/acaresim_final/acaresim/install/urdf_assembly_6dof_description/share/urdf_assembly_6dof_description/meshes
symbolically linking /home/shreevanth-m/acare_demo_ws/src/acaresim_final/acaresim/build/urdf_assembly_6dof_description/meshes/base_box_4_v1_1.stl -> /home/shreevanth-m/acare_demo_ws/src/acaresim_final/acaresim/install/urdf_assembly_6dof_description/share/urdf_assembly_6dof_description/meshes
symbolically linking /home/shreevanth-m/acare_demo_ws/src/acaresim_final/acaresim/build/urdf_assembly_6dof_description/meshes/roller_enclousure.stl -> /home/shreevanth-m/acare_demo_ws/src/acaresim_final/acaresim/install/urdf_assembly_6dof_description/share/urdf_assembly_6dof_description/meshes
symbolically linking /home/shreevanth-m/acare_demo_ws/src/acaresim_final/acaresim/build/urdf_assembly_6dof_description/meshes/base_box_1_v1_1.stl -> /home/shreevanth-m/acare_demo_ws/src/acaresim_final/acaresim/install/urdf_assembly_6dof_description/share/urdf_assembly_6dof_description/meshes
symbolically linking /home/shreevanth-m/acare_demo_ws/src/acaresim_final/acaresim/build/urdf_assembly_6dof_description/meshes/6804ZZ Inner ring.stl -> /home/shreevanth-m/acare_demo_ws/src/acaresim_final/acaresim/install/urdf_assembly_6dof_description/share/urdf_assembly_6dof_description/meshes
symbolically linking /home/shreevanth-m/acare_demo_ws/src/acaresim_final/acaresim/build/urdf_assembly_6dof_description/meshes/gripper_limb_1_finger_v1_2.stl -> /home/shreevanth-m/acare_demo_ws/src/acaresim_final/acaresim/install/urdf_assembly_6dof_description/share/urdf_assembly_6dof_description/meshes
symbolically linking /home/shreevanth-m/acare_demo_ws/src/acaresim_final/acaresim/build/urdf_assembly_6dof_description/meshes/6804zz v1.stl -> /home/shreevanth-m/acare_demo_ws/src/acaresim_final/acaresim/install/urdf_assembly_6dof_description/share/urdf_assembly_6dof_description/meshes
symbolically linking /home/shreevanth-m/acare_demo_ws/src/acaresim_final/acaresim/build/urdf_assembly_6dof_description/meshes/cam_1_original v1.stl -> /home/shreevanth-m/acare_demo_ws/src/acaresim_final/acaresim/install/urdf_assembly_6dof_description/share/urdf_assembly_6dof_description/meshes
symbolically linking /home/shreevanth-m/acare_demo_ws/src/acaresim_final/acaresim/build/urdf_assembly_6dof_description/meshes/wrist_3_link_v1_1.stl -> /home/shreevanth-m/acare_demo_ws/src/acaresim_final/acaresim/install/urdf_assembly_6dof_description/share/urdf_assembly_6dof_description/meshes
symbolically linking /home/shreevanth-m/acare_demo_ws/src/acaresim_final/acaresim/build/urdf_assembly_6dof_description/meshes/Spur Gear (30 teeth) v1.stl -> /home/shreevanth-m/acare_demo_ws/src/acaresim_final/acaresim/install/urdf_assembly_6dof_description/share/urdf_assembly_6dof_description/meshes
symbolically linking /home/shreevanth-m/acare_demo_ws/src/acaresim_final/acaresim/build/urdf_assembly_6dof_description/meshes/gripper_limb_1_v1_1.stl -> /home/shreevanth-m/acare_demo_ws/src/acaresim_final/acaresim/install/urdf_assembly_6dof_description/share/urdf_assembly_6dof_description/meshes
symbolically linking /home/shreevanth-m/acare_demo_ws/src/acaresim_final/acaresim/build/urdf_assembly_6dof_description/meshes/sheet_base_2 v1.stl -> /home/shreevanth-m/acare_demo_ws/src/acaresim_final/acaresim/install/urdf_assembly_6dof_description/share/urdf_assembly_6dof_description/meshes
symbolically linking /home/shreevanth-m/acare_demo_ws/src/acaresim_final/acaresim/build/urdf_assembly_6dof_description/meshes/gripper_limb_1 v1.stl -> /home/shreevanth-m/acare_demo_ws/src/acaresim_final/acaresim/install/urdf_assembly_6dof_description/share/urdf_assembly_6dof_description/meshes
symbolically linking /home/shreevanth-m/acare_demo_ws/src/acaresim_final/acaresim/build/urdf_assembly_6dof_description/meshes/6804ZZ Shield1.stl -> /home/shreevanth-m/acare_demo_ws/src/acaresim_final/acaresim/install/urdf_assembly_6dof_description/share/urdf_assembly_6dof_description/meshes
creating /home/shreevanth-m/acare_demo_ws/src/acaresim_final/acaresim/install/urdf_assembly_6dof_description/share/urdf_assembly_6dof_description/config
symbolically linking /home/shreevanth-m/acare_demo_ws/src/acaresim_final/acaresim/build/urdf_assembly_6dof_description/config/display.rviz -> /home/shreevanth-m/acare_demo_ws/src/acaresim_final/acaresim/install/urdf_assembly_6dof_description/share/urdf_assembly_6dof_description/config
symbolically linking /home/shreevanth-m/acare_demo_ws/src/acaresim_final/acaresim/build/urdf_assembly_6dof_description/config/sensors.rviz -> /home/shreevanth-m/acare_demo_ws/src/acaresim_final/acaresim/install/urdf_assembly_6dof_description/share/urdf_assembly_6dof_description/config
symbolically linking /home/shreevanth-m/acare_demo_ws/src/acaresim_final/acaresim/build/urdf_assembly_6dof_description/config/urdf_assembly_6dof_controllers.yaml -> /home/shreevanth-m/acare_demo_ws/src/acaresim_final/acaresim/install/urdf_assembly_6dof_description/share/urdf_assembly_6dof_description/config
symbolically linking /home/shreevanth-m/acare_demo_ws/src/acaresim_final/acaresim/build/urdf_assembly_6dof_description/config/gz_ros2_control_params.yaml -> /home/shreevanth-m/acare_demo_ws/src/acaresim_final/acaresim/install/urdf_assembly_6dof_description/share/urdf_assembly_6dof_description/config
creating /home/shreevanth-m/acare_demo_ws/src/acaresim_final/acaresim/install/urdf_assembly_6dof_description/share/urdf_assembly_6dof_description/worlds
symbolically linking /home/shreevanth-m/acare_demo_ws/src/acaresim_final/acaresim/build/urdf_assembly_6dof_description/worlds/pick_and_place.sdf -> /home/shreevanth-m/acare_demo_ws/src/acaresim_final/acaresim/install/urdf_assembly_6dof_description/share/urdf_assembly_6dof_description/worlds
